  Determining projects to restore...
  All projects are up-to-date for restore.
  HotelDroid.Shared -> C:\Users\rolfe\git\own\Villa-Annunziata\hotelDroid\src\HotelDroid.Shared\bin\Debug\net10.0\HotelDroid.Shared.dll
  HotelDroid.Api -> C:\Users\rolfe\git\own\Villa-Annunziata\hotelDroid\src\HotelDroid.Api\bin\Debug\net10.0\HotelDroid.Api.dll
  HotelDroid.Api.Tests -> C:\Users\rolfe\git\own\Villa-Annunziata\hotelDroid\tests\HotelDroid.Api.Tests\bin\Debug\net10.0\HotelDroid.Api.Tests.dll
Test run for C:\Users\rolfe\git\own\Villa-Annunziata\hotelDroid\tests\HotelDroid.Api.Tests\bin\Debug\net10.0\HotelDroid.Api.Tests.dll (.NETCoreApp,Version=v10.0)
VSTest version 18.0.1 (x64)

Starting test execution, please wait...
A total of 1 test files matched the specified pattern.
[xUnit.net 00:00:00.53]     HotelDroid.Api.Services.Tests.FileKeyValueStoreTests.IdGenerator_GeneratesValidIds [FAIL]
  Failed HotelDroid.Api.Services.Tests.FileKeyValueStoreTests.IdGenerator_GeneratesValidIds [7 ms]
  Error Message:
   Assert.True() Failure
Expected: True
Actual:   False
  Stack Trace:
     at HotelDroid.Api.Services.Tests.FileKeyValueStoreTests.IdGenerator_GeneratesValidIds() in C:\Users\rolfe\git\own\Villa-Annunziata\hotelDroid\tests\HotelDroid.Api.Tests\Services\FileKeyValueStoreTests.cs:line 358
   at System.Reflection.MethodBaseInvoker.InterpretedInvoke_Method(Object obj, IntPtr* args)
   at System.Reflection.MethodBaseInvoker.InvokeWithNoArgs(Object obj, BindingFlags invokeAttr)
[xUnit.net 00:00:00.59]     HotelDroid.Api.Services.Tests.FileKeyValueStoreTests.RebuildIndexAsync_ReconstructsIndexFromFiles [FAIL]
  Failed HotelDroid.Api.Services.Tests.FileKeyValueStoreTests.RebuildIndexAsync_ReconstructsIndexFromFiles [34 ms]
  Error Message:
   Assert.Equal() Failure: Values differ
Expected: 2
Actual:   0
  Stack Trace:
     at HotelDroid.Api.Services.Tests.FileKeyValueStoreTests.RebuildIndexAsync_ReconstructsIndexFromFiles() in C:\Users\rolfe\git\own\Villa-Annunziata\hotelDroid\tests\HotelDroid.Api.Tests\Services\FileKeyValueStoreTests.cs:line 254
--- End of stack trace from previous location ---
[xUnit.net 00:00:00.72]     HotelDroid.Api.Services.Tests.FileKeyValueStoreFileSystemTests.CreateAsync_CreatesFileOnDisk [FAIL]
  Failed HotelDroid.Api.Services.Tests.FileKeyValueStoreFileSystemTests.CreateAsync_CreatesFileOnDisk [13 ms]
  Error Message:
   Assert.Equal() Failure: Strings differ
           Γåô (pos 0)
Expected: "Room1"
Actual:   ""
  Stack Trace:
     at HotelDroid.Api.Services.Tests.FileKeyValueStoreFileSystemTests.CreateAsync_CreatesFileOnDisk() in C:\Users\rolfe\git\own\Villa-Annunziata\hotelDroid\tests\HotelDroid.Api.Tests\Services\FileKeyValueStoreFileSystemTests.cs:line 77
--- End of stack trace from previous location ---
[xUnit.net 00:00:00.93]     HotelDroid.Api.Tests.Integration.RoomsApiTests.DeleteRoom_Returns204NoContent [FAIL]
  Failed HotelDroid.Api.Tests.Integration.RoomsApiTests.DeleteRoom_Returns204NoContent [50 ms]
  Error Message:
   Assert.Equal() Failure: Values differ
Expected: NoContent
Actual:   MethodNotAllowed
  Stack Trace:
     at HotelDroid.Api.Tests.Integration.RoomsApiTests.DeleteRoom_Returns204NoContent() in C:\Users\rolfe\git\own\Villa-Annunziata\hotelDroid\tests\HotelDroid.Api.Tests\Integration\RoomsApiTests.cs:line 266
--- End of stack trace from previous location ---
[xUnit.net 00:00:01.00]     HotelDroid.Api.Tests.Integration.RoomsApiTests.UpdateRoom_Returns200Ok [FAIL]
[xUnit.net 00:00:01.01]     HotelDroid.Api.Services.Tests.FileKeyValueStoreFileSystemTests.UpdateAsync_ModifiesFileOnDisk [FAIL]
[xUnit.net 00:00:01.08]     HotelDroid.Api.Tests.Integration.RoomsApiTests.GetRoomByName_Returns200Ok [FAIL]
[xUnit.net 00:00:01.12]     HotelDroid.Api.Tests.Integration.RoomsApiTests.CreateRoom_Returns201Created [FAIL]
  Failed HotelDroid.Api.Tests.Integration.RoomsApiTests.UpdateRoom_Returns200Ok [45 ms]
  Error Message:
   Assert.Equal() Failure: Values differ
Expected: OK
Actual:   MethodNotAllowed
  Stack Trace:
     at HotelDroid.Api.Tests.Integration.RoomsApiTests.UpdateRoom_Returns200Ok() in C:\Users\rolfe\git\own\Villa-Annunziata\hotelDroid\tests\HotelDroid.Api.Tests\Integration\RoomsApiTests.cs:line 231
--- End of stack trace from previous location ---
  Failed HotelDroid.Api.Services.Tests.FileKeyValueStoreFileSystemTests.UpdateAsync_ModifiesFileOnDisk [31 ms]
  Error Message:
   Assert.Equal() Failure: Values differ
Expected: 75
Actual:   0
  Stack Trace:
     at HotelDroid.Api.Services.Tests.FileKeyValueStoreFileSystemTests.UpdateAsync_ModifiesFileOnDisk() in C:\Users\rolfe\git\own\Villa-Annunziata\hotelDroid\tests\HotelDroid.Api.Tests\Services\FileKeyValueStoreFileSystemTests.cs:line 123
--- End of stack trace from previous location ---
  Failed HotelDroid.Api.Tests.Integration.RoomsApiTests.GetRoomByName_Returns200Ok [56 ms]
  Error Message:
   Assert.Equal() Failure: Strings differ
Expected: "Suite-Deluxe"
Actual:   null
  Stack Trace:
     at HotelDroid.Api.Tests.Integration.RoomsApiTests.GetRoomByName_Returns200Ok() in C:\Users\rolfe\git\own\Villa-Annunziata\hotelDroid\tests\HotelDroid.Api.Tests\Integration\RoomsApiTests.cs:line 160
--- End of stack trace from previous location ---
  Failed HotelDroid.Api.Tests.Integration.RoomsApiTests.CreateRoom_Returns201Created [27 ms]
  Error Message:
   System.ArgumentNullException : Value cannot be null. (Parameter 'collection')
  Stack Trace:
     at HotelDroid.Api.Tests.Integration.RoomsApiTests.CreateRoom_Returns201Created() in C:\Users\rolfe\git\own\Villa-Annunziata\hotelDroid\tests\HotelDroid.Api.Tests\Integration\RoomsApiTests.cs:line 96
--- End of stack trace from previous location ---
[xUnit.net 00:00:01.22]     HotelDroid.Api.Tests.Integration.RoomsApiTests.RoomOperations_PreservesDataIntegrity [FAIL]
[xUnit.net 00:00:01.23]     HotelDroid.Api.Services.Tests.FileKeyValueStoreTests.ConcurrentUpdates_PreventCorruption [FAIL]
[xUnit.net 00:00:01.36]     HotelDroid.Api.Tests.Integration.RoomsApiTests.GetRoom_Returns200Ok [FAIL]
  Failed HotelDroid.Api.Tests.Integration.RoomsApiTests.RoomOperations_PreservesDataIntegrity [50 ms]
  Error Message:
   System.Text.Json.JsonException : The JSON value could not be converted to HotelDroid.Api.Tests.Integration.RoomsApiTests+RoomDto. Path: $ | LineNumber: 0 | BytePositionInLine: 1.
  Stack Trace:
     at System.Text.Json.ThrowHelper.ThrowJsonException_DeserializeUnableToConvertValue(Type propertyType)
   at System.Text.Json.Serialization.Converters.ObjectDefaultConverter`1.OnTryRead(Utf8JsonReader& reader, Type typeToConvert, JsonSerializerOptions options, ReadStack& state, T& value)
   at System.Text.Json.Serialization.JsonConverter`1.TryRead(Utf8JsonReader& reader, Type typeToConvert, JsonSerializerOptions options, ReadStack& state, T& value, Boolean& isPopulatedValue)
   at System.Text.Json.Serialization.JsonConverter`1.ReadCore(Utf8JsonReader& reader, T& value, JsonSerializerOptions options, ReadStack& state)
   at System.Text.Json.Serialization.Metadata.JsonTypeInfo`1.Deserialize(Utf8JsonReader& reader, ReadStack& state)
   at System.Text.Json.JsonSerializer.ReadFromSpan[TValue](ReadOnlySpan`1 utf8Json, JsonTypeInfo`1 jsonTypeInfo, Nullable`1 actualByteCount)
   at System.Text.Json.JsonSerializer.ReadFromSpan[TValue](ReadOnlySpan`1 json, JsonTypeInfo`1 jsonTypeInfo)
   at System.Text.Json.JsonSerializer.Deserialize[TValue](String json, JsonSerializerOptions options)
   at HotelDroid.Api.Tests.Integration.RoomsApiTests.RoomOperations_PreservesDataIntegrity() in C:\Users\rolfe\git\own\Villa-Annunziata\hotelDroid\tests\HotelDroid.Api.Tests\Integration\RoomsApiTests.cs:line 344
--- End of stack trace from previous location ---
  Failed HotelDroid.Api.Services.Tests.FileKeyValueStoreTests.ConcurrentUpdates_PreventCorruption [45 ms]
  Error Message:
   Assert.True() Failure
Expected: True
Actual:   False
  Stack Trace:
     at HotelDroid.Api.Services.Tests.FileKeyValueStoreTests.ConcurrentUpdates_PreventCorruption() in C:\Users\rolfe\git\own\Villa-Annunziata\hotelDroid\tests\HotelDroid.Api.Tests\Services\FileKeyValueStoreTests.cs:line 346
--- End of stack trace from previous location ---
  Failed HotelDroid.Api.Tests.Integration.RoomsApiTests.GetRoom_Returns200Ok [31 ms]
  Error Message:
   System.Text.Json.JsonException : The JSON value could not be converted to HotelDroid.Api.Tests.Integration.RoomsApiTests+RoomDto. Path: $ | LineNumber: 0 | BytePositionInLine: 1.
  Stack Trace:
     at System.Text.Json.ThrowHelper.ThrowJsonException_DeserializeUnableToConvertValue(Type propertyType)
   at System.Text.Json.Serialization.Converters.ObjectDefaultConverter`1.OnTryRead(Utf8JsonReader& reader, Type typeToConvert, JsonSerializerOptions options, ReadStack& state, T& value)
   at System.Text.Json.Serialization.JsonConverter`1.TryRead(Utf8JsonReader& reader, Type typeToConvert, JsonSerializerOptions options, ReadStack& state, T& value, Boolean& isPopulatedValue)
   at System.Text.Json.Serialization.JsonConverter`1.ReadCore(Utf8JsonReader& reader, T& value, JsonSerializerOptions options, ReadStack& state)
   at System.Text.Json.Serialization.Metadata.JsonTypeInfo`1.Deserialize(Utf8JsonReader& reader, ReadStack& state)
   at System.Text.Json.JsonSerializer.ReadFromSpan[TValue](ReadOnlySpan`1 utf8Json, JsonTypeInfo`1 jsonTypeInfo, Nullable`1 actualByteCount)
   at System.Text.Json.JsonSerializer.ReadFromSpan[TValue](ReadOnlySpan`1 json, JsonTypeInfo`1 jsonTypeInfo)
   at System.Text.Json.JsonSerializer.Deserialize[TValue](String json, JsonSerializerOptions options)
   at HotelDroid.Api.Tests.Integration.RoomsApiTests.GetRoom_Returns200Ok() in C:\Users\rolfe\git\own\Villa-Annunziata\hotelDroid\tests\HotelDroid.Api.Tests\Integration\RoomsApiTests.cs:line 127
--- End of stack trace from previous location ---

Failed!  - Failed:    11, Passed:    37, Skipped:     0, Total:    48, Duration: 1 s - HotelDroid.Api.Tests.dll (net10.0)
