Build started 01.03.2026 11:10:12.
     0>Terminal Logger was not used because the output is being redirected to a file.
       Process = "C:\Program Files\dotnet\dotnet.exe"
       MSBuild executable path = "C:\Program Files\dotnet\sdk\10.0.103\MSBuild.dll"
       Command line arguments = "C:\Program Files\dotnet\sdk\10.0.103\MSBuild.dll -maxcpucount --verbosity:m -tlp:default=auto --property:VSTestNoBuild=true --property:NuGetInteractive=false --property:VSTestVerbosity=d --property:VSTestArtifactsProcessingMode=collect --property:VSTestSessionCorrelationId=20872_340ef6c6-6edb-4d56-a9b4-d4ddb244c1d2 --target:VSTest --verbosity:d -nodereuse:false -nologo -distributedlogger:Microsoft.DotNet.Cli.Commands.MSBuild.MSBuildLogger,C:\Program Files\dotnet\sdk\10.0.103\dotnet.dll*Microsoft.DotNet.Cli.Commands.MSBuild.MSBuildForwardingLogger,C:\Program Files\dotnet\sdk\10.0.103\dotnet.dll"
       Current directory = "C:\Users\rolfe\git\own\Villa-Annunziata\hotelDroid"
       MSBuild version = "18.0.11+c2435c3e0"
       Based on the Windows registry key LongPathsEnabled, the LongPaths feature is disabled.
       Based on the Windows registry key VerifiedAndReputablePolicyState, SAC state = 0: turned off.
       C:\Users\rolfe\git\own\Villa-Annunziata\hotelDroid\HotelDroid.slnx.metaproj : message : Property 'MSBuildExtensionsPath' with value 'C:\Program Files\dotnet\sdk\10.0.103\' expanded from the environment.
       Assembly loaded during Evaluation: System.Threading.Tasks.Parallel, Version=10.0.0.0, Culture=neutral, PublicKeyToken=b03f5f7f11d50a3a (location: C:\Program Files\dotnet\shared\Microsoft.NETCore.App\10.0.3\System.Threading.Tasks.Parallel.dll, MVID: 484bafc2-9f0e-4e62-8af6-e65d5cd71f84, AssemblyLoadContext: Default)
       The "NuGetInteractive" property is a global property, and cannot be modified.
       C:\Program Files\dotnet\sdk\10.0.103\NuGet.targets(123,5): message : Property reassignment: $(_GenerateRestoreGraphProjectEntryInputProperties)="
       C:\Program Files\dotnet\sdk\10.0.103\NuGet.targets(123,5): message :       ExcludeRestorePackageImports=true;
       C:\Program Files\dotnet\sdk\10.0.103\NuGet.targets(123,5): message :       _RestoreSolutionFileUsed=true;
       C:\Program Files\dotnet\sdk\10.0.103\NuGet.targets(123,5): message :       SolutionDir=C:\Users\rolfe\git\own\Villa-Annunziata\hotelDroid\;
       C:\Program Files\dotnet\sdk\10.0.103\NuGet.targets(123,5): message :       SolutionName=HotelDroid;
       C:\Program Files\dotnet\sdk\10.0.103\NuGet.targets(123,5): message :       SolutionFileName=HotelDroid.slnx;
       C:\Program Files\dotnet\sdk\10.0.103\NuGet.targets(123,5): message :       SolutionPath=C:\Users\rolfe\git\own\Villa-Annunziata\hotelDroid\HotelDroid.slnx;
       C:\Program Files\dotnet\sdk\10.0.103\NuGet.targets(123,5): message :       SolutionExt=.slnx;
       C:\Program Files\dotnet\sdk\10.0.103\NuGet.targets(123,5): message :     " (previous value: "ExcludeRestorePackageImports=true") at C:\Program Files\dotnet\sdk\10.0.103\NuGet.targets (123,5)
       The target "_MTPBuild" listed in a BeforeTargets attribute at "C:\Program Files\dotnet\sdk\10.0.103\Current\SolutionFile\ImportAfter\Microsoft.NET.Sdk.Solution.targets (24,11)" does not exist in the project, and will be ignored.
       The target "Store" listed in a BeforeTargets attribute at "C:\Program Files\dotnet\sdk\10.0.103\Current\SolutionFile\ImportAfter\Microsoft.NET.Sdk.Solution.targets (33,11)" does not exist in the project, and will be ignored.
       The target "_MTPBuild" listed in a BeforeTargets attribute at "C:\Program Files\dotnet\sdk\10.0.103\Current\SolutionFile\ImportAfter\Microsoft.NET.Sdk.Solution.targets (33,11)" does not exist in the project, and will be ignored.
       The target "_CheckForInvalidConfigurationAndPlatform" listed in a BeforeTargets attribute at "C:\Program Files\dotnet\sdk\10.0.103\NuGet.targets (703,11)" does not exist in the project, and will be ignored.
     1>Project "C:\Users\rolfe\git\own\Villa-Annunziata\hotelDroid\HotelDroid.slnx" on node 1 (VSTest target(s)).
     1>Target "ValidateSolutionConfiguration" in file "C:\Users\rolfe\git\own\Villa-Annunziata\hotelDroid\HotelDroid.slnx.metaproj" from project "C:\Users\rolfe\git\own\Villa-Annunziata\hotelDroid\HotelDroid.slnx" (entry point):
     1>Using "Message" task from assembly "Microsoft.Build.Tasks.Core, Version=15.1.0.0, Culture=neutral, PublicKeyToken=b03f5f7f11d50a3a".
       Task "Message"
         Building solution configuration "Debug|Any CPU".
       Done executing task "Message".
     1>Done building target "ValidateSolutionConfiguration" in project "HotelDroid.slnx".
     1>Target "ValidateToolsVersions" in file "C:\Users\rolfe\git\own\Villa-Annunziata\hotelDroid\HotelDroid.slnx.metaproj" from project "C:\Users\rolfe\git\own\Villa-Annunziata\hotelDroid\HotelDroid.slnx" (entry point):
     1>Done building target "ValidateToolsVersions" in project "HotelDroid.slnx".
     1>Target "ValidateProjects" in file "C:\Users\rolfe\git\own\Villa-Annunziata\hotelDroid\HotelDroid.slnx.metaproj" from project "C:\Users\rolfe\git\own\Villa-Annunziata\hotelDroid\HotelDroid.slnx" (entry point):
     1>Done building target "ValidateProjects" in project "HotelDroid.slnx".
     1>Target "VSTest" in file "C:\Users\rolfe\git\own\Villa-Annunziata\hotelDroid\HotelDroid.slnx.metaproj" from project "C:\Users\rolfe\git\own\Villa-Annunziata\hotelDroid\HotelDroid.slnx" (entry point):
       Using "MSBuild" task from assembly "Microsoft.Build.Tasks.Core, Version=15.1.0.0, Culture=neutral, PublicKeyToken=b03f5f7f11d50a3a".
       Task "MSBuild"
         Global Properties:
           BuildingSolutionFile=true
           CurrentSolutionConfigurationContents=<SolutionConfiguration>
           <ProjectConfiguration Project="{94F03F7A-8C69-9F00-F897-E102C8C4733E}" AbsolutePath="C:\Users\rolfe\git\own\Villa-Annunziata\hotelDroid\src\HotelDroid.Api\HotelDroid.Api.csproj" BuildProjectInSolution="True">Debug|AnyCPU</ProjectConfiguration>
           <ProjectConfiguration Project="{3D45B82E-180B-B4F0-B427-F855134B1A0D}" AbsolutePath="C:\Users\rolfe\git\own\Villa-Annunziata\hotelDroid\src\HotelDroid.Client\HotelDroid.Client.csproj" BuildProjectInSolution="True">Debug|AnyCPU</ProjectConfiguration>
           <ProjectConfiguration Project="{1B87CB1D-11CD-7FD0-9C87-76965502DA8C}" AbsolutePath="C:\Users\rolfe\git\own\Villa-Annunziata\hotelDroid\src\HotelDroid.Shared\HotelDroid.Shared.csproj" BuildProjectInSolution="True">Debug|AnyCPU</ProjectConfiguration>
           <ProjectConfiguration Project="{3035AF4C-8B2F-520C-1B89-3BC936BA6F31}" AbsolutePath="C:\Users\rolfe\git\own\Villa-Annunziata\hotelDroid\tests\HotelDroid.Api.Tests\HotelDroid.Api.Tests.csproj" BuildProjectInSolution="True">Debug|AnyCPU</ProjectConfiguration>
         </SolutionConfiguration>
           SolutionDir=C:\Users\rolfe\git\own\Villa-Annunziata\hotelDroid\
           SolutionExt=.slnx
           SolutionFileName=HotelDroid.slnx
           SolutionName=HotelDroid
           SolutionPath=C:\Users\rolfe\git\own\Villa-Annunziata\hotelDroid\HotelDroid.slnx
         Additional Properties for project "C:\Users\rolfe\git\own\Villa-Annunziata\hotelDroid\src\HotelDroid.Api\HotelDroid.Api.csproj":
           Configuration=Debug
           Platform=AnyCPU
         Additional Properties for project "C:\Users\rolfe\git\own\Villa-Annunziata\hotelDroid\src\HotelDroid.Client\HotelDroid.Client.csproj":
           Configuration=Debug
           Platform=AnyCPU
         Additional Properties for project "C:\Users\rolfe\git\own\Villa-Annunziata\hotelDroid\src\HotelDroid.Shared\HotelDroid.Shared.csproj":
           Configuration=Debug
           Platform=AnyCPU
         Additional Properties for project "C:\Users\rolfe\git\own\Villa-Annunziata\hotelDroid\tests\HotelDroid.Api.Tests\HotelDroid.Api.Tests.csproj":
           Configuration=Debug
           Platform=AnyCPU
     0>The SDK "Microsoft.NET.Sdk.Web" was successfully resolved by the "DefaultSdkResolver" resolver to location "C:\Program Files\dotnet\sdk\10.0.103\Sdks\Microsoft.NET.Sdk.Web\Sdk" and version "".
       Assembly loaded during Evaluation: NuGet.Frameworks, Version=7.0.2.0, Culture=neutral, PublicKeyToken=31bf3856ad364e35 (location: C:\Program Files\dotnet\sdk\10.0.103\NuGet.Frameworks.dll, MVID: 1b7b49ca-9945-4cfa-824f-5d73c248e8d6, AssemblyLoadContext: Assembly.LoadFile(C:\Program Files\dotnet\sdk\10.0.103\NuGet.Frameworks.dll))
       Assembly loaded during Evaluation: System.Net.Sockets, Version=10.0.0.0, Culture=neutral, PublicKeyToken=b03f5f7f11d50a3a (location: C:\Program Files\dotnet\shared\Microsoft.NETCore.App\10.0.3\System.Net.Sockets.dll, MVID: d4dae19c-a532-4ae0-916b-3763913739a0, AssemblyLoadContext: Default)
       Assembly loaded during Evaluation: System.Threading.Overlapped, Version=10.0.0.0, Culture=neutral, PublicKeyToken=b03f5f7f11d50a3a (location: C:\Program Files\dotnet\shared\Microsoft.NETCore.App\10.0.3\System.Threading.Overlapped.dll, MVID: 092ab194-5254-4084-95a8-da161dcea080, AssemblyLoadContext: Default)
       The SDK "Microsoft.NET.Sdk" was successfully resolved by the "DefaultSdkResolver" resolver to location "C:\Program Files\dotnet\sdk\10.0.103\Sdks\Microsoft.NET.Sdk\Sdk" and version "".
       C:\Program Files\dotnet\sdk\10.0.103\Sdks\Microsoft.NET.Sdk\Sdk\Sdk.props(49,11): message : Property 'MSBuildExtensionsPath' with value 'C:\Program Files\dotnet\sdk\10.0.103\' expanded from the environment.
       C:\Program Files\dotnet\sdk\10.0.103\Current\Microsoft.Common.props(60,5): message : Property reassignment: $(MSBuildProjectExtensionsPath)="C:\Users\rolfe\git\own\Villa-Annunziata\hotelDroid\src\HotelDroid.Api\obj\" (previous value: "obj\") at C:\Program Files\dotnet\sdk\10.0.103\Current\Microsoft.Common.props (60,5)
       C:\Users\rolfe\git\own\Villa-Annunziata\hotelDroid\src\HotelDroid.Api\obj\HotelDroid.Api.csproj.nuget.g.props(7,5): message : Property 'USERPROFILE' with value 'C:\Users\rolfe' expanded from the environment.
       C:\Program Files\dotnet\sdk\10.0.103\Current\Microsoft.Common.props(84,119): message : Property 'MSBuildUserExtensionsPath' with value 'C:\Users\rolfe\AppData\Local\Microsoft\MSBuild' expanded from the environment.
       The "Configuration" property is a global property, and cannot be modified.
       The "Platform" property is a global property, and cannot be modified.
       Assembly loaded during Evaluation: System.IO.Pipes, Version=10.0.0.0, Culture=neutral, PublicKeyToken=b03f5f7f11d50a3a (location: C:\Program Files\dotnet\shared\Microsoft.NETCore.App\10.0.3\System.IO.Pipes.dll, MVID: 42b9a04c-b3b6-4661-804e-483dc520b19f, AssemblyLoadContext: Default)
       The "Configuration" property is a global property, and cannot be modified.
       The "Platform" property is a global property, and cannot be modified.
       C:\Program Files\dotnet\sdk\10.0.103\Sdks\Microsoft.NET.Sdk\targets\Microsoft.NET.Sdk.props(90,5): message : Property reassignment: $(AssemblySearchPaths)="{CandidateAssemblyFiles};{HintPathFromItem}" (previous value: "{CandidateAssemblyFiles}") at C:\Program Files\dotnet\sdk\10.0.103\Sdks\Microsoft.NET.Sdk\targets\Microsoft.NET.Sdk.props (90,5)
       C:\Program Files\dotnet\sdk\10.0.103\Sdks\Microsoft.NET.Sdk\targets\Microsoft.NET.Sdk.props(91,5): message : Property reassignment: $(AssemblySearchPaths)="{CandidateAssemblyFiles};{HintPathFromItem};{TargetFrameworkDirectory}" (previous value: "{CandidateAssemblyFiles};{HintPathFromItem}") at C:\Program Files\dotnet\sdk\10.0.103\Sdks\Microsoft.NET.Sdk\targets\Microsoft.NET.Sdk.props (91,5)
       C:\Program Files\dotnet\sdk\10.0.103\Sdks\Microsoft.NET.Sdk\targets\Microsoft.NET.Sdk.props(92,5): message : Property reassignment: $(AssemblySearchPaths)="{CandidateAssemblyFiles};{HintPathFromItem};{TargetFrameworkDirectory};{RawFileName}" (previous value: "{CandidateAssemblyFiles};{HintPathFromItem};{TargetFrameworkDirectory}") at C:\Program Files\dotnet\sdk\10.0.103\Sdks\Microsoft.NET.Sdk\targets\Microsoft.NET.Sdk.props (92,5)
       The "DefaultSdkResolver" resolver attempted to resolve the SDK "Microsoft.NET.SDK.WorkloadAutoImportPropsLocator".
       Warnings: null
       Errors: MSB4276: The default SDK resolver failed to resolve SDK "Microsoft.NET.SDK.WorkloadAutoImportPropsLocator" because directory "C:\Program Files\dotnet\sdk\10.0.103\Sdks\Microsoft.NET.SDK.WorkloadAutoImportPropsLocator\Sdk" did not exist.
       Assembly loaded during Evaluation: Microsoft.Build.NuGetSdkResolver, Version=7.0.2.0, Culture=neutral, PublicKeyToken=31bf3856ad364e35 (location: C:\Program Files\dotnet\sdk\10.0.103\Microsoft.Build.NuGetSdkResolver.dll, MVID: db6aefef-493b-4de6-a593-ae519e8edd6f, AssemblyLoadContext: MSBuild plugin C:\Program Files\dotnet\sdk\10.0.103\Microsoft.Build.NuGetSdkResolver.dll)
       Assembly loaded during Evaluation: System.Reflection.Metadata, Version=10.0.0.0, Culture=neutral, PublicKeyToken=b03f5f7f11d50a3a (location: C:\Program Files\dotnet\shared\Microsoft.NETCore.App\10.0.3\System.Reflection.Metadata.dll, MVID: 27047d9b-17f3-4ec1-8143-6797ef25cd28, AssemblyLoadContext: Default)
       Assembly loaded during Evaluation: NuGet.Common, Version=7.0.2.0, Culture=neutral, PublicKeyToken=31bf3856ad364e35 (location: C:\Program Files\dotnet\sdk\10.0.103\NuGet.Common.dll, MVID: 9a75e9a2-ebcf-4c20-863c-86b8d21a910c, AssemblyLoadContext: MSBuild plugin C:\Program Files\dotnet\sdk\10.0.103\Microsoft.Build.NuGetSdkResolver.dll)
       Assembly loaded during Evaluation: Microsoft.NET.Sdk.WorkloadMSBuildSdkResolver, Version=10.0.103.0, Culture=neutral, PublicKeyToken=31bf3856ad364e35 (location: C:\Program Files\dotnet\sdk\10.0.103\Microsoft.NET.Sdk.WorkloadMSBuildSdkResolver.dll, MVID: 32d497b5-3f90-4858-91ed-bef3ae025be9, AssemblyLoadContext: MSBuild plugin C:\Program Files\dotnet\sdk\10.0.103\Microsoft.NET.Sdk.WorkloadMSBuildSdkResolver.dll)
       Assembly loaded during Evaluation: Microsoft.DotNet.Cli.Utils, Version=10.0.103.0, Culture=neutral, PublicKeyToken=adb9793829ddae60 (location: C:\Program Files\dotnet\sdk\10.0.103\Microsoft.DotNet.Cli.Utils.dll, MVID: 0c51fd09-7ce3-414f-b142-ef79f42ae85b, AssemblyLoadContext: MSBuild plugin C:\Program Files\dotnet\sdk\10.0.103\Microsoft.NET.Sdk.WorkloadMSBuildSdkResolver.dll)
       Assembly loaded during Evaluation: Microsoft.NET.Sdk.WorkloadManifestReader, Version=10.0.103.0, Culture=neutral, PublicKeyToken=adb9793829ddae60 (location: C:\Program Files\dotnet\sdk\10.0.103\Microsoft.NET.Sdk.WorkloadManifestReader.dll, MVID: 4fc5b50b-0d78-444c-9b7f-2f8a62d0eac5, AssemblyLoadContext: MSBuild plugin C:\Program Files\dotnet\sdk\10.0.103\Microsoft.NET.Sdk.WorkloadMSBuildSdkResolver.dll)
       Assembly loaded during Evaluation: Microsoft.Deployment.DotNet.Releases, Version=2.0.0.0, Culture=neutral, PublicKeyToken=31bf3856ad364e35 (location: C:\Program Files\dotnet\sdk\10.0.103\Microsoft.Deployment.DotNet.Releases.dll, MVID: ea43f8b8-b27f-4976-9d85-2b4f42217a94, AssemblyLoadContext: MSBuild plugin C:\Program Files\dotnet\sdk\10.0.103\Microsoft.NET.Sdk.WorkloadMSBuildSdkResolver.dll)
       Assembly loaded during Evaluation: System.Collections.NonGeneric, Version=10.0.0.0, Culture=neutral, PublicKeyToken=b03f5f7f11d50a3a (location: C:\Program Files\dotnet\shared\Microsoft.NETCore.App\10.0.3\System.Collections.NonGeneric.dll, MVID: 34793951-de27-497a-86fa-ff7f73c34148, AssemblyLoadContext: Default)
       The SDK "Microsoft.NET.SDK.WorkloadAutoImportPropsLocator" was successfully resolved by the "Microsoft.DotNet.MSBuildWorkloadSdkResolver" resolver to location "null" and version "null".
       The SDK "Microsoft.NET.Sdk.Razor" was successfully resolved by the "DefaultSdkResolver" resolver to location "C:\Program Files\dotnet\sdk\10.0.103\Sdks\Microsoft.NET.Sdk.Razor\Sdk" and version "".
       The SDK "Microsoft.NET.Sdk.StaticWebAssets" was successfully resolved by the "DefaultSdkResolver" resolver to location "C:\Program Files\dotnet\sdk\10.0.103\Sdks\Microsoft.NET.Sdk.StaticWebAssets\Sdk" and version "".
       C:\Program Files\dotnet\sdk\10.0.103\Sdks\Microsoft.NET.Sdk.StaticWebAssets\Sdk\Sdk.StaticWebAssets.StaticAssets.ProjectSystem.props(23,5): message : Property reassignment: $(DefaultItemExcludes)=";**\node_modules\**;node_modules\**;**\jspm_packages\**;jspm_packages\**" (previous value: ";**\node_modules\**;node_modules\**") at C:\Program Files\dotnet\sdk\10.0.103\Sdks\Microsoft.NET.Sdk.StaticWebAssets\Sdk\Sdk.StaticWebAssets.StaticAssets.ProjectSystem.props (23,5)
       C:\Program Files\dotnet\sdk\10.0.103\Sdks\Microsoft.NET.Sdk.StaticWebAssets\Sdk\Sdk.StaticWebAssets.StaticAssets.ProjectSystem.props(24,5): message : Property reassignment: $(DefaultItemExcludes)=";**\node_modules\**;node_modules\**;**\jspm_packages\**;jspm_packages\**;**\bower_components\**;bower_components\**" (previous value: ";**\node_modules\**;node_modules\**;**\jspm_packages\**;jspm_packages\**") at C:\Program Files\dotnet\sdk\10.0.103\Sdks\Microsoft.NET.Sdk.StaticWebAssets\Sdk\Sdk.StaticWebAssets.StaticAssets.ProjectSystem.props (24,5)
       C:\Program Files\dotnet\sdk\10.0.103\Sdks\Microsoft.NET.Sdk.StaticWebAssets\Sdk\Sdk.StaticWebAssets.StaticAssets.ProjectSystem.props(25,5): message : Property reassignment: $(DefaultItemExcludes)=";**\node_modules\**;node_modules\**;**\jspm_packages\**;jspm_packages\**;**\bower_components\**;bower_components\**;**\packages.lock.json" (previous value: ";**\node_modules\**;node_modules\**;**\jspm_packages\**;jspm_packages\**;**\bower_components\**;bower_components\**") at C:\Program Files\dotnet\sdk\10.0.103\Sdks\Microsoft.NET.Sdk.StaticWebAssets\Sdk\Sdk.StaticWebAssets.StaticAssets.ProjectSystem.props (25,5)
       The SDK "Microsoft.NET.Sdk.Web.ProjectSystem" was successfully resolved by the "DefaultSdkResolver" resolver to location "C:\Program Files\dotnet\sdk\10.0.103\Sdks\Microsoft.NET.Sdk.Web.ProjectSystem\Sdk" and version "".
       C:\Program Files\dotnet\sdk\10.0.103\Sdks\Microsoft.NET.Sdk.Web.ProjectSystem\targets\Microsoft.NET.Sdk.Web.ProjectSystem.props(16,5): message : Property reassignment: $(OutputType)="Exe" (previous value: "Library") at C:\Program Files\dotnet\sdk\10.0.103\Sdks\Microsoft.NET.Sdk.Web.ProjectSystem\targets\Microsoft.NET.Sdk.Web.ProjectSystem.props (16,5)
       The SDK "Microsoft.NET.Sdk.Publish" was successfully resolved by the "DefaultSdkResolver" resolver to location "C:\Program Files\dotnet\sdk\10.0.103\Sdks\Microsoft.NET.Sdk.Publish\Sdk" and version "".
       The "Configuration" property is a global property, and cannot be modified.
       The "Platform" property is a global property, and cannot be modified.
       C:\Program Files\dotnet\sdk\10.0.103\Sdks\Microsoft.NET.Sdk\targets\Microsoft.NET.Sdk.ImportPublishProfile.targets(28,5): message : Property reassignment: $(PublishProfileImported)="false" (previous value: "true") at C:\Program Files\dotnet\sdk\10.0.103\Sdks\Microsoft.NET.Sdk\targets\Microsoft.NET.Sdk.ImportPublishProfile.targets (28,5)
       C:\Program Files\dotnet\sdk\10.0.103\Sdks\Microsoft.NET.Sdk\targets\Microsoft.NET.TargetFrameworkInference.targets(81,5): message : Property reassignment: $(TargetPlatformVersion)="" (previous value: "0.0") at C:\Program Files\dotnet\sdk\10.0.103\Sdks\Microsoft.NET.Sdk\targets\Microsoft.NET.TargetFrameworkInference.targets (81,5)
       C:\Program Files\dotnet\sdk\10.0.103\Sdks\Microsoft.NET.Sdk\targets\Microsoft.NET.DefaultOutputPaths.targets(126,5): message : Property reassignment: $(DefaultItemExcludes)=";**\node_modules\**;node_modules\**;**\jspm_packages\**;jspm_packages\**;**\bower_components\**;bower_components\**;**\packages.lock.json;bin\Debug\/**" (previous value: ";**\node_modules\**;node_modules\**;**\jspm_packages\**;jspm_packages\**;**\bower_components\**;bower_components\**;**\packages.lock.json") at C:\Program Files\dotnet\sdk\10.0.103\Sdks\Microsoft.NET.Sdk\targets\Microsoft.NET.DefaultOutputPaths.targets (126,5)
       C:\Program Files\dotnet\sdk\10.0.103\Sdks\Microsoft.NET.Sdk\targets\Microsoft.NET.DefaultOutputPaths.targets(127,5): message : Property reassignment: $(DefaultItemExcludes)=";**\node_modules\**;node_modules\**;**\jspm_packages\**;jspm_packages\**;**\bower_components\**;bower_components\**;**\packages.lock.json;bin\Debug\/**;obj\Debug\/**" (previous value: ";**\node_modules\**;node_modules\**;**\jspm_packages\**;jspm_packages\**;**\bower_components\**;bower_components\**;**\packages.lock.json;bin\Debug\/**") at C:\Program Files\dotnet\sdk\10.0.103\Sdks\Microsoft.NET.Sdk\targets\Microsoft.NET.DefaultOutputPaths.targets (127,5)
       C:\Program Files\dotnet\sdk\10.0.103\Sdks\Microsoft.NET.Sdk\targets\Microsoft.NET.DefaultOutputPaths.targets(142,5): message : Property reassignment: $(OutputPath)="bin\Debug\net10.0\" (previous value: "bin\Debug\") at C:\Program Files\dotnet\sdk\10.0.103\Sdks\Microsoft.NET.Sdk\targets\Microsoft.NET.DefaultOutputPaths.targets (142,5)
       C:\Program Files\dotnet\sdk\10.0.103\Sdks\Microsoft.NET.Sdk\targets\Microsoft.NET.DefaultOutputPaths.targets(147,5): message : Property reassignment: $(IntermediateOutputPath)="obj\Debug\net10.0\" (previous value: "obj\Debug\") at C:\Program Files\dotnet\sdk\10.0.103\Sdks\Microsoft.NET.Sdk\targets\Microsoft.NET.DefaultOutputPaths.targets (147,5)
       The "DefaultSdkResolver" resolver attempted to resolve the SDK "Microsoft.NET.SDK.WorkloadManifestTargetsLocator".
       Warnings: null
       Errors: MSB4276: The default SDK resolver failed to resolve SDK "Microsoft.NET.SDK.WorkloadManifestTargetsLocator" because directory "C:\Program Files\dotnet\sdk\10.0.103\Sdks\Microsoft.NET.SDK.WorkloadManifestTargetsLocator\Sdk" did not exist.
       The SDK "Microsoft.NET.SDK.WorkloadManifestTargetsLocator" was successfully resolved by the "Microsoft.DotNet.MSBuildWorkloadSdkResolver" resolver to location "C:\Program Files\dotnet\sdk-manifests\10.0.100\microsoft.net.sdk.android\36.1.2" and version "null".
       Assembly loaded during Evaluation: System.Security.AccessControl, Version=10.0.0.0, Culture=neutral, PublicKeyToken=b03f5f7f11d50a3a (location: C:\Program Files\dotnet\shared\Microsoft.NETCore.App\10.0.3\System.Security.AccessControl.dll, MVID: d57faabf-f588-4d72-85ec-7817dd50278a, AssemblyLoadContext: Default)
       C:\Program Files\dotnet\sdk\10.0.103\Sdks\Microsoft.NET.Sdk\targets\Microsoft.NET.Sdk.BeforeCommon.targets(371,5): message : Property reassignment: $(RoslynTargetsPath)="C:\Program Files\dotnet\sdk\10.0.103\Sdks\Microsoft.NET.Sdk\targets\..\..\..\Roslyn" (previous value: "C:\Program Files\dotnet\sdk\10.0.103\Roslyn") at C:\Program Files\dotnet\sdk\10.0.103\Sdks\Microsoft.NET.Sdk\targets\Microsoft.NET.Sdk.BeforeCommon.targets (371,5)
       C:\Program Files\dotnet\sdk\10.0.103\Roslyn\Microsoft.Managed.Core.targets(6,5): message : Property reassignment: $(_BuildTasksDirectory)="C:\Program Files\dotnet\sdk\10.0.103\Sdks\Microsoft.NET.Sdk\targets\..\..\..\Roslyn\" (previous value: "C:\Program Files\dotnet\sdk\10.0.103\Roslyn\") at C:\Program Files\dotnet\sdk\10.0.103\Roslyn\Microsoft.Managed.Core.targets (6,5)
       C:\Program Files\dotnet\sdk\10.0.103\Roslyn\Microsoft.CSharp.Core.targets(200,5): message : Property reassignment: $(CommandLineArgsForDesignTimeEvaluation)="-langversion:14.0 -define:TRACE" (previous value: "-langversion:14.0") at C:\Program Files\dotnet\sdk\10.0.103\Roslyn\Microsoft.CSharp.Core.targets (200,5)
       The "Platform" property is a global property, and cannot be modified.
       The "Configuration" property is a global property, and cannot be modified.
       C:\Program Files\dotnet\sdk\10.0.103\Microsoft.Common.CurrentVersion.targets(175,5): message : Property reassignment: $(_DebugSymbolsProduced)="true" (previous value: "false") at C:\Program Files\dotnet\sdk\10.0.103\Microsoft.Common.CurrentVersion.targets (175,5)
       C:\Program Files\dotnet\sdk\10.0.103\Microsoft.Common.CurrentVersion.targets(185,5): message : Property reassignment: $(_DocumentationFileProduced)="false" (previous value: "true") at C:\Program Files\dotnet\sdk\10.0.103\Microsoft.Common.CurrentVersion.targets (185,5)
       The "SolutionName" property is a global property, and cannot be modified.
       The "SolutionFileName" property is a global property, and cannot be modified.
       The "SolutionPath" property is a global property, and cannot be modified.
       The "SolutionDir" property is a global property, and cannot be modified.
       The "SolutionExt" property is a global property, and cannot be modified.
       C:\Program Files\dotnet\sdk\10.0.103\Microsoft.Common.CurrentVersion.targets(392,5): message : Property reassignment: $(MSBuildCopyMarkerName)="HotelDro.5BA66743" (previous value: "HotelDroid.Api.csproj") at C:\Program Files\dotnet\sdk\10.0.103\Microsoft.Common.CurrentVersion.targets (392,5)
       C:\Program Files\dotnet\sdk\10.0.103\Microsoft.Common.CurrentVersion.targets(393,5): message : Property reassignment: $(MSBuildCopyMarkerName)="HotelDro.5BA66743.Up2Date" (previous value: "HotelDro.5BA66743") at C:\Program Files\dotnet\sdk\10.0.103\Microsoft.Common.CurrentVersion.targets (393,5)
       C:\Program Files\dotnet\sdk\10.0.103\Microsoft.Common.CurrentVersion.targets(541,5): message : Property reassignment: $(ProcessorArchitecture)="msil" (previous value: "") at C:\Program Files\dotnet\sdk\10.0.103\Microsoft.Common.CurrentVersion.targets (541,5)
       C:\Program Files\dotnet\sdk\10.0.103\Microsoft.Common.CurrentVersion.targets(580,5): message : Property reassignment: $(DelaySign)="" (previous value: "false") at C:\Program Files\dotnet\sdk\10.0.103\Microsoft.Common.CurrentVersion.targets (580,5)
       C:\Program Files\dotnet\sdk\10.0.103\Microsoft.Common.CurrentVersion.targets(2606,5): message : Property 'LOCALAPPDATA' with value 'C:\Users\rolfe\AppData\Local' expanded from the environment.
       C:\Program Files\dotnet\sdk\10.0.103\Microsoft.Common.CurrentVersion.targets(3934,5): message : Property reassignment: $(_SGenGenerateSerializationAssembliesConfig)="Auto" (previous value: "") at C:\Program Files\dotnet\sdk\10.0.103\Microsoft.Common.CurrentVersion.targets (3934,5)
       C:\Program Files\dotnet\sdk\10.0.103\Microsoft.Common.CurrentVersion.targets(3935,5): message : Property reassignment: $(_SGenGenerateSerializationAssembliesConfig)="Off" (previous value: "Auto") at C:\Program Files\dotnet\sdk\10.0.103\Microsoft.Common.CurrentVersion.targets (3935,5)
       C:\Program Files\dotnet\sdk\10.0.103\Microsoft.Common.CurrentVersion.targets(5146,5): message : Property reassignment: $(_TargetsThatPrepareProjectReferences)="
       C:\Program Files\dotnet\sdk\10.0.103\Microsoft.Common.CurrentVersion.targets(5146,5): message :       AssignProjectConfiguration;
       C:\Program Files\dotnet\sdk\10.0.103\Microsoft.Common.CurrentVersion.targets(5146,5): message :       _SplitProjectReferencesByFileExistence
       C:\Program Files\dotnet\sdk\10.0.103\Microsoft.Common.CurrentVersion.targets(5146,5): message :     " (previous value: "_SplitProjectReferencesByFileExistence") at C:\Program Files\dotnet\sdk\10.0.103\Microsoft.Common.CurrentVersion.targets (5146,5)
       C:\Program Files\dotnet\sdk\10.0.103\Microsoft.Common.CurrentVersion.targets(6959,5): message : Property 'MSBuildExtensionsPath32' with value 'C:\Program Files\dotnet\sdk\10.0.103' expanded from the environment.
       The "NuGetInteractive" property is a global property, and cannot be modified.
       The "VSTestNoBuild" property is a global property, and cannot be modified.
       C:\Program Files\dotnet\sdk\10.0.103\Sdks\Microsoft.NET.Sdk\targets\Microsoft.PackageDependencyResolution.targets(29,5): message : Property reassignment: $(ProjectAssetsCacheFile)="C:\Users\rolfe\git\own\Villa-Annunziata\hotelDroid\src\HotelDroid.Api\obj\Debug\net10.0\HotelDroid.Api.assets.cache" (previous value: "obj\Debug\net10.0\HotelDroid.Api.assets.cache") at C:\Program Files\dotnet\sdk\10.0.103\Sdks\Microsoft.NET.Sdk\targets\Microsoft.PackageDependencyResolution.targets (29,5)
       C:\Program Files\dotnet\sdk\10.0.103\Sdks\Microsoft.NET.Sdk\targets\Microsoft.PackageDependencyResolution.targets(80,5): message : Property reassignment: $(ResolveAssemblyReferencesDependsOn)="
       C:\Program Files\dotnet\sdk\10.0.103\Sdks\Microsoft.NET.Sdk\targets\Microsoft.PackageDependencyResolution.targets(80,5): message :       
       C:\Program Files\dotnet\sdk\10.0.103\Sdks\Microsoft.NET.Sdk\targets\Microsoft.PackageDependencyResolution.targets(80,5): message :       ResolveProjectReferences;
       C:\Program Files\dotnet\sdk\10.0.103\Sdks\Microsoft.NET.Sdk\targets\Microsoft.PackageDependencyResolution.targets(80,5): message :       FindInvalidProjectReferences;
       C:\Program Files\dotnet\sdk\10.0.103\Sdks\Microsoft.NET.Sdk\targets\Microsoft.PackageDependencyResolution.targets(80,5): message :       GetFrameworkPaths;
       C:\Program Files\dotnet\sdk\10.0.103\Sdks\Microsoft.NET.Sdk\targets\Microsoft.PackageDependencyResolution.targets(80,5): message :       GetReferenceAssemblyPaths;
       C:\Program Files\dotnet\sdk\10.0.103\Sdks\Microsoft.NET.Sdk\targets\Microsoft.PackageDependencyResolution.targets(80,5): message :       PrepareForBuild;
       C:\Program Files\dotnet\sdk\10.0.103\Sdks\Microsoft.NET.Sdk\targets\Microsoft.PackageDependencyResolution.targets(80,5): message :       ResolveSDKReferences;
       C:\Program Files\dotnet\sdk\10.0.103\Sdks\Microsoft.NET.Sdk\targets\Microsoft.PackageDependencyResolution.targets(80,5): message :       ExpandSDKReferences;
       C:\Program Files\dotnet\sdk\10.0.103\Sdks\Microsoft.NET.Sdk\targets\Microsoft.PackageDependencyResolution.targets(80,5): message :     ;
       C:\Program Files\dotnet\sdk\10.0.103\Sdks\Microsoft.NET.Sdk\targets\Microsoft.PackageDependencyResolution.targets(80,5): message :       ResolvePackageDependenciesForBuild;
       C:\Program Files\dotnet\sdk\10.0.103\Sdks\Microsoft.NET.Sdk\targets\Microsoft.PackageDependencyResolution.targets(80,5): message :       _HandlePackageFileConflicts;
       C:\Program Files\dotnet\sdk\10.0.103\Sdks\Microsoft.NET.Sdk\targets\Microsoft.PackageDependencyResolution.targets(80,5): message :     " (previous value: "
       C:\Program Files\dotnet\sdk\10.0.103\Sdks\Microsoft.NET.Sdk\targets\Microsoft.PackageDependencyResolution.targets(80,5): message :       ResolveProjectReferences;
       C:\Program Files\dotnet\sdk\10.0.103\Sdks\Microsoft.NET.Sdk\targets\Microsoft.PackageDependencyResolution.targets(80,5): message :       FindInvalidProjectReferences;
       C:\Program Files\dotnet\sdk\10.0.103\Sdks\Microsoft.NET.Sdk\targets\Microsoft.PackageDependencyResolution.targets(80,5): message :       GetFrameworkPaths;
       C:\Program Files\dotnet\sdk\10.0.103\Sdks\Microsoft.NET.Sdk\targets\Microsoft.PackageDependencyResolution.targets(80,5): message :       GetReferenceAssemblyPaths;
       C:\Program Files\dotnet\sdk\10.0.103\Sdks\Microsoft.NET.Sdk\targets\Microsoft.PackageDependencyResolution.targets(80,5): message :       PrepareForBuild;
       C:\Program Files\dotnet\sdk\10.0.103\Sdks\Microsoft.NET.Sdk\targets\Microsoft.PackageDependencyResolution.targets(80,5): message :       ResolveSDKReferences;
       C:\Program Files\dotnet\sdk\10.0.103\Sdks\Microsoft.NET.Sdk\targets\Microsoft.PackageDependencyResolution.targets(80,5): message :       ExpandSDKReferences;
       C:\Program Files\dotnet\sdk\10.0.103\Sdks\Microsoft.NET.Sdk\targets\Microsoft.PackageDependencyResolution.targets(80,5): message :     ") at C:\Program Files\dotnet\sdk\10.0.103\Sdks\Microsoft.NET.Sdk\targets\Microsoft.PackageDependencyResolution.targets (80,5)
       C:\Program Files\dotnet\sdk\10.0.103\Sdks\Microsoft.NET.Sdk\targets\Microsoft.PackageDependencyResolution.targets(86,5): message : Property reassignment: $(PrepareResourcesDependsOn)="
       C:\Program Files\dotnet\sdk\10.0.103\Sdks\Microsoft.NET.Sdk\targets\Microsoft.PackageDependencyResolution.targets(86,5): message :       ResolvePackageDependenciesForBuild;
       C:\Program Files\dotnet\sdk\10.0.103\Sdks\Microsoft.NET.Sdk\targets\Microsoft.PackageDependencyResolution.targets(86,5): message :       _HandlePackageFileConflicts;
       C:\Program Files\dotnet\sdk\10.0.103\Sdks\Microsoft.NET.Sdk\targets\Microsoft.PackageDependencyResolution.targets(86,5): message :       
       C:\Program Files\dotnet\sdk\10.0.103\Sdks\Microsoft.NET.Sdk\targets\Microsoft.PackageDependencyResolution.targets(86,5): message :       ;
       C:\Program Files\dotnet\sdk\10.0.103\Sdks\Microsoft.NET.Sdk\targets\Microsoft.PackageDependencyResolution.targets(86,5): message :       PrepareResourceNames;
       C:\Program Files\dotnet\sdk\10.0.103\Sdks\Microsoft.NET.Sdk\targets\Microsoft.PackageDependencyResolution.targets(86,5): message :       ResGen;
       C:\Program Files\dotnet\sdk\10.0.103\Sdks\Microsoft.NET.Sdk\targets\Microsoft.PackageDependencyResolution.targets(86,5): message :       CompileLicxFiles
       C:\Program Files\dotnet\sdk\10.0.103\Sdks\Microsoft.NET.Sdk\targets\Microsoft.PackageDependencyResolution.targets(86,5): message :     
       C:\Program Files\dotnet\sdk\10.0.103\Sdks\Microsoft.NET.Sdk\targets\Microsoft.PackageDependencyResolution.targets(86,5): message :     " (previous value: "
       C:\Program Files\dotnet\sdk\10.0.103\Sdks\Microsoft.NET.Sdk\targets\Microsoft.PackageDependencyResolution.targets(86,5): message :       ;
       C:\Program Files\dotnet\sdk\10.0.103\Sdks\Microsoft.NET.Sdk\targets\Microsoft.PackageDependencyResolution.targets(86,5): message :       PrepareResourceNames;
       C:\Program Files\dotnet\sdk\10.0.103\Sdks\Microsoft.NET.Sdk\targets\Microsoft.PackageDependencyResolution.targets(86,5): message :       ResGen;
       C:\Program Files\dotnet\sdk\10.0.103\Sdks\Microsoft.NET.Sdk\targets\Microsoft.PackageDependencyResolution.targets(86,5): message :       CompileLicxFiles
       C:\Program Files\dotnet\sdk\10.0.103\Sdks\Microsoft.NET.Sdk\targets\Microsoft.PackageDependencyResolution.targets(86,5): message :     ") at C:\Program Files\dotnet\sdk\10.0.103\Sdks\Microsoft.NET.Sdk\targets\Microsoft.PackageDependencyResolution.targets (86,5)
       C:\Program Files\dotnet\sdk\10.0.103\Sdks\Microsoft.NET.Sdk\targets\Microsoft.NET.Sdk.DefaultItems.targets(35,5): message : Property reassignment: $(DefaultItemExcludes)=";**\node_modules\**;node_modules\**;**\jspm_packages\**;jspm_packages\**;**\bower_components\**;bower_components\**;**\packages.lock.json;bin\Debug\/**;obj\Debug\/**;bin\/**" (previous value: ";**\node_modules\**;node_modules\**;**\jspm_packages\**;jspm_packages\**;**\bower_components\**;bower_components\**;**\packages.lock.json;bin\Debug\/**;obj\Debug\/**") at C:\Program Files\dotnet\sdk\10.0.103\Sdks\Microsoft.NET.Sdk\targets\Microsoft.NET.Sdk.DefaultItems.targets (35,5)
       C:\Program Files\dotnet\sdk\10.0.103\Sdks\Microsoft.NET.Sdk\targets\Microsoft.NET.Sdk.DefaultItems.targets(37,5): message : Property reassignment: $(DefaultItemExcludes)=";**\node_modules\**;node_modules\**;**\jspm_packages\**;jspm_packages\**;**\bower_components\**;bower_components\**;**\packages.lock.json;bin\Debug\/**;obj\Debug\/**;bin\/**;obj\/**" (previous value: ";**\node_modules\**;node_modules\**;**\jspm_packages\**;jspm_packages\**;**\bower_components\**;bower_components\**;**\packages.lock.json;bin\Debug\/**;obj\Debug\/**;bin\/**") at C:\Program Files\dotnet\sdk\10.0.103\Sdks\Microsoft.NET.Sdk\targets\Microsoft.NET.Sdk.DefaultItems.targets (37,5)
       C:\Program Files\dotnet\sdk\10.0.103\Sdks\Microsoft.NET.Sdk\targets\Microsoft.NET.Sdk.DefaultItems.targets(40,5): message : Property reassignment: $(DefaultItemExcludes)=";**\node_modules\**;node_modules\**;**\jspm_packages\**;jspm_packages\**;**\bower_components\**;bower_components\**;**\packages.lock.json;bin\Debug\/**;obj\Debug\/**;bin\/**;obj\/**;**/*.user" (previous value: ";**\node_modules\**;node_modules\**;**\jspm_packages\**;jspm_packages\**;**\bower_components\**;bower_components\**;**\packages.lock.json;bin\Debug\/**;obj\Debug\/**;bin\/**;obj\/**") at C:\Program Files\dotnet\sdk\10.0.103\Sdks\Microsoft.NET.Sdk\targets\Microsoft.NET.Sdk.DefaultItems.targets (40,5)
       C:\Program Files\dotnet\sdk\10.0.103\Sdks\Microsoft.NET.Sdk\targets\Microsoft.NET.Sdk.DefaultItems.targets(41,5): message : Property reassignment: $(DefaultItemExcludes)=";**\node_modules\**;node_modules\**;**\jspm_packages\**;jspm_packages\**;**\bower_components\**;bower_components\**;**\packages.lock.json;bin\Debug\/**;obj\Debug\/**;bin\/**;obj\/**;**/*.user;**/*.*proj" (previous value: ";**\node_modules\**;node_modules\**;**\jspm_packages\**;jspm_packages\**;**\bower_components\**;bower_components\**;**\packages.lock.json;bin\Debug\/**;obj\Debug\/**;bin\/**;obj\/**;**/*.user") at C:\Program Files\dotnet\sdk\10.0.103\Sdks\Microsoft.NET.Sdk\targets\Microsoft.NET.Sdk.DefaultItems.targets (41,5)
       C:\Program Files\dotnet\sdk\10.0.103\Sdks\Microsoft.NET.Sdk\targets\Microsoft.NET.Sdk.DefaultItems.targets(42,5): message : Property reassignment: $(DefaultItemExcludes)=";**\node_modules\**;node_modules\**;**\jspm_packages\**;jspm_packages\**;**\bower_components\**;bower_components\**;**\packages.lock.json;bin\Debug\/**;obj\Debug\/**;bin\/**;obj\/**;**/*.user;**/*.*proj;**/*.sln" (previous value: ";**\node_modules\**;node_modules\**;**\jspm_packages\**;jspm_packages\**;**\bower_components\**;bower_components\**;**\packages.lock.json;bin\Debug\/**;obj\Debug\/**;bin\/**;obj\/**;**/*.user;**/*.*proj") at C:\Program Files\dotnet\sdk\10.0.103\Sdks\Microsoft.NET.Sdk\targets\Microsoft.NET.Sdk.DefaultItems.targets (42,5)
       C:\Program Files\dotnet\sdk\10.0.103\Sdks\Microsoft.NET.Sdk\targets\Microsoft.NET.Sdk.DefaultItems.targets(43,5): message : Property reassignment: $(DefaultItemExcludes)=";**\node_modules\**;node_modules\**;**\jspm_packages\**;jspm_packages\**;**\bower_components\**;bower_components\**;**\packages.lock.json;bin\Debug\/**;obj\Debug\/**;bin\/**;obj\/**;**/*.user;**/*.*proj;**/*.sln;**/*.slnx" (previous value: ";**\node_modules\**;node_modules\**;**\jspm_packages\**;jspm_packages\**;**\bower_components\**;bower_components\**;**\packages.lock.json;bin\Debug\/**;obj\Debug\/**;bin\/**;obj\/**;**/*.user;**/*.*proj;**/*.sln") at C:\Program Files\dotnet\sdk\10.0.103\Sdks\Microsoft.NET.Sdk\targets\Microsoft.NET.Sdk.DefaultItems.targets (43,5)
       C:\Program Files\dotnet\sdk\10.0.103\Sdks\Microsoft.NET.Sdk\targets\Microsoft.NET.Sdk.DefaultItems.targets(44,5): message : Property reassignment: $(DefaultItemExcludes)=";**\node_modules\**;node_modules\**;**\jspm_packages\**;jspm_packages\**;**\bower_components\**;bower_components\**;**\packages.lock.json;bin\Debug\/**;obj\Debug\/**;bin\/**;obj\/**;**/*.user;**/*.*proj;**/*.sln;**/*.slnx;**/*.vssscc" (previous value: ";**\node_modules\**;node_modules\**;**\jspm_packages\**;jspm_packages\**;**\bower_components\**;bower_components\**;**\packages.lock.json;bin\Debug\/**;obj\Debug\/**;bin\/**;obj\/**;**/*.user;**/*.*proj;**/*.sln;**/*.slnx") at C:\Program Files\dotnet\sdk\10.0.103\Sdks\Microsoft.NET.Sdk\targets\Microsoft.NET.Sdk.DefaultItems.targets (44,5)
       C:\Program Files\dotnet\sdk\10.0.103\Sdks\Microsoft.NET.Sdk\targets\Microsoft.NET.Sdk.DefaultItems.targets(45,5): message : Property reassignment: $(DefaultItemExcludes)=";**\node_modules\**;node_modules\**;**\jspm_packages\**;jspm_packages\**;**\bower_components\**;bower_components\**;**\packages.lock.json;bin\Debug\/**;obj\Debug\/**;bin\/**;obj\/**;**/*.user;**/*.*proj;**/*.sln;**/*.slnx;**/*.vssscc;**/.DS_Store" (previous value: ";**\node_modules\**;node_modules\**;**\jspm_packages\**;jspm_packages\**;**\bower_components\**;bower_components\**;**\packages.lock.json;bin\Debug\/**;obj\Debug\/**;bin\/**;obj\/**;**/*.user;**/*.*proj;**/*.sln;**/*.slnx;**/*.vssscc") at C:\Program Files\dotnet\sdk\10.0.103\Sdks\Microsoft.NET.Sdk\targets\Microsoft.NET.Sdk.DefaultItems.targets (45,5)
       C:\Program Files\dotnet\sdk\10.0.103\Sdks\Microsoft.NET.Sdk\targets\Microsoft.NET.Sdk.FrameworkReferenceResolution.targets(14,5): message : Property reassignment: $(ResolveAssemblyReferencesDependsOn)="
       C:\Program Files\dotnet\sdk\10.0.103\Sdks\Microsoft.NET.Sdk\targets\Microsoft.NET.Sdk.FrameworkReferenceResolution.targets(14,5): message :       
       C:\Program Files\dotnet\sdk\10.0.103\Sdks\Microsoft.NET.Sdk\targets\Microsoft.NET.Sdk.FrameworkReferenceResolution.targets(14,5): message :       
       C:\Program Files\dotnet\sdk\10.0.103\Sdks\Microsoft.NET.Sdk\targets\Microsoft.NET.Sdk.FrameworkReferenceResolution.targets(14,5): message :       ResolveProjectReferences;
       C:\Program Files\dotnet\sdk\10.0.103\Sdks\Microsoft.NET.Sdk\targets\Microsoft.NET.Sdk.FrameworkReferenceResolution.targets(14,5): message :       FindInvalidProjectReferences;
       C:\Program Files\dotnet\sdk\10.0.103\Sdks\Microsoft.NET.Sdk\targets\Microsoft.NET.Sdk.FrameworkReferenceResolution.targets(14,5): message :       GetFrameworkPaths;
       C:\Program Files\dotnet\sdk\10.0.103\Sdks\Microsoft.NET.Sdk\targets\Microsoft.NET.Sdk.FrameworkReferenceResolution.targets(14,5): message :       GetReferenceAssemblyPaths;
       C:\Program Files\dotnet\sdk\10.0.103\Sdks\Microsoft.NET.Sdk\targets\Microsoft.NET.Sdk.FrameworkReferenceResolution.targets(14,5): message :       PrepareForBuild;
       C:\Program Files\dotnet\sdk\10.0.103\Sdks\Microsoft.NET.Sdk\targets\Microsoft.NET.Sdk.FrameworkReferenceResolution.targets(14,5): message :       ResolveSDKReferences;
       C:\Program Files\dotnet\sdk\10.0.103\Sdks\Microsoft.NET.Sdk\targets\Microsoft.NET.Sdk.FrameworkReferenceResolution.targets(14,5): message :       ExpandSDKReferences;
       C:\Program Files\dotnet\sdk\10.0.103\Sdks\Microsoft.NET.Sdk\targets\Microsoft.NET.Sdk.FrameworkReferenceResolution.targets(14,5): message :     ;
       C:\Program Files\dotnet\sdk\10.0.103\Sdks\Microsoft.NET.Sdk\targets\Microsoft.NET.Sdk.FrameworkReferenceResolution.targets(14,5): message :       ResolvePackageDependenciesForBuild;
       C:\Program Files\dotnet\sdk\10.0.103\Sdks\Microsoft.NET.Sdk\targets\Microsoft.NET.Sdk.FrameworkReferenceResolution.targets(14,5): message :       _HandlePackageFileConflicts;
       C:\Program Files\dotnet\sdk\10.0.103\Sdks\Microsoft.NET.Sdk\targets\Microsoft.NET.Sdk.FrameworkReferenceResolution.targets(14,5): message :     ;
       C:\Program Files\dotnet\sdk\10.0.103\Sdks\Microsoft.NET.Sdk\targets\Microsoft.NET.Sdk.FrameworkReferenceResolution.targets(14,5): message :       ResolveTargetingPackAssets;
       C:\Program Files\dotnet\sdk\10.0.103\Sdks\Microsoft.NET.Sdk\targets\Microsoft.NET.Sdk.FrameworkReferenceResolution.targets(14,5): message :     " (previous value: "
       C:\Program Files\dotnet\sdk\10.0.103\Sdks\Microsoft.NET.Sdk\targets\Microsoft.NET.Sdk.FrameworkReferenceResolution.targets(14,5): message :       
       C:\Program Files\dotnet\sdk\10.0.103\Sdks\Microsoft.NET.Sdk\targets\Microsoft.NET.Sdk.FrameworkReferenceResolution.targets(14,5): message :       ResolveProjectReferences;
       C:\Program Files\dotnet\sdk\10.0.103\Sdks\Microsoft.NET.Sdk\targets\Microsoft.NET.Sdk.FrameworkReferenceResolution.targets(14,5): message :       FindInvalidProjectReferences;
       C:\Program Files\dotnet\sdk\10.0.103\Sdks\Microsoft.NET.Sdk\targets\Microsoft.NET.Sdk.FrameworkReferenceResolution.targets(14,5): message :       GetFrameworkPaths;
       C:\Program Files\dotnet\sdk\10.0.103\Sdks\Microsoft.NET.Sdk\targets\Microsoft.NET.Sdk.FrameworkReferenceResolution.targets(14,5): message :       GetReferenceAssemblyPaths;
       C:\Program Files\dotnet\sdk\10.0.103\Sdks\Microsoft.NET.Sdk\targets\Microsoft.NET.Sdk.FrameworkReferenceResolution.targets(14,5): message :       PrepareForBuild;
       C:\Program Files\dotnet\sdk\10.0.103\Sdks\Microsoft.NET.Sdk\targets\Microsoft.NET.Sdk.FrameworkReferenceResolution.targets(14,5): message :       ResolveSDKReferences;
       C:\Program Files\dotnet\sdk\10.0.103\Sdks\Microsoft.NET.Sdk\targets\Microsoft.NET.Sdk.FrameworkReferenceResolution.targets(14,5): message :       ExpandSDKReferences;
       C:\Program Files\dotnet\sdk\10.0.103\Sdks\Microsoft.NET.Sdk\targets\Microsoft.NET.Sdk.FrameworkReferenceResolution.targets(14,5): message :     ;
       C:\Program Files\dotnet\sdk\10.0.103\Sdks\Microsoft.NET.Sdk\targets\Microsoft.NET.Sdk.FrameworkReferenceResolution.targets(14,5): message :       ResolvePackageDependenciesForBuild;
       C:\Program Files\dotnet\sdk\10.0.103\Sdks\Microsoft.NET.Sdk\targets\Microsoft.NET.Sdk.FrameworkReferenceResolution.targets(14,5): message :       _HandlePackageFileConflicts;
       C:\Program Files\dotnet\sdk\10.0.103\Sdks\Microsoft.NET.Sdk\targets\Microsoft.NET.Sdk.FrameworkReferenceResolution.targets(14,5): message :     ") at C:\Program Files\dotnet\sdk\10.0.103\Sdks\Microsoft.NET.Sdk\targets\Microsoft.NET.Sdk.FrameworkReferenceResolution.targets (14,5)
       C:\Program Files\dotnet\sdk\10.0.103\Sdks\Microsoft.NET.Sdk\targets\Microsoft.NET.Sdk.targets(44,5): message : Property reassignment: $(_GenerateRuntimeConfigurationPropertyInputsCache)="C:\Users\rolfe\git\own\Villa-Annunziata\hotelDroid\src\HotelDroid.Api\obj\Debug\net10.0\HotelDroid.Api.genruntimeconfig.cache" (previous value: "obj\Debug\net10.0\HotelDroid.Api.genruntimeconfig.cache") at C:\Program Files\dotnet\sdk\10.0.103\Sdks\Microsoft.NET.Sdk\targets\Microsoft.NET.Sdk.targets (44,5)
       C:\Program Files\dotnet\sdk\10.0.103\Sdks\Microsoft.NET.Sdk\targets\Microsoft.NET.Sdk.targets(46,5): message : Property reassignment: $(_GeneratePublishDependencyFilePropertyInputsCache)="C:\Users\rolfe\git\own\Villa-Annunziata\hotelDroid\src\HotelDroid.Api\obj\Debug\net10.0\HotelDroid.Api.genpublishdeps.cache" (previous value: "obj\Debug\net10.0\HotelDroid.Api.genpublishdeps.cache") at C:\Program Files\dotnet\sdk\10.0.103\Sdks\Microsoft.NET.Sdk\targets\Microsoft.NET.Sdk.targets (46,5)
       C:\Program Files\dotnet\sdk\10.0.103\Sdks\Microsoft.NET.Sdk\targets\Microsoft.NET.Sdk.targets(48,5): message : Property reassignment: $(_GenerateSingleFileBundlePropertyInputsCache)="C:\Users\rolfe\git\own\Villa-Annunziata\hotelDroid\src\HotelDroid.Api\obj\Debug\net10.0\HotelDroid.Api.genbundle.cache" (previous value: "obj\Debug\net10.0\HotelDroid.Api.genbundle.cache") at C:\Program Files\dotnet\sdk\10.0.103\Sdks\Microsoft.NET.Sdk\targets\Microsoft.NET.Sdk.targets (48,5)
       C:\Program Files\dotnet\sdk\10.0.103\Sdks\Microsoft.NET.Sdk\targets\Microsoft.NET.Sdk.targets(81,5): message : Property reassignment: $(GenerateRuntimeConfigDevFile)="false" (previous value: "true") at C:\Program Files\dotnet\sdk\10.0.103\Sdks\Microsoft.NET.Sdk\targets\Microsoft.NET.Sdk.targets (81,5)
       C:\Program Files\dotnet\sdk\10.0.103\Sdks\Microsoft.NET.Sdk\targets\Microsoft.NET.Sdk.targets(98,5): message : Property reassignment: $(_DefaultUserProfileRuntimeStorePath)="C:\Users\rolfe" (previous value: "") at C:\Program Files\dotnet\sdk\10.0.103\Sdks\Microsoft.NET.Sdk\targets\Microsoft.NET.Sdk.targets (98,5)
       C:\Program Files\dotnet\sdk\10.0.103\Sdks\Microsoft.NET.Sdk\targets\Microsoft.NET.Sdk.targets(99,5): message : Property reassignment: $(_DefaultUserProfileRuntimeStorePath)="C:\Users\rolfe\.dotnet\store" (previous value: "C:\Users\rolfe") at C:\Program Files\dotnet\sdk\10.0.103\Sdks\Microsoft.NET.Sdk\targets\Microsoft.NET.Sdk.targets (99,5)
       C:\Program Files\dotnet\sdk\10.0.103\Sdks\Microsoft.NET.Sdk\targets\Microsoft.NET.Sdk.targets(144,5): message : Property reassignment: $(AvailablePlatforms)="Any CPU,x86,x64,ARM32" (previous value: "Any CPU,x86,x64") at C:\Program Files\dotnet\sdk\10.0.103\Sdks\Microsoft.NET.Sdk\targets\Microsoft.NET.Sdk.targets (144,5)
       C:\Program Files\dotnet\sdk\10.0.103\Sdks\Microsoft.NET.Sdk\targets\Microsoft.NET.Sdk.targets(148,5): message : Property reassignment: $(AvailablePlatforms)="Any CPU,x86,x64,ARM32,ARM64" (previous value: "Any CPU,x86,x64,ARM32") at C:\Program Files\dotnet\sdk\10.0.103\Sdks\Microsoft.NET.Sdk\targets\Microsoft.NET.Sdk.targets (148,5)
       C:\Program Files\dotnet\sdk\10.0.103\Sdks\Microsoft.NET.Sdk\targets\Microsoft.NET.Sdk.targets(204,5): message : Property reassignment: $(CoreBuildDependsOn)="
       C:\Program Files\dotnet\sdk\10.0.103\Sdks\Microsoft.NET.Sdk\targets\Microsoft.NET.Sdk.targets(204,5): message :       _CheckForBuildWithNoBuild;
       C:\Program Files\dotnet\sdk\10.0.103\Sdks\Microsoft.NET.Sdk\targets\Microsoft.NET.Sdk.targets(204,5): message :       
       C:\Program Files\dotnet\sdk\10.0.103\Sdks\Microsoft.NET.Sdk\targets\Microsoft.NET.Sdk.targets(204,5): message :       BuildOnlySettings;
       C:\Program Files\dotnet\sdk\10.0.103\Sdks\Microsoft.NET.Sdk\targets\Microsoft.NET.Sdk.targets(204,5): message :       PrepareForBuild;
       C:\Program Files\dotnet\sdk\10.0.103\Sdks\Microsoft.NET.Sdk\targets\Microsoft.NET.Sdk.targets(204,5): message :       PreBuildEvent;
       C:\Program Files\dotnet\sdk\10.0.103\Sdks\Microsoft.NET.Sdk\targets\Microsoft.NET.Sdk.targets(204,5): message :       ResolveReferences;
       C:\Program Files\dotnet\sdk\10.0.103\Sdks\Microsoft.NET.Sdk\targets\Microsoft.NET.Sdk.targets(204,5): message :       PrepareResources;
       C:\Program Files\dotnet\sdk\10.0.103\Sdks\Microsoft.NET.Sdk\targets\Microsoft.NET.Sdk.targets(204,5): message :       ResolveKeySource;
       C:\Program Files\dotnet\sdk\10.0.103\Sdks\Microsoft.NET.Sdk\targets\Microsoft.NET.Sdk.targets(204,5): message :       Compile;
       C:\Program Files\dotnet\sdk\10.0.103\Sdks\Microsoft.NET.Sdk\targets\Microsoft.NET.Sdk.targets(204,5): message :       ExportWindowsMDFile;
       C:\Program Files\dotnet\sdk\10.0.103\Sdks\Microsoft.NET.Sdk\targets\Microsoft.NET.Sdk.targets(204,5): message :       UnmanagedUnregistration;
       C:\Program Files\dotnet\sdk\10.0.103\Sdks\Microsoft.NET.Sdk\targets\Microsoft.NET.Sdk.targets(204,5): message :       GenerateSerializationAssemblies;
       C:\Program Files\dotnet\sdk\10.0.103\Sdks\Microsoft.NET.Sdk\targets\Microsoft.NET.Sdk.targets(204,5): message :       CreateSatelliteAssemblies;
       C:\Program Files\dotnet\sdk\10.0.103\Sdks\Microsoft.NET.Sdk\targets\Microsoft.NET.Sdk.targets(204,5): message :       GenerateManifests;
       C:\Program Files\dotnet\sdk\10.0.103\Sdks\Microsoft.NET.Sdk\targets\Microsoft.NET.Sdk.targets(204,5): message :       GetTargetPath;
       C:\Program Files\dotnet\sdk\10.0.103\Sdks\Microsoft.NET.Sdk\targets\Microsoft.NET.Sdk.targets(204,5): message :       PrepareForRun;
       C:\Program Files\dotnet\sdk\10.0.103\Sdks\Microsoft.NET.Sdk\targets\Microsoft.NET.Sdk.targets(204,5): message :       UnmanagedRegistration;
       C:\Program Files\dotnet\sdk\10.0.103\Sdks\Microsoft.NET.Sdk\targets\Microsoft.NET.Sdk.targets(204,5): message :       IncrementalClean;
       C:\Program Files\dotnet\sdk\10.0.103\Sdks\Microsoft.NET.Sdk\targets\Microsoft.NET.Sdk.targets(204,5): message :       PostBuildEvent
       C:\Program Files\dotnet\sdk\10.0.103\Sdks\Microsoft.NET.Sdk\targets\Microsoft.NET.Sdk.targets(204,5): message :     ;
       C:\Program Files\dotnet\sdk\10.0.103\Sdks\Microsoft.NET.Sdk\targets\Microsoft.NET.Sdk.targets(204,5): message :       GenerateBuildDependencyFile;
       C:\Program Files\dotnet\sdk\10.0.103\Sdks\Microsoft.NET.Sdk\targets\Microsoft.NET.Sdk.targets(204,5): message :       GenerateBuildRuntimeConfigurationFiles
       C:\Program Files\dotnet\sdk\10.0.103\Sdks\Microsoft.NET.Sdk\targets\Microsoft.NET.Sdk.targets(204,5): message :     " (previous value: "
       C:\Program Files\dotnet\sdk\10.0.103\Sdks\Microsoft.NET.Sdk\targets\Microsoft.NET.Sdk.targets(204,5): message :       BuildOnlySettings;
       C:\Program Files\dotnet\sdk\10.0.103\Sdks\Microsoft.NET.Sdk\targets\Microsoft.NET.Sdk.targets(204,5): message :       PrepareForBuild;
       C:\Program Files\dotnet\sdk\10.0.103\Sdks\Microsoft.NET.Sdk\targets\Microsoft.NET.Sdk.targets(204,5): message :       PreBuildEvent;
       C:\Program Files\dotnet\sdk\10.0.103\Sdks\Microsoft.NET.Sdk\targets\Microsoft.NET.Sdk.targets(204,5): message :       ResolveReferences;
       C:\Program Files\dotnet\sdk\10.0.103\Sdks\Microsoft.NET.Sdk\targets\Microsoft.NET.Sdk.targets(204,5): message :       PrepareResources;
       C:\Program Files\dotnet\sdk\10.0.103\Sdks\Microsoft.NET.Sdk\targets\Microsoft.NET.Sdk.targets(204,5): message :       ResolveKeySource;
       C:\Program Files\dotnet\sdk\10.0.103\Sdks\Microsoft.NET.Sdk\targets\Microsoft.NET.Sdk.targets(204,5): message :       Compile;
       C:\Program Files\dotnet\sdk\10.0.103\Sdks\Microsoft.NET.Sdk\targets\Microsoft.NET.Sdk.targets(204,5): message :       ExportWindowsMDFile;
       C:\Program Files\dotnet\sdk\10.0.103\Sdks\Microsoft.NET.Sdk\targets\Microsoft.NET.Sdk.targets(204,5): message :       UnmanagedUnregistration;
       C:\Program Files\dotnet\sdk\10.0.103\Sdks\Microsoft.NET.Sdk\targets\Microsoft.NET.Sdk.targets(204,5): message :       GenerateSerializationAssemblies;
       C:\Program Files\dotnet\sdk\10.0.103\Sdks\Microsoft.NET.Sdk\targets\Microsoft.NET.Sdk.targets(204,5): message :       CreateSatelliteAssemblies;
       C:\Program Files\dotnet\sdk\10.0.103\Sdks\Microsoft.NET.Sdk\targets\Microsoft.NET.Sdk.targets(204,5): message :       GenerateManifests;
       C:\Program Files\dotnet\sdk\10.0.103\Sdks\Microsoft.NET.Sdk\targets\Microsoft.NET.Sdk.targets(204,5): message :       GetTargetPath;
       C:\Program Files\dotnet\sdk\10.0.103\Sdks\Microsoft.NET.Sdk\targets\Microsoft.NET.Sdk.targets(204,5): message :       PrepareForRun;
       C:\Program Files\dotnet\sdk\10.0.103\Sdks\Microsoft.NET.Sdk\targets\Microsoft.NET.Sdk.targets(204,5): message :       UnmanagedRegistration;
       C:\Program Files\dotnet\sdk\10.0.103\Sdks\Microsoft.NET.Sdk\targets\Microsoft.NET.Sdk.targets(204,5): message :       IncrementalClean;
       C:\Program Files\dotnet\sdk\10.0.103\Sdks\Microsoft.NET.Sdk\targets\Microsoft.NET.Sdk.targets(204,5): message :       PostBuildEvent
       C:\Program Files\dotnet\sdk\10.0.103\Sdks\Microsoft.NET.Sdk\targets\Microsoft.NET.Sdk.targets(204,5): message :     ") at C:\Program Files\dotnet\sdk\10.0.103\Sdks\Microsoft.NET.Sdk\targets\Microsoft.NET.Sdk.targets (204,5)
       C:\Program Files\dotnet\sdk\10.0.103\Sdks\Microsoft.NET.Sdk\targets\Microsoft.NET.Sdk.targets(213,5): message : Property reassignment: $(CoreCleanDependsOn)="
       C:\Program Files\dotnet\sdk\10.0.103\Sdks\Microsoft.NET.Sdk\targets\Microsoft.NET.Sdk.targets(213,5): message :       _SdkBeforeClean;
       C:\Program Files\dotnet\sdk\10.0.103\Sdks\Microsoft.NET.Sdk\targets\Microsoft.NET.Sdk.targets(213,5): message :       
       C:\Program Files\dotnet\sdk\10.0.103\Sdks\Microsoft.NET.Sdk\targets\Microsoft.NET.Sdk.targets(213,5): message :     " (previous value: "") at C:\Program Files\dotnet\sdk\10.0.103\Sdks\Microsoft.NET.Sdk\targets\Microsoft.NET.Sdk.targets (213,5)
       C:\Program Files\dotnet\sdk\10.0.103\Sdks\Microsoft.NET.Sdk\targets\Microsoft.NET.Sdk.targets(220,5): message : Property reassignment: $(RebuildDependsOn)="
       C:\Program Files\dotnet\sdk\10.0.103\Sdks\Microsoft.NET.Sdk\targets\Microsoft.NET.Sdk.targets(220,5): message :       _SdkBeforeRebuild;
       C:\Program Files\dotnet\sdk\10.0.103\Sdks\Microsoft.NET.Sdk\targets\Microsoft.NET.Sdk.targets(220,5): message :       
       C:\Program Files\dotnet\sdk\10.0.103\Sdks\Microsoft.NET.Sdk\targets\Microsoft.NET.Sdk.targets(220,5): message :       BeforeRebuild;
       C:\Program Files\dotnet\sdk\10.0.103\Sdks\Microsoft.NET.Sdk\targets\Microsoft.NET.Sdk.targets(220,5): message :       Clean;
       C:\Program Files\dotnet\sdk\10.0.103\Sdks\Microsoft.NET.Sdk\targets\Microsoft.NET.Sdk.targets(220,5): message :       Build;
       C:\Program Files\dotnet\sdk\10.0.103\Sdks\Microsoft.NET.Sdk\targets\Microsoft.NET.Sdk.targets(220,5): message :       AfterRebuild;
       C:\Program Files\dotnet\sdk\10.0.103\Sdks\Microsoft.NET.Sdk\targets\Microsoft.NET.Sdk.targets(220,5): message :     
       C:\Program Files\dotnet\sdk\10.0.103\Sdks\Microsoft.NET.Sdk\targets\Microsoft.NET.Sdk.targets(220,5): message :     " (previous value: "
       C:\Program Files\dotnet\sdk\10.0.103\Sdks\Microsoft.NET.Sdk\targets\Microsoft.NET.Sdk.targets(220,5): message :       BeforeRebuild;
       C:\Program Files\dotnet\sdk\10.0.103\Sdks\Microsoft.NET.Sdk\targets\Microsoft.NET.Sdk.targets(220,5): message :       Clean;
       C:\Program Files\dotnet\sdk\10.0.103\Sdks\Microsoft.NET.Sdk\targets\Microsoft.NET.Sdk.targets(220,5): message :       Build;
       C:\Program Files\dotnet\sdk\10.0.103\Sdks\Microsoft.NET.Sdk\targets\Microsoft.NET.Sdk.targets(220,5): message :       AfterRebuild;
       C:\Program Files\dotnet\sdk\10.0.103\Sdks\Microsoft.NET.Sdk\targets\Microsoft.NET.Sdk.targets(220,5): message :     ") at C:\Program Files\dotnet\sdk\10.0.103\Sdks\Microsoft.NET.Sdk\targets\Microsoft.NET.Sdk.targets (220,5)
       C:\Program Files\dotnet\sdk\10.0.103\Sdks\Microsoft.NET.Sdk\targets\Microsoft.NET.Sdk.targets(799,5): message : Property reassignment: $(CompileDependsOn)="
       C:\Program Files\dotnet\sdk\10.0.103\Sdks\Microsoft.NET.Sdk\targets\Microsoft.NET.Sdk.targets(799,5): message :       
       C:\Program Files\dotnet\sdk\10.0.103\Sdks\Microsoft.NET.Sdk\targets\Microsoft.NET.Sdk.targets(799,5): message :       ResolveReferences;
       C:\Program Files\dotnet\sdk\10.0.103\Sdks\Microsoft.NET.Sdk\targets\Microsoft.NET.Sdk.targets(799,5): message :       ResolveKeySource;
       C:\Program Files\dotnet\sdk\10.0.103\Sdks\Microsoft.NET.Sdk\targets\Microsoft.NET.Sdk.targets(799,5): message :       SetWin32ManifestProperties;
       C:\Program Files\dotnet\sdk\10.0.103\Sdks\Microsoft.NET.Sdk\targets\Microsoft.NET.Sdk.targets(799,5): message :       _SetPreferNativeArm64Win32ManifestProperties;
       C:\Program Files\dotnet\sdk\10.0.103\Sdks\Microsoft.NET.Sdk\targets\Microsoft.NET.Sdk.targets(799,5): message :       FindReferenceAssembliesForReferences;
       C:\Program Files\dotnet\sdk\10.0.103\Sdks\Microsoft.NET.Sdk\targets\Microsoft.NET.Sdk.targets(799,5): message :       _GenerateCompileInputs;
       C:\Program Files\dotnet\sdk\10.0.103\Sdks\Microsoft.NET.Sdk\targets\Microsoft.NET.Sdk.targets(799,5): message :       BeforeCompile;
       C:\Program Files\dotnet\sdk\10.0.103\Sdks\Microsoft.NET.Sdk\targets\Microsoft.NET.Sdk.targets(799,5): message :       _TimeStampBeforeCompile;
       C:\Program Files\dotnet\sdk\10.0.103\Sdks\Microsoft.NET.Sdk\targets\Microsoft.NET.Sdk.targets(799,5): message :       _GenerateCompileDependencyCache;
       C:\Program Files\dotnet\sdk\10.0.103\Sdks\Microsoft.NET.Sdk\targets\Microsoft.NET.Sdk.targets(799,5): message :       CoreCompile;
       C:\Program Files\dotnet\sdk\10.0.103\Sdks\Microsoft.NET.Sdk\targets\Microsoft.NET.Sdk.targets(799,5): message :       _TimeStampAfterCompile;
       C:\Program Files\dotnet\sdk\10.0.103\Sdks\Microsoft.NET.Sdk\targets\Microsoft.NET.Sdk.targets(799,5): message :       AfterCompile;
       C:\Program Files\dotnet\sdk\10.0.103\Sdks\Microsoft.NET.Sdk\targets\Microsoft.NET.Sdk.targets(799,5): message :     ;
       C:\Program Files\dotnet\sdk\10.0.103\Sdks\Microsoft.NET.Sdk\targets\Microsoft.NET.Sdk.targets(799,5): message :       _CreateAppHost;
       C:\Program Files\dotnet\sdk\10.0.103\Sdks\Microsoft.NET.Sdk\targets\Microsoft.NET.Sdk.targets(799,5): message :       _CreateComHost;
       C:\Program Files\dotnet\sdk\10.0.103\Sdks\Microsoft.NET.Sdk\targets\Microsoft.NET.Sdk.targets(799,5): message :       _GetIjwHostPaths;
       C:\Program Files\dotnet\sdk\10.0.103\Sdks\Microsoft.NET.Sdk\targets\Microsoft.NET.Sdk.targets(799,5): message :     " (previous value: "
       C:\Program Files\dotnet\sdk\10.0.103\Sdks\Microsoft.NET.Sdk\targets\Microsoft.NET.Sdk.targets(799,5): message :       ResolveReferences;
       C:\Program Files\dotnet\sdk\10.0.103\Sdks\Microsoft.NET.Sdk\targets\Microsoft.NET.Sdk.targets(799,5): message :       ResolveKeySource;
       C:\Program Files\dotnet\sdk\10.0.103\Sdks\Microsoft.NET.Sdk\targets\Microsoft.NET.Sdk.targets(799,5): message :       SetWin32ManifestProperties;
       C:\Program Files\dotnet\sdk\10.0.103\Sdks\Microsoft.NET.Sdk\targets\Microsoft.NET.Sdk.targets(799,5): message :       _SetPreferNativeArm64Win32ManifestProperties;
       C:\Program Files\dotnet\sdk\10.0.103\Sdks\Microsoft.NET.Sdk\targets\Microsoft.NET.Sdk.targets(799,5): message :       FindReferenceAssembliesForReferences;
       C:\Program Files\dotnet\sdk\10.0.103\Sdks\Microsoft.NET.Sdk\targets\Microsoft.NET.Sdk.targets(799,5): message :       _GenerateCompileInputs;
       C:\Program Files\dotnet\sdk\10.0.103\Sdks\Microsoft.NET.Sdk\targets\Microsoft.NET.Sdk.targets(799,5): message :       BeforeCompile;
       C:\Program Files\dotnet\sdk\10.0.103\Sdks\Microsoft.NET.Sdk\targets\Microsoft.NET.Sdk.targets(799,5): message :       _TimeStampBeforeCompile;
       C:\Program Files\dotnet\sdk\10.0.103\Sdks\Microsoft.NET.Sdk\targets\Microsoft.NET.Sdk.targets(799,5): message :       _GenerateCompileDependencyCache;
       C:\Program Files\dotnet\sdk\10.0.103\Sdks\Microsoft.NET.Sdk\targets\Microsoft.NET.Sdk.targets(799,5): message :       CoreCompile;
       C:\Program Files\dotnet\sdk\10.0.103\Sdks\Microsoft.NET.Sdk\targets\Microsoft.NET.Sdk.targets(799,5): message :       _TimeStampAfterCompile;
       C:\Program Files\dotnet\sdk\10.0.103\Sdks\Microsoft.NET.Sdk\targets\Microsoft.NET.Sdk.targets(799,5): message :       AfterCompile;
       C:\Program Files\dotnet\sdk\10.0.103\Sdks\Microsoft.NET.Sdk\targets\Microsoft.NET.Sdk.targets(799,5): message :     ") at C:\Program Files\dotnet\sdk\10.0.103\Sdks\Microsoft.NET.Sdk\targets\Microsoft.NET.Sdk.targets (799,5)
       C:\Program Files\dotnet\sdk\10.0.103\Sdks\Microsoft.NET.Sdk\targets\Microsoft.NET.Sdk.targets(1131,5): message : Property reassignment: $(CreateSatelliteAssembliesDependsOn)="
       C:\Program Files\dotnet\sdk\10.0.103\Sdks\Microsoft.NET.Sdk\targets\Microsoft.NET.Sdk.targets(1131,5): message :       
       C:\Program Files\dotnet\sdk\10.0.103\Sdks\Microsoft.NET.Sdk\targets\Microsoft.NET.Sdk.targets(1131,5): message :       ;
       C:\Program Files\dotnet\sdk\10.0.103\Sdks\Microsoft.NET.Sdk\targets\Microsoft.NET.Sdk.targets(1131,5): message :       _GenerateSatelliteAssemblyInputs;
       C:\Program Files\dotnet\sdk\10.0.103\Sdks\Microsoft.NET.Sdk\targets\Microsoft.NET.Sdk.targets(1131,5): message :       ComputeIntermediateSatelliteAssemblies;
       C:\Program Files\dotnet\sdk\10.0.103\Sdks\Microsoft.NET.Sdk\targets\Microsoft.NET.Sdk.targets(1131,5): message :       GenerateSatelliteAssemblies
       C:\Program Files\dotnet\sdk\10.0.103\Sdks\Microsoft.NET.Sdk\targets\Microsoft.NET.Sdk.targets(1131,5): message :     ;
       C:\Program Files\dotnet\sdk\10.0.103\Sdks\Microsoft.NET.Sdk\targets\Microsoft.NET.Sdk.targets(1131,5): message :       CoreGenerateSatelliteAssemblies
       C:\Program Files\dotnet\sdk\10.0.103\Sdks\Microsoft.NET.Sdk\targets\Microsoft.NET.Sdk.targets(1131,5): message :     " (previous value: "
       C:\Program Files\dotnet\sdk\10.0.103\Sdks\Microsoft.NET.Sdk\targets\Microsoft.NET.Sdk.targets(1131,5): message :       ;
       C:\Program Files\dotnet\sdk\10.0.103\Sdks\Microsoft.NET.Sdk\targets\Microsoft.NET.Sdk.targets(1131,5): message :       _GenerateSatelliteAssemblyInputs;
       C:\Program Files\dotnet\sdk\10.0.103\Sdks\Microsoft.NET.Sdk\targets\Microsoft.NET.Sdk.targets(1131,5): message :       ComputeIntermediateSatelliteAssemblies;
       C:\Program Files\dotnet\sdk\10.0.103\Sdks\Microsoft.NET.Sdk\targets\Microsoft.NET.Sdk.targets(1131,5): message :       GenerateSatelliteAssemblies
       C:\Program Files\dotnet\sdk\10.0.103\Sdks\Microsoft.NET.Sdk\targets\Microsoft.NET.Sdk.targets(1131,5): message :     ") at C:\Program Files\dotnet\sdk\10.0.103\Sdks\Microsoft.NET.Sdk\targets\Microsoft.NET.Sdk.targets (1131,5)
       C:\Program Files\dotnet\sdk\10.0.103\Sdks\Microsoft.SourceLink.GitLab\build\Microsoft.SourceLink.GitLab.targets(12,5): message : Property reassignment: $(SourceLinkUrlInitializerTargets)=";_InitializeGitHubSourceLinkUrl;_InitializeGitLabSourceLinkUrl" (previous value: ";_InitializeGitHubSourceLinkUrl") at C:\Program Files\dotnet\sdk\10.0.103\Sdks\Microsoft.SourceLink.GitLab\build\Microsoft.SourceLink.GitLab.targets (12,5)
       C:\Program Files\dotnet\sdk\10.0.103\Sdks\Microsoft.SourceLink.GitLab\build\Microsoft.SourceLink.GitLab.targets(13,5): message : Property reassignment: $(SourceControlManagerUrlTranslationTargets)=";TranslateGitHubUrlsInSourceControlInformation;TranslateGitLabUrlsInSourceControlInformation" (previous value: ";TranslateGitHubUrlsInSourceControlInformation") at C:\Program Files\dotnet\sdk\10.0.103\Sdks\Microsoft.SourceLink.GitLab\build\Microsoft.SourceLink.GitLab.targets (13,5)
       C:\Program Files\dotnet\sdk\10.0.103\Sdks\Microsoft.SourceLink.AzureRepos.Git\build\Microsoft.SourceLink.AzureRepos.Git.targets(12,5): message : Property reassignment: $(SourceLinkUrlInitializerTargets)=";_InitializeGitHubSourceLinkUrl;_InitializeGitLabSourceLinkUrl;_InitializeAzureReposGitSourceLinkUrl" (previous value: ";_InitializeGitHubSourceLinkUrl;_InitializeGitLabSourceLinkUrl") at C:\Program Files\dotnet\sdk\10.0.103\Sdks\Microsoft.SourceLink.AzureRepos.Git\build\Microsoft.SourceLink.AzureRepos.Git.targets (12,5)
       C:\Program Files\dotnet\sdk\10.0.103\Sdks\Microsoft.SourceLink.AzureRepos.Git\build\Microsoft.SourceLink.AzureRepos.Git.targets(13,5): message : Property reassignment: $(SourceControlManagerUrlTranslationTargets)=";TranslateGitHubUrlsInSourceControlInformation;TranslateGitLabUrlsInSourceControlInformation;TranslateAzureReposGitUrlsInSourceControlInformation" (previous value: ";TranslateGitHubUrlsInSourceControlInformation;TranslateGitLabUrlsInSourceControlInformation") at C:\Program Files\dotnet\sdk\10.0.103\Sdks\Microsoft.SourceLink.AzureRepos.Git\build\Microsoft.SourceLink.AzureRepos.Git.targets (13,5)
       C:\Program Files\dotnet\sdk\10.0.103\Sdks\Microsoft.SourceLink.Bitbucket.Git\build\Microsoft.SourceLink.Bitbucket.Git.targets(12,5): message : Property reassignment: $(SourceLinkUrlInitializerTargets)=";_InitializeGitHubSourceLinkUrl;_InitializeGitLabSourceLinkUrl;_InitializeAzureReposGitSourceLinkUrl;_InitializeBitbucketGitSourceLinkUrl" (previous value: ";_InitializeGitHubSourceLinkUrl;_InitializeGitLabSourceLinkUrl;_InitializeAzureReposGitSourceLinkUrl") at C:\Program Files\dotnet\sdk\10.0.103\Sdks\Microsoft.SourceLink.Bitbucket.Git\build\Microsoft.SourceLink.Bitbucket.Git.targets (12,5)
       C:\Program Files\dotnet\sdk\10.0.103\Sdks\Microsoft.SourceLink.Bitbucket.Git\build\Microsoft.SourceLink.Bitbucket.Git.targets(13,5): message : Property reassignment: $(SourceControlManagerUrlTranslationTargets)=";TranslateGitHubUrlsInSourceControlInformation;TranslateGitLabUrlsInSourceControlInformation;TranslateAzureReposGitUrlsInSourceControlInformation;TranslateBitbucketGitUrlsInSourceControlInformation" (previous value: ";TranslateGitHubUrlsInSourceControlInformation;TranslateGitLabUrlsInSourceControlInformation;TranslateAzureReposGitUrlsInSourceControlInformation") at C:\Program Files\dotnet\sdk\10.0.103\Sdks\Microsoft.SourceLink.Bitbucket.Git\build\Microsoft.SourceLink.Bitbucket.Git.targets (13,5)
       C:\Program Files\dotnet\sdk\10.0.103\Sdks\Microsoft.NET.Sdk\targets\Microsoft.NET.DesignerSupport.targets(21,5): message : Property reassignment: $(DesignerRuntimeImplementationProjectOutputGroupDependsOn)="
       C:\Program Files\dotnet\sdk\10.0.103\Sdks\Microsoft.NET.Sdk\targets\Microsoft.NET.DesignerSupport.targets(21,5): message :       
       C:\Program Files\dotnet\sdk\10.0.103\Sdks\Microsoft.NET.Sdk\targets\Microsoft.NET.DesignerSupport.targets(21,5): message :       ;
       C:\Program Files\dotnet\sdk\10.0.103\Sdks\Microsoft.NET.Sdk\targets\Microsoft.NET.DesignerSupport.targets(21,5): message :       
       C:\Program Files\dotnet\sdk\10.0.103\Sdks\Microsoft.NET.Sdk\targets\Microsoft.NET.DesignerSupport.targets(21,5): message :       ;
       C:\Program Files\dotnet\sdk\10.0.103\Sdks\Microsoft.NET.Sdk\targets\Microsoft.NET.DesignerSupport.targets(21,5): message :       BuildOnlySettings;
       C:\Program Files\dotnet\sdk\10.0.103\Sdks\Microsoft.NET.Sdk\targets\Microsoft.NET.DesignerSupport.targets(21,5): message :       PrepareForBuild;
       C:\Program Files\dotnet\sdk\10.0.103\Sdks\Microsoft.NET.Sdk\targets\Microsoft.NET.DesignerSupport.targets(21,5): message :       AssignTargetPaths;
       C:\Program Files\dotnet\sdk\10.0.103\Sdks\Microsoft.NET.Sdk\targets\Microsoft.NET.DesignerSupport.targets(21,5): message :       ResolveReferences
       C:\Program Files\dotnet\sdk\10.0.103\Sdks\Microsoft.NET.Sdk\targets\Microsoft.NET.DesignerSupport.targets(21,5): message :     
       C:\Program Files\dotnet\sdk\10.0.103\Sdks\Microsoft.NET.Sdk\targets\Microsoft.NET.DesignerSupport.targets(21,5): message :     ;
       C:\Program Files\dotnet\sdk\10.0.103\Sdks\Microsoft.NET.Sdk\targets\Microsoft.NET.DesignerSupport.targets(21,5): message :       _GenerateDesignerDepsFile;
       C:\Program Files\dotnet\sdk\10.0.103\Sdks\Microsoft.NET.Sdk\targets\Microsoft.NET.DesignerSupport.targets(21,5): message :       _GenerateDesignerRuntimeConfigFile;
       C:\Program Files\dotnet\sdk\10.0.103\Sdks\Microsoft.NET.Sdk\targets\Microsoft.NET.DesignerSupport.targets(21,5): message :       GetCopyToOutputDirectoryItems;
       C:\Program Files\dotnet\sdk\10.0.103\Sdks\Microsoft.NET.Sdk\targets\Microsoft.NET.DesignerSupport.targets(21,5): message :       _GatherDesignerShadowCopyFiles;
       C:\Program Files\dotnet\sdk\10.0.103\Sdks\Microsoft.NET.Sdk\targets\Microsoft.NET.DesignerSupport.targets(21,5): message :     " (previous value: "
       C:\Program Files\dotnet\sdk\10.0.103\Sdks\Microsoft.NET.Sdk\targets\Microsoft.NET.DesignerSupport.targets(21,5): message :       ;
       C:\Program Files\dotnet\sdk\10.0.103\Sdks\Microsoft.NET.Sdk\targets\Microsoft.NET.DesignerSupport.targets(21,5): message :       
       C:\Program Files\dotnet\sdk\10.0.103\Sdks\Microsoft.NET.Sdk\targets\Microsoft.NET.DesignerSupport.targets(21,5): message :       ;
       C:\Program Files\dotnet\sdk\10.0.103\Sdks\Microsoft.NET.Sdk\targets\Microsoft.NET.DesignerSupport.targets(21,5): message :       BuildOnlySettings;
       C:\Program Files\dotnet\sdk\10.0.103\Sdks\Microsoft.NET.Sdk\targets\Microsoft.NET.DesignerSupport.targets(21,5): message :       PrepareForBuild;
       C:\Program Files\dotnet\sdk\10.0.103\Sdks\Microsoft.NET.Sdk\targets\Microsoft.NET.DesignerSupport.targets(21,5): message :       AssignTargetPaths;
       C:\Program Files\dotnet\sdk\10.0.103\Sdks\Microsoft.NET.Sdk\targets\Microsoft.NET.DesignerSupport.targets(21,5): message :       ResolveReferences
       C:\Program Files\dotnet\sdk\10.0.103\Sdks\Microsoft.NET.Sdk\targets\Microsoft.NET.DesignerSupport.targets(21,5): message :     
       C:\Program Files\dotnet\sdk\10.0.103\Sdks\Microsoft.NET.Sdk\targets\Microsoft.NET.DesignerSupport.targets(21,5): message :     ") at C:\Program Files\dotnet\sdk\10.0.103\Sdks\Microsoft.NET.Sdk\targets\Microsoft.NET.DesignerSupport.targets (21,5)
       C:\Program Files\dotnet\sdk\10.0.103\Sdks\Microsoft.NET.Sdk\targets\Microsoft.NET.Sdk.CSharp.targets(31,5): message : Property reassignment: $(DefineConstants)="TRACE;DEBUG" (previous value: "TRACE") at C:\Program Files\dotnet\sdk\10.0.103\Sdks\Microsoft.NET.Sdk\targets\Microsoft.NET.Sdk.CSharp.targets (31,5)
       C:\Program Files\dotnet\sdk\10.0.103\Sdks\Microsoft.NET.Sdk\targets\Microsoft.NET.Sdk.CSharp.targets(45,5): message : Property reassignment: $(WarningsAsErrors)=";NU1605;SYSLIB0011" (previous value: ";NU1605") at C:\Program Files\dotnet\sdk\10.0.103\Sdks\Microsoft.NET.Sdk\targets\Microsoft.NET.Sdk.CSharp.targets (45,5)
       The SDK "Microsoft.NET.Sdk.BlazorWebAssembly" was successfully resolved by the "DefaultSdkResolver" resolver to location "C:\Program Files\dotnet\sdk\10.0.103\Sdks\Microsoft.NET.Sdk.BlazorWebAssembly\Sdk" and version "".
       C:\Program Files\dotnet\sdk\10.0.103\NuGet.Build.Tasks.Pack.targets(34,5): message : Property reassignment: $(PackageDescription)="Package Description" (previous value: "") at C:\Program Files\dotnet\sdk\10.0.103\NuGet.Build.Tasks.Pack.targets (34,5)
       C:\Program Files\dotnet\sdk\10.0.103\NuGet.Build.Tasks.Pack.targets(59,5): message : Property reassignment: $(GenerateNuspecDependsOn)="Build;_LoadPackInputItems; _GetTargetFrameworksOutput; _WalkEachTargetPerFramework; _GetPackageFiles; " (previous value: "_LoadPackInputItems; _GetTargetFrameworksOutput; _WalkEachTargetPerFramework; _GetPackageFiles; ") at C:\Program Files\dotnet\sdk\10.0.103\NuGet.Build.Tasks.Pack.targets (59,5)
       C:\Program Files\dotnet\sdk\10.0.103\Sdks\Microsoft.NET.Sdk\Sdk\Sdk.targets(59,5): message : Property reassignment: $(_IsNotSetContainersTargetsDir)="true" (previous value: "false") at C:\Program Files\dotnet\sdk\10.0.103\Sdks\Microsoft.NET.Sdk\Sdk\Sdk.targets (59,5)
       C:\Program Files\dotnet\sdk\10.0.103\Sdks\Microsoft.NET.Sdk\Sdk\Sdk.props(49,11): message : Property 'MSBuildExtensionsPath' with value 'C:\Program Files\dotnet\sdk\10.0.103\' expanded from the environment.
       C:\Program Files\dotnet\sdk\10.0.103\Containers\build\Microsoft.NET.Build.Containers.targets(5,5): message : Property reassignment: $(_IsSDKContainerAllowedVersion)="true" (previous value: "false") at C:\Program Files\dotnet\sdk\10.0.103\Containers\build\Microsoft.NET.Build.Containers.targets (5,5)
       C:\Program Files\dotnet\sdk\10.0.103\Containers\build\Microsoft.NET.Build.Containers.targets(15,5): message : Property reassignment: $(_ContainerIsTargetingNet8TFM)="true" (previous value: "false") at C:\Program Files\dotnet\sdk\10.0.103\Containers\build\Microsoft.NET.Build.Containers.targets (15,5)
       C:\Program Files\dotnet\sdk\10.0.103\Sdks\Microsoft.NET.Sdk\Sdk\Sdk.props(49,11): message : Property 'MSBuildExtensionsPath' with value 'C:\Program Files\dotnet\sdk\10.0.103\' expanded from the environment.
       C:\Program Files\dotnet\sdk\10.0.103\Sdks\Microsoft.NET.Sdk.StaticWebAssets\targets\Sdk.StaticWebAssets.CurrentVersion.targets(37,18): message : Property 'DOTNET_HOST_PATH' with value 'C:\Program Files\dotnet\dotnet.exe' expanded from the environment.
       C:\Program Files\dotnet\sdk\10.0.103\Current\Microsoft.Common.props(60,5): message : Property reassignment: $(MSBuildProjectExtensionsPath)="C:\Users\rolfe\git\own\Villa-Annunziata\hotelDroid\src\HotelDroid.Shared\obj\" (previous value: "obj\") at C:\Program Files\dotnet\sdk\10.0.103\Current\Microsoft.Common.props (60,5)
       C:\Program Files\dotnet\sdk\10.0.103\Current\Microsoft.Common.props(60,5): message : Property reassignment: $(MSBuildProjectExtensionsPath)="C:\Users\rolfe\git\own\Villa-Annunziata\hotelDroid\tests\HotelDroid.Api.Tests\obj\" (previous value: "obj\") at C:\Program Files\dotnet\sdk\10.0.103\Current\Microsoft.Common.props (60,5)
       C:\Program Files\dotnet\sdk\10.0.103\Sdks\Microsoft.NET.Sdk.StaticWebAssets\targets\Microsoft.NET.Sdk.StaticWebAssets.targets(286,5): message : Property reassignment: $(PrepareForRunDependsOn)="StaticWebAssetsPrepareForRun;
       C:\Program Files\dotnet\sdk\10.0.103\Sdks\Microsoft.NET.Sdk.StaticWebAssets\targets\Microsoft.NET.Sdk.StaticWebAssets.targets(286,5): message :       CopyFilesToOutputDirectory
       C:\Program Files\dotnet\sdk\10.0.103\Sdks\Microsoft.NET.Sdk.StaticWebAssets\targets\Microsoft.NET.Sdk.StaticWebAssets.targets(286,5): message :     " (previous value: "
       C:\Program Files\dotnet\sdk\10.0.103\Sdks\Microsoft.NET.Sdk.StaticWebAssets\targets\Microsoft.NET.Sdk.StaticWebAssets.targets(286,5): message :       CopyFilesToOutputDirectory
       C:\Program Files\dotnet\sdk\10.0.103\Sdks\Microsoft.NET.Sdk.StaticWebAssets\targets\Microsoft.NET.Sdk.StaticWebAssets.targets(286,5): message :     ") at C:\Program Files\dotnet\sdk\10.0.103\Sdks\Microsoft.NET.Sdk.StaticWebAssets\targets\Microsoft.NET.Sdk.StaticWebAssets.targets (286,5)
       C:\Program Files\dotnet\sdk\10.0.103\Sdks\Microsoft.NET.Sdk.StaticWebAssets\targets\Microsoft.NET.Sdk.StaticWebAssets.targets(323,5): message : Property reassignment: $(GetCopyToOutputDirectoryItemsDependsOn)="
       C:\Program Files\dotnet\sdk\10.0.103\Sdks\Microsoft.NET.Sdk.StaticWebAssets\targets\Microsoft.NET.Sdk.StaticWebAssets.targets(323,5): message :       AssignTargetPaths;
       C:\Program Files\dotnet\sdk\10.0.103\Sdks\Microsoft.NET.Sdk.StaticWebAssets\targets\Microsoft.NET.Sdk.StaticWebAssets.targets(323,5): message :       
       C:\Program Files\dotnet\sdk\10.0.103\Sdks\Microsoft.NET.Sdk.StaticWebAssets\targets\Microsoft.NET.Sdk.StaticWebAssets.targets(323,5): message :       AssignProjectConfiguration;
       C:\Program Files\dotnet\sdk\10.0.103\Sdks\Microsoft.NET.Sdk.StaticWebAssets\targets\Microsoft.NET.Sdk.StaticWebAssets.targets(323,5): message :       _SplitProjectReferencesByFileExistence
       C:\Program Files\dotnet\sdk\10.0.103\Sdks\Microsoft.NET.Sdk.StaticWebAssets\targets\Microsoft.NET.Sdk.StaticWebAssets.targets(323,5): message :     ;
       C:\Program Files\dotnet\sdk\10.0.103\Sdks\Microsoft.NET.Sdk.StaticWebAssets\targets\Microsoft.NET.Sdk.StaticWebAssets.targets(323,5): message :       _GetProjectReferenceTargetFrameworkProperties;
       C:\Program Files\dotnet\sdk\10.0.103\Sdks\Microsoft.NET.Sdk.StaticWebAssets\targets\Microsoft.NET.Sdk.StaticWebAssets.targets(323,5): message :       _PopulateCommonStateForGetCopyToOutputDirectoryItems
       C:\Program Files\dotnet\sdk\10.0.103\Sdks\Microsoft.NET.Sdk.StaticWebAssets\targets\Microsoft.NET.Sdk.StaticWebAssets.targets(323,5): message :     ;AddStaticWebAssetsManifest;AddStaticWebAssetEndpointsBuildManifest" (previous value: "
       C:\Program Files\dotnet\sdk\10.0.103\Sdks\Microsoft.NET.Sdk.StaticWebAssets\targets\Microsoft.NET.Sdk.StaticWebAssets.targets(323,5): message :       AssignTargetPaths;
       C:\Program Files\dotnet\sdk\10.0.103\Sdks\Microsoft.NET.Sdk.StaticWebAssets\targets\Microsoft.NET.Sdk.StaticWebAssets.targets(323,5): message :       
       C:\Program Files\dotnet\sdk\10.0.103\Sdks\Microsoft.NET.Sdk.StaticWebAssets\targets\Microsoft.NET.Sdk.StaticWebAssets.targets(323,5): message :       AssignProjectConfiguration;
       C:\Program Files\dotnet\sdk\10.0.103\Sdks\Microsoft.NET.Sdk.StaticWebAssets\targets\Microsoft.NET.Sdk.StaticWebAssets.targets(323,5): message :       _SplitProjectReferencesByFileExistence
       C:\Program Files\dotnet\sdk\10.0.103\Sdks\Microsoft.NET.Sdk.StaticWebAssets\targets\Microsoft.NET.Sdk.StaticWebAssets.targets(323,5): message :     ;
       C:\Program Files\dotnet\sdk\10.0.103\Sdks\Microsoft.NET.Sdk.StaticWebAssets\targets\Microsoft.NET.Sdk.StaticWebAssets.targets(323,5): message :       _GetProjectReferenceTargetFrameworkProperties;
       C:\Program Files\dotnet\sdk\10.0.103\Sdks\Microsoft.NET.Sdk.StaticWebAssets\targets\Microsoft.NET.Sdk.StaticWebAssets.targets(323,5): message :       _PopulateCommonStateForGetCopyToOutputDirectoryItems
       C:\Program Files\dotnet\sdk\10.0.103\Sdks\Microsoft.NET.Sdk.StaticWebAssets\targets\Microsoft.NET.Sdk.StaticWebAssets.targets(323,5): message :     ") at C:\Program Files\dotnet\sdk\10.0.103\Sdks\Microsoft.NET.Sdk.StaticWebAssets\targets\Microsoft.NET.Sdk.StaticWebAssets.targets (323,5)
       C:\Program Files\dotnet\sdk\10.0.103\Sdks\Microsoft.NET.Sdk\Sdk\Sdk.props(49,11): message : Property 'MSBuildExtensionsPath' with value 'C:\Program Files\dotnet\sdk\10.0.103\' expanded from the environment.
       Assembly loaded during Evaluation: System.Runtime.Loader, Version=10.0.0.0, Culture=neutral, PublicKeyToken=b03f5f7f11d50a3a (location: C:\Program Files\dotnet\shared\Microsoft.NETCore.App\10.0.3\System.Runtime.Loader.dll, MVID: ca6a339d-c166-4396-a69b-37600dd21aed, AssemblyLoadContext: Default)
       Assembly loaded during Evaluation: System.Runtime.Loader, Version=10.0.0.0, Culture=neutral, PublicKeyToken=b03f5f7f11d50a3a (location: C:\Program Files\dotnet\shared\Microsoft.NETCore.App\10.0.3\System.Runtime.Loader.dll, MVID: ca6a339d-c166-4396-a69b-37600dd21aed, AssemblyLoadContext: Default)
       Assembly loaded during Evaluation: System.Threading.Tasks.Parallel, Version=10.0.0.0, Culture=neutral, PublicKeyToken=b03f5f7f11d50a3a (location: C:\Program Files\dotnet\shared\Microsoft.NETCore.App\10.0.3\System.Threading.Tasks.Parallel.dll, MVID: 484bafc2-9f0e-4e62-8af6-e65d5cd71f84, AssemblyLoadContext: Default)
       Assembly loaded during Evaluation: System.Threading.Tasks.Parallel, Version=10.0.0.0, Culture=neutral, PublicKeyToken=b03f5f7f11d50a3a (location: C:\Program Files\dotnet\shared\Microsoft.NETCore.App\10.0.3\System.Threading.Tasks.Parallel.dll, MVID: 484bafc2-9f0e-4e62-8af6-e65d5cd71f84, AssemblyLoadContext: Default)
       C:\Program Files\dotnet\sdk\10.0.103\Current\Microsoft.Common.props(60,5): message : Property reassignment: $(MSBuildProjectExtensionsPath)="C:\Users\rolfe\git\own\Villa-Annunziata\hotelDroid\src\HotelDroid.Client\obj\" (previous value: "obj\") at C:\Program Files\dotnet\sdk\10.0.103\Current\Microsoft.Common.props (60,5)
       C:\Program Files\dotnet\sdk\10.0.103\Sdks\Microsoft.NET.Sdk.StaticWebAssets\targets\Microsoft.NET.Sdk.StaticWebAssets.Pack.targets(46,5): message : Property reassignment: $(GenerateNuspecDependsOn)="
       C:\Program Files\dotnet\sdk\10.0.103\Sdks\Microsoft.NET.Sdk.StaticWebAssets\targets\Microsoft.NET.Sdk.StaticWebAssets.Pack.targets(46,5): message :       IncludeStaticWebAssetsPackItems;
       C:\Program Files\dotnet\sdk\10.0.103\Sdks\Microsoft.NET.Sdk.StaticWebAssets\targets\Microsoft.NET.Sdk.StaticWebAssets.Pack.targets(46,5): message :       Build;_LoadPackInputItems; _GetTargetFrameworksOutput; _WalkEachTargetPerFramework; _GetPackageFiles; ;
       C:\Program Files\dotnet\sdk\10.0.103\Sdks\Microsoft.NET.Sdk.StaticWebAssets\targets\Microsoft.NET.Sdk.StaticWebAssets.Pack.targets(46,5): message :     " (previous value: "Build;_LoadPackInputItems; _GetTargetFrameworksOutput; _WalkEachTargetPerFramework; _GetPackageFiles; ") at C:\Program Files\dotnet\sdk\10.0.103\Sdks\Microsoft.NET.Sdk.StaticWebAssets\targets\Microsoft.NET.Sdk.StaticWebAssets.Pack.targets (46,5)
       C:\Program Files\dotnet\sdk\10.0.103\Sdks\Microsoft.NET.Sdk.StaticWebAssets\targets\Microsoft.NET.Sdk.StaticWebAssets.Pack.targets(55,5): message : Property reassignment: $(IncludeStaticWebAssetsPackItemsDependsOn)="
       C:\Program Files\dotnet\sdk\10.0.103\Sdks\Microsoft.NET.Sdk.StaticWebAssets\targets\Microsoft.NET.Sdk.StaticWebAssets.Pack.targets(55,5): message :       Build;
       C:\Program Files\dotnet\sdk\10.0.103\Sdks\Microsoft.NET.Sdk.StaticWebAssets\targets\Microsoft.NET.Sdk.StaticWebAssets.Pack.targets(55,5): message :       ResolveStaticWebAssetsConfiguration;LoadStaticWebAssetsBuildManifest
       C:\Program Files\dotnet\sdk\10.0.103\Sdks\Microsoft.NET.Sdk.StaticWebAssets\targets\Microsoft.NET.Sdk.StaticWebAssets.Pack.targets(55,5): message :     ;
       C:\Program Files\dotnet\sdk\10.0.103\Sdks\Microsoft.NET.Sdk.StaticWebAssets\targets\Microsoft.NET.Sdk.StaticWebAssets.Pack.targets(55,5): message :     " (previous value: "
       C:\Program Files\dotnet\sdk\10.0.103\Sdks\Microsoft.NET.Sdk.StaticWebAssets\targets\Microsoft.NET.Sdk.StaticWebAssets.Pack.targets(55,5): message :       ResolveStaticWebAssetsConfiguration;LoadStaticWebAssetsBuildManifest
       C:\Program Files\dotnet\sdk\10.0.103\Sdks\Microsoft.NET.Sdk.StaticWebAssets\targets\Microsoft.NET.Sdk.StaticWebAssets.Pack.targets(55,5): message :     ") at C:\Program Files\dotnet\sdk\10.0.103\Sdks\Microsoft.NET.Sdk.StaticWebAssets\targets\Microsoft.NET.Sdk.StaticWebAssets.Pack.targets (55,5)
       C:\Program Files\dotnet\sdk\10.0.103\Sdks\Microsoft.NET.Sdk.StaticWebAssets\targets\Microsoft.NET.Sdk.StaticWebAssets.ScopedCss.targets(55,3): message : Property reassignment: $(ResolveStaticWebAssetsInputsDependsOn)="
       C:\Program Files\dotnet\sdk\10.0.103\Sdks\Microsoft.NET.Sdk.StaticWebAssets\targets\Microsoft.NET.Sdk.StaticWebAssets.ScopedCss.targets(55,3): message :     
       C:\Program Files\dotnet\sdk\10.0.103\Sdks\Microsoft.NET.Sdk.StaticWebAssets\targets\Microsoft.NET.Sdk.StaticWebAssets.ScopedCss.targets(55,3): message :       ResolveCoreStaticWebAssets;
       C:\Program Files\dotnet\sdk\10.0.103\Sdks\Microsoft.NET.Sdk.StaticWebAssets\targets\Microsoft.NET.Sdk.StaticWebAssets.ScopedCss.targets(55,3): message :       GenerateComputedBuildStaticWebAssets;
       C:\Program Files\dotnet\sdk\10.0.103\Sdks\Microsoft.NET.Sdk.StaticWebAssets\targets\Microsoft.NET.Sdk.StaticWebAssets.ScopedCss.targets(55,3): message :       
       C:\Program Files\dotnet\sdk\10.0.103\Sdks\Microsoft.NET.Sdk.StaticWebAssets\targets\Microsoft.NET.Sdk.StaticWebAssets.ScopedCss.targets(55,3): message :     ;
       C:\Program Files\dotnet\sdk\10.0.103\Sdks\Microsoft.NET.Sdk.StaticWebAssets\targets\Microsoft.NET.Sdk.StaticWebAssets.ScopedCss.targets(55,3): message :     ResolveScopedCssAssets;
       C:\Program Files\dotnet\sdk\10.0.103\Sdks\Microsoft.NET.Sdk.StaticWebAssets\targets\Microsoft.NET.Sdk.StaticWebAssets.ScopedCss.targets(55,3): message :   " (previous value: "
       C:\Program Files\dotnet\sdk\10.0.103\Sdks\Microsoft.NET.Sdk.StaticWebAssets\targets\Microsoft.NET.Sdk.StaticWebAssets.ScopedCss.targets(55,3): message :       ResolveCoreStaticWebAssets;
       C:\Program Files\dotnet\sdk\10.0.103\Sdks\Microsoft.NET.Sdk.StaticWebAssets\targets\Microsoft.NET.Sdk.StaticWebAssets.ScopedCss.targets(55,3): message :       GenerateComputedBuildStaticWebAssets;
       C:\Program Files\dotnet\sdk\10.0.103\Sdks\Microsoft.NET.Sdk.StaticWebAssets\targets\Microsoft.NET.Sdk.StaticWebAssets.ScopedCss.targets(55,3): message :       
       C:\Program Files\dotnet\sdk\10.0.103\Sdks\Microsoft.NET.Sdk.StaticWebAssets\targets\Microsoft.NET.Sdk.StaticWebAssets.ScopedCss.targets(55,3): message :     ") at C:\Program Files\dotnet\sdk\10.0.103\Sdks\Microsoft.NET.Sdk.StaticWebAssets\targets\Microsoft.NET.Sdk.StaticWebAssets.ScopedCss.targets (55,3)
       C:\Program Files\dotnet\sdk\10.0.103\Sdks\Microsoft.NET.Sdk.StaticWebAssets\targets\Microsoft.NET.Sdk.StaticWebAssets.ScopedCss.targets(88,3): message : Property reassignment: $(GenerateComputedBuildStaticWebAssetsDependsOn)="
       C:\Program Files\dotnet\sdk\10.0.103\Sdks\Microsoft.NET.Sdk.StaticWebAssets\targets\Microsoft.NET.Sdk.StaticWebAssets.ScopedCss.targets(88,3): message :     ResolveCoreStaticWebAssets;;
       C:\Program Files\dotnet\sdk\10.0.103\Sdks\Microsoft.NET.Sdk.StaticWebAssets\targets\Microsoft.NET.Sdk.StaticWebAssets.ScopedCss.targets(88,3): message :     BundleScopedCssFiles;
       C:\Program Files\dotnet\sdk\10.0.103\Sdks\Microsoft.NET.Sdk.StaticWebAssets\targets\Microsoft.NET.Sdk.StaticWebAssets.ScopedCss.targets(88,3): message :   " (previous value: "ResolveCoreStaticWebAssets;") at C:\Program Files\dotnet\sdk\10.0.103\Sdks\Microsoft.NET.Sdk.StaticWebAssets\targets\Microsoft.NET.Sdk.StaticWebAssets.ScopedCss.targets (88,3)
       C:\Users\rolfe\git\own\Villa-Annunziata\hotelDroid\tests\HotelDroid.Api.Tests\obj\HotelDroid.Api.Tests.csproj.nuget.g.props(7,5): message : Property 'USERPROFILE' with value 'C:\Users\rolfe' expanded from the environment.
       C:\Users\rolfe\git\own\Villa-Annunziata\hotelDroid\src\HotelDroid.Shared\obj\HotelDroid.Shared.csproj.nuget.g.props(7,5): message : Property 'USERPROFILE' with value 'C:\Users\rolfe' expanded from the environment.
       C:\Program Files\dotnet\sdk\10.0.103\Current\Microsoft.Common.props(84,119): message : Property 'MSBuildUserExtensionsPath' with value 'C:\Users\rolfe\AppData\Local\Microsoft\MSBuild' expanded from the environment.
       Assembly loaded during Evaluation: System.Runtime.Loader, Version=10.0.0.0, Culture=neutral, PublicKeyToken=b03f5f7f11d50a3a (location: C:\Program Files\dotnet\shared\Microsoft.NETCore.App\10.0.3\System.Runtime.Loader.dll, MVID: ca6a339d-c166-4396-a69b-37600dd21aed, AssemblyLoadContext: Default)
       The "Configuration" property is a global property, and cannot be modified.
       The "Platform" property is a global property, and cannot be modified.
       Assembly loaded during Evaluation: System.Threading.Tasks.Parallel, Version=10.0.0.0, Culture=neutral, PublicKeyToken=b03f5f7f11d50a3a (location: C:\Program Files\dotnet\shared\Microsoft.NETCore.App\10.0.3\System.Threading.Tasks.Parallel.dll, MVID: 484bafc2-9f0e-4e62-8af6-e65d5cd71f84, AssemblyLoadContext: Default)
       C:\Program Files\dotnet\sdk\10.0.103\Sdks\Microsoft.NET.Sdk.StaticWebAssets\targets\Microsoft.NET.Sdk.StaticWebAssets.JSModules.targets(37,5): message : Property reassignment: $(ResolveCoreStaticWebAssetsDependsOn)="
       C:\Program Files\dotnet\sdk\10.0.103\Sdks\Microsoft.NET.Sdk.StaticWebAssets\targets\Microsoft.NET.Sdk.StaticWebAssets.JSModules.targets(37,5): message :       
       C:\Program Files\dotnet\sdk\10.0.103\Sdks\Microsoft.NET.Sdk.StaticWebAssets\targets\Microsoft.NET.Sdk.StaticWebAssets.JSModules.targets(37,5): message :       UpdateExistingPackageStaticWebAssets;
       C:\Program Files\dotnet\sdk\10.0.103\Sdks\Microsoft.NET.Sdk.StaticWebAssets\targets\Microsoft.NET.Sdk.StaticWebAssets.JSModules.targets(37,5): message :       ResolveProjectStaticWebAssets;
       C:\Program Files\dotnet\sdk\10.0.103\Sdks\Microsoft.NET.Sdk.StaticWebAssets\targets\Microsoft.NET.Sdk.StaticWebAssets.JSModules.targets(37,5): message :       ResolveEmbeddedProjectsStaticWebAssets;
       C:\Program Files\dotnet\sdk\10.0.103\Sdks\Microsoft.NET.Sdk.StaticWebAssets\targets\Microsoft.NET.Sdk.StaticWebAssets.JSModules.targets(37,5): message :       ResolveReferencedProjectsStaticWebAssets;
       C:\Program Files\dotnet\sdk\10.0.103\Sdks\Microsoft.NET.Sdk.StaticWebAssets\targets\Microsoft.NET.Sdk.StaticWebAssets.JSModules.targets(37,5): message :       ;
       C:\Program Files\dotnet\sdk\10.0.103\Sdks\Microsoft.NET.Sdk.StaticWebAssets\targets\Microsoft.NET.Sdk.StaticWebAssets.JSModules.targets(37,5): message :     ;
       C:\Program Files\dotnet\sdk\10.0.103\Sdks\Microsoft.NET.Sdk.StaticWebAssets\targets\Microsoft.NET.Sdk.StaticWebAssets.JSModules.targets(37,5): message :       ResolveJsInitializerModuleStaticWebAssets;
       C:\Program Files\dotnet\sdk\10.0.103\Sdks\Microsoft.NET.Sdk.StaticWebAssets\targets\Microsoft.NET.Sdk.StaticWebAssets.JSModules.targets(37,5): message :     " (previous value: "
       C:\Program Files\dotnet\sdk\10.0.103\Sdks\Microsoft.NET.Sdk.StaticWebAssets\targets\Microsoft.NET.Sdk.StaticWebAssets.JSModules.targets(37,5): message :       UpdateExistingPackageStaticWebAssets;
       C:\Program Files\dotnet\sdk\10.0.103\Sdks\Microsoft.NET.Sdk.StaticWebAssets\targets\Microsoft.NET.Sdk.StaticWebAssets.JSModules.targets(37,5): message :       ResolveProjectStaticWebAssets;
       C:\Program Files\dotnet\sdk\10.0.103\Sdks\Microsoft.NET.Sdk.StaticWebAssets\targets\Microsoft.NET.Sdk.StaticWebAssets.JSModules.targets(37,5): message :       ResolveEmbeddedProjectsStaticWebAssets;
       C:\Program Files\dotnet\sdk\10.0.103\Sdks\Microsoft.NET.Sdk.StaticWebAssets\targets\Microsoft.NET.Sdk.StaticWebAssets.JSModules.targets(37,5): message :       ResolveReferencedProjectsStaticWebAssets;
       C:\Program Files\dotnet\sdk\10.0.103\Sdks\Microsoft.NET.Sdk.StaticWebAssets\targets\Microsoft.NET.Sdk.StaticWebAssets.JSModules.targets(37,5): message :       ;
       C:\Program Files\dotnet\sdk\10.0.103\Sdks\Microsoft.NET.Sdk.StaticWebAssets\targets\Microsoft.NET.Sdk.StaticWebAssets.JSModules.targets(37,5): message :     ") at C:\Program Files\dotnet\sdk\10.0.103\Sdks\Microsoft.NET.Sdk.StaticWebAssets\targets\Microsoft.NET.Sdk.StaticWebAssets.JSModules.targets (37,5)
       C:\Program Files\dotnet\sdk\10.0.103\Sdks\Microsoft.NET.Sdk.StaticWebAssets\targets\Microsoft.NET.Sdk.StaticWebAssets.JSModules.targets(42,5): message : Property reassignment: $(ResolveCoreStaticWebAssetsDependsOn)="
       C:\Program Files\dotnet\sdk\10.0.103\Sdks\Microsoft.NET.Sdk.StaticWebAssets\targets\Microsoft.NET.Sdk.StaticWebAssets.JSModules.targets(42,5): message :       
       C:\Program Files\dotnet\sdk\10.0.103\Sdks\Microsoft.NET.Sdk.StaticWebAssets\targets\Microsoft.NET.Sdk.StaticWebAssets.JSModules.targets(42,5): message :       
       C:\Program Files\dotnet\sdk\10.0.103\Sdks\Microsoft.NET.Sdk.StaticWebAssets\targets\Microsoft.NET.Sdk.StaticWebAssets.JSModules.targets(42,5): message :       UpdateExistingPackageStaticWebAssets;
       C:\Program Files\dotnet\sdk\10.0.103\Sdks\Microsoft.NET.Sdk.StaticWebAssets\targets\Microsoft.NET.Sdk.StaticWebAssets.JSModules.targets(42,5): message :       ResolveProjectStaticWebAssets;
       C:\Program Files\dotnet\sdk\10.0.103\Sdks\Microsoft.NET.Sdk.StaticWebAssets\targets\Microsoft.NET.Sdk.StaticWebAssets.JSModules.targets(42,5): message :       ResolveEmbeddedProjectsStaticWebAssets;
       C:\Program Files\dotnet\sdk\10.0.103\Sdks\Microsoft.NET.Sdk.StaticWebAssets\targets\Microsoft.NET.Sdk.StaticWebAssets.JSModules.targets(42,5): message :       ResolveReferencedProjectsStaticWebAssets;
       C:\Program Files\dotnet\sdk\10.0.103\Sdks\Microsoft.NET.Sdk.StaticWebAssets\targets\Microsoft.NET.Sdk.StaticWebAssets.JSModules.targets(42,5): message :       ;
       C:\Program Files\dotnet\sdk\10.0.103\Sdks\Microsoft.NET.Sdk.StaticWebAssets\targets\Microsoft.NET.Sdk.StaticWebAssets.JSModules.targets(42,5): message :     ;
       C:\Program Files\dotnet\sdk\10.0.103\Sdks\Microsoft.NET.Sdk.StaticWebAssets\targets\Microsoft.NET.Sdk.StaticWebAssets.JSModules.targets(42,5): message :       ResolveJsInitializerModuleStaticWebAssets;
       C:\Program Files\dotnet\sdk\10.0.103\Sdks\Microsoft.NET.Sdk.StaticWebAssets\targets\Microsoft.NET.Sdk.StaticWebAssets.JSModules.targets(42,5): message :     ;
       C:\Program Files\dotnet\sdk\10.0.103\Sdks\Microsoft.NET.Sdk.StaticWebAssets\targets\Microsoft.NET.Sdk.StaticWebAssets.JSModules.targets(42,5): message :       ResolveJSModuleStaticWebAssets;
       C:\Program Files\dotnet\sdk\10.0.103\Sdks\Microsoft.NET.Sdk.StaticWebAssets\targets\Microsoft.NET.Sdk.StaticWebAssets.JSModules.targets(42,5): message :     " (previous value: "
       C:\Program Files\dotnet\sdk\10.0.103\Sdks\Microsoft.NET.Sdk.StaticWebAssets\targets\Microsoft.NET.Sdk.StaticWebAssets.JSModules.targets(42,5): message :       
       C:\Program Files\dotnet\sdk\10.0.103\Sdks\Microsoft.NET.Sdk.StaticWebAssets\targets\Microsoft.NET.Sdk.StaticWebAssets.JSModules.targets(42,5): message :       UpdateExistingPackageStaticWebAssets;
       C:\Program Files\dotnet\sdk\10.0.103\Sdks\Microsoft.NET.Sdk.StaticWebAssets\targets\Microsoft.NET.Sdk.StaticWebAssets.JSModules.targets(42,5): message :       ResolveProjectStaticWebAssets;
       C:\Program Files\dotnet\sdk\10.0.103\Sdks\Microsoft.NET.Sdk.StaticWebAssets\targets\Microsoft.NET.Sdk.StaticWebAssets.JSModules.targets(42,5): message :       ResolveEmbeddedProjectsStaticWebAssets;
       C:\Program Files\dotnet\sdk\10.0.103\Sdks\Microsoft.NET.Sdk.StaticWebAssets\targets\Microsoft.NET.Sdk.StaticWebAssets.JSModules.targets(42,5): message :       ResolveReferencedProjectsStaticWebAssets;
       C:\Program Files\dotnet\sdk\10.0.103\Sdks\Microsoft.NET.Sdk.StaticWebAssets\targets\Microsoft.NET.Sdk.StaticWebAssets.JSModules.targets(42,5): message :       ;
       C:\Program Files\dotnet\sdk\10.0.103\Sdks\Microsoft.NET.Sdk.StaticWebAssets\targets\Microsoft.NET.Sdk.StaticWebAssets.JSModules.targets(42,5): message :     ;
       C:\Program Files\dotnet\sdk\10.0.103\Sdks\Microsoft.NET.Sdk.StaticWebAssets\targets\Microsoft.NET.Sdk.StaticWebAssets.JSModules.targets(42,5): message :       ResolveJsInitializerModuleStaticWebAssets;
       C:\Program Files\dotnet\sdk\10.0.103\Sdks\Microsoft.NET.Sdk.StaticWebAssets\targets\Microsoft.NET.Sdk.StaticWebAssets.JSModules.targets(42,5): message :     ") at C:\Program Files\dotnet\sdk\10.0.103\Sdks\Microsoft.NET.Sdk.StaticWebAssets\targets\Microsoft.NET.Sdk.StaticWebAssets.JSModules.targets (42,5)
       C:\Program Files\dotnet\sdk\10.0.103\Sdks\Microsoft.NET.Sdk.StaticWebAssets\targets\Microsoft.NET.Sdk.StaticWebAssets.JSModules.targets(57,5): message : Property reassignment: $(ResolveStaticWebAssetsInputsDependsOn)="
       C:\Program Files\dotnet\sdk\10.0.103\Sdks\Microsoft.NET.Sdk.StaticWebAssets\targets\Microsoft.NET.Sdk.StaticWebAssets.JSModules.targets(57,5): message :       ResolveJSModuleManifestBuildStaticWebAssets;
       C:\Program Files\dotnet\sdk\10.0.103\Sdks\Microsoft.NET.Sdk.StaticWebAssets\targets\Microsoft.NET.Sdk.StaticWebAssets.JSModules.targets(57,5): message :       
       C:\Program Files\dotnet\sdk\10.0.103\Sdks\Microsoft.NET.Sdk.StaticWebAssets\targets\Microsoft.NET.Sdk.StaticWebAssets.JSModules.targets(57,5): message :     
       C:\Program Files\dotnet\sdk\10.0.103\Sdks\Microsoft.NET.Sdk.StaticWebAssets\targets\Microsoft.NET.Sdk.StaticWebAssets.JSModules.targets(57,5): message :       ResolveCoreStaticWebAssets;
       C:\Program Files\dotnet\sdk\10.0.103\Sdks\Microsoft.NET.Sdk.StaticWebAssets\targets\Microsoft.NET.Sdk.StaticWebAssets.JSModules.targets(57,5): message :       GenerateComputedBuildStaticWebAssets;
       C:\Program Files\dotnet\sdk\10.0.103\Sdks\Microsoft.NET.Sdk.StaticWebAssets\targets\Microsoft.NET.Sdk.StaticWebAssets.JSModules.targets(57,5): message :       
       C:\Program Files\dotnet\sdk\10.0.103\Sdks\Microsoft.NET.Sdk.StaticWebAssets\targets\Microsoft.NET.Sdk.StaticWebAssets.JSModules.targets(57,5): message :     ;
       C:\Program Files\dotnet\sdk\10.0.103\Sdks\Microsoft.NET.Sdk.StaticWebAssets\targets\Microsoft.NET.Sdk.StaticWebAssets.JSModules.targets(57,5): message :     ResolveScopedCssAssets;
       C:\Program Files\dotnet\sdk\10.0.103\Sdks\Microsoft.NET.Sdk.StaticWebAssets\targets\Microsoft.NET.Sdk.StaticWebAssets.JSModules.targets(57,5): message :   
       C:\Program Files\dotnet\sdk\10.0.103\Sdks\Microsoft.NET.Sdk.StaticWebAssets\targets\Microsoft.NET.Sdk.StaticWebAssets.JSModules.targets(57,5): message :     " (previous value: "
       C:\Program Files\dotnet\sdk\10.0.103\Sdks\Microsoft.NET.Sdk.StaticWebAssets\targets\Microsoft.NET.Sdk.StaticWebAssets.JSModules.targets(57,5): message :     
       C:\Program Files\dotnet\sdk\10.0.103\Sdks\Microsoft.NET.Sdk.StaticWebAssets\targets\Microsoft.NET.Sdk.StaticWebAssets.JSModules.targets(57,5): message :       ResolveCoreStaticWebAssets;
       C:\Program Files\dotnet\sdk\10.0.103\Sdks\Microsoft.NET.Sdk.StaticWebAssets\targets\Microsoft.NET.Sdk.StaticWebAssets.JSModules.targets(57,5): message :       GenerateComputedBuildStaticWebAssets;
       C:\Program Files\dotnet\sdk\10.0.103\Sdks\Microsoft.NET.Sdk.StaticWebAssets\targets\Microsoft.NET.Sdk.StaticWebAssets.JSModules.targets(57,5): message :       
       C:\Program Files\dotnet\sdk\10.0.103\Sdks\Microsoft.NET.Sdk.StaticWebAssets\targets\Microsoft.NET.Sdk.StaticWebAssets.JSModules.targets(57,5): message :     ;
       C:\Program Files\dotnet\sdk\10.0.103\Sdks\Microsoft.NET.Sdk.StaticWebAssets\targets\Microsoft.NET.Sdk.StaticWebAssets.JSModules.targets(57,5): message :     ResolveScopedCssAssets;
       C:\Program Files\dotnet\sdk\10.0.103\Sdks\Microsoft.NET.Sdk.StaticWebAssets\targets\Microsoft.NET.Sdk.StaticWebAssets.JSModules.targets(57,5): message :   ") at C:\Program Files\dotnet\sdk\10.0.103\Sdks\Microsoft.NET.Sdk.StaticWebAssets\targets\Microsoft.NET.Sdk.StaticWebAssets.JSModules.targets (57,5)
       C:\Program Files\dotnet\sdk\10.0.103\Sdks\Microsoft.NET.Sdk.StaticWebAssets\targets\Microsoft.NET.Sdk.StaticWebAssets.JSModules.targets(76,5): message : Property reassignment: $(ResolvePublishStaticWebAssetsDependsOn)="
       C:\Program Files\dotnet\sdk\10.0.103\Sdks\Microsoft.NET.Sdk.StaticWebAssets\targets\Microsoft.NET.Sdk.StaticWebAssets.JSModules.targets(76,5): message :       ResolveJSModuleManifestPublishStaticWebAssets;
       C:\Program Files\dotnet\sdk\10.0.103\Sdks\Microsoft.NET.Sdk.StaticWebAssets\targets\Microsoft.NET.Sdk.StaticWebAssets.JSModules.targets(76,5): message :       
       C:\Program Files\dotnet\sdk\10.0.103\Sdks\Microsoft.NET.Sdk.StaticWebAssets\targets\Microsoft.NET.Sdk.StaticWebAssets.JSModules.targets(76,5): message :       ResolveCorePublishStaticWebAssets;
       C:\Program Files\dotnet\sdk\10.0.103\Sdks\Microsoft.NET.Sdk.StaticWebAssets\targets\Microsoft.NET.Sdk.StaticWebAssets.JSModules.targets(76,5): message :       GenerateComputedPublishStaticWebAssets;
       C:\Program Files\dotnet\sdk\10.0.103\Sdks\Microsoft.NET.Sdk.StaticWebAssets\targets\Microsoft.NET.Sdk.StaticWebAssets.JSModules.targets(76,5): message :       ;
       C:\Program Files\dotnet\sdk\10.0.103\Sdks\Microsoft.NET.Sdk.StaticWebAssets\targets\Microsoft.NET.Sdk.StaticWebAssets.JSModules.targets(76,5): message :     
       C:\Program Files\dotnet\sdk\10.0.103\Sdks\Microsoft.NET.Sdk.StaticWebAssets\targets\Microsoft.NET.Sdk.StaticWebAssets.JSModules.targets(76,5): message :     " (previous value: "
       C:\Program Files\dotnet\sdk\10.0.103\Sdks\Microsoft.NET.Sdk.StaticWebAssets\targets\Microsoft.NET.Sdk.StaticWebAssets.JSModules.targets(76,5): message :       ResolveCorePublishStaticWebAssets;
       C:\Program Files\dotnet\sdk\10.0.103\Sdks\Microsoft.NET.Sdk.StaticWebAssets\targets\Microsoft.NET.Sdk.StaticWebAssets.JSModules.targets(76,5): message :       GenerateComputedPublishStaticWebAssets;
       C:\Program Files\dotnet\sdk\10.0.103\Sdks\Microsoft.NET.Sdk.StaticWebAssets\targets\Microsoft.NET.Sdk.StaticWebAssets.JSModules.targets(76,5): message :       ;
       C:\Program Files\dotnet\sdk\10.0.103\Sdks\Microsoft.NET.Sdk.StaticWebAssets\targets\Microsoft.NET.Sdk.StaticWebAssets.JSModules.targets(76,5): message :     ") at C:\Program Files\dotnet\sdk\10.0.103\Sdks\Microsoft.NET.Sdk.StaticWebAssets\targets\Microsoft.NET.Sdk.StaticWebAssets.JSModules.targets (76,5)
       C:\Program Files\dotnet\sdk\10.0.103\Sdks\Microsoft.NET.Sdk.StaticWebAssets\targets\Microsoft.NET.Sdk.StaticWebAssets.Compression.targets(185,5): message : Property reassignment: $(ResolveBuildRelatedStaticWebAssetsDependsOn)="
       C:\Program Files\dotnet\sdk\10.0.103\Sdks\Microsoft.NET.Sdk.StaticWebAssets\targets\Microsoft.NET.Sdk.StaticWebAssets.Compression.targets(185,5): message :       ResolveBuildCompressedStaticWebAssets;
       C:\Program Files\dotnet\sdk\10.0.103\Sdks\Microsoft.NET.Sdk.StaticWebAssets\targets\Microsoft.NET.Sdk.StaticWebAssets.Compression.targets(185,5): message :       
       C:\Program Files\dotnet\sdk\10.0.103\Sdks\Microsoft.NET.Sdk.StaticWebAssets\targets\Microsoft.NET.Sdk.StaticWebAssets.Compression.targets(185,5): message :       ResolveStaticWebAssetsInputs;
       C:\Program Files\dotnet\sdk\10.0.103\Sdks\Microsoft.NET.Sdk.StaticWebAssets\targets\Microsoft.NET.Sdk.StaticWebAssets.Compression.targets(185,5): message :       
       C:\Program Files\dotnet\sdk\10.0.103\Sdks\Microsoft.NET.Sdk.StaticWebAssets\targets\Microsoft.NET.Sdk.StaticWebAssets.Compression.targets(185,5): message :     
       C:\Program Files\dotnet\sdk\10.0.103\Sdks\Microsoft.NET.Sdk.StaticWebAssets\targets\Microsoft.NET.Sdk.StaticWebAssets.Compression.targets(185,5): message :     " (previous value: "
       C:\Program Files\dotnet\sdk\10.0.103\Sdks\Microsoft.NET.Sdk.StaticWebAssets\targets\Microsoft.NET.Sdk.StaticWebAssets.Compression.targets(185,5): message :       ResolveStaticWebAssetsInputs;
       C:\Program Files\dotnet\sdk\10.0.103\Sdks\Microsoft.NET.Sdk.StaticWebAssets\targets\Microsoft.NET.Sdk.StaticWebAssets.Compression.targets(185,5): message :       
       C:\Program Files\dotnet\sdk\10.0.103\Sdks\Microsoft.NET.Sdk.StaticWebAssets\targets\Microsoft.NET.Sdk.StaticWebAssets.Compression.targets(185,5): message :     ") at C:\Program Files\dotnet\sdk\10.0.103\Sdks\Microsoft.NET.Sdk.StaticWebAssets\targets\Microsoft.NET.Sdk.StaticWebAssets.Compression.targets (185,5)
       C:\Program Files\dotnet\sdk\10.0.103\Sdks\Microsoft.NET.Sdk.StaticWebAssets\targets\Microsoft.NET.Sdk.StaticWebAssets.Compression.targets(204,5): message : Property reassignment: $(ResolvePublishRelatedStaticWebAssetsDependsOn)="
       C:\Program Files\dotnet\sdk\10.0.103\Sdks\Microsoft.NET.Sdk.StaticWebAssets\targets\Microsoft.NET.Sdk.StaticWebAssets.Compression.targets(204,5): message :       ResolvePublishCompressedStaticWebAssets;
       C:\Program Files\dotnet\sdk\10.0.103\Sdks\Microsoft.NET.Sdk.StaticWebAssets\targets\Microsoft.NET.Sdk.StaticWebAssets.Compression.targets(204,5): message :       
       C:\Program Files\dotnet\sdk\10.0.103\Sdks\Microsoft.NET.Sdk.StaticWebAssets\targets\Microsoft.NET.Sdk.StaticWebAssets.Compression.targets(204,5): message :     " (previous value: "") at C:\Program Files\dotnet\sdk\10.0.103\Sdks\Microsoft.NET.Sdk.StaticWebAssets\targets\Microsoft.NET.Sdk.StaticWebAssets.Compression.targets (204,5)
       The "Configuration" property is a global property, and cannot be modified.
       C:\Program Files\dotnet\sdk\10.0.103\Current\Microsoft.Common.props(84,119): message : Property 'MSBuildUserExtensionsPath' with value 'C:\Users\rolfe\AppData\Local\Microsoft\MSBuild' expanded from the environment.
       The "Platform" property is a global property, and cannot be modified.
       The "Configuration" property is a global property, and cannot be modified.
       The "Platform" property is a global property, and cannot be modified.
       C:\Program Files\dotnet\sdk\10.0.103\Sdks\Microsoft.NET.Sdk\targets\Microsoft.NET.Sdk.props(90,5): message : Property reassignment: $(AssemblySearchPaths)="{CandidateAssemblyFiles};{HintPathFromItem}" (previous value: "{CandidateAssemblyFiles}") at C:\Program Files\dotnet\sdk\10.0.103\Sdks\Microsoft.NET.Sdk\targets\Microsoft.NET.Sdk.props (90,5)
       C:\Program Files\dotnet\sdk\10.0.103\Sdks\Microsoft.NET.Sdk\targets\Microsoft.NET.Sdk.props(91,5): message : Property reassignment: $(AssemblySearchPaths)="{CandidateAssemblyFiles};{HintPathFromItem};{TargetFrameworkDirectory}" (previous value: "{CandidateAssemblyFiles};{HintPathFromItem}") at C:\Program Files\dotnet\sdk\10.0.103\Sdks\Microsoft.NET.Sdk\targets\Microsoft.NET.Sdk.props (91,5)
       C:\Program Files\dotnet\sdk\10.0.103\Sdks\Microsoft.NET.Sdk\targets\Microsoft.NET.Sdk.props(92,5): message : Property reassignment: $(AssemblySearchPaths)="{CandidateAssemblyFiles};{HintPathFromItem};{TargetFrameworkDirectory};{RawFileName}" (previous value: "{CandidateAssemblyFiles};{HintPathFromItem};{TargetFrameworkDirectory}") at C:\Program Files\dotnet\sdk\10.0.103\Sdks\Microsoft.NET.Sdk\targets\Microsoft.NET.Sdk.props (92,5)
       C:\Users\rolfe\git\own\Villa-Annunziata\hotelDroid\src\HotelDroid.Client\obj\HotelDroid.Client.csproj.nuget.g.props(7,5): message : Property 'USERPROFILE' with value 'C:\Users\rolfe' expanded from the environment.
       C:\Program Files\dotnet\sdk\10.0.103\Sdks\Microsoft.NET.Sdk.Razor\targets\Sdk.Razor.CurrentVersion.targets(220,5): message : Property reassignment: $(DebugSymbolsProjectOutputGroupDependsOn)="
       C:\Program Files\dotnet\sdk\10.0.103\Sdks\Microsoft.NET.Sdk.Razor\targets\Sdk.Razor.CurrentVersion.targets(220,5): message :       ;
       C:\Program Files\dotnet\sdk\10.0.103\Sdks\Microsoft.NET.Sdk.Razor\targets\Sdk.Razor.CurrentVersion.targets(220,5): message :       _RazorAddDebugSymbolsProjectOutputGroupOutput
       C:\Program Files\dotnet\sdk\10.0.103\Sdks\Microsoft.NET.Sdk.Razor\targets\Sdk.Razor.CurrentVersion.targets(220,5): message :     " (previous value: "") at C:\Program Files\dotnet\sdk\10.0.103\Sdks\Microsoft.NET.Sdk.Razor\targets\Sdk.Razor.CurrentVersion.targets (220,5)
       C:\Program Files\dotnet\sdk\10.0.103\Sdks\Microsoft.NET.Sdk.Razor\targets\Sdk.Razor.CurrentVersion.targets(225,5): message : Property reassignment: $(PrepareForBuildDependsOn)="
       C:\Program Files\dotnet\sdk\10.0.103\Sdks\Microsoft.NET.Sdk.Razor\targets\Sdk.Razor.CurrentVersion.targets(225,5): message :       ;GetFrameworkPaths;GetReferenceAssemblyPaths;AssignLinkMetadata;
       C:\Program Files\dotnet\sdk\10.0.103\Sdks\Microsoft.NET.Sdk.Razor\targets\Sdk.Razor.CurrentVersion.targets(225,5): message :       ResolveRazorGenerateInputs
       C:\Program Files\dotnet\sdk\10.0.103\Sdks\Microsoft.NET.Sdk.Razor\targets\Sdk.Razor.CurrentVersion.targets(225,5): message :     " (previous value: ";GetFrameworkPaths;GetReferenceAssemblyPaths;AssignLinkMetadata") at C:\Program Files\dotnet\sdk\10.0.103\Sdks\Microsoft.NET.Sdk.Razor\targets\Sdk.Razor.CurrentVersion.targets (225,5)
       C:\Program Files\dotnet\sdk\10.0.103\Sdks\Microsoft.NET.Sdk.Razor\targets\Sdk.Razor.CurrentVersion.targets(230,5): message : Property reassignment: $(GenerateNuspecDependsOn)="
       C:\Program Files\dotnet\sdk\10.0.103\Sdks\Microsoft.NET.Sdk.Razor\targets\Sdk.Razor.CurrentVersion.targets(230,5): message :       ResolveRazorGenerateInputs;
       C:\Program Files\dotnet\sdk\10.0.103\Sdks\Microsoft.NET.Sdk.Razor\targets\Sdk.Razor.CurrentVersion.targets(230,5): message :       
       C:\Program Files\dotnet\sdk\10.0.103\Sdks\Microsoft.NET.Sdk.Razor\targets\Sdk.Razor.CurrentVersion.targets(230,5): message :       IncludeStaticWebAssetsPackItems;
       C:\Program Files\dotnet\sdk\10.0.103\Sdks\Microsoft.NET.Sdk.Razor\targets\Sdk.Razor.CurrentVersion.targets(230,5): message :       Build;_LoadPackInputItems; _GetTargetFrameworksOutput; _WalkEachTargetPerFramework; _GetPackageFiles; ;
       C:\Program Files\dotnet\sdk\10.0.103\Sdks\Microsoft.NET.Sdk.Razor\targets\Sdk.Razor.CurrentVersion.targets(230,5): message :     
       C:\Program Files\dotnet\sdk\10.0.103\Sdks\Microsoft.NET.Sdk.Razor\targets\Sdk.Razor.CurrentVersion.targets(230,5): message :     " (previous value: "
       C:\Program Files\dotnet\sdk\10.0.103\Sdks\Microsoft.NET.Sdk.Razor\targets\Sdk.Razor.CurrentVersion.targets(230,5): message :       IncludeStaticWebAssetsPackItems;
       C:\Program Files\dotnet\sdk\10.0.103\Sdks\Microsoft.NET.Sdk.Razor\targets\Sdk.Razor.CurrentVersion.targets(230,5): message :       Build;_LoadPackInputItems; _GetTargetFrameworksOutput; _WalkEachTargetPerFramework; _GetPackageFiles; ;
       C:\Program Files\dotnet\sdk\10.0.103\Sdks\Microsoft.NET.Sdk.Razor\targets\Sdk.Razor.CurrentVersion.targets(230,5): message :     ") at C:\Program Files\dotnet\sdk\10.0.103\Sdks\Microsoft.NET.Sdk.Razor\targets\Sdk.Razor.CurrentVersion.targets (230,5)
       C:\Program Files\dotnet\sdk\10.0.103\Sdks\Microsoft.NET.Sdk.Razor\targets\Sdk.Razor.CurrentVersion.targets(235,5): message : Property reassignment: $(PrepareForRunDependsOn)="
       C:\Program Files\dotnet\sdk\10.0.103\Sdks\Microsoft.NET.Sdk.Razor\targets\Sdk.Razor.CurrentVersion.targets(235,5): message :       _RazorPrepareForRun;
       C:\Program Files\dotnet\sdk\10.0.103\Sdks\Microsoft.NET.Sdk.Razor\targets\Sdk.Razor.CurrentVersion.targets(235,5): message :       StaticWebAssetsPrepareForRun;
       C:\Program Files\dotnet\sdk\10.0.103\Sdks\Microsoft.NET.Sdk.Razor\targets\Sdk.Razor.CurrentVersion.targets(235,5): message :       CopyFilesToOutputDirectory
       C:\Program Files\dotnet\sdk\10.0.103\Sdks\Microsoft.NET.Sdk.Razor\targets\Sdk.Razor.CurrentVersion.targets(235,5): message :     
       C:\Program Files\dotnet\sdk\10.0.103\Sdks\Microsoft.NET.Sdk.Razor\targets\Sdk.Razor.CurrentVersion.targets(235,5): message :     " (previous value: "StaticWebAssetsPrepareForRun;
       C:\Program Files\dotnet\sdk\10.0.103\Sdks\Microsoft.NET.Sdk.Razor\targets\Sdk.Razor.CurrentVersion.targets(235,5): message :       CopyFilesToOutputDirectory
       C:\Program Files\dotnet\sdk\10.0.103\Sdks\Microsoft.NET.Sdk.Razor\targets\Sdk.Razor.CurrentVersion.targets(235,5): message :     ") at C:\Program Files\dotnet\sdk\10.0.103\Sdks\Microsoft.NET.Sdk.Razor\targets\Sdk.Razor.CurrentVersion.targets (235,5)
       C:\Program Files\dotnet\sdk\10.0.103\Sdks\Microsoft.NET.Sdk.Razor\targets\Sdk.Razor.CurrentVersion.targets(326,5): message : Property reassignment: $(UseRazorBuildServer)="true" (previous value: "") at C:\Program Files\dotnet\sdk\10.0.103\Sdks\Microsoft.NET.Sdk.Razor\targets\Sdk.Razor.CurrentVersion.targets (326,5)
       C:\Program Files\dotnet\sdk\10.0.103\Sdks\Microsoft.NET.Sdk.Razor\targets\Sdk.Razor.CurrentVersion.targets(332,5): message : Property reassignment: $(_RazorDebugSymbolsProduced)="true" (previous value: "false") at C:\Program Files\dotnet\sdk\10.0.103\Sdks\Microsoft.NET.Sdk.Razor\targets\Sdk.Razor.CurrentVersion.targets (332,5)
       The "Configuration" property is a global property, and cannot be modified.
       The "Platform" property is a global property, and cannot be modified.
       C:\Program Files\dotnet\sdk\10.0.103\Sdks\Microsoft.NET.Sdk\targets\Microsoft.NET.Sdk.props(90,5): message : Property reassignment: $(AssemblySearchPaths)="{CandidateAssemblyFiles};{HintPathFromItem}" (previous value: "{CandidateAssemblyFiles}") at C:\Program Files\dotnet\sdk\10.0.103\Sdks\Microsoft.NET.Sdk\targets\Microsoft.NET.Sdk.props (90,5)
       C:\Program Files\dotnet\sdk\10.0.103\Sdks\Microsoft.NET.Sdk\targets\Microsoft.NET.Sdk.props(91,5): message : Property reassignment: $(AssemblySearchPaths)="{CandidateAssemblyFiles};{HintPathFromItem};{TargetFrameworkDirectory}" (previous value: "{CandidateAssemblyFiles};{HintPathFromItem}") at C:\Program Files\dotnet\sdk\10.0.103\Sdks\Microsoft.NET.Sdk\targets\Microsoft.NET.Sdk.props (91,5)
       C:\Program Files\dotnet\sdk\10.0.103\Sdks\Microsoft.NET.Sdk\targets\Microsoft.NET.Sdk.props(92,5): message : Property reassignment: $(AssemblySearchPaths)="{CandidateAssemblyFiles};{HintPathFromItem};{TargetFrameworkDirectory};{RawFileName}" (previous value: "{CandidateAssemblyFiles};{HintPathFromItem};{TargetFrameworkDirectory}") at C:\Program Files\dotnet\sdk\10.0.103\Sdks\Microsoft.NET.Sdk\targets\Microsoft.NET.Sdk.props (92,5)
       C:\Program Files\dotnet\sdk\10.0.103\Sdks\Microsoft.NET.Sdk.Razor\targets\Microsoft.NET.Sdk.Razor.GenerateAssemblyInfo.targets(36,5): message : Property reassignment: $(GenerateRazorTargetAssemblyInfoDependsOn)="
       C:\Program Files\dotnet\sdk\10.0.103\Sdks\Microsoft.NET.Sdk.Razor\targets\Microsoft.NET.Sdk.Razor.GenerateAssemblyInfo.targets(36,5): message :       _ResolveMvcAssemblyAttributes;
       C:\Program Files\dotnet\sdk\10.0.103\Sdks\Microsoft.NET.Sdk.Razor\targets\Microsoft.NET.Sdk.Razor.GenerateAssemblyInfo.targets(36,5): message :       
       C:\Program Files\dotnet\sdk\10.0.103\Sdks\Microsoft.NET.Sdk.Razor\targets\Microsoft.NET.Sdk.Razor.GenerateAssemblyInfo.targets(36,5): message :       GetRazorTargetAssemblyAttributes;
       C:\Program Files\dotnet\sdk\10.0.103\Sdks\Microsoft.NET.Sdk.Razor\targets\Microsoft.NET.Sdk.Razor.GenerateAssemblyInfo.targets(36,5): message :       _CreateRazorTargetAssemblyInfoInputsCacheFile;
       C:\Program Files\dotnet\sdk\10.0.103\Sdks\Microsoft.NET.Sdk.Razor\targets\Microsoft.NET.Sdk.Razor.GenerateAssemblyInfo.targets(36,5): message :       CoreGenerateRazorTargetAssemblyInfo
       C:\Program Files\dotnet\sdk\10.0.103\Sdks\Microsoft.NET.Sdk.Razor\targets\Microsoft.NET.Sdk.Razor.GenerateAssemblyInfo.targets(36,5): message :     
       C:\Program Files\dotnet\sdk\10.0.103\Sdks\Microsoft.NET.Sdk.Razor\targets\Microsoft.NET.Sdk.Razor.GenerateAssemblyInfo.targets(36,5): message :     " (previous value: "
       C:\Program Files\dotnet\sdk\10.0.103\Sdks\Microsoft.NET.Sdk.Razor\targets\Microsoft.NET.Sdk.Razor.GenerateAssemblyInfo.targets(36,5): message :       GetRazorTargetAssemblyAttributes;
       C:\Program Files\dotnet\sdk\10.0.103\Sdks\Microsoft.NET.Sdk.Razor\targets\Microsoft.NET.Sdk.Razor.GenerateAssemblyInfo.targets(36,5): message :       _CreateRazorTargetAssemblyInfoInputsCacheFile;
       C:\Program Files\dotnet\sdk\10.0.103\Sdks\Microsoft.NET.Sdk.Razor\targets\Microsoft.NET.Sdk.Razor.GenerateAssemblyInfo.targets(36,5): message :       CoreGenerateRazorTargetAssemblyInfo
       C:\Program Files\dotnet\sdk\10.0.103\Sdks\Microsoft.NET.Sdk.Razor\targets\Microsoft.NET.Sdk.Razor.GenerateAssemblyInfo.targets(36,5): message :     ") at C:\Program Files\dotnet\sdk\10.0.103\Sdks\Microsoft.NET.Sdk.Razor\targets\Microsoft.NET.Sdk.Razor.GenerateAssemblyInfo.targets (36,5)
       C:\Program Files\dotnet\sdk\10.0.103\Sdks\Microsoft.NET.Sdk.Razor\targets\Microsoft.NET.Sdk.Razor.GenerateAssemblyInfo.targets(181,5): message : Property reassignment: $(CoreCompileDependsOn)="
       C:\Program Files\dotnet\sdk\10.0.103\Sdks\Microsoft.NET.Sdk.Razor\targets\Microsoft.NET.Sdk.Razor.GenerateAssemblyInfo.targets(181,5): message :       ;_ComputeNonExistentFileProperty;ResolveCodeAnalysisRuleSet;
       C:\Program Files\dotnet\sdk\10.0.103\Sdks\Microsoft.NET.Sdk.Razor\targets\Microsoft.NET.Sdk.Razor.GenerateAssemblyInfo.targets(181,5): message :       _GenerateRazorAssemblyInfo
       C:\Program Files\dotnet\sdk\10.0.103\Sdks\Microsoft.NET.Sdk.Razor\targets\Microsoft.NET.Sdk.Razor.GenerateAssemblyInfo.targets(181,5): message :     " (previous value: ";_ComputeNonExistentFileProperty;ResolveCodeAnalysisRuleSet") at C:\Program Files\dotnet\sdk\10.0.103\Sdks\Microsoft.NET.Sdk.Razor\targets\Microsoft.NET.Sdk.Razor.GenerateAssemblyInfo.targets (181,5)
       C:\Program Files\dotnet\sdk\10.0.103\Sdks\Microsoft.NET.Sdk.Razor\targets\Microsoft.NET.Sdk.Razor.GenerateAssemblyInfo.targets(189,5): message : Property reassignment: $(_GenerateRazorAssemblyInfoDependsOn)="
       C:\Program Files\dotnet\sdk\10.0.103\Sdks\Microsoft.NET.Sdk.Razor\targets\Microsoft.NET.Sdk.Razor.GenerateAssemblyInfo.targets(189,5): message :       _ResolveMvcAssemblyAttributes;
       C:\Program Files\dotnet\sdk\10.0.103\Sdks\Microsoft.NET.Sdk.Razor\targets\Microsoft.NET.Sdk.Razor.GenerateAssemblyInfo.targets(189,5): message :       RazorGetAssemblyAttributes;PrepareForBuild;_CoreGenerateRazorAssemblyInfo;
       C:\Program Files\dotnet\sdk\10.0.103\Sdks\Microsoft.NET.Sdk.Razor\targets\Microsoft.NET.Sdk.Razor.GenerateAssemblyInfo.targets(189,5): message :     " (previous value: "RazorGetAssemblyAttributes;PrepareForBuild;_CoreGenerateRazorAssemblyInfo") at C:\Program Files\dotnet\sdk\10.0.103\Sdks\Microsoft.NET.Sdk.Razor\targets\Microsoft.NET.Sdk.Razor.GenerateAssemblyInfo.targets (189,5)
       C:\Program Files\dotnet\sdk\10.0.103\Current\Microsoft.Common.props(84,119): message : Property 'MSBuildUserExtensionsPath' with value 'C:\Users\rolfe\AppData\Local\Microsoft\MSBuild' expanded from the environment.
       C:\Program Files\dotnet\sdk\10.0.103\Sdks\Microsoft.NET.Sdk.Razor\targets\Microsoft.NET.Sdk.Razor.MvcApplicationPartsDiscovery.targets(22,5): message : Property reassignment: $(CoreCompileDependsOn)="
       C:\Program Files\dotnet\sdk\10.0.103\Sdks\Microsoft.NET.Sdk.Razor\targets\Microsoft.NET.Sdk.Razor.MvcApplicationPartsDiscovery.targets(22,5): message :       _DiscoverMvcApplicationParts;
       C:\Program Files\dotnet\sdk\10.0.103\Sdks\Microsoft.NET.Sdk.Razor\targets\Microsoft.NET.Sdk.Razor.MvcApplicationPartsDiscovery.targets(22,5): message :       
       C:\Program Files\dotnet\sdk\10.0.103\Sdks\Microsoft.NET.Sdk.Razor\targets\Microsoft.NET.Sdk.Razor.MvcApplicationPartsDiscovery.targets(22,5): message :       ;_ComputeNonExistentFileProperty;ResolveCodeAnalysisRuleSet;
       C:\Program Files\dotnet\sdk\10.0.103\Sdks\Microsoft.NET.Sdk.Razor\targets\Microsoft.NET.Sdk.Razor.MvcApplicationPartsDiscovery.targets(22,5): message :       _GenerateRazorAssemblyInfo
       C:\Program Files\dotnet\sdk\10.0.103\Sdks\Microsoft.NET.Sdk.Razor\targets\Microsoft.NET.Sdk.Razor.MvcApplicationPartsDiscovery.targets(22,5): message :     ;
       C:\Program Files\dotnet\sdk\10.0.103\Sdks\Microsoft.NET.Sdk.Razor\targets\Microsoft.NET.Sdk.Razor.MvcApplicationPartsDiscovery.targets(22,5): message :     " (previous value: "
       C:\Program Files\dotnet\sdk\10.0.103\Sdks\Microsoft.NET.Sdk.Razor\targets\Microsoft.NET.Sdk.Razor.MvcApplicationPartsDiscovery.targets(22,5): message :       ;_ComputeNonExistentFileProperty;ResolveCodeAnalysisRuleSet;
       C:\Program Files\dotnet\sdk\10.0.103\Sdks\Microsoft.NET.Sdk.Razor\targets\Microsoft.NET.Sdk.Razor.MvcApplicationPartsDiscovery.targets(22,5): message :       _GenerateRazorAssemblyInfo
       C:\Program Files\dotnet\sdk\10.0.103\Sdks\Microsoft.NET.Sdk.Razor\targets\Microsoft.NET.Sdk.Razor.MvcApplicationPartsDiscovery.targets(22,5): message :     ") at C:\Program Files\dotnet\sdk\10.0.103\Sdks\Microsoft.NET.Sdk.Razor\targets\Microsoft.NET.Sdk.Razor.MvcApplicationPartsDiscovery.targets (22,5)
       C:\Program Files\dotnet\sdk\10.0.103\Sdks\Microsoft.NET.Sdk.Razor\targets\Sdk.Razor.CurrentVersion.targets(884,5): message : Property reassignment: $(RazorDesignTimeTargets)="C:\Program Files\dotnet\sdk\10.0.103\Sdks\Microsoft.NET.Sdk.Razor\targets\Microsoft.NET.Sdk.Razor.DesignTime.targets" (previous value: "C:\Program Files\dotnet\sdk\10.0.103\\Microsoft\VisualStudio\Razor\Microsoft.NET.Sdk.Razor.DesignTime.targets") at C:\Program Files\dotnet\sdk\10.0.103\Sdks\Microsoft.NET.Sdk.Razor\targets\Sdk.Razor.CurrentVersion.targets (884,5)
       The "Configuration" property is a global property, and cannot be modified.
       The "Platform" property is a global property, and cannot be modified.
       C:\Program Files\dotnet\sdk\10.0.103\Sdks\Microsoft.NET.Sdk.Web.ProjectSystem\targets\Microsoft.NET.Sdk.Web.ProjectSystem.targets(21,5): message : Property reassignment: $(RunWorkingDirectory)="C:\Users\rolfe\git\own\Villa-Annunziata\hotelDroid\src\HotelDroid.Api" (previous value: "") at C:\Program Files\dotnet\sdk\10.0.103\Sdks\Microsoft.NET.Sdk.Web.ProjectSystem\targets\Microsoft.NET.Sdk.Web.ProjectSystem.targets (21,5)
       The "Configuration" property is a global property, and cannot be modified.
       The "Platform" property is a global property, and cannot be modified.
       C:\Program Files\dotnet\sdk\10.0.103\Sdks\Microsoft.NET.Sdk\targets\Microsoft.NET.Sdk.props(90,5): message : Property reassignment: $(AssemblySearchPaths)="{CandidateAssemblyFiles};{HintPathFromItem}" (previous value: "{CandidateAssemblyFiles}") at C:\Program Files\dotnet\sdk\10.0.103\Sdks\Microsoft.NET.Sdk\targets\Microsoft.NET.Sdk.props (90,5)
       C:\Program Files\dotnet\sdk\10.0.103\Sdks\Microsoft.NET.Sdk\targets\Microsoft.NET.Sdk.props(91,5): message : Property reassignment: $(AssemblySearchPaths)="{CandidateAssemblyFiles};{HintPathFromItem};{TargetFrameworkDirectory}" (previous value: "{CandidateAssemblyFiles};{HintPathFromItem}") at C:\Program Files\dotnet\sdk\10.0.103\Sdks\Microsoft.NET.Sdk\targets\Microsoft.NET.Sdk.props (91,5)
       C:\Program Files\dotnet\sdk\10.0.103\Sdks\Microsoft.NET.Sdk\targets\Microsoft.NET.Sdk.props(92,5): message : Property reassignment: $(AssemblySearchPaths)="{CandidateAssemblyFiles};{HintPathFromItem};{TargetFrameworkDirectory};{RawFileName}" (previous value: "{CandidateAssemblyFiles};{HintPathFromItem};{TargetFrameworkDirectory}") at C:\Program Files\dotnet\sdk\10.0.103\Sdks\Microsoft.NET.Sdk\targets\Microsoft.NET.Sdk.props (92,5)
       C:\Program Files\dotnet\sdk\10.0.103\Sdks\Microsoft.NET.Sdk.Publish\targets\Microsoft.NET.Sdk.Publish.targets(60,5): message : Property reassignment: $(PublishProfileImported)="true" (previous value: "false") at C:\Program Files\dotnet\sdk\10.0.103\Sdks\Microsoft.NET.Sdk.Publish\targets\Microsoft.NET.Sdk.Publish.targets (60,5)
       C:\Program Files\dotnet\sdk\10.0.103\Sdks\Microsoft.NET.Sdk.Publish\targets\Microsoft.NET.Sdk.Publish.targets(81,5): message : Property reassignment: $(PublishConfiguration)="Debug" (previous value: "") at C:\Program Files\dotnet\sdk\10.0.103\Sdks\Microsoft.NET.Sdk.Publish\targets\Microsoft.NET.Sdk.Publish.targets (81,5)
       C:\Program Files\dotnet\sdk\10.0.103\Sdks\Microsoft.NET.Sdk.Publish\targets\Microsoft.NET.Sdk.Publish.targets(87,5): message : Property reassignment: $(BaseIntermediateOutputPath)="C:\Users\rolfe\git\own\Villa-Annunziata\hotelDroid\src\HotelDroid.Api\obj\" (previous value: "obj\") at C:\Program Files\dotnet\sdk\10.0.103\Sdks\Microsoft.NET.Sdk.Publish\targets\Microsoft.NET.Sdk.Publish.targets (87,5)
       The "Configuration" property is a global property, and cannot be modified.
       The "Platform" property is a global property, and cannot be modified.
       C:\Program Files\dotnet\sdk\10.0.103\Sdks\Microsoft.NET.Sdk\targets\Microsoft.NET.Sdk.ImportPublishProfile.targets(28,5): message : Property reassignment: $(PublishProfileImported)="false" (previous value: "true") at C:\Program Files\dotnet\sdk\10.0.103\Sdks\Microsoft.NET.Sdk\targets\Microsoft.NET.Sdk.ImportPublishProfile.targets (28,5)
       The "Configuration" property is a global property, and cannot be modified.
       The "Platform" property is a global property, and cannot be modified.
       Assembly loaded during Evaluation: NuGet.Frameworks, Version=7.0.2.0, Culture=neutral, PublicKeyToken=31bf3856ad364e35 (location: C:\Program Files\dotnet\sdk\10.0.103\NuGet.Frameworks.dll, MVID: 1b7b49ca-9945-4cfa-824f-5d73c248e8d6, AssemblyLoadContext: Assembly.LoadFile(C:\Program Files\dotnet\sdk\10.0.103\NuGet.Frameworks.dll))
       C:\Program Files\dotnet\sdk\10.0.103\Sdks\Microsoft.NET.Sdk\targets\Microsoft.NET.Sdk.ImportPublishProfile.targets(28,5): message : Property reassignment: $(PublishProfileImported)="false" (previous value: "true") at C:\Program Files\dotnet\sdk\10.0.103\Sdks\Microsoft.NET.Sdk\targets\Microsoft.NET.Sdk.ImportPublishProfile.targets (28,5)
       Assembly loaded during Evaluation: NuGet.Frameworks, Version=7.0.2.0, Culture=neutral, PublicKeyToken=31bf3856ad364e35 (location: C:\Program Files\dotnet\sdk\10.0.103\NuGet.Frameworks.dll, MVID: 1b7b49ca-9945-4cfa-824f-5d73c248e8d6, AssemblyLoadContext: Assembly.LoadFile(C:\Program Files\dotnet\sdk\10.0.103\NuGet.Frameworks.dll))
       C:\Program Files\dotnet\sdk\10.0.103\Sdks\Microsoft.NET.Sdk.StaticWebAssets\Sdk\Sdk.StaticWebAssets.StaticAssets.ProjectSystem.props(23,5): message : Property reassignment: $(DefaultItemExcludes)=";**\node_modules\**;node_modules\**;**\jspm_packages\**;jspm_packages\**" (previous value: ";**\node_modules\**;node_modules\**") at C:\Program Files\dotnet\sdk\10.0.103\Sdks\Microsoft.NET.Sdk.StaticWebAssets\Sdk\Sdk.StaticWebAssets.StaticAssets.ProjectSystem.props (23,5)
       C:\Program Files\dotnet\sdk\10.0.103\Sdks\Microsoft.NET.Sdk\targets\Microsoft.NET.TargetFrameworkInference.targets(81,5): message : Property reassignment: $(TargetPlatformVersion)="" (previous value: "0.0") at C:\Program Files\dotnet\sdk\10.0.103\Sdks\Microsoft.NET.Sdk\targets\Microsoft.NET.TargetFrameworkInference.targets (81,5)
       C:\Program Files\dotnet\sdk\10.0.103\Sdks\Microsoft.NET.Sdk.StaticWebAssets\Sdk\Sdk.StaticWebAssets.StaticAssets.ProjectSystem.props(24,5): message : Property reassignment: $(DefaultItemExcludes)=";**\node_modules\**;node_modules\**;**\jspm_packages\**;jspm_packages\**;**\bower_components\**;bower_components\**" (previous value: ";**\node_modules\**;node_modules\**;**\jspm_packages\**;jspm_packages\**") at C:\Program Files\dotnet\sdk\10.0.103\Sdks\Microsoft.NET.Sdk.StaticWebAssets\Sdk\Sdk.StaticWebAssets.StaticAssets.ProjectSystem.props (24,5)
       C:\Program Files\dotnet\sdk\10.0.103\Sdks\Microsoft.NET.Sdk\targets\Microsoft.NET.TargetFrameworkInference.targets(81,5): message : Property reassignment: $(TargetPlatformVersion)="" (previous value: "0.0") at C:\Program Files\dotnet\sdk\10.0.103\Sdks\Microsoft.NET.Sdk\targets\Microsoft.NET.TargetFrameworkInference.targets (81,5)
       C:\Program Files\dotnet\sdk\10.0.103\Sdks\Microsoft.NET.Sdk\targets\Microsoft.NET.DefaultOutputPaths.targets(127,5): message : Property reassignment: $(DefaultItemExcludes)=";bin\Debug\/**;obj\Debug\/**" (previous value: ";bin\Debug\/**") at C:\Program Files\dotnet\sdk\10.0.103\Sdks\Microsoft.NET.Sdk\targets\Microsoft.NET.DefaultOutputPaths.targets (127,5)
       C:\Program Files\dotnet\sdk\10.0.103\Sdks\Microsoft.NET.Sdk.StaticWebAssets\Sdk\Sdk.StaticWebAssets.StaticAssets.ProjectSystem.props(25,5): message : Property reassignment: $(DefaultItemExcludes)=";**\node_modules\**;node_modules\**;**\jspm_packages\**;jspm_packages\**;**\bower_components\**;bower_components\**;**\packages.lock.json" (previous value: ";**\node_modules\**;node_modules\**;**\jspm_packages\**;jspm_packages\**;**\bower_components\**;bower_components\**") at C:\Program Files\dotnet\sdk\10.0.103\Sdks\Microsoft.NET.Sdk.StaticWebAssets\Sdk\Sdk.StaticWebAssets.StaticAssets.ProjectSystem.props (25,5)
       C:\Program Files\dotnet\sdk\10.0.103\Sdks\Microsoft.NET.Sdk\targets\Microsoft.NET.DefaultOutputPaths.targets(127,5): message : Property reassignment: $(DefaultItemExcludes)=";bin\Debug\/**;obj\Debug\/**" (previous value: ";bin\Debug\/**") at C:\Program Files\dotnet\sdk\10.0.103\Sdks\Microsoft.NET.Sdk\targets\Microsoft.NET.DefaultOutputPaths.targets (127,5)
       C:\Program Files\dotnet\sdk\10.0.103\Sdks\Microsoft.NET.Sdk\targets\Microsoft.NET.DefaultOutputPaths.targets(142,5): message : Property reassignment: $(OutputPath)="bin\Debug\net10.0\" (previous value: "bin\Debug\") at C:\Program Files\dotnet\sdk\10.0.103\Sdks\Microsoft.NET.Sdk\targets\Microsoft.NET.DefaultOutputPaths.targets (142,5)
       C:\Program Files\dotnet\sdk\10.0.103\Sdks\Microsoft.NET.Sdk\targets\Microsoft.NET.DefaultOutputPaths.targets(142,5): message : Property reassignment: $(OutputPath)="bin\Debug\net10.0\" (previous value: "bin\Debug\") at C:\Program Files\dotnet\sdk\10.0.103\Sdks\Microsoft.NET.Sdk\targets\Microsoft.NET.DefaultOutputPaths.targets (142,5)
       C:\Program Files\dotnet\sdk\10.0.103\Sdks\Microsoft.NET.Sdk\targets\Microsoft.NET.DefaultOutputPaths.targets(147,5): message : Property reassignment: $(IntermediateOutputPath)="obj\Debug\net10.0\" (previous value: "obj\Debug\") at C:\Program Files\dotnet\sdk\10.0.103\Sdks\Microsoft.NET.Sdk\targets\Microsoft.NET.DefaultOutputPaths.targets (147,5)
       C:\Program Files\dotnet\sdk\10.0.103\Sdks\Microsoft.NET.Sdk\targets\Microsoft.NET.DefaultOutputPaths.targets(147,5): message : Property reassignment: $(IntermediateOutputPath)="obj\Debug\net10.0\" (previous value: "obj\Debug\") at C:\Program Files\dotnet\sdk\10.0.103\Sdks\Microsoft.NET.Sdk\targets\Microsoft.NET.DefaultOutputPaths.targets (147,5)
       C:\Program Files\dotnet\sdk\10.0.103\Sdks\Microsoft.NET.Sdk.Web.ProjectSystem\targets\Microsoft.NET.Sdk.Web.ProjectSystem.props(16,5): message : Property reassignment: $(OutputType)="Exe" (previous value: "exe") at C:\Program Files\dotnet\sdk\10.0.103\Sdks\Microsoft.NET.Sdk.Web.ProjectSystem\targets\Microsoft.NET.Sdk.Web.ProjectSystem.props (16,5)
       The SDK "Microsoft.NET.Sdk.WebAssembly" was successfully resolved by the "DefaultSdkResolver" resolver to location "C:\Program Files\dotnet\sdk\10.0.103\Sdks\Microsoft.NET.Sdk.WebAssembly\Sdk" and version "".
       C:\Users\rolfe\.nuget\packages\microsoft.net.sdk.webassembly.pack\10.0.3\build\Microsoft.NET.Sdk.WebAssembly.Browser.props(18,5): message : Property reassignment: $(OutputType)="exe" (previous value: "Exe") at C:\Users\rolfe\.nuget\packages\microsoft.net.sdk.webassembly.pack\10.0.3\build\Microsoft.NET.Sdk.WebAssembly.Browser.props (18,5)
       C:\Users\rolfe\.nuget\packages\microsoft.net.sdk.webassembly.pack\10.0.3\build\Microsoft.NET.Sdk.WebAssembly.Browser.props(22,5): message : Property reassignment: $(WarnOnPackingNonPackableProject)="false" (previous value: "true") at C:\Users\rolfe\.nuget\packages\microsoft.net.sdk.webassembly.pack\10.0.3\build\Microsoft.NET.Sdk.WebAssembly.Browser.props (22,5)
       C:\Users\rolfe\.nuget\packages\microsoft.net.sdk.webassembly.pack\10.0.3\build\Microsoft.NET.Sdk.WebAssembly.Browser.props(37,5): message : Property reassignment: $(StaticWebAssetsAdditionalPublishProperties)=";_PublishingBlazorWasmProject=true;BuildProjectReferences=false;ResolveAssemblyReferencesFindRelatedSatellites=true" (previous value: ";_PublishingBlazorWasmProject=true") at C:\Users\rolfe\.nuget\packages\microsoft.net.sdk.webassembly.pack\10.0.3\build\Microsoft.NET.Sdk.WebAssembly.Browser.props (37,5)
       The "Configuration" property is a global property, and cannot be modified.
       The "Platform" property is a global property, and cannot be modified.
       C:\Program Files\dotnet\sdk\10.0.103\Sdks\Microsoft.NET.Sdk\targets\Microsoft.NET.Sdk.ImportPublishProfile.targets(28,5): message : Property reassignment: $(PublishProfileImported)="false" (previous value: "true") at C:\Program Files\dotnet\sdk\10.0.103\Sdks\Microsoft.NET.Sdk\targets\Microsoft.NET.Sdk.ImportPublishProfile.targets (28,5)
       Assembly loaded during Evaluation: NuGet.Frameworks, Version=7.0.2.0, Culture=neutral, PublicKeyToken=31bf3856ad364e35 (location: C:\Program Files\dotnet\sdk\10.0.103\NuGet.Frameworks.dll, MVID: 1b7b49ca-9945-4cfa-824f-5d73c248e8d6, AssemblyLoadContext: Assembly.LoadFile(C:\Program Files\dotnet\sdk\10.0.103\NuGet.Frameworks.dll))
       C:\Program Files\dotnet\sdk\10.0.103\Sdks\Microsoft.NET.Sdk\targets\Microsoft.NET.Sdk.BeforeCommon.targets(371,5): message : Property reassignment: $(RoslynTargetsPath)="C:\Program Files\dotnet\sdk\10.0.103\Sdks\Microsoft.NET.Sdk\targets\..\..\..\Roslyn" (previous value: "C:\Program Files\dotnet\sdk\10.0.103\Roslyn") at C:\Program Files\dotnet\sdk\10.0.103\Sdks\Microsoft.NET.Sdk\targets\Microsoft.NET.Sdk.BeforeCommon.targets (371,5)
       C:\Program Files\dotnet\sdk\10.0.103\Sdks\Microsoft.NET.Sdk\targets\Microsoft.NET.Sdk.BeforeCommon.targets(371,5): message : Property reassignment: $(RoslynTargetsPath)="C:\Program Files\dotnet\sdk\10.0.103\Sdks\Microsoft.NET.Sdk\targets\..\..\..\Roslyn" (previous value: "C:\Program Files\dotnet\sdk\10.0.103\Roslyn") at C:\Program Files\dotnet\sdk\10.0.103\Sdks\Microsoft.NET.Sdk\targets\Microsoft.NET.Sdk.BeforeCommon.targets (371,5)
       C:\Program Files\dotnet\sdk\10.0.103\Roslyn\Microsoft.Managed.Core.targets(6,5): message : Property reassignment: $(_BuildTasksDirectory)="C:\Program Files\dotnet\sdk\10.0.103\Sdks\Microsoft.NET.Sdk\targets\..\..\..\Roslyn\" (previous value: "C:\Program Files\dotnet\sdk\10.0.103\Roslyn\") at C:\Program Files\dotnet\sdk\10.0.103\Roslyn\Microsoft.Managed.Core.targets (6,5)
       C:\Program Files\dotnet\sdk\10.0.103\Roslyn\Microsoft.Managed.Core.targets(6,5): message : Property reassignment: $(_BuildTasksDirectory)="C:\Program Files\dotnet\sdk\10.0.103\Sdks\Microsoft.NET.Sdk\targets\..\..\..\Roslyn\" (previous value: "C:\Program Files\dotnet\sdk\10.0.103\Roslyn\") at C:\Program Files\dotnet\sdk\10.0.103\Roslyn\Microsoft.Managed.Core.targets (6,5)
       C:\Program Files\dotnet\sdk\10.0.103\Roslyn\Microsoft.CSharp.Core.targets(200,5): message : Property reassignment: $(CommandLineArgsForDesignTimeEvaluation)="-langversion:14.0 -define:TRACE" (previous value: "-langversion:14.0") at C:\Program Files\dotnet\sdk\10.0.103\Roslyn\Microsoft.CSharp.Core.targets (200,5)
       C:\Program Files\dotnet\sdk\10.0.103\Roslyn\Microsoft.CSharp.Core.targets(200,5): message : Property reassignment: $(CommandLineArgsForDesignTimeEvaluation)="-langversion:14.0 -define:TRACE" (previous value: "-langversion:14.0") at C:\Program Files\dotnet\sdk\10.0.103\Roslyn\Microsoft.CSharp.Core.targets (200,5)
       C:\Program Files\dotnet\sdk\10.0.103\Sdks\Microsoft.NET.Sdk\targets\Microsoft.NET.TargetFrameworkInference.targets(81,5): message : Property reassignment: $(TargetPlatformVersion)="" (previous value: "0.0") at C:\Program Files\dotnet\sdk\10.0.103\Sdks\Microsoft.NET.Sdk\targets\Microsoft.NET.TargetFrameworkInference.targets (81,5)
       C:\Program Files\dotnet\sdk\10.0.103\Sdks\Microsoft.NET.Sdk\targets\Microsoft.NET.DefaultOutputPaths.targets(126,5): message : Property reassignment: $(DefaultItemExcludes)=";**\node_modules\**;node_modules\**;**\jspm_packages\**;jspm_packages\**;**\bower_components\**;bower_components\**;**\packages.lock.json;bin\Debug\/**" (previous value: ";**\node_modules\**;node_modules\**;**\jspm_packages\**;jspm_packages\**;**\bower_components\**;bower_components\**;**\packages.lock.json") at C:\Program Files\dotnet\sdk\10.0.103\Sdks\Microsoft.NET.Sdk\targets\Microsoft.NET.DefaultOutputPaths.targets (126,5)
       C:\Program Files\dotnet\sdk\10.0.103\Sdks\Microsoft.NET.Sdk\targets\Microsoft.NET.DefaultOutputPaths.targets(127,5): message : Property reassignment: $(DefaultItemExcludes)=";**\node_modules\**;node_modules\**;**\jspm_packages\**;jspm_packages\**;**\bower_components\**;bower_components\**;**\packages.lock.json;bin\Debug\/**;obj\Debug\/**" (previous value: ";**\node_modules\**;node_modules\**;**\jspm_packages\**;jspm_packages\**;**\bower_components\**;bower_components\**;**\packages.lock.json;bin\Debug\/**") at C:\Program Files\dotnet\sdk\10.0.103\Sdks\Microsoft.NET.Sdk\targets\Microsoft.NET.DefaultOutputPaths.targets (127,5)
       C:\Program Files\dotnet\sdk\10.0.103\Sdks\Microsoft.NET.Sdk\targets\Microsoft.NET.DefaultOutputPaths.targets(142,5): message : Property reassignment: $(OutputPath)="bin\Debug\net10.0\" (previous value: "bin\Debug\") at C:\Program Files\dotnet\sdk\10.0.103\Sdks\Microsoft.NET.Sdk\targets\Microsoft.NET.DefaultOutputPaths.targets (142,5)
       C:\Program Files\dotnet\sdk\10.0.103\Sdks\Microsoft.NET.Sdk\targets\Microsoft.NET.DefaultOutputPaths.targets(147,5): message : Property reassignment: $(IntermediateOutputPath)="obj\Debug\net10.0\" (previous value: "obj\Debug\") at C:\Program Files\dotnet\sdk\10.0.103\Sdks\Microsoft.NET.Sdk\targets\Microsoft.NET.DefaultOutputPaths.targets (147,5)
       Assembly loaded during Evaluation: Microsoft.Build.Utilities.Core, Version=15.1.0.0, Culture=neutral, PublicKeyToken=b03f5f7f11d50a3a (location: C:\Program Files\dotnet\sdk\10.0.103\Microsoft.Build.Utilities.Core.dll, MVID: f1451a5e-5f7f-4573-9f12-a7d129e87106, AssemblyLoadContext: Default)
       The "Platform" property is a global property, and cannot be modified.
       The "Configuration" property is a global property, and cannot be modified.
       C:\Program Files\dotnet\sdk-manifests\10.0.100\microsoft.net.workload.mono.toolchain.current\10.0.103\WorkloadManifest.targets(41,5): message : Property reassignment: $(WasmNativeWorkloadAvailable)="false" (previous value: "") at C:\Program Files\dotnet\sdk-manifests\10.0.100\microsoft.net.workload.mono.toolchain.current\10.0.103\WorkloadManifest.targets (41,5)
       C:\Program Files\dotnet\sdk\10.0.103\Microsoft.Common.CurrentVersion.targets(175,5): message : Property reassignment: $(_DebugSymbolsProduced)="true" (previous value: "false") at C:\Program Files\dotnet\sdk\10.0.103\Microsoft.Common.CurrentVersion.targets (175,5)
       C:\Program Files\dotnet\sdk\10.0.103\Microsoft.Common.CurrentVersion.targets(185,5): message : Property reassignment: $(_DocumentationFileProduced)="false" (previous value: "true") at C:\Program Files\dotnet\sdk\10.0.103\Microsoft.Common.CurrentVersion.targets (185,5)
       The "SolutionName" property is a global property, and cannot be modified.
       The "SolutionFileName" property is a global property, and cannot be modified.
       The "SolutionPath" property is a global property, and cannot be modified.
       The "SolutionDir" property is a global property, and cannot be modified.
       The "SolutionExt" property is a global property, and cannot be modified.
       C:\Program Files\dotnet\sdk\10.0.103\Microsoft.Common.CurrentVersion.targets(392,5): message : Property reassignment: $(MSBuildCopyMarkerName)="HotelDro.E7CCC58A" (previous value: "HotelDroid.Shared.csproj") at C:\Program Files\dotnet\sdk\10.0.103\Microsoft.Common.CurrentVersion.targets (392,5)
       C:\Program Files\dotnet\sdk\10.0.103\Microsoft.Common.CurrentVersion.targets(393,5): message : Property reassignment: $(MSBuildCopyMarkerName)="HotelDro.E7CCC58A.Up2Date" (previous value: "HotelDro.E7CCC58A") at C:\Program Files\dotnet\sdk\10.0.103\Microsoft.Common.CurrentVersion.targets (393,5)
       C:\Program Files\dotnet\sdk\10.0.103\Microsoft.Common.CurrentVersion.targets(541,5): message : Property reassignment: $(ProcessorArchitecture)="msil" (previous value: "") at C:\Program Files\dotnet\sdk\10.0.103\Microsoft.Common.CurrentVersion.targets (541,5)
       C:\Program Files\dotnet\sdk\10.0.103\Microsoft.Common.CurrentVersion.targets(580,5): message : Property reassignment: $(DelaySign)="" (previous value: "false") at C:\Program Files\dotnet\sdk\10.0.103\Microsoft.Common.CurrentVersion.targets (580,5)
       Assembly loaded during Evaluation: Microsoft.Build.Utilities.Core, Version=15.1.0.0, Culture=neutral, PublicKeyToken=b03f5f7f11d50a3a (location: C:\Program Files\dotnet\sdk\10.0.103\Microsoft.Build.Utilities.Core.dll, MVID: f1451a5e-5f7f-4573-9f12-a7d129e87106, AssemblyLoadContext: Default)
       C:\Program Files\dotnet\sdk\10.0.103\Microsoft.Common.CurrentVersion.targets(2606,5): message : Property 'LOCALAPPDATA' with value 'C:\Users\rolfe\AppData\Local' expanded from the environment.
       C:\Program Files\dotnet\sdk\10.0.103\Microsoft.Common.CurrentVersion.targets(3934,5): message : Property reassignment: $(_SGenGenerateSerializationAssembliesConfig)="Auto" (previous value: "") at C:\Program Files\dotnet\sdk\10.0.103\Microsoft.Common.CurrentVersion.targets (3934,5)
       C:\Program Files\dotnet\sdk\10.0.103\Microsoft.Common.CurrentVersion.targets(3935,5): message : Property reassignment: $(_SGenGenerateSerializationAssembliesConfig)="Off" (previous value: "Auto") at C:\Program Files\dotnet\sdk\10.0.103\Microsoft.Common.CurrentVersion.targets (3935,5)
       C:\Program Files\dotnet\sdk\10.0.103\Microsoft.Common.CurrentVersion.targets(5146,5): message : Property reassignment: $(_TargetsThatPrepareProjectReferences)="
       C:\Program Files\dotnet\sdk\10.0.103\Microsoft.Common.CurrentVersion.targets(5146,5): message :       AssignProjectConfiguration;
       C:\Program Files\dotnet\sdk\10.0.103\Microsoft.Common.CurrentVersion.targets(5146,5): message :       _SplitProjectReferencesByFileExistence
       C:\Program Files\dotnet\sdk\10.0.103\Microsoft.Common.CurrentVersion.targets(5146,5): message :     " (previous value: "_SplitProjectReferencesByFileExistence") at C:\Program Files\dotnet\sdk\10.0.103\Microsoft.Common.CurrentVersion.targets (5146,5)
       C:\Program Files\dotnet\sdk\10.0.103\Microsoft.Common.CurrentVersion.targets(6959,5): message : Property 'MSBuildExtensionsPath32' with value 'C:\Program Files\dotnet\sdk\10.0.103' expanded from the environment.
       The "Platform" property is a global property, and cannot be modified.
       The "Configuration" property is a global property, and cannot be modified.
       C:\Program Files\dotnet\sdk\10.0.103\Microsoft.Common.CurrentVersion.targets(175,5): message : Property reassignment: $(_DebugSymbolsProduced)="true" (previous value: "false") at C:\Program Files\dotnet\sdk\10.0.103\Microsoft.Common.CurrentVersion.targets (175,5)
       C:\Program Files\dotnet\sdk\10.0.103\Microsoft.Common.CurrentVersion.targets(185,5): message : Property reassignment: $(_DocumentationFileProduced)="false" (previous value: "true") at C:\Program Files\dotnet\sdk\10.0.103\Microsoft.Common.CurrentVersion.targets (185,5)
       The "SolutionName" property is a global property, and cannot be modified.
       The "SolutionFileName" property is a global property, and cannot be modified.
       The "SolutionPath" property is a global property, and cannot be modified.
       The "SolutionDir" property is a global property, and cannot be modified.
       The "SolutionExt" property is a global property, and cannot be modified.
       C:\Program Files\dotnet\sdk\10.0.103\Microsoft.Common.CurrentVersion.targets(392,5): message : Property reassignment: $(MSBuildCopyMarkerName)="HotelDro.0BA501BA" (previous value: "HotelDroid.Api.Tests.csproj") at C:\Program Files\dotnet\sdk\10.0.103\Microsoft.Common.CurrentVersion.targets (392,5)
       C:\Program Files\dotnet\sdk\10.0.103\Microsoft.Common.CurrentVersion.targets(393,5): message : Property reassignment: $(MSBuildCopyMarkerName)="HotelDro.0BA501BA.Up2Date" (previous value: "HotelDro.0BA501BA") at C:\Program Files\dotnet\sdk\10.0.103\Microsoft.Common.CurrentVersion.targets (393,5)
       C:\Program Files\dotnet\sdk\10.0.103\Microsoft.Common.CurrentVersion.targets(541,5): message : Property reassignment: $(ProcessorArchitecture)="msil" (previous value: "") at C:\Program Files\dotnet\sdk\10.0.103\Microsoft.Common.CurrentVersion.targets (541,5)
       C:\Program Files\dotnet\sdk\10.0.103\Microsoft.Common.CurrentVersion.targets(580,5): message : Property reassignment: $(DelaySign)="" (previous value: "false") at C:\Program Files\dotnet\sdk\10.0.103\Microsoft.Common.CurrentVersion.targets (580,5)
       C:\Program Files\dotnet\sdk\10.0.103\Microsoft.Common.CurrentVersion.targets(2606,5): message : Property 'LOCALAPPDATA' with value 'C:\Users\rolfe\AppData\Local' expanded from the environment.
       C:\Program Files\dotnet\sdk\10.0.103\Microsoft.Common.CurrentVersion.targets(3934,5): message : Property reassignment: $(_SGenGenerateSerializationAssembliesConfig)="Auto" (previous value: "") at C:\Program Files\dotnet\sdk\10.0.103\Microsoft.Common.CurrentVersion.targets (3934,5)
       C:\Program Files\dotnet\sdk\10.0.103\Microsoft.Common.CurrentVersion.targets(3935,5): message : Property reassignment: $(_SGenGenerateSerializationAssembliesConfig)="Off" (previous value: "Auto") at C:\Program Files\dotnet\sdk\10.0.103\Microsoft.Common.CurrentVersion.targets (3935,5)
       C:\Program Files\dotnet\sdk\10.0.103\Microsoft.Common.CurrentVersion.targets(5146,5): message : Property reassignment: $(_TargetsThatPrepareProjectReferences)="
       C:\Program Files\dotnet\sdk\10.0.103\Microsoft.Common.CurrentVersion.targets(5146,5): message :       AssignProjectConfiguration;
       C:\Program Files\dotnet\sdk\10.0.103\Microsoft.Common.CurrentVersion.targets(5146,5): message :       _SplitProjectReferencesByFileExistence
       C:\Program Files\dotnet\sdk\10.0.103\Microsoft.Common.CurrentVersion.targets(5146,5): message :     " (previous value: "_SplitProjectReferencesByFileExistence") at C:\Program Files\dotnet\sdk\10.0.103\Microsoft.Common.CurrentVersion.targets (5146,5)
       C:\Program Files\dotnet\sdk\10.0.103\Microsoft.Common.CurrentVersion.targets(6959,5): message : Property 'MSBuildExtensionsPath32' with value 'C:\Program Files\dotnet\sdk\10.0.103' expanded from the environment.
       C:\Program Files\dotnet\sdk\10.0.103\Sdks\Microsoft.NET.Sdk\targets\Microsoft.NET.Sdk.BeforeCommon.targets(371,5): message : Property reassignment: $(RoslynTargetsPath)="C:\Program Files\dotnet\sdk\10.0.103\Sdks\Microsoft.NET.Sdk\targets\..\..\..\Roslyn" (previous value: "C:\Program Files\dotnet\sdk\10.0.103\Roslyn") at C:\Program Files\dotnet\sdk\10.0.103\Sdks\Microsoft.NET.Sdk\targets\Microsoft.NET.Sdk.BeforeCommon.targets (371,5)
       The "NuGetInteractive" property is a global property, and cannot be modified.
       C:\Program Files\dotnet\sdk\10.0.103\Roslyn\Microsoft.Managed.Core.targets(6,5): message : Property reassignment: $(_BuildTasksDirectory)="C:\Program Files\dotnet\sdk\10.0.103\Sdks\Microsoft.NET.Sdk\targets\..\..\..\Roslyn\" (previous value: "C:\Program Files\dotnet\sdk\10.0.103\Roslyn\") at C:\Program Files\dotnet\sdk\10.0.103\Roslyn\Microsoft.Managed.Core.targets (6,5)
       C:\Program Files\dotnet\sdk\10.0.103\Roslyn\Microsoft.CSharp.Core.targets(200,5): message : Property reassignment: $(CommandLineArgsForDesignTimeEvaluation)="-langversion:14.0 -define:TRACE" (previous value: "-langversion:14.0") at C:\Program Files\dotnet\sdk\10.0.103\Roslyn\Microsoft.CSharp.Core.targets (200,5)
       The "NuGetInteractive" property is a global property, and cannot be modified.
       The "VSTestNoBuild" property is a global property, and cannot be modified.
       The "VSTestNoBuild" property is a global property, and cannot be modified.
       C:\Users\rolfe\.nuget\packages\microsoft.codecoverage\17.14.1\build\netstandard2.0\Microsoft.CodeCoverage.targets(32,5): message : Property reassignment: $(_msCoverageSourceRootTargetName)="InitializeSourceRootMappedPaths" (previous value: "MsCoverageGetPathMap") at C:\Users\rolfe\.nuget\packages\microsoft.codecoverage\17.14.1\build\netstandard2.0\Microsoft.CodeCoverage.targets (32,5)
       C:\Users\rolfe\.nuget\packages\microsoft.net.test.sdk\17.14.1\build\net8.0\Microsoft.NET.Test.Sdk.targets(21,5): message : Property reassignment: $(OutputType)="Exe" (previous value: "Library") at C:\Users\rolfe\.nuget\packages\microsoft.net.test.sdk\17.14.1\build\net8.0\Microsoft.NET.Test.Sdk.targets (21,5)
       C:\Program Files\dotnet\sdk\10.0.103\Sdks\Microsoft.NET.Sdk\targets\Microsoft.PackageDependencyResolution.targets(29,5): message : Property reassignment: $(ProjectAssetsCacheFile)="C:\Users\rolfe\git\own\Villa-Annunziata\hotelDroid\src\HotelDroid.Shared\obj\Debug\net10.0\HotelDroid.Shared.assets.cache" (previous value: "obj\Debug\net10.0\HotelDroid.Shared.assets.cache") at C:\Program Files\dotnet\sdk\10.0.103\Sdks\Microsoft.NET.Sdk\targets\Microsoft.PackageDependencyResolution.targets (29,5)
       C:\Program Files\dotnet\sdk\10.0.103\Sdks\Microsoft.NET.Sdk\targets\Microsoft.PackageDependencyResolution.targets(80,5): message : Property reassignment: $(ResolveAssemblyReferencesDependsOn)="
       C:\Program Files\dotnet\sdk\10.0.103\Sdks\Microsoft.NET.Sdk\targets\Microsoft.PackageDependencyResolution.targets(80,5): message :       
       C:\Program Files\dotnet\sdk\10.0.103\Sdks\Microsoft.NET.Sdk\targets\Microsoft.PackageDependencyResolution.targets(80,5): message :       ResolveProjectReferences;
       C:\Program Files\dotnet\sdk\10.0.103\Sdks\Microsoft.NET.Sdk\targets\Microsoft.PackageDependencyResolution.targets(80,5): message :       FindInvalidProjectReferences;
       C:\Program Files\dotnet\sdk\10.0.103\Sdks\Microsoft.NET.Sdk\targets\Microsoft.PackageDependencyResolution.targets(80,5): message :       GetFrameworkPaths;
       C:\Program Files\dotnet\sdk\10.0.103\Sdks\Microsoft.NET.Sdk\targets\Microsoft.PackageDependencyResolution.targets(80,5): message :       GetReferenceAssemblyPaths;
       C:\Program Files\dotnet\sdk\10.0.103\Sdks\Microsoft.NET.Sdk\targets\Microsoft.PackageDependencyResolution.targets(80,5): message :       PrepareForBuild;
       C:\Program Files\dotnet\sdk\10.0.103\Sdks\Microsoft.NET.Sdk\targets\Microsoft.PackageDependencyResolution.targets(80,5): message :       ResolveSDKReferences;
       C:\Program Files\dotnet\sdk\10.0.103\Sdks\Microsoft.NET.Sdk\targets\Microsoft.PackageDependencyResolution.targets(80,5): message :       ExpandSDKReferences;
       C:\Program Files\dotnet\sdk\10.0.103\Sdks\Microsoft.NET.Sdk\targets\Microsoft.PackageDependencyResolution.targets(80,5): message :     ;
       C:\Program Files\dotnet\sdk\10.0.103\Sdks\Microsoft.NET.Sdk\targets\Microsoft.PackageDependencyResolution.targets(80,5): message :       ResolvePackageDependenciesForBuild;
       C:\Program Files\dotnet\sdk\10.0.103\Sdks\Microsoft.NET.Sdk\targets\Microsoft.PackageDependencyResolution.targets(80,5): message :       _HandlePackageFileConflicts;
       C:\Program Files\dotnet\sdk\10.0.103\Sdks\Microsoft.NET.Sdk\targets\Microsoft.PackageDependencyResolution.targets(80,5): message :     " (previous value: "
       C:\Program Files\dotnet\sdk\10.0.103\Sdks\Microsoft.NET.Sdk\targets\Microsoft.PackageDependencyResolution.targets(80,5): message :       ResolveProjectReferences;
       C:\Program Files\dotnet\sdk\10.0.103\Sdks\Microsoft.NET.Sdk\targets\Microsoft.PackageDependencyResolution.targets(80,5): message :       FindInvalidProjectReferences;
       C:\Program Files\dotnet\sdk\10.0.103\Sdks\Microsoft.NET.Sdk\targets\Microsoft.PackageDependencyResolution.targets(80,5): message :       GetFrameworkPaths;
       C:\Program Files\dotnet\sdk\10.0.103\Sdks\Microsoft.NET.Sdk\targets\Microsoft.PackageDependencyResolution.targets(80,5): message :       GetReferenceAssemblyPaths;
       C:\Program Files\dotnet\sdk\10.0.103\Sdks\Microsoft.NET.Sdk\targets\Microsoft.PackageDependencyResolution.targets(80,5): message :       PrepareForBuild;
       C:\Program Files\dotnet\sdk\10.0.103\Sdks\Microsoft.NET.Sdk\targets\Microsoft.PackageDependencyResolution.targets(80,5): message :       ResolveSDKReferences;
       C:\Program Files\dotnet\sdk\10.0.103\Sdks\Microsoft.NET.Sdk\targets\Microsoft.PackageDependencyResolution.targets(80,5): message :       ExpandSDKReferences;
       C:\Program Files\dotnet\sdk\10.0.103\Sdks\Microsoft.NET.Sdk\targets\Microsoft.PackageDependencyResolution.targets(80,5): message :     ") at C:\Program Files\dotnet\sdk\10.0.103\Sdks\Microsoft.NET.Sdk\targets\Microsoft.PackageDependencyResolution.targets (80,5)
       C:\Program Files\dotnet\sdk\10.0.103\Sdks\Microsoft.NET.Sdk\targets\Microsoft.PackageDependencyResolution.targets(86,5): message : Property reassignment: $(PrepareResourcesDependsOn)="
       C:\Program Files\dotnet\sdk\10.0.103\Sdks\Microsoft.NET.Sdk\targets\Microsoft.PackageDependencyResolution.targets(86,5): message :       ResolvePackageDependenciesForBuild;
       C:\Program Files\dotnet\sdk\10.0.103\Sdks\Microsoft.NET.Sdk\targets\Microsoft.PackageDependencyResolution.targets(86,5): message :       _HandlePackageFileConflicts;
       C:\Program Files\dotnet\sdk\10.0.103\Sdks\Microsoft.NET.Sdk\targets\Microsoft.PackageDependencyResolution.targets(86,5): message :       
       C:\Program Files\dotnet\sdk\10.0.103\Sdks\Microsoft.NET.Sdk\targets\Microsoft.PackageDependencyResolution.targets(86,5): message :       ;
       C:\Program Files\dotnet\sdk\10.0.103\Sdks\Microsoft.NET.Sdk\targets\Microsoft.PackageDependencyResolution.targets(86,5): message :       PrepareResourceNames;
       C:\Program Files\dotnet\sdk\10.0.103\Sdks\Microsoft.NET.Sdk\targets\Microsoft.PackageDependencyResolution.targets(86,5): message :       ResGen;
       C:\Program Files\dotnet\sdk\10.0.103\Sdks\Microsoft.NET.Sdk\targets\Microsoft.PackageDependencyResolution.targets(86,5): message :       CompileLicxFiles
       C:\Program Files\dotnet\sdk\10.0.103\Sdks\Microsoft.NET.Sdk\targets\Microsoft.PackageDependencyResolution.targets(86,5): message :     
       C:\Program Files\dotnet\sdk\10.0.103\Sdks\Microsoft.NET.Sdk\targets\Microsoft.PackageDependencyResolution.targets(86,5): message :     " (previous value: "
       C:\Program Files\dotnet\sdk\10.0.103\Sdks\Microsoft.NET.Sdk\targets\Microsoft.PackageDependencyResolution.targets(86,5): message :       ;
       C:\Program Files\dotnet\sdk\10.0.103\Sdks\Microsoft.NET.Sdk\targets\Microsoft.PackageDependencyResolution.targets(86,5): message :       PrepareResourceNames;
       C:\Program Files\dotnet\sdk\10.0.103\Sdks\Microsoft.NET.Sdk\targets\Microsoft.PackageDependencyResolution.targets(86,5): message :       ResGen;
       C:\Program Files\dotnet\sdk\10.0.103\Sdks\Microsoft.NET.Sdk\targets\Microsoft.PackageDependencyResolution.targets(86,5): message :       CompileLicxFiles
       C:\Program Files\dotnet\sdk\10.0.103\Sdks\Microsoft.NET.Sdk\targets\Microsoft.PackageDependencyResolution.targets(86,5): message :     ") at C:\Program Files\dotnet\sdk\10.0.103\Sdks\Microsoft.NET.Sdk\targets\Microsoft.PackageDependencyResolution.targets (86,5)
       C:\Program Files\dotnet\sdk\10.0.103\Sdks\Microsoft.NET.Sdk\targets\Microsoft.NET.Sdk.DefaultItems.targets(35,5): message : Property reassignment: $(DefaultItemExcludes)=";bin\Debug\/**;obj\Debug\/**;bin\/**" (previous value: ";bin\Debug\/**;obj\Debug\/**") at C:\Program Files\dotnet\sdk\10.0.103\Sdks\Microsoft.NET.Sdk\targets\Microsoft.NET.Sdk.DefaultItems.targets (35,5)
       C:\Program Files\dotnet\sdk\10.0.103\Sdks\Microsoft.NET.Sdk\targets\Microsoft.NET.Sdk.DefaultItems.targets(37,5): message : Property reassignment: $(DefaultItemExcludes)=";bin\Debug\/**;obj\Debug\/**;bin\/**;obj\/**" (previous value: ";bin\Debug\/**;obj\Debug\/**;bin\/**") at C:\Program Files\dotnet\sdk\10.0.103\Sdks\Microsoft.NET.Sdk\targets\Microsoft.NET.Sdk.DefaultItems.targets (37,5)
       C:\Program Files\dotnet\sdk\10.0.103\Sdks\Microsoft.NET.Sdk\targets\Microsoft.NET.Sdk.DefaultItems.targets(40,5): message : Property reassignment: $(DefaultItemExcludes)=";bin\Debug\/**;obj\Debug\/**;bin\/**;obj\/**;**/*.user" (previous value: ";bin\Debug\/**;obj\Debug\/**;bin\/**;obj\/**") at C:\Program Files\dotnet\sdk\10.0.103\Sdks\Microsoft.NET.Sdk\targets\Microsoft.NET.Sdk.DefaultItems.targets (40,5)
       C:\Users\rolfe\.nuget\packages\coverlet.collector\6.0.4\build\netstandard2.0\coverlet.collector.targets(32,5): message : Property reassignment: $(_CoverletSourceRootTargetName)="InitializeSourceRootMappedPaths" (previous value: "CoverletGetPathMap") at C:\Users\rolfe\.nuget\packages\coverlet.collector\6.0.4\build\netstandard2.0\coverlet.collector.targets (32,5)
       C:\Program Files\dotnet\sdk\10.0.103\Sdks\Microsoft.NET.Sdk\targets\Microsoft.NET.Sdk.DefaultItems.targets(41,5): message : Property reassignment: $(DefaultItemExcludes)=";bin\Debug\/**;obj\Debug\/**;bin\/**;obj\/**;**/*.user;**/*.*proj" (previous value: ";bin\Debug\/**;obj\Debug\/**;bin\/**;obj\/**;**/*.user") at C:\Program Files\dotnet\sdk\10.0.103\Sdks\Microsoft.NET.Sdk\targets\Microsoft.NET.Sdk.DefaultItems.targets (41,5)
       C:\Program Files\dotnet\sdk\10.0.103\Sdks\Microsoft.NET.Sdk\targets\Microsoft.NET.Sdk.DefaultItems.targets(42,5): message : Property reassignment: $(DefaultItemExcludes)=";bin\Debug\/**;obj\Debug\/**;bin\/**;obj\/**;**/*.user;**/*.*proj;**/*.sln" (previous value: ";bin\Debug\/**;obj\Debug\/**;bin\/**;obj\/**;**/*.user;**/*.*proj") at C:\Program Files\dotnet\sdk\10.0.103\Sdks\Microsoft.NET.Sdk\targets\Microsoft.NET.Sdk.DefaultItems.targets (42,5)
       C:\Program Files\dotnet\sdk\10.0.103\Sdks\Microsoft.NET.Sdk\targets\Microsoft.NET.Sdk.DefaultItems.targets(43,5): message : Property reassignment: $(DefaultItemExcludes)=";bin\Debug\/**;obj\Debug\/**;bin\/**;obj\/**;**/*.user;**/*.*proj;**/*.sln;**/*.slnx" (previous value: ";bin\Debug\/**;obj\Debug\/**;bin\/**;obj\/**;**/*.user;**/*.*proj;**/*.sln") at C:\Program Files\dotnet\sdk\10.0.103\Sdks\Microsoft.NET.Sdk\targets\Microsoft.NET.Sdk.DefaultItems.targets (43,5)
       C:\Program Files\dotnet\sdk\10.0.103\Sdks\Microsoft.NET.Sdk\targets\Microsoft.NET.Sdk.DefaultItems.targets(44,5): message : Property reassignment: $(DefaultItemExcludes)=";bin\Debug\/**;obj\Debug\/**;bin\/**;obj\/**;**/*.user;**/*.*proj;**/*.sln;**/*.slnx;**/*.vssscc" (previous value: ";bin\Debug\/**;obj\Debug\/**;bin\/**;obj\/**;**/*.user;**/*.*proj;**/*.sln;**/*.slnx") at C:\Program Files\dotnet\sdk\10.0.103\Sdks\Microsoft.NET.Sdk\targets\Microsoft.NET.Sdk.DefaultItems.targets (44,5)
       C:\Program Files\dotnet\sdk\10.0.103\Sdks\Microsoft.NET.Sdk\targets\Microsoft.NET.Sdk.DefaultItems.targets(45,5): message : Property reassignment: $(DefaultItemExcludes)=";bin\Debug\/**;obj\Debug\/**;bin\/**;obj\/**;**/*.user;**/*.*proj;**/*.sln;**/*.slnx;**/*.vssscc;**/.DS_Store" (previous value: ";bin\Debug\/**;obj\Debug\/**;bin\/**;obj\/**;**/*.user;**/*.*proj;**/*.sln;**/*.slnx;**/*.vssscc") at C:\Program Files\dotnet\sdk\10.0.103\Sdks\Microsoft.NET.Sdk\targets\Microsoft.NET.Sdk.DefaultItems.targets (45,5)
       C:\Program Files\dotnet\sdk\10.0.103\Sdks\Microsoft.NET.Sdk\targets\Microsoft.NET.Sdk.FrameworkReferenceResolution.targets(14,5): message : Property reassignment: $(ResolveAssemblyReferencesDependsOn)="
       C:\Program Files\dotnet\sdk\10.0.103\Sdks\Microsoft.NET.Sdk\targets\Microsoft.NET.Sdk.FrameworkReferenceResolution.targets(14,5): message :       
       C:\Program Files\dotnet\sdk\10.0.103\Sdks\Microsoft.NET.Sdk\targets\Microsoft.NET.Sdk.FrameworkReferenceResolution.targets(14,5): message :       
       C:\Program Files\dotnet\sdk\10.0.103\Sdks\Microsoft.NET.Sdk\targets\Microsoft.NET.Sdk.FrameworkReferenceResolution.targets(14,5): message :       ResolveProjectReferences;
       C:\Program Files\dotnet\sdk\10.0.103\Sdks\Microsoft.NET.Sdk\targets\Microsoft.NET.Sdk.FrameworkReferenceResolution.targets(14,5): message :       FindInvalidProjectReferences;
       C:\Program Files\dotnet\sdk\10.0.103\Sdks\Microsoft.NET.Sdk\targets\Microsoft.NET.Sdk.FrameworkReferenceResolution.targets(14,5): message :       GetFrameworkPaths;
       C:\Program Files\dotnet\sdk\10.0.103\Sdks\Microsoft.NET.Sdk\targets\Microsoft.NET.Sdk.FrameworkReferenceResolution.targets(14,5): message :       GetReferenceAssemblyPaths;
       C:\Program Files\dotnet\sdk\10.0.103\Sdks\Microsoft.NET.Sdk\targets\Microsoft.NET.Sdk.FrameworkReferenceResolution.targets(14,5): message :       PrepareForBuild;
       C:\Program Files\dotnet\sdk\10.0.103\Sdks\Microsoft.NET.Sdk\targets\Microsoft.NET.Sdk.FrameworkReferenceResolution.targets(14,5): message :       ResolveSDKReferences;
       C:\Program Files\dotnet\sdk\10.0.103\Sdks\Microsoft.NET.Sdk\targets\Microsoft.NET.Sdk.FrameworkReferenceResolution.targets(14,5): message :       ExpandSDKReferences;
       C:\Program Files\dotnet\sdk\10.0.103\Sdks\Microsoft.NET.Sdk\targets\Microsoft.NET.Sdk.FrameworkReferenceResolution.targets(14,5): message :     ;
       C:\Program Files\dotnet\sdk\10.0.103\Sdks\Microsoft.NET.Sdk\targets\Microsoft.NET.Sdk.FrameworkReferenceResolution.targets(14,5): message :       ResolvePackageDependenciesForBuild;
       C:\Program Files\dotnet\sdk\10.0.103\Sdks\Microsoft.NET.Sdk\targets\Microsoft.NET.Sdk.FrameworkReferenceResolution.targets(14,5): message :       _HandlePackageFileConflicts;
       C:\Program Files\dotnet\sdk\10.0.103\Sdks\Microsoft.NET.Sdk\targets\Microsoft.NET.Sdk.FrameworkReferenceResolution.targets(14,5): message :     ;
       C:\Program Files\dotnet\sdk\10.0.103\Sdks\Microsoft.NET.Sdk\targets\Microsoft.NET.Sdk.FrameworkReferenceResolution.targets(14,5): message :       ResolveTargetingPackAssets;
       C:\Program Files\dotnet\sdk\10.0.103\Sdks\Microsoft.NET.Sdk\targets\Microsoft.NET.Sdk.FrameworkReferenceResolution.targets(14,5): message :     " (previous value: "
       C:\Program Files\dotnet\sdk\10.0.103\Sdks\Microsoft.NET.Sdk\targets\Microsoft.NET.Sdk.FrameworkReferenceResolution.targets(14,5): message :       
       C:\Program Files\dotnet\sdk\10.0.103\Sdks\Microsoft.NET.Sdk\targets\Microsoft.NET.Sdk.FrameworkReferenceResolution.targets(14,5): message :       ResolveProjectReferences;
       C:\Program Files\dotnet\sdk\10.0.103\Sdks\Microsoft.NET.Sdk\targets\Microsoft.NET.Sdk.FrameworkReferenceResolution.targets(14,5): message :       FindInvalidProjectReferences;
       C:\Program Files\dotnet\sdk\10.0.103\Sdks\Microsoft.NET.Sdk\targets\Microsoft.NET.Sdk.FrameworkReferenceResolution.targets(14,5): message :       GetFrameworkPaths;
       C:\Program Files\dotnet\sdk\10.0.103\Sdks\Microsoft.NET.Sdk\targets\Microsoft.NET.Sdk.FrameworkReferenceResolution.targets(14,5): message :       GetReferenceAssemblyPaths;
       C:\Program Files\dotnet\sdk\10.0.103\Sdks\Microsoft.NET.Sdk\targets\Microsoft.NET.Sdk.FrameworkReferenceResolution.targets(14,5): message :       PrepareForBuild;
       C:\Program Files\dotnet\sdk\10.0.103\Sdks\Microsoft.NET.Sdk\targets\Microsoft.NET.Sdk.FrameworkReferenceResolution.targets(14,5): message :       ResolveSDKReferences;
       C:\Program Files\dotnet\sdk\10.0.103\Sdks\Microsoft.NET.Sdk\targets\Microsoft.NET.Sdk.FrameworkReferenceResolution.targets(14,5): message :       ExpandSDKReferences;
       C:\Program Files\dotnet\sdk\10.0.103\Sdks\Microsoft.NET.Sdk\targets\Microsoft.NET.Sdk.FrameworkReferenceResolution.targets(14,5): message :     ;
       C:\Program Files\dotnet\sdk\10.0.103\Sdks\Microsoft.NET.Sdk\targets\Microsoft.NET.Sdk.FrameworkReferenceResolution.targets(14,5): message :       ResolvePackageDependenciesForBuild;
       C:\Program Files\dotnet\sdk\10.0.103\Sdks\Microsoft.NET.Sdk\targets\Microsoft.NET.Sdk.FrameworkReferenceResolution.targets(14,5): message :       _HandlePackageFileConflicts;
       C:\Program Files\dotnet\sdk\10.0.103\Sdks\Microsoft.NET.Sdk\targets\Microsoft.NET.Sdk.FrameworkReferenceResolution.targets(14,5): message :     ") at C:\Program Files\dotnet\sdk\10.0.103\Sdks\Microsoft.NET.Sdk\targets\Microsoft.NET.Sdk.FrameworkReferenceResolution.targets (14,5)
       C:\Program Files\dotnet\sdk\10.0.103\Sdks\Microsoft.NET.Sdk\targets\Microsoft.NET.Sdk.targets(44,5): message : Property reassignment: $(_GenerateRuntimeConfigurationPropertyInputsCache)="C:\Users\rolfe\git\own\Villa-Annunziata\hotelDroid\src\HotelDroid.Shared\obj\Debug\net10.0\HotelDroid.Shared.genruntimeconfig.cache" (previous value: "obj\Debug\net10.0\HotelDroid.Shared.genruntimeconfig.cache") at C:\Program Files\dotnet\sdk\10.0.103\Sdks\Microsoft.NET.Sdk\targets\Microsoft.NET.Sdk.targets (44,5)
       C:\Program Files\dotnet\sdk\10.0.103\Sdks\Microsoft.NET.Sdk\targets\Microsoft.NET.Sdk.targets(46,5): message : Property reassignment: $(_GeneratePublishDependencyFilePropertyInputsCache)="C:\Users\rolfe\git\own\Villa-Annunziata\hotelDroid\src\HotelDroid.Shared\obj\Debug\net10.0\HotelDroid.Shared.genpublishdeps.cache" (previous value: "obj\Debug\net10.0\HotelDroid.Shared.genpublishdeps.cache") at C:\Program Files\dotnet\sdk\10.0.103\Sdks\Microsoft.NET.Sdk\targets\Microsoft.NET.Sdk.targets (46,5)
       C:\Program Files\dotnet\sdk\10.0.103\Sdks\Microsoft.NET.Sdk\targets\Microsoft.NET.Sdk.targets(48,5): message : Property reassignment: $(_GenerateSingleFileBundlePropertyInputsCache)="C:\Users\rolfe\git\own\Villa-Annunziata\hotelDroid\src\HotelDroid.Shared\obj\Debug\net10.0\HotelDroid.Shared.genbundle.cache" (previous value: "obj\Debug\net10.0\HotelDroid.Shared.genbundle.cache") at C:\Program Files\dotnet\sdk\10.0.103\Sdks\Microsoft.NET.Sdk\targets\Microsoft.NET.Sdk.targets (48,5)
       C:\Program Files\dotnet\sdk\10.0.103\Sdks\Microsoft.NET.Sdk\targets\Microsoft.NET.Sdk.targets(81,5): message : Property reassignment: $(GenerateRuntimeConfigDevFile)="false" (previous value: "true") at C:\Program Files\dotnet\sdk\10.0.103\Sdks\Microsoft.NET.Sdk\targets\Microsoft.NET.Sdk.targets (81,5)
       C:\Program Files\dotnet\sdk\10.0.103\Sdks\Microsoft.NET.Sdk\targets\Microsoft.NET.Sdk.targets(98,5): message : Property reassignment: $(_DefaultUserProfileRuntimeStorePath)="C:\Users\rolfe" (previous value: "") at C:\Program Files\dotnet\sdk\10.0.103\Sdks\Microsoft.NET.Sdk\targets\Microsoft.NET.Sdk.targets (98,5)
       C:\Program Files\dotnet\sdk\10.0.103\Sdks\Microsoft.NET.Sdk\targets\Microsoft.NET.Sdk.targets(99,5): message : Property reassignment: $(_DefaultUserProfileRuntimeStorePath)="C:\Users\rolfe\.dotnet\store" (previous value: "C:\Users\rolfe") at C:\Program Files\dotnet\sdk\10.0.103\Sdks\Microsoft.NET.Sdk\targets\Microsoft.NET.Sdk.targets (99,5)
       Assembly loaded during Evaluation: Microsoft.Build.Utilities.Core, Version=15.1.0.0, Culture=neutral, PublicKeyToken=b03f5f7f11d50a3a (location: C:\Program Files\dotnet\sdk\10.0.103\Microsoft.Build.Utilities.Core.dll, MVID: f1451a5e-5f7f-4573-9f12-a7d129e87106, AssemblyLoadContext: Default)
       C:\Program Files\dotnet\sdk\10.0.103\Sdks\Microsoft.NET.Sdk\targets\Microsoft.NET.Sdk.targets(144,5): message : Property reassignment: $(AvailablePlatforms)="Any CPU,x86,x64,ARM32" (previous value: "Any CPU,x86,x64") at C:\Program Files\dotnet\sdk\10.0.103\Sdks\Microsoft.NET.Sdk\targets\Microsoft.NET.Sdk.targets (144,5)
       C:\Program Files\dotnet\sdk\10.0.103\Sdks\Microsoft.NET.Sdk\targets\Microsoft.NET.Sdk.targets(148,5): message : Property reassignment: $(AvailablePlatforms)="Any CPU,x86,x64,ARM32,ARM64" (previous value: "Any CPU,x86,x64,ARM32") at C:\Program Files\dotnet\sdk\10.0.103\Sdks\Microsoft.NET.Sdk\targets\Microsoft.NET.Sdk.targets (148,5)
       C:\Program Files\dotnet\sdk\10.0.103\Sdks\Microsoft.NET.Sdk\targets\Microsoft.NET.Sdk.targets(204,5): message : Property reassignment: $(CoreBuildDependsOn)="
       C:\Program Files\dotnet\sdk\10.0.103\Sdks\Microsoft.NET.Sdk\targets\Microsoft.NET.Sdk.targets(204,5): message :       _CheckForBuildWithNoBuild;
       C:\Program Files\dotnet\sdk\10.0.103\Sdks\Microsoft.NET.Sdk\targets\Microsoft.NET.Sdk.targets(204,5): message :       
       C:\Program Files\dotnet\sdk\10.0.103\Sdks\Microsoft.NET.Sdk\targets\Microsoft.NET.Sdk.targets(204,5): message :       BuildOnlySettings;
       C:\Program Files\dotnet\sdk\10.0.103\Sdks\Microsoft.NET.Sdk\targets\Microsoft.NET.Sdk.targets(204,5): message :       PrepareForBuild;
       C:\Program Files\dotnet\sdk\10.0.103\Sdks\Microsoft.NET.Sdk\targets\Microsoft.NET.Sdk.targets(204,5): message :       PreBuildEvent;
       C:\Program Files\dotnet\sdk\10.0.103\Sdks\Microsoft.NET.Sdk\targets\Microsoft.NET.Sdk.targets(204,5): message :       ResolveReferences;
       C:\Program Files\dotnet\sdk\10.0.103\Sdks\Microsoft.NET.Sdk\targets\Microsoft.NET.Sdk.targets(204,5): message :       PrepareResources;
       C:\Program Files\dotnet\sdk\10.0.103\Sdks\Microsoft.NET.Sdk\targets\Microsoft.NET.Sdk.targets(204,5): message :       ResolveKeySource;
       C:\Program Files\dotnet\sdk\10.0.103\Sdks\Microsoft.NET.Sdk\targets\Microsoft.NET.Sdk.targets(204,5): message :       Compile;
       C:\Program Files\dotnet\sdk\10.0.103\Sdks\Microsoft.NET.Sdk\targets\Microsoft.NET.Sdk.targets(204,5): message :       ExportWindowsMDFile;
       C:\Program Files\dotnet\sdk\10.0.103\Sdks\Microsoft.NET.Sdk\targets\Microsoft.NET.Sdk.targets(204,5): message :       UnmanagedUnregistration;
       C:\Program Files\dotnet\sdk\10.0.103\Sdks\Microsoft.NET.Sdk\targets\Microsoft.NET.Sdk.targets(204,5): message :       GenerateSerializationAssemblies;
       C:\Program Files\dotnet\sdk\10.0.103\Sdks\Microsoft.NET.Sdk\targets\Microsoft.NET.Sdk.targets(204,5): message :       CreateSatelliteAssemblies;
       C:\Program Files\dotnet\sdk\10.0.103\Sdks\Microsoft.NET.Sdk\targets\Microsoft.NET.Sdk.targets(204,5): message :       GenerateManifests;
       C:\Program Files\dotnet\sdk\10.0.103\Sdks\Microsoft.NET.Sdk\targets\Microsoft.NET.Sdk.targets(204,5): message :       GetTargetPath;
       C:\Program Files\dotnet\sdk\10.0.103\Sdks\Microsoft.NET.Sdk\targets\Microsoft.NET.Sdk.targets(204,5): message :       PrepareForRun;
       C:\Program Files\dotnet\sdk\10.0.103\Sdks\Microsoft.NET.Sdk\targets\Microsoft.NET.Sdk.targets(204,5): message :       UnmanagedRegistration;
       C:\Program Files\dotnet\sdk\10.0.103\Sdks\Microsoft.NET.Sdk\targets\Microsoft.NET.Sdk.targets(204,5): message :       IncrementalClean;
       C:\Program Files\dotnet\sdk\10.0.103\Sdks\Microsoft.NET.Sdk\targets\Microsoft.NET.Sdk.targets(204,5): message :       PostBuildEvent
       C:\Program Files\dotnet\sdk\10.0.103\Sdks\Microsoft.NET.Sdk\targets\Microsoft.NET.Sdk.targets(204,5): message :     ;
       C:\Program Files\dotnet\sdk\10.0.103\Sdks\Microsoft.NET.Sdk\targets\Microsoft.NET.Sdk.targets(204,5): message :       GenerateBuildDependencyFile;
       C:\Program Files\dotnet\sdk\10.0.103\Sdks\Microsoft.NET.Sdk\targets\Microsoft.NET.Sdk.targets(204,5): message :       GenerateBuildRuntimeConfigurationFiles
       C:\Program Files\dotnet\sdk\10.0.103\Sdks\Microsoft.NET.Sdk\targets\Microsoft.NET.Sdk.targets(204,5): message :     " (previous value: "
       C:\Program Files\dotnet\sdk\10.0.103\Sdks\Microsoft.NET.Sdk\targets\Microsoft.NET.Sdk.targets(204,5): message :       BuildOnlySettings;
       C:\Program Files\dotnet\sdk\10.0.103\Sdks\Microsoft.NET.Sdk\targets\Microsoft.NET.Sdk.targets(204,5): message :       PrepareForBuild;
       C:\Program Files\dotnet\sdk\10.0.103\Sdks\Microsoft.NET.Sdk\targets\Microsoft.NET.Sdk.targets(204,5): message :       PreBuildEvent;
       C:\Program Files\dotnet\sdk\10.0.103\Sdks\Microsoft.NET.Sdk\targets\Microsoft.NET.Sdk.targets(204,5): message :       ResolveReferences;
       C:\Program Files\dotnet\sdk\10.0.103\Sdks\Microsoft.NET.Sdk\targets\Microsoft.NET.Sdk.targets(204,5): message :       PrepareResources;
       C:\Program Files\dotnet\sdk\10.0.103\Sdks\Microsoft.NET.Sdk\targets\Microsoft.NET.Sdk.targets(204,5): message :       ResolveKeySource;
       C:\Program Files\dotnet\sdk\10.0.103\Sdks\Microsoft.NET.Sdk\targets\Microsoft.NET.Sdk.targets(204,5): message :       Compile;
       C:\Program Files\dotnet\sdk\10.0.103\Sdks\Microsoft.NET.Sdk\targets\Microsoft.NET.Sdk.targets(204,5): message :       ExportWindowsMDFile;
       C:\Program Files\dotnet\sdk\10.0.103\Sdks\Microsoft.NET.Sdk\targets\Microsoft.NET.Sdk.targets(204,5): message :       UnmanagedUnregistration;
       C:\Program Files\dotnet\sdk\10.0.103\Sdks\Microsoft.NET.Sdk\targets\Microsoft.NET.Sdk.targets(204,5): message :       GenerateSerializationAssemblies;
       C:\Program Files\dotnet\sdk\10.0.103\Sdks\Microsoft.NET.Sdk\targets\Microsoft.NET.Sdk.targets(204,5): message :       CreateSatelliteAssemblies;
       C:\Program Files\dotnet\sdk\10.0.103\Sdks\Microsoft.NET.Sdk\targets\Microsoft.NET.Sdk.targets(204,5): message :       GenerateManifests;
       C:\Program Files\dotnet\sdk\10.0.103\Sdks\Microsoft.NET.Sdk\targets\Microsoft.NET.Sdk.targets(204,5): message :       GetTargetPath;
       C:\Program Files\dotnet\sdk\10.0.103\Sdks\Microsoft.NET.Sdk\targets\Microsoft.NET.Sdk.targets(204,5): message :       PrepareForRun;
       C:\Program Files\dotnet\sdk\10.0.103\Sdks\Microsoft.NET.Sdk\targets\Microsoft.NET.Sdk.targets(204,5): message :       UnmanagedRegistration;
       C:\Program Files\dotnet\sdk\10.0.103\Sdks\Microsoft.NET.Sdk\targets\Microsoft.NET.Sdk.targets(204,5): message :       IncrementalClean;
       C:\Program Files\dotnet\sdk\10.0.103\Sdks\Microsoft.NET.Sdk\targets\Microsoft.NET.Sdk.targets(204,5): message :       PostBuildEvent
       C:\Program Files\dotnet\sdk\10.0.103\Sdks\Microsoft.NET.Sdk\targets\Microsoft.NET.Sdk.targets(204,5): message :     ") at C:\Program Files\dotnet\sdk\10.0.103\Sdks\Microsoft.NET.Sdk\targets\Microsoft.NET.Sdk.targets (204,5)
       C:\Program Files\dotnet\sdk\10.0.103\Sdks\Microsoft.NET.Sdk\targets\Microsoft.NET.Sdk.targets(213,5): message : Property reassignment: $(CoreCleanDependsOn)="
       C:\Program Files\dotnet\sdk\10.0.103\Sdks\Microsoft.NET.Sdk\targets\Microsoft.NET.Sdk.targets(213,5): message :       _SdkBeforeClean;
       C:\Program Files\dotnet\sdk\10.0.103\Sdks\Microsoft.NET.Sdk\targets\Microsoft.NET.Sdk.targets(213,5): message :       
       C:\Program Files\dotnet\sdk\10.0.103\Sdks\Microsoft.NET.Sdk\targets\Microsoft.NET.Sdk.targets(213,5): message :     " (previous value: "") at C:\Program Files\dotnet\sdk\10.0.103\Sdks\Microsoft.NET.Sdk\targets\Microsoft.NET.Sdk.targets (213,5)
       C:\Program Files\dotnet\sdk\10.0.103\Sdks\Microsoft.NET.Sdk\targets\Microsoft.NET.Sdk.targets(220,5): message : Property reassignment: $(RebuildDependsOn)="
       C:\Program Files\dotnet\sdk\10.0.103\Sdks\Microsoft.NET.Sdk\targets\Microsoft.NET.Sdk.targets(220,5): message :       _SdkBeforeRebuild;
       C:\Program Files\dotnet\sdk\10.0.103\Sdks\Microsoft.NET.Sdk\targets\Microsoft.NET.Sdk.targets(220,5): message :       
       C:\Program Files\dotnet\sdk\10.0.103\Sdks\Microsoft.NET.Sdk\targets\Microsoft.NET.Sdk.targets(220,5): message :       BeforeRebuild;
       C:\Program Files\dotnet\sdk\10.0.103\Sdks\Microsoft.NET.Sdk\targets\Microsoft.NET.Sdk.targets(220,5): message :       Clean;
       C:\Program Files\dotnet\sdk\10.0.103\Sdks\Microsoft.NET.Sdk\targets\Microsoft.NET.Sdk.targets(220,5): message :       Build;
       C:\Program Files\dotnet\sdk\10.0.103\Sdks\Microsoft.NET.Sdk\targets\Microsoft.NET.Sdk.targets(220,5): message :       AfterRebuild;
       C:\Program Files\dotnet\sdk\10.0.103\Sdks\Microsoft.NET.Sdk\targets\Microsoft.NET.Sdk.targets(220,5): message :     
       C:\Program Files\dotnet\sdk\10.0.103\Sdks\Microsoft.NET.Sdk\targets\Microsoft.NET.Sdk.targets(220,5): message :     " (previous value: "
       C:\Program Files\dotnet\sdk\10.0.103\Sdks\Microsoft.NET.Sdk\targets\Microsoft.NET.Sdk.targets(220,5): message :       BeforeRebuild;
       C:\Program Files\dotnet\sdk\10.0.103\Sdks\Microsoft.NET.Sdk\targets\Microsoft.NET.Sdk.targets(220,5): message :       Clean;
       C:\Program Files\dotnet\sdk\10.0.103\Sdks\Microsoft.NET.Sdk\targets\Microsoft.NET.Sdk.targets(220,5): message :       Build;
       C:\Program Files\dotnet\sdk\10.0.103\Sdks\Microsoft.NET.Sdk\targets\Microsoft.NET.Sdk.targets(220,5): message :       AfterRebuild;
       C:\Program Files\dotnet\sdk\10.0.103\Sdks\Microsoft.NET.Sdk\targets\Microsoft.NET.Sdk.targets(220,5): message :     ") at C:\Program Files\dotnet\sdk\10.0.103\Sdks\Microsoft.NET.Sdk\targets\Microsoft.NET.Sdk.targets (220,5)
       C:\Program Files\dotnet\sdk\10.0.103\Sdks\Microsoft.NET.Sdk\targets\Microsoft.NET.Sdk.targets(799,5): message : Property reassignment: $(CompileDependsOn)="
       C:\Program Files\dotnet\sdk\10.0.103\Sdks\Microsoft.NET.Sdk\targets\Microsoft.NET.Sdk.targets(799,5): message :       
       C:\Program Files\dotnet\sdk\10.0.103\Sdks\Microsoft.NET.Sdk\targets\Microsoft.NET.Sdk.targets(799,5): message :       ResolveReferences;
       C:\Program Files\dotnet\sdk\10.0.103\Sdks\Microsoft.NET.Sdk\targets\Microsoft.NET.Sdk.targets(799,5): message :       ResolveKeySource;
       C:\Program Files\dotnet\sdk\10.0.103\Sdks\Microsoft.NET.Sdk\targets\Microsoft.NET.Sdk.targets(799,5): message :       SetWin32ManifestProperties;
       C:\Program Files\dotnet\sdk\10.0.103\Sdks\Microsoft.NET.Sdk\targets\Microsoft.NET.Sdk.targets(799,5): message :       _SetPreferNativeArm64Win32ManifestProperties;
       C:\Program Files\dotnet\sdk\10.0.103\Sdks\Microsoft.NET.Sdk\targets\Microsoft.NET.Sdk.targets(799,5): message :       FindReferenceAssembliesForReferences;
       C:\Program Files\dotnet\sdk\10.0.103\Sdks\Microsoft.NET.Sdk\targets\Microsoft.NET.Sdk.targets(799,5): message :       _GenerateCompileInputs;
       C:\Program Files\dotnet\sdk\10.0.103\Sdks\Microsoft.NET.Sdk\targets\Microsoft.NET.Sdk.targets(799,5): message :       BeforeCompile;
       C:\Program Files\dotnet\sdk\10.0.103\Sdks\Microsoft.NET.Sdk\targets\Microsoft.NET.Sdk.targets(799,5): message :       _TimeStampBeforeCompile;
       C:\Program Files\dotnet\sdk\10.0.103\Sdks\Microsoft.NET.Sdk\targets\Microsoft.NET.Sdk.targets(799,5): message :       _GenerateCompileDependencyCache;
       C:\Program Files\dotnet\sdk\10.0.103\Sdks\Microsoft.NET.Sdk\targets\Microsoft.NET.Sdk.targets(799,5): message :       CoreCompile;
       C:\Program Files\dotnet\sdk\10.0.103\Sdks\Microsoft.NET.Sdk\targets\Microsoft.NET.Sdk.targets(799,5): message :       _TimeStampAfterCompile;
       C:\Program Files\dotnet\sdk\10.0.103\Sdks\Microsoft.NET.Sdk\targets\Microsoft.NET.Sdk.targets(799,5): message :       AfterCompile;
       C:\Program Files\dotnet\sdk\10.0.103\Sdks\Microsoft.NET.Sdk\targets\Microsoft.NET.Sdk.targets(799,5): message :     ;
       C:\Program Files\dotnet\sdk\10.0.103\Sdks\Microsoft.NET.Sdk\targets\Microsoft.NET.Sdk.targets(799,5): message :       _CreateAppHost;
       C:\Program Files\dotnet\sdk\10.0.103\Sdks\Microsoft.NET.Sdk\targets\Microsoft.NET.Sdk.targets(799,5): message :       _CreateComHost;
       C:\Program Files\dotnet\sdk\10.0.103\Sdks\Microsoft.NET.Sdk\targets\Microsoft.NET.Sdk.targets(799,5): message :       _GetIjwHostPaths;
       C:\Program Files\dotnet\sdk\10.0.103\Sdks\Microsoft.NET.Sdk\targets\Microsoft.NET.Sdk.targets(799,5): message :     " (previous value: "
       C:\Program Files\dotnet\sdk\10.0.103\Sdks\Microsoft.NET.Sdk\targets\Microsoft.NET.Sdk.targets(799,5): message :       ResolveReferences;
       C:\Program Files\dotnet\sdk\10.0.103\Sdks\Microsoft.NET.Sdk\targets\Microsoft.NET.Sdk.targets(799,5): message :       ResolveKeySource;
       C:\Program Files\dotnet\sdk\10.0.103\Sdks\Microsoft.NET.Sdk\targets\Microsoft.NET.Sdk.targets(799,5): message :       SetWin32ManifestProperties;
       C:\Program Files\dotnet\sdk\10.0.103\Sdks\Microsoft.NET.Sdk\targets\Microsoft.NET.Sdk.targets(799,5): message :       _SetPreferNativeArm64Win32ManifestProperties;
       C:\Program Files\dotnet\sdk\10.0.103\Sdks\Microsoft.NET.Sdk\targets\Microsoft.NET.Sdk.targets(799,5): message :       FindReferenceAssembliesForReferences;
       C:\Program Files\dotnet\sdk\10.0.103\Sdks\Microsoft.NET.Sdk\targets\Microsoft.NET.Sdk.targets(799,5): message :       _GenerateCompileInputs;
       C:\Program Files\dotnet\sdk\10.0.103\Sdks\Microsoft.NET.Sdk\targets\Microsoft.NET.Sdk.targets(799,5): message :       BeforeCompile;
       C:\Program Files\dotnet\sdk\10.0.103\Sdks\Microsoft.NET.Sdk\targets\Microsoft.NET.Sdk.targets(799,5): message :       _TimeStampBeforeCompile;
       C:\Program Files\dotnet\sdk\10.0.103\Sdks\Microsoft.NET.Sdk\targets\Microsoft.NET.Sdk.targets(799,5): message :       _GenerateCompileDependencyCache;
       C:\Program Files\dotnet\sdk\10.0.103\Sdks\Microsoft.NET.Sdk\targets\Microsoft.NET.Sdk.targets(799,5): message :       CoreCompile;
       C:\Program Files\dotnet\sdk\10.0.103\Sdks\Microsoft.NET.Sdk\targets\Microsoft.NET.Sdk.targets(799,5): message :       _TimeStampAfterCompile;
       C:\Program Files\dotnet\sdk\10.0.103\Sdks\Microsoft.NET.Sdk\targets\Microsoft.NET.Sdk.targets(799,5): message :       AfterCompile;
       C:\Program Files\dotnet\sdk\10.0.103\Sdks\Microsoft.NET.Sdk\targets\Microsoft.NET.Sdk.targets(799,5): message :     ") at C:\Program Files\dotnet\sdk\10.0.103\Sdks\Microsoft.NET.Sdk\targets\Microsoft.NET.Sdk.targets (799,5)
       C:\Program Files\dotnet\sdk\10.0.103\Sdks\Microsoft.NET.Sdk\targets\Microsoft.NET.Sdk.targets(1131,5): message : Property reassignment: $(CreateSatelliteAssembliesDependsOn)="
       C:\Program Files\dotnet\sdk\10.0.103\Sdks\Microsoft.NET.Sdk\targets\Microsoft.NET.Sdk.targets(1131,5): message :       
       C:\Program Files\dotnet\sdk\10.0.103\Sdks\Microsoft.NET.Sdk\targets\Microsoft.NET.Sdk.targets(1131,5): message :       ;
       C:\Program Files\dotnet\sdk\10.0.103\Sdks\Microsoft.NET.Sdk\targets\Microsoft.NET.Sdk.targets(1131,5): message :       _GenerateSatelliteAssemblyInputs;
       C:\Program Files\dotnet\sdk\10.0.103\Sdks\Microsoft.NET.Sdk\targets\Microsoft.NET.Sdk.targets(1131,5): message :       ComputeIntermediateSatelliteAssemblies;
       C:\Program Files\dotnet\sdk\10.0.103\Sdks\Microsoft.NET.Sdk\targets\Microsoft.NET.Sdk.targets(1131,5): message :       GenerateSatelliteAssemblies
       C:\Program Files\dotnet\sdk\10.0.103\Sdks\Microsoft.NET.Sdk\targets\Microsoft.NET.Sdk.targets(1131,5): message :     ;
       C:\Program Files\dotnet\sdk\10.0.103\Sdks\Microsoft.NET.Sdk\targets\Microsoft.NET.Sdk.targets(1131,5): message :       CoreGenerateSatelliteAssemblies
       C:\Program Files\dotnet\sdk\10.0.103\Sdks\Microsoft.NET.Sdk\targets\Microsoft.NET.Sdk.targets(1131,5): message :     " (previous value: "
       C:\Program Files\dotnet\sdk\10.0.103\Sdks\Microsoft.NET.Sdk\targets\Microsoft.NET.Sdk.targets(1131,5): message :       ;
       C:\Program Files\dotnet\sdk\10.0.103\Sdks\Microsoft.NET.Sdk\targets\Microsoft.NET.Sdk.targets(1131,5): message :       _GenerateSatelliteAssemblyInputs;
       C:\Program Files\dotnet\sdk\10.0.103\Sdks\Microsoft.NET.Sdk\targets\Microsoft.NET.Sdk.targets(1131,5): message :       ComputeIntermediateSatelliteAssemblies;
       C:\Program Files\dotnet\sdk\10.0.103\Sdks\Microsoft.NET.Sdk\targets\Microsoft.NET.Sdk.targets(1131,5): message :       GenerateSatelliteAssemblies
       C:\Program Files\dotnet\sdk\10.0.103\Sdks\Microsoft.NET.Sdk\targets\Microsoft.NET.Sdk.targets(1131,5): message :     ") at C:\Program Files\dotnet\sdk\10.0.103\Sdks\Microsoft.NET.Sdk\targets\Microsoft.NET.Sdk.targets (1131,5)
       The "Platform" property is a global property, and cannot be modified.
       The "Configuration" property is a global property, and cannot be modified.
       C:\Program Files\dotnet\sdk\10.0.103\Microsoft.Common.CurrentVersion.targets(175,5): message : Property reassignment: $(_DebugSymbolsProduced)="true" (previous value: "false") at C:\Program Files\dotnet\sdk\10.0.103\Microsoft.Common.CurrentVersion.targets (175,5)
       C:\Program Files\dotnet\sdk\10.0.103\Microsoft.Common.CurrentVersion.targets(185,5): message : Property reassignment: $(_DocumentationFileProduced)="false" (previous value: "true") at C:\Program Files\dotnet\sdk\10.0.103\Microsoft.Common.CurrentVersion.targets (185,5)
       The "SolutionName" property is a global property, and cannot be modified.
       The "SolutionFileName" property is a global property, and cannot be modified.
       The "SolutionPath" property is a global property, and cannot be modified.
       C:\Program Files\dotnet\sdk\10.0.103\Sdks\Microsoft.NET.Sdk\targets\Microsoft.NET.Sdk.Common.targets(37,5): message : Property reassignment: $(HasRuntimeOutput)="true" (previous value: "") at C:\Program Files\dotnet\sdk\10.0.103\Sdks\Microsoft.NET.Sdk\targets\Microsoft.NET.Sdk.Common.targets (37,5)
       The "SolutionDir" property is a global property, and cannot be modified.
       The "SolutionExt" property is a global property, and cannot be modified.
       C:\Program Files\dotnet\sdk\10.0.103\Microsoft.Common.CurrentVersion.targets(392,5): message : Property reassignment: $(MSBuildCopyMarkerName)="HotelDro.877462DD" (previous value: "HotelDroid.Client.csproj") at C:\Program Files\dotnet\sdk\10.0.103\Microsoft.Common.CurrentVersion.targets (392,5)
       C:\Program Files\dotnet\sdk\10.0.103\Microsoft.Common.CurrentVersion.targets(393,5): message : Property reassignment: $(MSBuildCopyMarkerName)="HotelDro.877462DD.Up2Date" (previous value: "HotelDro.877462DD") at C:\Program Files\dotnet\sdk\10.0.103\Microsoft.Common.CurrentVersion.targets (393,5)
       C:\Program Files\dotnet\sdk\10.0.103\Microsoft.Common.CurrentVersion.targets(527,5): message : Property reassignment: $(ProcessorArchitecture)="msil" (previous value: "AnyCPU") at C:\Program Files\dotnet\sdk\10.0.103\Microsoft.Common.CurrentVersion.targets (527,5)
       C:\Program Files\dotnet\sdk\10.0.103\Microsoft.Common.CurrentVersion.targets(580,5): message : Property reassignment: $(DelaySign)="" (previous value: "false") at C:\Program Files\dotnet\sdk\10.0.103\Microsoft.Common.CurrentVersion.targets (580,5)
       C:\Program Files\dotnet\sdk\10.0.103\Microsoft.Common.CurrentVersion.targets(2606,5): message : Property 'LOCALAPPDATA' with value 'C:\Users\rolfe\AppData\Local' expanded from the environment.
       C:\Program Files\dotnet\sdk\10.0.103\Microsoft.Common.CurrentVersion.targets(3934,5): message : Property reassignment: $(_SGenGenerateSerializationAssembliesConfig)="Auto" (previous value: "") at C:\Program Files\dotnet\sdk\10.0.103\Microsoft.Common.CurrentVersion.targets (3934,5)
       C:\Program Files\dotnet\sdk\10.0.103\Microsoft.Common.CurrentVersion.targets(3935,5): message : Property reassignment: $(_SGenGenerateSerializationAssembliesConfig)="Off" (previous value: "Auto") at C:\Program Files\dotnet\sdk\10.0.103\Microsoft.Common.CurrentVersion.targets (3935,5)
       C:\Program Files\dotnet\sdk\10.0.103\Microsoft.Common.CurrentVersion.targets(5146,5): message : Property reassignment: $(_TargetsThatPrepareProjectReferences)="
       C:\Program Files\dotnet\sdk\10.0.103\Microsoft.Common.CurrentVersion.targets(5146,5): message :       AssignProjectConfiguration;
       C:\Program Files\dotnet\sdk\10.0.103\Microsoft.Common.CurrentVersion.targets(5146,5): message :       _SplitProjectReferencesByFileExistence
       C:\Program Files\dotnet\sdk\10.0.103\Microsoft.Common.CurrentVersion.targets(5146,5): message :     " (previous value: "_SplitProjectReferencesByFileExistence") at C:\Program Files\dotnet\sdk\10.0.103\Microsoft.Common.CurrentVersion.targets (5146,5)
       C:\Program Files\dotnet\sdk\10.0.103\Microsoft.Common.CurrentVersion.targets(6959,5): message : Property 'MSBuildExtensionsPath32' with value 'C:\Program Files\dotnet\sdk\10.0.103' expanded from the environment.
       C:\Program Files\dotnet\sdk\10.0.103\Sdks\Microsoft.NET.Sdk\targets\Microsoft.PackageDependencyResolution.targets(29,5): message : Property reassignment: $(ProjectAssetsCacheFile)="C:\Users\rolfe\git\own\Villa-Annunziata\hotelDroid\tests\HotelDroid.Api.Tests\obj\Debug\net10.0\HotelDroid.Api.Tests.assets.cache" (previous value: "obj\Debug\net10.0\HotelDroid.Api.Tests.assets.cache") at C:\Program Files\dotnet\sdk\10.0.103\Sdks\Microsoft.NET.Sdk\targets\Microsoft.PackageDependencyResolution.targets (29,5)
       C:\Program Files\dotnet\sdk\10.0.103\Sdks\Microsoft.NET.Sdk\targets\Microsoft.PackageDependencyResolution.targets(80,5): message : Property reassignment: $(ResolveAssemblyReferencesDependsOn)="
       C:\Program Files\dotnet\sdk\10.0.103\Sdks\Microsoft.NET.Sdk\targets\Microsoft.PackageDependencyResolution.targets(80,5): message :       
       C:\Program Files\dotnet\sdk\10.0.103\Sdks\Microsoft.NET.Sdk\targets\Microsoft.PackageDependencyResolution.targets(80,5): message :       ResolveProjectReferences;
       C:\Program Files\dotnet\sdk\10.0.103\Sdks\Microsoft.NET.Sdk\targets\Microsoft.PackageDependencyResolution.targets(80,5): message :       FindInvalidProjectReferences;
       C:\Program Files\dotnet\sdk\10.0.103\Sdks\Microsoft.NET.Sdk\targets\Microsoft.PackageDependencyResolution.targets(80,5): message :       GetFrameworkPaths;
       C:\Program Files\dotnet\sdk\10.0.103\Sdks\Microsoft.NET.Sdk\targets\Microsoft.PackageDependencyResolution.targets(80,5): message :       GetReferenceAssemblyPaths;
       C:\Program Files\dotnet\sdk\10.0.103\Sdks\Microsoft.NET.Sdk\targets\Microsoft.PackageDependencyResolution.targets(80,5): message :       PrepareForBuild;
       C:\Program Files\dotnet\sdk\10.0.103\Sdks\Microsoft.NET.Sdk\targets\Microsoft.PackageDependencyResolution.targets(80,5): message :       ResolveSDKReferences;
       C:\Program Files\dotnet\sdk\10.0.103\Sdks\Microsoft.NET.Sdk\targets\Microsoft.PackageDependencyResolution.targets(80,5): message :       ExpandSDKReferences;
       C:\Program Files\dotnet\sdk\10.0.103\Sdks\Microsoft.NET.Sdk\targets\Microsoft.PackageDependencyResolution.targets(80,5): message :     ;
       C:\Program Files\dotnet\sdk\10.0.103\Sdks\Microsoft.NET.Sdk\targets\Microsoft.PackageDependencyResolution.targets(80,5): message :       ResolvePackageDependenciesForBuild;
       C:\Program Files\dotnet\sdk\10.0.103\Sdks\Microsoft.NET.Sdk\targets\Microsoft.PackageDependencyResolution.targets(80,5): message :       _HandlePackageFileConflicts;
       C:\Program Files\dotnet\sdk\10.0.103\Sdks\Microsoft.NET.Sdk\targets\Microsoft.PackageDependencyResolution.targets(80,5): message :     " (previous value: "
       C:\Program Files\dotnet\sdk\10.0.103\Sdks\Microsoft.NET.Sdk\targets\Microsoft.PackageDependencyResolution.targets(80,5): message :       ResolveProjectReferences;
       C:\Program Files\dotnet\sdk\10.0.103\Sdks\Microsoft.NET.Sdk\targets\Microsoft.PackageDependencyResolution.targets(80,5): message :       FindInvalidProjectReferences;
       C:\Program Files\dotnet\sdk\10.0.103\Sdks\Microsoft.NET.Sdk\targets\Microsoft.PackageDependencyResolution.targets(80,5): message :       GetFrameworkPaths;
       C:\Program Files\dotnet\sdk\10.0.103\Sdks\Microsoft.NET.Sdk\targets\Microsoft.PackageDependencyResolution.targets(80,5): message :       GetReferenceAssemblyPaths;
       C:\Program Files\dotnet\sdk\10.0.103\Sdks\Microsoft.NET.Sdk\targets\Microsoft.PackageDependencyResolution.targets(80,5): message :       PrepareForBuild;
       C:\Program Files\dotnet\sdk\10.0.103\Sdks\Microsoft.NET.Sdk\targets\Microsoft.PackageDependencyResolution.targets(80,5): message :       ResolveSDKReferences;
       C:\Program Files\dotnet\sdk\10.0.103\Sdks\Microsoft.NET.Sdk\targets\Microsoft.PackageDependencyResolution.targets(80,5): message :       ExpandSDKReferences;
       C:\Program Files\dotnet\sdk\10.0.103\Sdks\Microsoft.NET.Sdk\targets\Microsoft.PackageDependencyResolution.targets(80,5): message :     ") at C:\Program Files\dotnet\sdk\10.0.103\Sdks\Microsoft.NET.Sdk\targets\Microsoft.PackageDependencyResolution.targets (80,5)
       C:\Program Files\dotnet\sdk\10.0.103\Sdks\Microsoft.NET.Sdk\targets\Microsoft.PackageDependencyResolution.targets(86,5): message : Property reassignment: $(PrepareResourcesDependsOn)="
       C:\Program Files\dotnet\sdk\10.0.103\Sdks\Microsoft.NET.Sdk\targets\Microsoft.PackageDependencyResolution.targets(86,5): message :       ResolvePackageDependenciesForBuild;
       C:\Program Files\dotnet\sdk\10.0.103\Sdks\Microsoft.NET.Sdk\targets\Microsoft.PackageDependencyResolution.targets(86,5): message :       _HandlePackageFileConflicts;
       C:\Program Files\dotnet\sdk\10.0.103\Sdks\Microsoft.NET.Sdk\targets\Microsoft.PackageDependencyResolution.targets(86,5): message :       
       C:\Program Files\dotnet\sdk\10.0.103\Sdks\Microsoft.NET.Sdk\targets\Microsoft.PackageDependencyResolution.targets(86,5): message :       ;
       C:\Program Files\dotnet\sdk\10.0.103\Sdks\Microsoft.NET.Sdk\targets\Microsoft.PackageDependencyResolution.targets(86,5): message :       PrepareResourceNames;
       C:\Program Files\dotnet\sdk\10.0.103\Sdks\Microsoft.NET.Sdk\targets\Microsoft.PackageDependencyResolution.targets(86,5): message :       ResGen;
       C:\Program Files\dotnet\sdk\10.0.103\Sdks\Microsoft.NET.Sdk\targets\Microsoft.PackageDependencyResolution.targets(86,5): message :       CompileLicxFiles
       C:\Program Files\dotnet\sdk\10.0.103\Sdks\Microsoft.NET.Sdk\targets\Microsoft.PackageDependencyResolution.targets(86,5): message :     
       C:\Program Files\dotnet\sdk\10.0.103\Sdks\Microsoft.NET.Sdk\targets\Microsoft.PackageDependencyResolution.targets(86,5): message :     " (previous value: "
       C:\Program Files\dotnet\sdk\10.0.103\Sdks\Microsoft.NET.Sdk\targets\Microsoft.PackageDependencyResolution.targets(86,5): message :       ;
       C:\Program Files\dotnet\sdk\10.0.103\Sdks\Microsoft.NET.Sdk\targets\Microsoft.PackageDependencyResolution.targets(86,5): message :       PrepareResourceNames;
       C:\Program Files\dotnet\sdk\10.0.103\Sdks\Microsoft.NET.Sdk\targets\Microsoft.PackageDependencyResolution.targets(86,5): message :       ResGen;
       C:\Program Files\dotnet\sdk\10.0.103\Sdks\Microsoft.NET.Sdk\targets\Microsoft.PackageDependencyResolution.targets(86,5): message :       CompileLicxFiles
       C:\Program Files\dotnet\sdk\10.0.103\Sdks\Microsoft.NET.Sdk\targets\Microsoft.PackageDependencyResolution.targets(86,5): message :     ") at C:\Program Files\dotnet\sdk\10.0.103\Sdks\Microsoft.NET.Sdk\targets\Microsoft.PackageDependencyResolution.targets (86,5)
       C:\Program Files\dotnet\sdk\10.0.103\Sdks\Microsoft.SourceLink.GitLab\build\Microsoft.SourceLink.GitLab.targets(12,5): message : Property reassignment: $(SourceLinkUrlInitializerTargets)=";_InitializeGitHubSourceLinkUrl;_InitializeGitLabSourceLinkUrl" (previous value: ";_InitializeGitHubSourceLinkUrl") at C:\Program Files\dotnet\sdk\10.0.103\Sdks\Microsoft.SourceLink.GitLab\build\Microsoft.SourceLink.GitLab.targets (12,5)
       C:\Program Files\dotnet\sdk\10.0.103\Sdks\Microsoft.SourceLink.GitLab\build\Microsoft.SourceLink.GitLab.targets(13,5): message : Property reassignment: $(SourceControlManagerUrlTranslationTargets)=";TranslateGitHubUrlsInSourceControlInformation;TranslateGitLabUrlsInSourceControlInformation" (previous value: ";TranslateGitHubUrlsInSourceControlInformation") at C:\Program Files\dotnet\sdk\10.0.103\Sdks\Microsoft.SourceLink.GitLab\build\Microsoft.SourceLink.GitLab.targets (13,5)
       C:\Program Files\dotnet\sdk\10.0.103\Sdks\Microsoft.SourceLink.AzureRepos.Git\build\Microsoft.SourceLink.AzureRepos.Git.targets(12,5): message : Property reassignment: $(SourceLinkUrlInitializerTargets)=";_InitializeGitHubSourceLinkUrl;_InitializeGitLabSourceLinkUrl;_InitializeAzureReposGitSourceLinkUrl" (previous value: ";_InitializeGitHubSourceLinkUrl;_InitializeGitLabSourceLinkUrl") at C:\Program Files\dotnet\sdk\10.0.103\Sdks\Microsoft.SourceLink.AzureRepos.Git\build\Microsoft.SourceLink.AzureRepos.Git.targets (12,5)
       C:\Program Files\dotnet\sdk\10.0.103\Sdks\Microsoft.NET.Sdk\targets\Microsoft.NET.Sdk.DefaultItems.targets(35,5): message : Property reassignment: $(DefaultItemExcludes)=";bin\Debug\/**;obj\Debug\/**;bin\/**" (previous value: ";bin\Debug\/**;obj\Debug\/**") at C:\Program Files\dotnet\sdk\10.0.103\Sdks\Microsoft.NET.Sdk\targets\Microsoft.NET.Sdk.DefaultItems.targets (35,5)
       C:\Program Files\dotnet\sdk\10.0.103\Sdks\Microsoft.SourceLink.AzureRepos.Git\build\Microsoft.SourceLink.AzureRepos.Git.targets(13,5): message : Property reassignment: $(SourceControlManagerUrlTranslationTargets)=";TranslateGitHubUrlsInSourceControlInformation;TranslateGitLabUrlsInSourceControlInformation;TranslateAzureReposGitUrlsInSourceControlInformation" (previous value: ";TranslateGitHubUrlsInSourceControlInformation;TranslateGitLabUrlsInSourceControlInformation") at C:\Program Files\dotnet\sdk\10.0.103\Sdks\Microsoft.SourceLink.AzureRepos.Git\build\Microsoft.SourceLink.AzureRepos.Git.targets (13,5)
       C:\Program Files\dotnet\sdk\10.0.103\Sdks\Microsoft.NET.Sdk\targets\Microsoft.NET.Sdk.DefaultItems.targets(37,5): message : Property reassignment: $(DefaultItemExcludes)=";bin\Debug\/**;obj\Debug\/**;bin\/**;obj\/**" (previous value: ";bin\Debug\/**;obj\Debug\/**;bin\/**") at C:\Program Files\dotnet\sdk\10.0.103\Sdks\Microsoft.NET.Sdk\targets\Microsoft.NET.Sdk.DefaultItems.targets (37,5)
       C:\Program Files\dotnet\sdk\10.0.103\Sdks\Microsoft.NET.Sdk\targets\Microsoft.NET.Sdk.DefaultItems.targets(40,5): message : Property reassignment: $(DefaultItemExcludes)=";bin\Debug\/**;obj\Debug\/**;bin\/**;obj\/**;**/*.user" (previous value: ";bin\Debug\/**;obj\Debug\/**;bin\/**;obj\/**") at C:\Program Files\dotnet\sdk\10.0.103\Sdks\Microsoft.NET.Sdk\targets\Microsoft.NET.Sdk.DefaultItems.targets (40,5)
       C:\Program Files\dotnet\sdk\10.0.103\Sdks\Microsoft.NET.Sdk\targets\Microsoft.NET.Sdk.DefaultItems.targets(41,5): message : Property reassignment: $(DefaultItemExcludes)=";bin\Debug\/**;obj\Debug\/**;bin\/**;obj\/**;**/*.user;**/*.*proj" (previous value: ";bin\Debug\/**;obj\Debug\/**;bin\/**;obj\/**;**/*.user") at C:\Program Files\dotnet\sdk\10.0.103\Sdks\Microsoft.NET.Sdk\targets\Microsoft.NET.Sdk.DefaultItems.targets (41,5)
       C:\Program Files\dotnet\sdk\10.0.103\Sdks\Microsoft.NET.Sdk\targets\Microsoft.NET.Sdk.DefaultItems.targets(42,5): message : Property reassignment: $(DefaultItemExcludes)=";bin\Debug\/**;obj\Debug\/**;bin\/**;obj\/**;**/*.user;**/*.*proj;**/*.sln" (previous value: ";bin\Debug\/**;obj\Debug\/**;bin\/**;obj\/**;**/*.user;**/*.*proj") at C:\Program Files\dotnet\sdk\10.0.103\Sdks\Microsoft.NET.Sdk\targets\Microsoft.NET.Sdk.DefaultItems.targets (42,5)
       C:\Program Files\dotnet\sdk\10.0.103\Sdks\Microsoft.NET.Sdk\targets\Microsoft.NET.Sdk.DefaultItems.targets(43,5): message : Property reassignment: $(DefaultItemExcludes)=";bin\Debug\/**;obj\Debug\/**;bin\/**;obj\/**;**/*.user;**/*.*proj;**/*.sln;**/*.slnx" (previous value: ";bin\Debug\/**;obj\Debug\/**;bin\/**;obj\/**;**/*.user;**/*.*proj;**/*.sln") at C:\Program Files\dotnet\sdk\10.0.103\Sdks\Microsoft.NET.Sdk\targets\Microsoft.NET.Sdk.DefaultItems.targets (43,5)
       C:\Program Files\dotnet\sdk\10.0.103\Sdks\Microsoft.NET.Sdk\targets\Microsoft.NET.Sdk.DefaultItems.targets(44,5): message : Property reassignment: $(DefaultItemExcludes)=";bin\Debug\/**;obj\Debug\/**;bin\/**;obj\/**;**/*.user;**/*.*proj;**/*.sln;**/*.slnx;**/*.vssscc" (previous value: ";bin\Debug\/**;obj\Debug\/**;bin\/**;obj\/**;**/*.user;**/*.*proj;**/*.sln;**/*.slnx") at C:\Program Files\dotnet\sdk\10.0.103\Sdks\Microsoft.NET.Sdk\targets\Microsoft.NET.Sdk.DefaultItems.targets (44,5)
       C:\Program Files\dotnet\sdk\10.0.103\Sdks\Microsoft.NET.Sdk\targets\Microsoft.NET.Sdk.DefaultItems.targets(45,5): message : Property reassignment: $(DefaultItemExcludes)=";bin\Debug\/**;obj\Debug\/**;bin\/**;obj\/**;**/*.user;**/*.*proj;**/*.sln;**/*.slnx;**/*.vssscc;**/.DS_Store" (previous value: ";bin\Debug\/**;obj\Debug\/**;bin\/**;obj\/**;**/*.user;**/*.*proj;**/*.sln;**/*.slnx;**/*.vssscc") at C:\Program Files\dotnet\sdk\10.0.103\Sdks\Microsoft.NET.Sdk\targets\Microsoft.NET.Sdk.DefaultItems.targets (45,5)
       C:\Program Files\dotnet\sdk\10.0.103\Sdks\Microsoft.SourceLink.Bitbucket.Git\build\Microsoft.SourceLink.Bitbucket.Git.targets(12,5): message : Property reassignment: $(SourceLinkUrlInitializerTargets)=";_InitializeGitHubSourceLinkUrl;_InitializeGitLabSourceLinkUrl;_InitializeAzureReposGitSourceLinkUrl;_InitializeBitbucketGitSourceLinkUrl" (previous value: ";_InitializeGitHubSourceLinkUrl;_InitializeGitLabSourceLinkUrl;_InitializeAzureReposGitSourceLinkUrl") at C:\Program Files\dotnet\sdk\10.0.103\Sdks\Microsoft.SourceLink.Bitbucket.Git\build\Microsoft.SourceLink.Bitbucket.Git.targets (12,5)
       C:\Program Files\dotnet\sdk\10.0.103\Sdks\Microsoft.SourceLink.Bitbucket.Git\build\Microsoft.SourceLink.Bitbucket.Git.targets(13,5): message : Property reassignment: $(SourceControlManagerUrlTranslationTargets)=";TranslateGitHubUrlsInSourceControlInformation;TranslateGitLabUrlsInSourceControlInformation;TranslateAzureReposGitUrlsInSourceControlInformation;TranslateBitbucketGitUrlsInSourceControlInformation" (previous value: ";TranslateGitHubUrlsInSourceControlInformation;TranslateGitLabUrlsInSourceControlInformation;TranslateAzureReposGitUrlsInSourceControlInformation") at C:\Program Files\dotnet\sdk\10.0.103\Sdks\Microsoft.SourceLink.Bitbucket.Git\build\Microsoft.SourceLink.Bitbucket.Git.targets (13,5)
       The "NuGetInteractive" property is a global property, and cannot be modified.
       C:\Program Files\dotnet\sdk\10.0.103\Sdks\Microsoft.NET.Sdk\targets\Microsoft.NET.DesignerSupport.targets(21,5): message : Property reassignment: $(DesignerRuntimeImplementationProjectOutputGroupDependsOn)="
       C:\Program Files\dotnet\sdk\10.0.103\Sdks\Microsoft.NET.Sdk\targets\Microsoft.NET.DesignerSupport.targets(21,5): message :       
       C:\Program Files\dotnet\sdk\10.0.103\Sdks\Microsoft.NET.Sdk\targets\Microsoft.NET.DesignerSupport.targets(21,5): message :       ;
       C:\Program Files\dotnet\sdk\10.0.103\Sdks\Microsoft.NET.Sdk\targets\Microsoft.NET.DesignerSupport.targets(21,5): message :       
       C:\Program Files\dotnet\sdk\10.0.103\Sdks\Microsoft.NET.Sdk\targets\Microsoft.NET.DesignerSupport.targets(21,5): message :       ;
       C:\Program Files\dotnet\sdk\10.0.103\Sdks\Microsoft.NET.Sdk\targets\Microsoft.NET.DesignerSupport.targets(21,5): message :       BuildOnlySettings;
       C:\Program Files\dotnet\sdk\10.0.103\Sdks\Microsoft.NET.Sdk\targets\Microsoft.NET.DesignerSupport.targets(21,5): message :       PrepareForBuild;
       C:\Program Files\dotnet\sdk\10.0.103\Sdks\Microsoft.NET.Sdk\targets\Microsoft.NET.DesignerSupport.targets(21,5): message :       AssignTargetPaths;
       C:\Program Files\dotnet\sdk\10.0.103\Sdks\Microsoft.NET.Sdk\targets\Microsoft.NET.DesignerSupport.targets(21,5): message :       ResolveReferences
       C:\Program Files\dotnet\sdk\10.0.103\Sdks\Microsoft.NET.Sdk\targets\Microsoft.NET.DesignerSupport.targets(21,5): message :     
       C:\Program Files\dotnet\sdk\10.0.103\Sdks\Microsoft.NET.Sdk\targets\Microsoft.NET.DesignerSupport.targets(21,5): message :     ;
       C:\Program Files\dotnet\sdk\10.0.103\Sdks\Microsoft.NET.Sdk\targets\Microsoft.NET.DesignerSupport.targets(21,5): message :       _GenerateDesignerDepsFile;
       C:\Program Files\dotnet\sdk\10.0.103\Sdks\Microsoft.NET.Sdk\targets\Microsoft.NET.DesignerSupport.targets(21,5): message :       _GenerateDesignerRuntimeConfigFile;
       C:\Program Files\dotnet\sdk\10.0.103\Sdks\Microsoft.NET.Sdk\targets\Microsoft.NET.DesignerSupport.targets(21,5): message :       GetCopyToOutputDirectoryItems;
       C:\Program Files\dotnet\sdk\10.0.103\Sdks\Microsoft.NET.Sdk\targets\Microsoft.NET.DesignerSupport.targets(21,5): message :       _GatherDesignerShadowCopyFiles;
       C:\Program Files\dotnet\sdk\10.0.103\Sdks\Microsoft.NET.Sdk\targets\Microsoft.NET.DesignerSupport.targets(21,5): message :     " (previous value: "
       C:\Program Files\dotnet\sdk\10.0.103\Sdks\Microsoft.NET.Sdk\targets\Microsoft.NET.DesignerSupport.targets(21,5): message :       ;
       C:\Program Files\dotnet\sdk\10.0.103\Sdks\Microsoft.NET.Sdk\targets\Microsoft.NET.DesignerSupport.targets(21,5): message :       
       C:\Program Files\dotnet\sdk\10.0.103\Sdks\Microsoft.NET.Sdk\targets\Microsoft.NET.DesignerSupport.targets(21,5): message :       ;
       C:\Program Files\dotnet\sdk\10.0.103\Sdks\Microsoft.NET.Sdk\targets\Microsoft.NET.DesignerSupport.targets(21,5): message :       BuildOnlySettings;
       C:\Program Files\dotnet\sdk\10.0.103\Sdks\Microsoft.NET.Sdk\targets\Microsoft.NET.DesignerSupport.targets(21,5): message :       PrepareForBuild;
       C:\Program Files\dotnet\sdk\10.0.103\Sdks\Microsoft.NET.Sdk\targets\Microsoft.NET.DesignerSupport.targets(21,5): message :       AssignTargetPaths;
       C:\Program Files\dotnet\sdk\10.0.103\Sdks\Microsoft.NET.Sdk\targets\Microsoft.NET.DesignerSupport.targets(21,5): message :       ResolveReferences
       C:\Program Files\dotnet\sdk\10.0.103\Sdks\Microsoft.NET.Sdk\targets\Microsoft.NET.DesignerSupport.targets(21,5): message :     
       C:\Program Files\dotnet\sdk\10.0.103\Sdks\Microsoft.NET.Sdk\targets\Microsoft.NET.DesignerSupport.targets(21,5): message :     ") at C:\Program Files\dotnet\sdk\10.0.103\Sdks\Microsoft.NET.Sdk\targets\Microsoft.NET.DesignerSupport.targets (21,5)
       C:\Program Files\dotnet\sdk\10.0.103\Sdks\Microsoft.NET.Sdk\targets\Microsoft.NET.Sdk.FrameworkReferenceResolution.targets(14,5): message : Property reassignment: $(ResolveAssemblyReferencesDependsOn)="
       C:\Program Files\dotnet\sdk\10.0.103\Sdks\Microsoft.NET.Sdk\targets\Microsoft.NET.Sdk.FrameworkReferenceResolution.targets(14,5): message :       
       C:\Program Files\dotnet\sdk\10.0.103\Sdks\Microsoft.NET.Sdk\targets\Microsoft.NET.Sdk.FrameworkReferenceResolution.targets(14,5): message :       
       C:\Program Files\dotnet\sdk\10.0.103\Sdks\Microsoft.NET.Sdk\targets\Microsoft.NET.Sdk.FrameworkReferenceResolution.targets(14,5): message :       ResolveProjectReferences;
       C:\Program Files\dotnet\sdk\10.0.103\Sdks\Microsoft.NET.Sdk\targets\Microsoft.NET.Sdk.FrameworkReferenceResolution.targets(14,5): message :       FindInvalidProjectReferences;
       C:\Program Files\dotnet\sdk\10.0.103\Sdks\Microsoft.NET.Sdk\targets\Microsoft.NET.Sdk.FrameworkReferenceResolution.targets(14,5): message :       GetFrameworkPaths;
       C:\Program Files\dotnet\sdk\10.0.103\Sdks\Microsoft.NET.Sdk\targets\Microsoft.NET.Sdk.FrameworkReferenceResolution.targets(14,5): message :       GetReferenceAssemblyPaths;
       C:\Program Files\dotnet\sdk\10.0.103\Sdks\Microsoft.NET.Sdk\targets\Microsoft.NET.Sdk.FrameworkReferenceResolution.targets(14,5): message :       PrepareForBuild;
       C:\Program Files\dotnet\sdk\10.0.103\Sdks\Microsoft.NET.Sdk\targets\Microsoft.NET.Sdk.FrameworkReferenceResolution.targets(14,5): message :       ResolveSDKReferences;
       C:\Program Files\dotnet\sdk\10.0.103\Sdks\Microsoft.NET.Sdk\targets\Microsoft.NET.Sdk.FrameworkReferenceResolution.targets(14,5): message :       ExpandSDKReferences;
       C:\Program Files\dotnet\sdk\10.0.103\Sdks\Microsoft.NET.Sdk\targets\Microsoft.NET.Sdk.FrameworkReferenceResolution.targets(14,5): message :     ;
       C:\Program Files\dotnet\sdk\10.0.103\Sdks\Microsoft.NET.Sdk\targets\Microsoft.NET.Sdk.FrameworkReferenceResolution.targets(14,5): message :       ResolvePackageDependenciesForBuild;
       C:\Program Files\dotnet\sdk\10.0.103\Sdks\Microsoft.NET.Sdk\targets\Microsoft.NET.Sdk.FrameworkReferenceResolution.targets(14,5): message :       _HandlePackageFileConflicts;
       C:\Program Files\dotnet\sdk\10.0.103\Sdks\Microsoft.NET.Sdk\targets\Microsoft.NET.Sdk.FrameworkReferenceResolution.targets(14,5): message :     ;
       C:\Program Files\dotnet\sdk\10.0.103\Sdks\Microsoft.NET.Sdk\targets\Microsoft.NET.Sdk.FrameworkReferenceResolution.targets(14,5): message :       ResolveTargetingPackAssets;
       C:\Program Files\dotnet\sdk\10.0.103\Sdks\Microsoft.NET.Sdk\targets\Microsoft.NET.Sdk.FrameworkReferenceResolution.targets(14,5): message :     " (previous value: "
       C:\Program Files\dotnet\sdk\10.0.103\Sdks\Microsoft.NET.Sdk\targets\Microsoft.NET.Sdk.FrameworkReferenceResolution.targets(14,5): message :       
       C:\Program Files\dotnet\sdk\10.0.103\Sdks\Microsoft.NET.Sdk\targets\Microsoft.NET.Sdk.FrameworkReferenceResolution.targets(14,5): message :       ResolveProjectReferences;
       C:\Program Files\dotnet\sdk\10.0.103\Sdks\Microsoft.NET.Sdk\targets\Microsoft.NET.Sdk.FrameworkReferenceResolution.targets(14,5): message :       FindInvalidProjectReferences;
       C:\Program Files\dotnet\sdk\10.0.103\Sdks\Microsoft.NET.Sdk\targets\Microsoft.NET.Sdk.FrameworkReferenceResolution.targets(14,5): message :       GetFrameworkPaths;
       C:\Program Files\dotnet\sdk\10.0.103\Sdks\Microsoft.NET.Sdk\targets\Microsoft.NET.Sdk.FrameworkReferenceResolution.targets(14,5): message :       GetReferenceAssemblyPaths;
       C:\Program Files\dotnet\sdk\10.0.103\Sdks\Microsoft.NET.Sdk\targets\Microsoft.NET.Sdk.FrameworkReferenceResolution.targets(14,5): message :       PrepareForBuild;
       C:\Program Files\dotnet\sdk\10.0.103\Sdks\Microsoft.NET.Sdk\targets\Microsoft.NET.Sdk.FrameworkReferenceResolution.targets(14,5): message :       ResolveSDKReferences;
       C:\Program Files\dotnet\sdk\10.0.103\Sdks\Microsoft.NET.Sdk\targets\Microsoft.NET.Sdk.FrameworkReferenceResolution.targets(14,5): message :       ExpandSDKReferences;
       C:\Program Files\dotnet\sdk\10.0.103\Sdks\Microsoft.NET.Sdk\targets\Microsoft.NET.Sdk.FrameworkReferenceResolution.targets(14,5): message :     ;
       C:\Program Files\dotnet\sdk\10.0.103\Sdks\Microsoft.NET.Sdk\targets\Microsoft.NET.Sdk.FrameworkReferenceResolution.targets(14,5): message :       ResolvePackageDependenciesForBuild;
       C:\Program Files\dotnet\sdk\10.0.103\Sdks\Microsoft.NET.Sdk\targets\Microsoft.NET.Sdk.FrameworkReferenceResolution.targets(14,5): message :       _HandlePackageFileConflicts;
       C:\Program Files\dotnet\sdk\10.0.103\Sdks\Microsoft.NET.Sdk\targets\Microsoft.NET.Sdk.FrameworkReferenceResolution.targets(14,5): message :     ") at C:\Program Files\dotnet\sdk\10.0.103\Sdks\Microsoft.NET.Sdk\targets\Microsoft.NET.Sdk.FrameworkReferenceResolution.targets (14,5)
       C:\Program Files\dotnet\sdk\10.0.103\Sdks\Microsoft.NET.Sdk\targets\Microsoft.NET.Sdk.targets(44,5): message : Property reassignment: $(_GenerateRuntimeConfigurationPropertyInputsCache)="C:\Users\rolfe\git\own\Villa-Annunziata\hotelDroid\tests\HotelDroid.Api.Tests\obj\Debug\net10.0\HotelDroid.Api.Tests.genruntimeconfig.cache" (previous value: "obj\Debug\net10.0\HotelDroid.Api.Tests.genruntimeconfig.cache") at C:\Program Files\dotnet\sdk\10.0.103\Sdks\Microsoft.NET.Sdk\targets\Microsoft.NET.Sdk.targets (44,5)
       C:\Program Files\dotnet\sdk\10.0.103\Sdks\Microsoft.NET.Sdk\targets\Microsoft.NET.Sdk.targets(46,5): message : Property reassignment: $(_GeneratePublishDependencyFilePropertyInputsCache)="C:\Users\rolfe\git\own\Villa-Annunziata\hotelDroid\tests\HotelDroid.Api.Tests\obj\Debug\net10.0\HotelDroid.Api.Tests.genpublishdeps.cache" (previous value: "obj\Debug\net10.0\HotelDroid.Api.Tests.genpublishdeps.cache") at C:\Program Files\dotnet\sdk\10.0.103\Sdks\Microsoft.NET.Sdk\targets\Microsoft.NET.Sdk.targets (46,5)
       C:\Program Files\dotnet\sdk\10.0.103\Sdks\Microsoft.NET.Sdk\targets\Microsoft.NET.Sdk.targets(48,5): message : Property reassignment: $(_GenerateSingleFileBundlePropertyInputsCache)="C:\Users\rolfe\git\own\Villa-Annunziata\hotelDroid\tests\HotelDroid.Api.Tests\obj\Debug\net10.0\HotelDroid.Api.Tests.genbundle.cache" (previous value: "obj\Debug\net10.0\HotelDroid.Api.Tests.genbundle.cache") at C:\Program Files\dotnet\sdk\10.0.103\Sdks\Microsoft.NET.Sdk\targets\Microsoft.NET.Sdk.targets (48,5)
       C:\Program Files\dotnet\sdk\10.0.103\Sdks\Microsoft.NET.Sdk\targets\Microsoft.NET.Sdk.targets(81,5): message : Property reassignment: $(GenerateRuntimeConfigDevFile)="false" (previous value: "true") at C:\Program Files\dotnet\sdk\10.0.103\Sdks\Microsoft.NET.Sdk\targets\Microsoft.NET.Sdk.targets (81,5)
       C:\Program Files\dotnet\sdk\10.0.103\Sdks\Microsoft.NET.Sdk\targets\Microsoft.NET.Sdk.targets(98,5): message : Property reassignment: $(_DefaultUserProfileRuntimeStorePath)="C:\Users\rolfe" (previous value: "") at C:\Program Files\dotnet\sdk\10.0.103\Sdks\Microsoft.NET.Sdk\targets\Microsoft.NET.Sdk.targets (98,5)
       C:\Program Files\dotnet\sdk\10.0.103\Sdks\Microsoft.NET.Sdk\targets\Microsoft.NET.Sdk.targets(99,5): message : Property reassignment: $(_DefaultUserProfileRuntimeStorePath)="C:\Users\rolfe\.dotnet\store" (previous value: "C:\Users\rolfe") at C:\Program Files\dotnet\sdk\10.0.103\Sdks\Microsoft.NET.Sdk\targets\Microsoft.NET.Sdk.targets (99,5)
       C:\Program Files\dotnet\sdk\10.0.103\Sdks\Microsoft.NET.Sdk\targets\Microsoft.NET.Sdk.targets(144,5): message : Property reassignment: $(AvailablePlatforms)="Any CPU,x86,x64,ARM32" (previous value: "Any CPU,x86,x64") at C:\Program Files\dotnet\sdk\10.0.103\Sdks\Microsoft.NET.Sdk\targets\Microsoft.NET.Sdk.targets (144,5)
       C:\Program Files\dotnet\sdk\10.0.103\Sdks\Microsoft.NET.Sdk\targets\Microsoft.NET.Sdk.targets(148,5): message : Property reassignment: $(AvailablePlatforms)="Any CPU,x86,x64,ARM32,ARM64" (previous value: "Any CPU,x86,x64,ARM32") at C:\Program Files\dotnet\sdk\10.0.103\Sdks\Microsoft.NET.Sdk\targets\Microsoft.NET.Sdk.targets (148,5)
       C:\Program Files\dotnet\sdk\10.0.103\Sdks\Microsoft.NET.Sdk\targets\Microsoft.NET.Sdk.targets(204,5): message : Property reassignment: $(CoreBuildDependsOn)="
       C:\Program Files\dotnet\sdk\10.0.103\Sdks\Microsoft.NET.Sdk\targets\Microsoft.NET.Sdk.targets(204,5): message :       _CheckForBuildWithNoBuild;
       C:\Program Files\dotnet\sdk\10.0.103\Sdks\Microsoft.NET.Sdk\targets\Microsoft.NET.Sdk.targets(204,5): message :       
       C:\Program Files\dotnet\sdk\10.0.103\Sdks\Microsoft.NET.Sdk\targets\Microsoft.NET.Sdk.targets(204,5): message :       BuildOnlySettings;
       C:\Program Files\dotnet\sdk\10.0.103\Sdks\Microsoft.NET.Sdk\targets\Microsoft.NET.Sdk.targets(204,5): message :       PrepareForBuild;
       C:\Program Files\dotnet\sdk\10.0.103\Sdks\Microsoft.NET.Sdk\targets\Microsoft.NET.Sdk.targets(204,5): message :       PreBuildEvent;
       C:\Program Files\dotnet\sdk\10.0.103\Sdks\Microsoft.NET.Sdk\targets\Microsoft.NET.Sdk.targets(204,5): message :       ResolveReferences;
       C:\Program Files\dotnet\sdk\10.0.103\Sdks\Microsoft.NET.Sdk\targets\Microsoft.NET.Sdk.targets(204,5): message :       PrepareResources;
       C:\Program Files\dotnet\sdk\10.0.103\Sdks\Microsoft.NET.Sdk\targets\Microsoft.NET.Sdk.targets(204,5): message :       ResolveKeySource;
       C:\Program Files\dotnet\sdk\10.0.103\Sdks\Microsoft.NET.Sdk\targets\Microsoft.NET.Sdk.targets(204,5): message :       Compile;
       C:\Program Files\dotnet\sdk\10.0.103\Sdks\Microsoft.NET.Sdk\targets\Microsoft.NET.Sdk.targets(204,5): message :       ExportWindowsMDFile;
       C:\Program Files\dotnet\sdk\10.0.103\Sdks\Microsoft.NET.Sdk\targets\Microsoft.NET.Sdk.targets(204,5): message :       UnmanagedUnregistration;
       C:\Program Files\dotnet\sdk\10.0.103\Sdks\Microsoft.NET.Sdk\targets\Microsoft.NET.Sdk.targets(204,5): message :       GenerateSerializationAssemblies;
       C:\Program Files\dotnet\sdk\10.0.103\Sdks\Microsoft.NET.Sdk\targets\Microsoft.NET.Sdk.targets(204,5): message :       CreateSatelliteAssemblies;
       C:\Program Files\dotnet\sdk\10.0.103\Sdks\Microsoft.NET.Sdk\targets\Microsoft.NET.Sdk.targets(204,5): message :       GenerateManifests;
       C:\Program Files\dotnet\sdk\10.0.103\Sdks\Microsoft.NET.Sdk\targets\Microsoft.NET.Sdk.targets(204,5): message :       GetTargetPath;
       C:\Program Files\dotnet\sdk\10.0.103\Sdks\Microsoft.NET.Sdk\targets\Microsoft.NET.Sdk.targets(204,5): message :       PrepareForRun;
       C:\Program Files\dotnet\sdk\10.0.103\Sdks\Microsoft.NET.Sdk\targets\Microsoft.NET.Sdk.targets(204,5): message :       UnmanagedRegistration;
       C:\Program Files\dotnet\sdk\10.0.103\Sdks\Microsoft.NET.Sdk\targets\Microsoft.NET.Sdk.targets(204,5): message :       IncrementalClean;
       C:\Program Files\dotnet\sdk\10.0.103\Sdks\Microsoft.NET.Sdk\targets\Microsoft.NET.Sdk.targets(204,5): message :       PostBuildEvent
       C:\Program Files\dotnet\sdk\10.0.103\Sdks\Microsoft.NET.Sdk\targets\Microsoft.NET.Sdk.targets(204,5): message :     ;
       C:\Program Files\dotnet\sdk\10.0.103\Sdks\Microsoft.NET.Sdk\targets\Microsoft.NET.Sdk.targets(204,5): message :       GenerateBuildDependencyFile;
       C:\Program Files\dotnet\sdk\10.0.103\Sdks\Microsoft.NET.Sdk\targets\Microsoft.NET.Sdk.targets(204,5): message :       GenerateBuildRuntimeConfigurationFiles
       C:\Program Files\dotnet\sdk\10.0.103\Sdks\Microsoft.NET.Sdk\targets\Microsoft.NET.Sdk.targets(204,5): message :     " (previous value: "
       C:\Program Files\dotnet\sdk\10.0.103\Sdks\Microsoft.NET.Sdk\targets\Microsoft.NET.Sdk.targets(204,5): message :       BuildOnlySettings;
       C:\Program Files\dotnet\sdk\10.0.103\Sdks\Microsoft.NET.Sdk\targets\Microsoft.NET.Sdk.targets(204,5): message :       PrepareForBuild;
       C:\Program Files\dotnet\sdk\10.0.103\Sdks\Microsoft.NET.Sdk\targets\Microsoft.NET.Sdk.targets(204,5): message :       PreBuildEvent;
       C:\Program Files\dotnet\sdk\10.0.103\Sdks\Microsoft.NET.Sdk\targets\Microsoft.NET.Sdk.targets(204,5): message :       ResolveReferences;
       C:\Program Files\dotnet\sdk\10.0.103\Sdks\Microsoft.NET.Sdk\targets\Microsoft.NET.Sdk.targets(204,5): message :       PrepareResources;
       C:\Program Files\dotnet\sdk\10.0.103\Sdks\Microsoft.NET.Sdk\targets\Microsoft.NET.Sdk.targets(204,5): message :       ResolveKeySource;
       C:\Program Files\dotnet\sdk\10.0.103\Sdks\Microsoft.NET.Sdk\targets\Microsoft.NET.Sdk.targets(204,5): message :       Compile;
       C:\Program Files\dotnet\sdk\10.0.103\Sdks\Microsoft.NET.Sdk\targets\Microsoft.NET.Sdk.targets(204,5): message :       ExportWindowsMDFile;
       C:\Program Files\dotnet\sdk\10.0.103\Sdks\Microsoft.NET.Sdk\targets\Microsoft.NET.Sdk.targets(204,5): message :       UnmanagedUnregistration;
       C:\Program Files\dotnet\sdk\10.0.103\Sdks\Microsoft.NET.Sdk\targets\Microsoft.NET.Sdk.targets(204,5): message :       GenerateSerializationAssemblies;
       C:\Program Files\dotnet\sdk\10.0.103\Sdks\Microsoft.NET.Sdk\targets\Microsoft.NET.Sdk.targets(204,5): message :       CreateSatelliteAssemblies;
       C:\Program Files\dotnet\sdk\10.0.103\Sdks\Microsoft.NET.Sdk\targets\Microsoft.NET.Sdk.targets(204,5): message :       GenerateManifests;
       C:\Program Files\dotnet\sdk\10.0.103\Sdks\Microsoft.NET.Sdk\targets\Microsoft.NET.Sdk.targets(204,5): message :       GetTargetPath;
       C:\Program Files\dotnet\sdk\10.0.103\Sdks\Microsoft.NET.Sdk\targets\Microsoft.NET.Sdk.targets(204,5): message :       PrepareForRun;
       C:\Program Files\dotnet\sdk\10.0.103\Sdks\Microsoft.NET.Sdk\targets\Microsoft.NET.Sdk.targets(204,5): message :       UnmanagedRegistration;
       C:\Program Files\dotnet\sdk\10.0.103\Sdks\Microsoft.NET.Sdk\targets\Microsoft.NET.Sdk.targets(204,5): message :       IncrementalClean;
       C:\Program Files\dotnet\sdk\10.0.103\Sdks\Microsoft.NET.Sdk\targets\Microsoft.NET.Sdk.targets(204,5): message :       PostBuildEvent
       C:\Program Files\dotnet\sdk\10.0.103\Sdks\Microsoft.NET.Sdk\targets\Microsoft.NET.Sdk.targets(204,5): message :     ") at C:\Program Files\dotnet\sdk\10.0.103\Sdks\Microsoft.NET.Sdk\targets\Microsoft.NET.Sdk.targets (204,5)
       C:\Program Files\dotnet\sdk\10.0.103\Sdks\Microsoft.NET.Sdk\targets\Microsoft.NET.Sdk.targets(213,5): message : Property reassignment: $(CoreCleanDependsOn)="
       C:\Program Files\dotnet\sdk\10.0.103\Sdks\Microsoft.NET.Sdk\targets\Microsoft.NET.Sdk.targets(213,5): message :       _SdkBeforeClean;
       C:\Program Files\dotnet\sdk\10.0.103\Sdks\Microsoft.NET.Sdk\targets\Microsoft.NET.Sdk.targets(213,5): message :       
       C:\Program Files\dotnet\sdk\10.0.103\Sdks\Microsoft.NET.Sdk\targets\Microsoft.NET.Sdk.targets(213,5): message :     " (previous value: "") at C:\Program Files\dotnet\sdk\10.0.103\Sdks\Microsoft.NET.Sdk\targets\Microsoft.NET.Sdk.targets (213,5)
       C:\Program Files\dotnet\sdk\10.0.103\Sdks\Microsoft.NET.Sdk\targets\Microsoft.NET.Sdk.targets(220,5): message : Property reassignment: $(RebuildDependsOn)="
       C:\Program Files\dotnet\sdk\10.0.103\Sdks\Microsoft.NET.Sdk\targets\Microsoft.NET.Sdk.targets(220,5): message :       _SdkBeforeRebuild;
       C:\Program Files\dotnet\sdk\10.0.103\Sdks\Microsoft.NET.Sdk\targets\Microsoft.NET.Sdk.targets(220,5): message :       
       C:\Program Files\dotnet\sdk\10.0.103\Sdks\Microsoft.NET.Sdk\targets\Microsoft.NET.Sdk.targets(220,5): message :       BeforeRebuild;
       C:\Program Files\dotnet\sdk\10.0.103\Sdks\Microsoft.NET.Sdk\targets\Microsoft.NET.Sdk.targets(220,5): message :       Clean;
       C:\Program Files\dotnet\sdk\10.0.103\Sdks\Microsoft.NET.Sdk\targets\Microsoft.NET.Sdk.targets(220,5): message :       Build;
       C:\Program Files\dotnet\sdk\10.0.103\Sdks\Microsoft.NET.Sdk\targets\Microsoft.NET.Sdk.targets(220,5): message :       AfterRebuild;
       C:\Program Files\dotnet\sdk\10.0.103\Sdks\Microsoft.NET.Sdk\targets\Microsoft.NET.Sdk.targets(220,5): message :     
       C:\Program Files\dotnet\sdk\10.0.103\Sdks\Microsoft.NET.Sdk\targets\Microsoft.NET.Sdk.targets(220,5): message :     " (previous value: "
       C:\Program Files\dotnet\sdk\10.0.103\Sdks\Microsoft.NET.Sdk\targets\Microsoft.NET.Sdk.targets(220,5): message :       BeforeRebuild;
       C:\Program Files\dotnet\sdk\10.0.103\Sdks\Microsoft.NET.Sdk\targets\Microsoft.NET.Sdk.targets(220,5): message :       Clean;
       C:\Program Files\dotnet\sdk\10.0.103\Sdks\Microsoft.NET.Sdk\targets\Microsoft.NET.Sdk.targets(220,5): message :       Build;
       C:\Program Files\dotnet\sdk\10.0.103\Sdks\Microsoft.NET.Sdk\targets\Microsoft.NET.Sdk.targets(220,5): message :       AfterRebuild;
       C:\Program Files\dotnet\sdk\10.0.103\Sdks\Microsoft.NET.Sdk\targets\Microsoft.NET.Sdk.targets(220,5): message :     ") at C:\Program Files\dotnet\sdk\10.0.103\Sdks\Microsoft.NET.Sdk\targets\Microsoft.NET.Sdk.targets (220,5)
       C:\Program Files\dotnet\sdk\10.0.103\Sdks\Microsoft.NET.Sdk\targets\Microsoft.NET.Sdk.targets(799,5): message : Property reassignment: $(CompileDependsOn)="
       C:\Program Files\dotnet\sdk\10.0.103\Sdks\Microsoft.NET.Sdk\targets\Microsoft.NET.Sdk.targets(799,5): message :       
       C:\Program Files\dotnet\sdk\10.0.103\Sdks\Microsoft.NET.Sdk\targets\Microsoft.NET.Sdk.targets(799,5): message :       ResolveReferences;
       C:\Program Files\dotnet\sdk\10.0.103\Sdks\Microsoft.NET.Sdk\targets\Microsoft.NET.Sdk.targets(799,5): message :       ResolveKeySource;
       C:\Program Files\dotnet\sdk\10.0.103\Sdks\Microsoft.NET.Sdk\targets\Microsoft.NET.Sdk.targets(799,5): message :       SetWin32ManifestProperties;
       C:\Program Files\dotnet\sdk\10.0.103\Sdks\Microsoft.NET.Sdk\targets\Microsoft.NET.Sdk.targets(799,5): message :       _SetPreferNativeArm64Win32ManifestProperties;
       C:\Program Files\dotnet\sdk\10.0.103\Sdks\Microsoft.NET.Sdk\targets\Microsoft.NET.Sdk.targets(799,5): message :       FindReferenceAssembliesForReferences;
       C:\Program Files\dotnet\sdk\10.0.103\Sdks\Microsoft.NET.Sdk\targets\Microsoft.NET.Sdk.targets(799,5): message :       _GenerateCompileInputs;
       C:\Program Files\dotnet\sdk\10.0.103\Sdks\Microsoft.NET.Sdk\targets\Microsoft.NET.Sdk.targets(799,5): message :       BeforeCompile;
       C:\Program Files\dotnet\sdk\10.0.103\Sdks\Microsoft.NET.Sdk\targets\Microsoft.NET.Sdk.targets(799,5): message :       _TimeStampBeforeCompile;
       C:\Program Files\dotnet\sdk\10.0.103\Sdks\Microsoft.NET.Sdk\targets\Microsoft.NET.Sdk.targets(799,5): message :       _GenerateCompileDependencyCache;
       C:\Program Files\dotnet\sdk\10.0.103\Sdks\Microsoft.NET.Sdk\targets\Microsoft.NET.Sdk.targets(799,5): message :       CoreCompile;
       C:\Program Files\dotnet\sdk\10.0.103\Sdks\Microsoft.NET.Sdk\targets\Microsoft.NET.Sdk.targets(799,5): message :       _TimeStampAfterCompile;
       C:\Program Files\dotnet\sdk\10.0.103\Sdks\Microsoft.NET.Sdk\targets\Microsoft.NET.Sdk.targets(799,5): message :       AfterCompile;
       C:\Program Files\dotnet\sdk\10.0.103\Sdks\Microsoft.NET.Sdk\targets\Microsoft.NET.Sdk.targets(799,5): message :     ;
       C:\Program Files\dotnet\sdk\10.0.103\Sdks\Microsoft.NET.Sdk\targets\Microsoft.NET.Sdk.targets(799,5): message :       _CreateAppHost;
       C:\Program Files\dotnet\sdk\10.0.103\Sdks\Microsoft.NET.Sdk\targets\Microsoft.NET.Sdk.targets(799,5): message :       _CreateComHost;
       C:\Program Files\dotnet\sdk\10.0.103\Sdks\Microsoft.NET.Sdk\targets\Microsoft.NET.Sdk.targets(799,5): message :       _GetIjwHostPaths;
       C:\Program Files\dotnet\sdk\10.0.103\Sdks\Microsoft.NET.Sdk\targets\Microsoft.NET.Sdk.targets(799,5): message :     " (previous value: "
       C:\Program Files\dotnet\sdk\10.0.103\Sdks\Microsoft.NET.Sdk\targets\Microsoft.NET.Sdk.targets(799,5): message :       ResolveReferences;
       C:\Program Files\dotnet\sdk\10.0.103\Sdks\Microsoft.NET.Sdk\targets\Microsoft.NET.Sdk.targets(799,5): message :       ResolveKeySource;
       C:\Program Files\dotnet\sdk\10.0.103\Sdks\Microsoft.NET.Sdk\targets\Microsoft.NET.Sdk.targets(799,5): message :       SetWin32ManifestProperties;
       C:\Program Files\dotnet\sdk\10.0.103\Sdks\Microsoft.NET.Sdk\targets\Microsoft.NET.Sdk.targets(799,5): message :       _SetPreferNativeArm64Win32ManifestProperties;
       C:\Program Files\dotnet\sdk\10.0.103\Sdks\Microsoft.NET.Sdk\targets\Microsoft.NET.Sdk.targets(799,5): message :       FindReferenceAssembliesForReferences;
       C:\Program Files\dotnet\sdk\10.0.103\Sdks\Microsoft.NET.Sdk\targets\Microsoft.NET.Sdk.targets(799,5): message :       _GenerateCompileInputs;
       C:\Program Files\dotnet\sdk\10.0.103\Sdks\Microsoft.NET.Sdk\targets\Microsoft.NET.Sdk.targets(799,5): message :       BeforeCompile;
       C:\Program Files\dotnet\sdk\10.0.103\Sdks\Microsoft.NET.Sdk\targets\Microsoft.NET.Sdk.targets(799,5): message :       _TimeStampBeforeCompile;
       C:\Program Files\dotnet\sdk\10.0.103\Sdks\Microsoft.NET.Sdk\targets\Microsoft.NET.Sdk.targets(799,5): message :       _GenerateCompileDependencyCache;
       C:\Program Files\dotnet\sdk\10.0.103\Sdks\Microsoft.NET.Sdk\targets\Microsoft.NET.Sdk.targets(799,5): message :       CoreCompile;
       C:\Program Files\dotnet\sdk\10.0.103\Sdks\Microsoft.NET.Sdk\targets\Microsoft.NET.Sdk.targets(799,5): message :       _TimeStampAfterCompile;
       C:\Program Files\dotnet\sdk\10.0.103\Sdks\Microsoft.NET.Sdk\targets\Microsoft.NET.Sdk.targets(799,5): message :       AfterCompile;
       C:\Program Files\dotnet\sdk\10.0.103\Sdks\Microsoft.NET.Sdk\targets\Microsoft.NET.Sdk.targets(799,5): message :     ") at C:\Program Files\dotnet\sdk\10.0.103\Sdks\Microsoft.NET.Sdk\targets\Microsoft.NET.Sdk.targets (799,5)
       C:\Program Files\dotnet\sdk\10.0.103\Sdks\Microsoft.NET.Sdk\targets\Microsoft.NET.Sdk.targets(1131,5): message : Property reassignment: $(CreateSatelliteAssembliesDependsOn)="
       C:\Program Files\dotnet\sdk\10.0.103\Sdks\Microsoft.NET.Sdk\targets\Microsoft.NET.Sdk.targets(1131,5): message :       
       C:\Program Files\dotnet\sdk\10.0.103\Sdks\Microsoft.NET.Sdk\targets\Microsoft.NET.Sdk.targets(1131,5): message :       ;
       C:\Program Files\dotnet\sdk\10.0.103\Sdks\Microsoft.NET.Sdk\targets\Microsoft.NET.Sdk.targets(1131,5): message :       _GenerateSatelliteAssemblyInputs;
       C:\Program Files\dotnet\sdk\10.0.103\Sdks\Microsoft.NET.Sdk\targets\Microsoft.NET.Sdk.targets(1131,5): message :       ComputeIntermediateSatelliteAssemblies;
       C:\Program Files\dotnet\sdk\10.0.103\Sdks\Microsoft.NET.Sdk\targets\Microsoft.NET.Sdk.targets(1131,5): message :       GenerateSatelliteAssemblies
       C:\Program Files\dotnet\sdk\10.0.103\Sdks\Microsoft.NET.Sdk\targets\Microsoft.NET.Sdk.targets(1131,5): message :     ;
       C:\Program Files\dotnet\sdk\10.0.103\Sdks\Microsoft.NET.Sdk\targets\Microsoft.NET.Sdk.targets(1131,5): message :       CoreGenerateSatelliteAssemblies
       C:\Program Files\dotnet\sdk\10.0.103\Sdks\Microsoft.NET.Sdk\targets\Microsoft.NET.Sdk.targets(1131,5): message :     " (previous value: "
       C:\Program Files\dotnet\sdk\10.0.103\Sdks\Microsoft.NET.Sdk\targets\Microsoft.NET.Sdk.targets(1131,5): message :       ;
       C:\Program Files\dotnet\sdk\10.0.103\Sdks\Microsoft.NET.Sdk\targets\Microsoft.NET.Sdk.targets(1131,5): message :       _GenerateSatelliteAssemblyInputs;
       C:\Program Files\dotnet\sdk\10.0.103\Sdks\Microsoft.NET.Sdk\targets\Microsoft.NET.Sdk.targets(1131,5): message :       ComputeIntermediateSatelliteAssemblies;
       C:\Program Files\dotnet\sdk\10.0.103\Sdks\Microsoft.NET.Sdk\targets\Microsoft.NET.Sdk.targets(1131,5): message :       GenerateSatelliteAssemblies
       C:\Program Files\dotnet\sdk\10.0.103\Sdks\Microsoft.NET.Sdk\targets\Microsoft.NET.Sdk.targets(1131,5): message :     ") at C:\Program Files\dotnet\sdk\10.0.103\Sdks\Microsoft.NET.Sdk\targets\Microsoft.NET.Sdk.targets (1131,5)
       The "VSTestNoBuild" property is a global property, and cannot be modified.
       Overriding target "ResolveFrameworkReferences" in project "C:\Program Files\dotnet\sdk\10.0.103\Microsoft.Common.CurrentVersion.targets" with target "ResolveFrameworkReferences" from project "C:\Program Files\dotnet\sdk\10.0.103\Sdks\Microsoft.NET.Sdk\targets\Microsoft.NET.Sdk.FrameworkReferenceResolution.targets".
       Overriding target "GenerateSupportedTargetFrameworkAlias" in project "C:\Program Files\dotnet\sdk\10.0.103\Microsoft.Common.CurrentVersion.targets" with target "GenerateSupportedTargetFrameworkAlias" from project "C:\Program Files\dotnet\sdk\10.0.103\Sdks\Microsoft.NET.Sdk\targets\Microsoft.NET.Sdk.targets".
       Overriding target "GetReferenceAssemblyPaths" in project "C:\Program Files\dotnet\sdk\10.0.103\Microsoft.Common.CurrentVersion.targets" with target "GetReferenceAssemblyPaths" from project "C:\Program Files\dotnet\sdk\10.0.103\Sdks\Microsoft.NET.Sdk\targets\Microsoft.NET.DisableStandardFrameworkResolution.targets".
       Overriding target "GetFrameworkPaths" in project "C:\Program Files\dotnet\sdk\10.0.103\Microsoft.Common.CurrentVersion.targets" with target "GetFrameworkPaths" from project "C:\Program Files\dotnet\sdk\10.0.103\Sdks\Microsoft.NET.Sdk\targets\Microsoft.NET.DisableStandardFrameworkResolution.targets".
       Overriding target "DesignerRuntimeImplementationProjectOutputGroup" in project "C:\Program Files\dotnet\sdk\10.0.103\Microsoft.Common.CurrentVersion.targets" with target "DesignerRuntimeImplementationProjectOutputGroup" from project "C:\Program Files\dotnet\sdk\10.0.103\Sdks\Microsoft.NET.Sdk\targets\Microsoft.NET.DesignerSupport.targets".
       C:\Program Files\dotnet\sdk\10.0.103\Sdks\Microsoft.SourceLink.GitLab\build\Microsoft.SourceLink.GitLab.targets(12,5): message : Property reassignment: $(SourceLinkUrlInitializerTargets)=";_InitializeGitHubSourceLinkUrl;_InitializeGitLabSourceLinkUrl" (previous value: ";_InitializeGitHubSourceLinkUrl") at C:\Program Files\dotnet\sdk\10.0.103\Sdks\Microsoft.SourceLink.GitLab\build\Microsoft.SourceLink.GitLab.targets (12,5)
       C:\Program Files\dotnet\sdk\10.0.103\Sdks\Microsoft.SourceLink.GitLab\build\Microsoft.SourceLink.GitLab.targets(13,5): message : Property reassignment: $(SourceControlManagerUrlTranslationTargets)=";TranslateGitHubUrlsInSourceControlInformation;TranslateGitLabUrlsInSourceControlInformation" (previous value: ";TranslateGitHubUrlsInSourceControlInformation") at C:\Program Files\dotnet\sdk\10.0.103\Sdks\Microsoft.SourceLink.GitLab\build\Microsoft.SourceLink.GitLab.targets (13,5)
       C:\Program Files\dotnet\sdk\10.0.103\Sdks\Microsoft.SourceLink.AzureRepos.Git\build\Microsoft.SourceLink.AzureRepos.Git.targets(12,5): message : Property reassignment: $(SourceLinkUrlInitializerTargets)=";_InitializeGitHubSourceLinkUrl;_InitializeGitLabSourceLinkUrl;_InitializeAzureReposGitSourceLinkUrl" (previous value: ";_InitializeGitHubSourceLinkUrl;_InitializeGitLabSourceLinkUrl") at C:\Program Files\dotnet\sdk\10.0.103\Sdks\Microsoft.SourceLink.AzureRepos.Git\build\Microsoft.SourceLink.AzureRepos.Git.targets (12,5)
       Overriding target "Publish" in project "C:\Program Files\dotnet\sdk\10.0.103\Microsoft.Common.CurrentVersion.targets" with target "Publish" from project "C:\Program Files\dotnet\sdk\10.0.103\Sdks\Microsoft.NET.Sdk\targets\Microsoft.NET.Publish.targets".
       C:\Program Files\dotnet\sdk\10.0.103\Sdks\Microsoft.SourceLink.AzureRepos.Git\build\Microsoft.SourceLink.AzureRepos.Git.targets(13,5): message : Property reassignment: $(SourceControlManagerUrlTranslationTargets)=";TranslateGitHubUrlsInSourceControlInformation;TranslateGitLabUrlsInSourceControlInformation;TranslateAzureReposGitUrlsInSourceControlInformation" (previous value: ";TranslateGitHubUrlsInSourceControlInformation;TranslateGitLabUrlsInSourceControlInformation") at C:\Program Files\dotnet\sdk\10.0.103\Sdks\Microsoft.SourceLink.AzureRepos.Git\build\Microsoft.SourceLink.AzureRepos.Git.targets (13,5)
       Overriding target "ResolveReadyToRunCompilers" in project "C:\Program Files\dotnet\sdk\10.0.103\Sdks\Microsoft.NET.Sdk\targets\Microsoft.NET.CrossGen.targets" with target "ResolveReadyToRunCompilers" from project "C:\Program Files\dotnet\sdk\10.0.103\Sdks\Microsoft.NET.Sdk\targets\Microsoft.NET.Publish.targets".
       Overriding target "GetCopyToPublishDirectoryItems" in project "C:\Program Files\dotnet\sdk\10.0.103\Microsoft.Common.CurrentVersion.targets" with target "GetCopyToPublishDirectoryItems" from project "C:\Program Files\dotnet\sdk\10.0.103\Sdks\Microsoft.NET.Sdk\targets\Microsoft.NET.Publish.targets".
       C:\Program Files\dotnet\sdk\10.0.103\Sdks\Microsoft.SourceLink.Bitbucket.Git\build\Microsoft.SourceLink.Bitbucket.Git.targets(12,5): message : Property reassignment: $(SourceLinkUrlInitializerTargets)=";_InitializeGitHubSourceLinkUrl;_InitializeGitLabSourceLinkUrl;_InitializeAzureReposGitSourceLinkUrl;_InitializeBitbucketGitSourceLinkUrl" (previous value: ";_InitializeGitHubSourceLinkUrl;_InitializeGitLabSourceLinkUrl;_InitializeAzureReposGitSourceLinkUrl") at C:\Program Files\dotnet\sdk\10.0.103\Sdks\Microsoft.SourceLink.Bitbucket.Git\build\Microsoft.SourceLink.Bitbucket.Git.targets (12,5)
       C:\Program Files\dotnet\sdk\10.0.103\Sdks\Microsoft.SourceLink.Bitbucket.Git\build\Microsoft.SourceLink.Bitbucket.Git.targets(13,5): message : Property reassignment: $(SourceControlManagerUrlTranslationTargets)=";TranslateGitHubUrlsInSourceControlInformation;TranslateGitLabUrlsInSourceControlInformation;TranslateAzureReposGitUrlsInSourceControlInformation;TranslateBitbucketGitUrlsInSourceControlInformation" (previous value: ";TranslateGitHubUrlsInSourceControlInformation;TranslateGitLabUrlsInSourceControlInformation;TranslateAzureReposGitUrlsInSourceControlInformation") at C:\Program Files\dotnet\sdk\10.0.103\Sdks\Microsoft.SourceLink.Bitbucket.Git\build\Microsoft.SourceLink.Bitbucket.Git.targets (13,5)
       Overriding target "Run" in project "C:\Program Files\dotnet\sdk\10.0.103\Microsoft.Common.CurrentVersion.targets" with target "Run" from project "C:\Program Files\dotnet\sdk\10.0.103\Sdks\Microsoft.NET.Sdk\targets\Microsoft.NET.Sdk.targets".
       C:\Program Files\dotnet\sdk\10.0.103\Sdks\Microsoft.NET.Sdk\targets\Microsoft.NET.DesignerSupport.targets(21,5): message : Property reassignment: $(DesignerRuntimeImplementationProjectOutputGroupDependsOn)="
       C:\Program Files\dotnet\sdk\10.0.103\Sdks\Microsoft.NET.Sdk\targets\Microsoft.NET.DesignerSupport.targets(21,5): message :       
       C:\Program Files\dotnet\sdk\10.0.103\Sdks\Microsoft.NET.Sdk\targets\Microsoft.NET.DesignerSupport.targets(21,5): message :       ;
       C:\Program Files\dotnet\sdk\10.0.103\Sdks\Microsoft.NET.Sdk\targets\Microsoft.NET.DesignerSupport.targets(21,5): message :       
       C:\Program Files\dotnet\sdk\10.0.103\Sdks\Microsoft.NET.Sdk\targets\Microsoft.NET.DesignerSupport.targets(21,5): message :       ;
       C:\Program Files\dotnet\sdk\10.0.103\Sdks\Microsoft.NET.Sdk\targets\Microsoft.NET.DesignerSupport.targets(21,5): message :       BuildOnlySettings;
       C:\Program Files\dotnet\sdk\10.0.103\Sdks\Microsoft.NET.Sdk\targets\Microsoft.NET.DesignerSupport.targets(21,5): message :       PrepareForBuild;
       C:\Program Files\dotnet\sdk\10.0.103\Sdks\Microsoft.NET.Sdk\targets\Microsoft.NET.DesignerSupport.targets(21,5): message :       AssignTargetPaths;
       C:\Program Files\dotnet\sdk\10.0.103\Sdks\Microsoft.NET.Sdk\targets\Microsoft.NET.DesignerSupport.targets(21,5): message :       ResolveReferences
       C:\Program Files\dotnet\sdk\10.0.103\Sdks\Microsoft.NET.Sdk\targets\Microsoft.NET.DesignerSupport.targets(21,5): message :     
       C:\Program Files\dotnet\sdk\10.0.103\Sdks\Microsoft.NET.Sdk\targets\Microsoft.NET.DesignerSupport.targets(21,5): message :     ;
       C:\Program Files\dotnet\sdk\10.0.103\Sdks\Microsoft.NET.Sdk\targets\Microsoft.NET.DesignerSupport.targets(21,5): message :       _GenerateDesignerDepsFile;
       C:\Program Files\dotnet\sdk\10.0.103\Sdks\Microsoft.NET.Sdk\targets\Microsoft.NET.DesignerSupport.targets(21,5): message :       _GenerateDesignerRuntimeConfigFile;
       C:\Program Files\dotnet\sdk\10.0.103\Sdks\Microsoft.NET.Sdk\targets\Microsoft.NET.DesignerSupport.targets(21,5): message :       GetCopyToOutputDirectoryItems;
       C:\Program Files\dotnet\sdk\10.0.103\Sdks\Microsoft.NET.Sdk\targets\Microsoft.NET.DesignerSupport.targets(21,5): message :       _GatherDesignerShadowCopyFiles;
       C:\Program Files\dotnet\sdk\10.0.103\Sdks\Microsoft.NET.Sdk\targets\Microsoft.NET.DesignerSupport.targets(21,5): message :     " (previous value: "
       C:\Program Files\dotnet\sdk\10.0.103\Sdks\Microsoft.NET.Sdk\targets\Microsoft.NET.DesignerSupport.targets(21,5): message :       ;
       C:\Program Files\dotnet\sdk\10.0.103\Sdks\Microsoft.NET.Sdk\targets\Microsoft.NET.DesignerSupport.targets(21,5): message :       
       C:\Program Files\dotnet\sdk\10.0.103\Sdks\Microsoft.NET.Sdk\targets\Microsoft.NET.DesignerSupport.targets(21,5): message :       ;
       C:\Program Files\dotnet\sdk\10.0.103\Sdks\Microsoft.NET.Sdk\targets\Microsoft.NET.DesignerSupport.targets(21,5): message :       BuildOnlySettings;
       C:\Program Files\dotnet\sdk\10.0.103\Sdks\Microsoft.NET.Sdk\targets\Microsoft.NET.DesignerSupport.targets(21,5): message :       PrepareForBuild;
       C:\Program Files\dotnet\sdk\10.0.103\Sdks\Microsoft.NET.Sdk\targets\Microsoft.NET.DesignerSupport.targets(21,5): message :       AssignTargetPaths;
       C:\Program Files\dotnet\sdk\10.0.103\Sdks\Microsoft.NET.Sdk\targets\Microsoft.NET.DesignerSupport.targets(21,5): message :       ResolveReferences
       C:\Program Files\dotnet\sdk\10.0.103\Sdks\Microsoft.NET.Sdk\targets\Microsoft.NET.DesignerSupport.targets(21,5): message :     
       C:\Program Files\dotnet\sdk\10.0.103\Sdks\Microsoft.NET.Sdk\targets\Microsoft.NET.DesignerSupport.targets(21,5): message :     ") at C:\Program Files\dotnet\sdk\10.0.103\Sdks\Microsoft.NET.Sdk\targets\Microsoft.NET.DesignerSupport.targets (21,5)
       Overriding target "BeforePublish" in project "C:\Program Files\dotnet\sdk\10.0.103\Microsoft.Common.CurrentVersion.targets" with target "BeforePublish" from project "C:\Program Files\dotnet\sdk\10.0.103\Sdks\Microsoft.NET.Sdk.Publish\targets\Microsoft.NET.Sdk.Publish.targets".
       Overriding target "AfterPublish" in project "C:\Program Files\dotnet\sdk\10.0.103\Microsoft.Common.CurrentVersion.targets" with target "AfterPublish" from project "C:\Program Files\dotnet\sdk\10.0.103\Sdks\Microsoft.NET.Sdk.Publish\targets\Microsoft.NET.Sdk.Publish.targets".
       C:\Program Files\dotnet\sdk\10.0.103\Sdks\Microsoft.NET.Sdk\targets\Microsoft.NET.Sdk.CSharp.targets(31,5): message : Property reassignment: $(DefineConstants)="TRACE;DEBUG" (previous value: "TRACE") at C:\Program Files\dotnet\sdk\10.0.103\Sdks\Microsoft.NET.Sdk\targets\Microsoft.NET.Sdk.CSharp.targets (31,5)
       C:\Program Files\dotnet\sdk\10.0.103\Sdks\Microsoft.NET.Sdk\targets\Microsoft.NET.Sdk.CSharp.targets(45,5): message : Property reassignment: $(WarningsAsErrors)=";NU1605;SYSLIB0011" (previous value: ";NU1605") at C:\Program Files\dotnet\sdk\10.0.103\Sdks\Microsoft.NET.Sdk\targets\Microsoft.NET.Sdk.CSharp.targets (45,5)
       The target "CollectUpToDateCheckInputDesignTime" listed in a BeforeTargets attribute at "C:\Program Files\dotnet\sdk\10.0.103\Sdks\Microsoft.NET.Sdk.StaticWebAssets\targets\Microsoft.NET.Sdk.StaticWebAssets.ScopedCss.targets (171,5)" does not exist in the project, and will be ignored.
       The target "CollectUpToDateCheckBuiltDesignTime" listed in a BeforeTargets attribute at "C:\Program Files\dotnet\sdk\10.0.103\Sdks\Microsoft.NET.Sdk.StaticWebAssets\targets\Microsoft.NET.Sdk.StaticWebAssets.ScopedCss.targets (171,5)" does not exist in the project, and will be ignored.
       The target "RazorGenerateComponentDeclaration" listed in an AfterTargets attribute at "C:\Program Files\dotnet\sdk\10.0.103\Sdks\Microsoft.NET.Sdk.Razor\targets\Microsoft.NET.Sdk.Razor.DesignTime.targets (55,53)" does not exist in the project, and will be ignored.
       C:\Program Files\dotnet\sdk\10.0.103\Sdks\Microsoft.NET.Sdk\targets\Microsoft.PackageDependencyResolution.targets(29,5): message : Property reassignment: $(ProjectAssetsCacheFile)="C:\Users\rolfe\git\own\Villa-Annunziata\hotelDroid\src\HotelDroid.Client\obj\Debug\net10.0\HotelDroid.Client.assets.cache" (previous value: "obj\Debug\net10.0\HotelDroid.Client.assets.cache") at C:\Program Files\dotnet\sdk\10.0.103\Sdks\Microsoft.NET.Sdk\targets\Microsoft.PackageDependencyResolution.targets (29,5)
       C:\Program Files\dotnet\sdk\10.0.103\Sdks\Microsoft.NET.Sdk\targets\Microsoft.PackageDependencyResolution.targets(80,5): message : Property reassignment: $(ResolveAssemblyReferencesDependsOn)="
       C:\Program Files\dotnet\sdk\10.0.103\Sdks\Microsoft.NET.Sdk\targets\Microsoft.PackageDependencyResolution.targets(80,5): message :       
       C:\Program Files\dotnet\sdk\10.0.103\Sdks\Microsoft.NET.Sdk\targets\Microsoft.PackageDependencyResolution.targets(80,5): message :       ResolveProjectReferences;
       C:\Program Files\dotnet\sdk\10.0.103\Sdks\Microsoft.NET.Sdk\targets\Microsoft.PackageDependencyResolution.targets(80,5): message :       FindInvalidProjectReferences;
       C:\Program Files\dotnet\sdk\10.0.103\Sdks\Microsoft.NET.Sdk\targets\Microsoft.PackageDependencyResolution.targets(80,5): message :       GetFrameworkPaths;
       C:\Program Files\dotnet\sdk\10.0.103\Sdks\Microsoft.NET.Sdk\targets\Microsoft.PackageDependencyResolution.targets(80,5): message :       GetReferenceAssemblyPaths;
       C:\Program Files\dotnet\sdk\10.0.103\Sdks\Microsoft.NET.Sdk\targets\Microsoft.PackageDependencyResolution.targets(80,5): message :       PrepareForBuild;
       C:\Program Files\dotnet\sdk\10.0.103\Sdks\Microsoft.NET.Sdk\targets\Microsoft.PackageDependencyResolution.targets(80,5): message :       ResolveSDKReferences;
       C:\Program Files\dotnet\sdk\10.0.103\Sdks\Microsoft.NET.Sdk\targets\Microsoft.PackageDependencyResolution.targets(80,5): message :       ExpandSDKReferences;
       C:\Program Files\dotnet\sdk\10.0.103\Sdks\Microsoft.NET.Sdk\targets\Microsoft.PackageDependencyResolution.targets(80,5): message :     ;
       C:\Program Files\dotnet\sdk\10.0.103\Sdks\Microsoft.NET.Sdk\targets\Microsoft.PackageDependencyResolution.targets(80,5): message :       ResolvePackageDependenciesForBuild;
       C:\Program Files\dotnet\sdk\10.0.103\Sdks\Microsoft.NET.Sdk\targets\Microsoft.PackageDependencyResolution.targets(80,5): message :       _HandlePackageFileConflicts;
       C:\Program Files\dotnet\sdk\10.0.103\Sdks\Microsoft.NET.Sdk\targets\Microsoft.PackageDependencyResolution.targets(80,5): message :     " (previous value: "
       C:\Program Files\dotnet\sdk\10.0.103\Sdks\Microsoft.NET.Sdk\targets\Microsoft.PackageDependencyResolution.targets(80,5): message :       ResolveProjectReferences;
       C:\Program Files\dotnet\sdk\10.0.103\Sdks\Microsoft.NET.Sdk\targets\Microsoft.PackageDependencyResolution.targets(80,5): message :       FindInvalidProjectReferences;
       C:\Program Files\dotnet\sdk\10.0.103\Sdks\Microsoft.NET.Sdk\targets\Microsoft.PackageDependencyResolution.targets(80,5): message :       GetFrameworkPaths;
       C:\Program Files\dotnet\sdk\10.0.103\Sdks\Microsoft.NET.Sdk\targets\Microsoft.PackageDependencyResolution.targets(80,5): message :       GetReferenceAssemblyPaths;
       C:\Program Files\dotnet\sdk\10.0.103\Sdks\Microsoft.NET.Sdk\targets\Microsoft.PackageDependencyResolution.targets(80,5): message :       PrepareForBuild;
       C:\Program Files\dotnet\sdk\10.0.103\Sdks\Microsoft.NET.Sdk\targets\Microsoft.PackageDependencyResolution.targets(80,5): message :       ResolveSDKReferences;
       C:\Program Files\dotnet\sdk\10.0.103\Sdks\Microsoft.NET.Sdk\targets\Microsoft.PackageDependencyResolution.targets(80,5): message :       ExpandSDKReferences;
       C:\Program Files\dotnet\sdk\10.0.103\Sdks\Microsoft.NET.Sdk\targets\Microsoft.PackageDependencyResolution.targets(80,5): message :     ") at C:\Program Files\dotnet\sdk\10.0.103\Sdks\Microsoft.NET.Sdk\targets\Microsoft.PackageDependencyResolution.targets (80,5)
       C:\Program Files\dotnet\sdk\10.0.103\Sdks\Microsoft.NET.Sdk\targets\Microsoft.PackageDependencyResolution.targets(86,5): message : Property reassignment: $(PrepareResourcesDependsOn)="
       C:\Program Files\dotnet\sdk\10.0.103\Sdks\Microsoft.NET.Sdk\targets\Microsoft.PackageDependencyResolution.targets(86,5): message :       ResolvePackageDependenciesForBuild;
       C:\Program Files\dotnet\sdk\10.0.103\Sdks\Microsoft.NET.Sdk\targets\Microsoft.PackageDependencyResolution.targets(86,5): message :       _HandlePackageFileConflicts;
       C:\Program Files\dotnet\sdk\10.0.103\Sdks\Microsoft.NET.Sdk\targets\Microsoft.PackageDependencyResolution.targets(86,5): message :       
       C:\Program Files\dotnet\sdk\10.0.103\Sdks\Microsoft.NET.Sdk\targets\Microsoft.PackageDependencyResolution.targets(86,5): message :       ;
       C:\Program Files\dotnet\sdk\10.0.103\Sdks\Microsoft.NET.Sdk\targets\Microsoft.PackageDependencyResolution.targets(86,5): message :       PrepareResourceNames;
       C:\Program Files\dotnet\sdk\10.0.103\Sdks\Microsoft.NET.Sdk\targets\Microsoft.PackageDependencyResolution.targets(86,5): message :       ResGen;
       C:\Program Files\dotnet\sdk\10.0.103\Sdks\Microsoft.NET.Sdk\targets\Microsoft.PackageDependencyResolution.targets(86,5): message :       CompileLicxFiles
       C:\Program Files\dotnet\sdk\10.0.103\Sdks\Microsoft.NET.Sdk\targets\Microsoft.PackageDependencyResolution.targets(86,5): message :     
       C:\Program Files\dotnet\sdk\10.0.103\Sdks\Microsoft.NET.Sdk\targets\Microsoft.PackageDependencyResolution.targets(86,5): message :     " (previous value: "
       C:\Program Files\dotnet\sdk\10.0.103\Sdks\Microsoft.NET.Sdk\targets\Microsoft.PackageDependencyResolution.targets(86,5): message :       ;
       C:\Program Files\dotnet\sdk\10.0.103\Sdks\Microsoft.NET.Sdk\targets\Microsoft.PackageDependencyResolution.targets(86,5): message :       PrepareResourceNames;
       C:\Program Files\dotnet\sdk\10.0.103\Sdks\Microsoft.NET.Sdk\targets\Microsoft.PackageDependencyResolution.targets(86,5): message :       ResGen;
       C:\Program Files\dotnet\sdk\10.0.103\Sdks\Microsoft.NET.Sdk\targets\Microsoft.PackageDependencyResolution.targets(86,5): message :       CompileLicxFiles
       C:\Program Files\dotnet\sdk\10.0.103\Sdks\Microsoft.NET.Sdk\targets\Microsoft.PackageDependencyResolution.targets(86,5): message :     ") at C:\Program Files\dotnet\sdk\10.0.103\Sdks\Microsoft.NET.Sdk\targets\Microsoft.PackageDependencyResolution.targets (86,5)
       C:\Program Files\dotnet\sdk\10.0.103\Sdks\Microsoft.NET.Sdk\targets\Microsoft.NET.Sdk.DefaultItems.targets(35,5): message : Property reassignment: $(DefaultItemExcludes)=";**\node_modules\**;node_modules\**;**\jspm_packages\**;jspm_packages\**;**\bower_components\**;bower_components\**;**\packages.lock.json;bin\Debug\/**;obj\Debug\/**;bin\/**" (previous value: ";**\node_modules\**;node_modules\**;**\jspm_packages\**;jspm_packages\**;**\bower_components\**;bower_components\**;**\packages.lock.json;bin\Debug\/**;obj\Debug\/**") at C:\Program Files\dotnet\sdk\10.0.103\Sdks\Microsoft.NET.Sdk\targets\Microsoft.NET.Sdk.DefaultItems.targets (35,5)
       C:\Program Files\dotnet\sdk\10.0.103\Sdks\Microsoft.NET.Sdk\targets\Microsoft.NET.Sdk.DefaultItems.targets(37,5): message : Property reassignment: $(DefaultItemExcludes)=";**\node_modules\**;node_modules\**;**\jspm_packages\**;jspm_packages\**;**\bower_components\**;bower_components\**;**\packages.lock.json;bin\Debug\/**;obj\Debug\/**;bin\/**;obj\/**" (previous value: ";**\node_modules\**;node_modules\**;**\jspm_packages\**;jspm_packages\**;**\bower_components\**;bower_components\**;**\packages.lock.json;bin\Debug\/**;obj\Debug\/**;bin\/**") at C:\Program Files\dotnet\sdk\10.0.103\Sdks\Microsoft.NET.Sdk\targets\Microsoft.NET.Sdk.DefaultItems.targets (37,5)
       C:\Program Files\dotnet\sdk\10.0.103\Sdks\Microsoft.NET.Sdk\targets\Microsoft.NET.Sdk.DefaultItems.targets(40,5): message : Property reassignment: $(DefaultItemExcludes)=";**\node_modules\**;node_modules\**;**\jspm_packages\**;jspm_packages\**;**\bower_components\**;bower_components\**;**\packages.lock.json;bin\Debug\/**;obj\Debug\/**;bin\/**;obj\/**;**/*.user" (previous value: ";**\node_modules\**;node_modules\**;**\jspm_packages\**;jspm_packages\**;**\bower_components\**;bower_components\**;**\packages.lock.json;bin\Debug\/**;obj\Debug\/**;bin\/**;obj\/**") at C:\Program Files\dotnet\sdk\10.0.103\Sdks\Microsoft.NET.Sdk\targets\Microsoft.NET.Sdk.DefaultItems.targets (40,5)
       C:\Program Files\dotnet\sdk\10.0.103\Sdks\Microsoft.NET.Sdk\targets\Microsoft.NET.Sdk.DefaultItems.targets(41,5): message : Property reassignment: $(DefaultItemExcludes)=";**\node_modules\**;node_modules\**;**\jspm_packages\**;jspm_packages\**;**\bower_components\**;bower_components\**;**\packages.lock.json;bin\Debug\/**;obj\Debug\/**;bin\/**;obj\/**;**/*.user;**/*.*proj" (previous value: ";**\node_modules\**;node_modules\**;**\jspm_packages\**;jspm_packages\**;**\bower_components\**;bower_components\**;**\packages.lock.json;bin\Debug\/**;obj\Debug\/**;bin\/**;obj\/**;**/*.user") at C:\Program Files\dotnet\sdk\10.0.103\Sdks\Microsoft.NET.Sdk\targets\Microsoft.NET.Sdk.DefaultItems.targets (41,5)
       C:\Program Files\dotnet\sdk\10.0.103\Sdks\Microsoft.NET.Sdk\targets\Microsoft.NET.Sdk.DefaultItems.targets(42,5): message : Property reassignment: $(DefaultItemExcludes)=";**\node_modules\**;node_modules\**;**\jspm_packages\**;jspm_packages\**;**\bower_components\**;bower_components\**;**\packages.lock.json;bin\Debug\/**;obj\Debug\/**;bin\/**;obj\/**;**/*.user;**/*.*proj;**/*.sln" (previous value: ";**\node_modules\**;node_modules\**;**\jspm_packages\**;jspm_packages\**;**\bower_components\**;bower_components\**;**\packages.lock.json;bin\Debug\/**;obj\Debug\/**;bin\/**;obj\/**;**/*.user;**/*.*proj") at C:\Program Files\dotnet\sdk\10.0.103\Sdks\Microsoft.NET.Sdk\targets\Microsoft.NET.Sdk.DefaultItems.targets (42,5)
       C:\Program Files\dotnet\sdk\10.0.103\Sdks\Microsoft.NET.Sdk\targets\Microsoft.NET.Sdk.DefaultItems.targets(43,5): message : Property reassignment: $(DefaultItemExcludes)=";**\node_modules\**;node_modules\**;**\jspm_packages\**;jspm_packages\**;**\bower_components\**;bower_components\**;**\packages.lock.json;bin\Debug\/**;obj\Debug\/**;bin\/**;obj\/**;**/*.user;**/*.*proj;**/*.sln;**/*.slnx" (previous value: ";**\node_modules\**;node_modules\**;**\jspm_packages\**;jspm_packages\**;**\bower_components\**;bower_components\**;**\packages.lock.json;bin\Debug\/**;obj\Debug\/**;bin\/**;obj\/**;**/*.user;**/*.*proj;**/*.sln") at C:\Program Files\dotnet\sdk\10.0.103\Sdks\Microsoft.NET.Sdk\targets\Microsoft.NET.Sdk.DefaultItems.targets (43,5)
       C:\Program Files\dotnet\sdk\10.0.103\Sdks\Microsoft.NET.Sdk\targets\Microsoft.NET.Sdk.DefaultItems.targets(44,5): message : Property reassignment: $(DefaultItemExcludes)=";**\node_modules\**;node_modules\**;**\jspm_packages\**;jspm_packages\**;**\bower_components\**;bower_components\**;**\packages.lock.json;bin\Debug\/**;obj\Debug\/**;bin\/**;obj\/**;**/*.user;**/*.*proj;**/*.sln;**/*.slnx;**/*.vssscc" (previous value: ";**\node_modules\**;node_modules\**;**\jspm_packages\**;jspm_packages\**;**\bower_components\**;bower_components\**;**\packages.lock.json;bin\Debug\/**;obj\Debug\/**;bin\/**;obj\/**;**/*.user;**/*.*proj;**/*.sln;**/*.slnx") at C:\Program Files\dotnet\sdk\10.0.103\Sdks\Microsoft.NET.Sdk\targets\Microsoft.NET.Sdk.DefaultItems.targets (44,5)
       C:\Program Files\dotnet\sdk\10.0.103\Sdks\Microsoft.NET.Sdk\targets\Microsoft.NET.Sdk.DefaultItems.targets(45,5): message : Property reassignment: $(DefaultItemExcludes)=";**\node_modules\**;node_modules\**;**\jspm_packages\**;jspm_packages\**;**\bower_components\**;bower_components\**;**\packages.lock.json;bin\Debug\/**;obj\Debug\/**;bin\/**;obj\/**;**/*.user;**/*.*proj;**/*.sln;**/*.slnx;**/*.vssscc;**/.DS_Store" (previous value: ";**\node_modules\**;node_modules\**;**\jspm_packages\**;jspm_packages\**;**\bower_components\**;bower_components\**;**\packages.lock.json;bin\Debug\/**;obj\Debug\/**;bin\/**;obj\/**;**/*.user;**/*.*proj;**/*.sln;**/*.slnx;**/*.vssscc") at C:\Program Files\dotnet\sdk\10.0.103\Sdks\Microsoft.NET.Sdk\targets\Microsoft.NET.Sdk.DefaultItems.targets (45,5)
       C:\Program Files\dotnet\sdk\10.0.103\Sdks\Microsoft.NET.Sdk\targets\Microsoft.NET.Sdk.FrameworkReferenceResolution.targets(14,5): message : Property reassignment: $(ResolveAssemblyReferencesDependsOn)="
       C:\Program Files\dotnet\sdk\10.0.103\Sdks\Microsoft.NET.Sdk\targets\Microsoft.NET.Sdk.FrameworkReferenceResolution.targets(14,5): message :       
       C:\Program Files\dotnet\sdk\10.0.103\Sdks\Microsoft.NET.Sdk\targets\Microsoft.NET.Sdk.FrameworkReferenceResolution.targets(14,5): message :       
       C:\Program Files\dotnet\sdk\10.0.103\Sdks\Microsoft.NET.Sdk\targets\Microsoft.NET.Sdk.FrameworkReferenceResolution.targets(14,5): message :       ResolveProjectReferences;
       C:\Program Files\dotnet\sdk\10.0.103\Sdks\Microsoft.NET.Sdk\targets\Microsoft.NET.Sdk.FrameworkReferenceResolution.targets(14,5): message :       FindInvalidProjectReferences;
       C:\Program Files\dotnet\sdk\10.0.103\Sdks\Microsoft.NET.Sdk\targets\Microsoft.NET.Sdk.FrameworkReferenceResolution.targets(14,5): message :       GetFrameworkPaths;
       C:\Program Files\dotnet\sdk\10.0.103\Sdks\Microsoft.NET.Sdk\targets\Microsoft.NET.Sdk.FrameworkReferenceResolution.targets(14,5): message :       GetReferenceAssemblyPaths;
       C:\Program Files\dotnet\sdk\10.0.103\Sdks\Microsoft.NET.Sdk\targets\Microsoft.NET.Sdk.FrameworkReferenceResolution.targets(14,5): message :       PrepareForBuild;
       C:\Program Files\dotnet\sdk\10.0.103\Sdks\Microsoft.NET.Sdk\targets\Microsoft.NET.Sdk.FrameworkReferenceResolution.targets(14,5): message :       ResolveSDKReferences;
       C:\Program Files\dotnet\sdk\10.0.103\Sdks\Microsoft.NET.Sdk\targets\Microsoft.NET.Sdk.FrameworkReferenceResolution.targets(14,5): message :       ExpandSDKReferences;
       C:\Program Files\dotnet\sdk\10.0.103\Sdks\Microsoft.NET.Sdk\targets\Microsoft.NET.Sdk.FrameworkReferenceResolution.targets(14,5): message :     ;
       C:\Program Files\dotnet\sdk\10.0.103\Sdks\Microsoft.NET.Sdk\targets\Microsoft.NET.Sdk.FrameworkReferenceResolution.targets(14,5): message :       ResolvePackageDependenciesForBuild;
       C:\Program Files\dotnet\sdk\10.0.103\Sdks\Microsoft.NET.Sdk\targets\Microsoft.NET.Sdk.FrameworkReferenceResolution.targets(14,5): message :       _HandlePackageFileConflicts;
       C:\Program Files\dotnet\sdk\10.0.103\Sdks\Microsoft.NET.Sdk\targets\Microsoft.NET.Sdk.FrameworkReferenceResolution.targets(14,5): message :     ;
       C:\Program Files\dotnet\sdk\10.0.103\Sdks\Microsoft.NET.Sdk\targets\Microsoft.NET.Sdk.FrameworkReferenceResolution.targets(14,5): message :       ResolveTargetingPackAssets;
       C:\Program Files\dotnet\sdk\10.0.103\Sdks\Microsoft.NET.Sdk\targets\Microsoft.NET.Sdk.FrameworkReferenceResolution.targets(14,5): message :     " (previous value: "
       C:\Program Files\dotnet\sdk\10.0.103\Sdks\Microsoft.NET.Sdk\targets\Microsoft.NET.Sdk.FrameworkReferenceResolution.targets(14,5): message :       
       C:\Program Files\dotnet\sdk\10.0.103\Sdks\Microsoft.NET.Sdk\targets\Microsoft.NET.Sdk.FrameworkReferenceResolution.targets(14,5): message :       ResolveProjectReferences;
       C:\Program Files\dotnet\sdk\10.0.103\Sdks\Microsoft.NET.Sdk\targets\Microsoft.NET.Sdk.FrameworkReferenceResolution.targets(14,5): message :       FindInvalidProjectReferences;
       C:\Program Files\dotnet\sdk\10.0.103\Sdks\Microsoft.NET.Sdk\targets\Microsoft.NET.Sdk.FrameworkReferenceResolution.targets(14,5): message :       GetFrameworkPaths;
       C:\Program Files\dotnet\sdk\10.0.103\Sdks\Microsoft.NET.Sdk\targets\Microsoft.NET.Sdk.FrameworkReferenceResolution.targets(14,5): message :       GetReferenceAssemblyPaths;
       C:\Program Files\dotnet\sdk\10.0.103\Sdks\Microsoft.NET.Sdk\targets\Microsoft.NET.Sdk.FrameworkReferenceResolution.targets(14,5): message :       PrepareForBuild;
       C:\Program Files\dotnet\sdk\10.0.103\Sdks\Microsoft.NET.Sdk\targets\Microsoft.NET.Sdk.FrameworkReferenceResolution.targets(14,5): message :       ResolveSDKReferences;
       C:\Program Files\dotnet\sdk\10.0.103\Sdks\Microsoft.NET.Sdk\targets\Microsoft.NET.Sdk.FrameworkReferenceResolution.targets(14,5): message :       ExpandSDKReferences;
       C:\Program Files\dotnet\sdk\10.0.103\Sdks\Microsoft.NET.Sdk\targets\Microsoft.NET.Sdk.FrameworkReferenceResolution.targets(14,5): message :     ;
       C:\Program Files\dotnet\sdk\10.0.103\Sdks\Microsoft.NET.Sdk\targets\Microsoft.NET.Sdk.FrameworkReferenceResolution.targets(14,5): message :       ResolvePackageDependenciesForBuild;
       C:\Program Files\dotnet\sdk\10.0.103\Sdks\Microsoft.NET.Sdk\targets\Microsoft.NET.Sdk.FrameworkReferenceResolution.targets(14,5): message :       _HandlePackageFileConflicts;
       C:\Program Files\dotnet\sdk\10.0.103\Sdks\Microsoft.NET.Sdk\targets\Microsoft.NET.Sdk.FrameworkReferenceResolution.targets(14,5): message :     ") at C:\Program Files\dotnet\sdk\10.0.103\Sdks\Microsoft.NET.Sdk\targets\Microsoft.NET.Sdk.FrameworkReferenceResolution.targets (14,5)
       C:\Program Files\dotnet\sdk\10.0.103\NuGet.Build.Tasks.Pack.targets(34,5): message : Property reassignment: $(PackageDescription)="Package Description" (previous value: "") at C:\Program Files\dotnet\sdk\10.0.103\NuGet.Build.Tasks.Pack.targets (34,5)
       C:\Program Files\dotnet\sdk\10.0.103\Sdks\Microsoft.NET.Sdk\targets\Microsoft.NET.Sdk.CSharp.targets(31,5): message : Property reassignment: $(DefineConstants)="TRACE;DEBUG" (previous value: "TRACE") at C:\Program Files\dotnet\sdk\10.0.103\Sdks\Microsoft.NET.Sdk\targets\Microsoft.NET.Sdk.CSharp.targets (31,5)
       C:\Program Files\dotnet\sdk\10.0.103\NuGet.Build.Tasks.Pack.targets(59,5): message : Property reassignment: $(GenerateNuspecDependsOn)="Build;_LoadPackInputItems; _GetTargetFrameworksOutput; _WalkEachTargetPerFramework; _GetPackageFiles; " (previous value: "_LoadPackInputItems; _GetTargetFrameworksOutput; _WalkEachTargetPerFramework; _GetPackageFiles; ") at C:\Program Files\dotnet\sdk\10.0.103\NuGet.Build.Tasks.Pack.targets (59,5)
       C:\Program Files\dotnet\sdk\10.0.103\Sdks\Microsoft.NET.Sdk\targets\Microsoft.NET.Sdk.CSharp.targets(45,5): message : Property reassignment: $(WarningsAsErrors)=";NU1605;SYSLIB0011" (previous value: ";NU1605") at C:\Program Files\dotnet\sdk\10.0.103\Sdks\Microsoft.NET.Sdk\targets\Microsoft.NET.Sdk.CSharp.targets (45,5)
       C:\Program Files\dotnet\sdk\10.0.103\Sdks\Microsoft.NET.Sdk\targets\Microsoft.NET.Sdk.FrameworkReferenceResolution.targets(486,5): message : Property reassignment: $(InterceptorsPreviewNamespaces)=";Microsoft.AspNetCore.Http.Generated;Microsoft.Extensions.Validation.Generated" (previous value: ";Microsoft.AspNetCore.Http.Generated") at C:\Program Files\dotnet\sdk\10.0.103\Sdks\Microsoft.NET.Sdk\targets\Microsoft.NET.Sdk.FrameworkReferenceResolution.targets (486,5)
       C:\Program Files\dotnet\sdk\10.0.103\NuGet.Build.Tasks.Pack.targets(34,5): message : Property reassignment: $(PackageDescription)="Package Description" (previous value: "") at C:\Program Files\dotnet\sdk\10.0.103\NuGet.Build.Tasks.Pack.targets (34,5)
       C:\Program Files\dotnet\sdk\10.0.103\Sdks\Microsoft.NET.Sdk\Sdk\Sdk.targets(59,5): message : Property reassignment: $(_IsNotSetContainersTargetsDir)="true" (previous value: "false") at C:\Program Files\dotnet\sdk\10.0.103\Sdks\Microsoft.NET.Sdk\Sdk\Sdk.targets (59,5)
       C:\Program Files\dotnet\sdk\10.0.103\NuGet.Build.Tasks.Pack.targets(59,5): message : Property reassignment: $(GenerateNuspecDependsOn)="Build;_LoadPackInputItems; _GetTargetFrameworksOutput; _WalkEachTargetPerFramework; _GetPackageFiles; " (previous value: "_LoadPackInputItems; _GetTargetFrameworksOutput; _WalkEachTargetPerFramework; _GetPackageFiles; ") at C:\Program Files\dotnet\sdk\10.0.103\NuGet.Build.Tasks.Pack.targets (59,5)
       C:\Program Files\dotnet\sdk\10.0.103\Sdks\Microsoft.NET.Sdk\targets\Microsoft.NET.Sdk.targets(44,5): message : Property reassignment: $(_GenerateRuntimeConfigurationPropertyInputsCache)="C:\Users\rolfe\git\own\Villa-Annunziata\hotelDroid\src\HotelDroid.Client\obj\Debug\net10.0\HotelDroid.Client.genruntimeconfig.cache" (previous value: "obj\Debug\net10.0\HotelDroid.Client.genruntimeconfig.cache") at C:\Program Files\dotnet\sdk\10.0.103\Sdks\Microsoft.NET.Sdk\targets\Microsoft.NET.Sdk.targets (44,5)
       C:\Program Files\dotnet\sdk\10.0.103\Containers\build\Microsoft.NET.Build.Containers.targets(5,5): message : Property reassignment: $(_IsSDKContainerAllowedVersion)="true" (previous value: "false") at C:\Program Files\dotnet\sdk\10.0.103\Containers\build\Microsoft.NET.Build.Containers.targets (5,5)
       C:\Program Files\dotnet\sdk\10.0.103\Sdks\Microsoft.NET.Sdk\Sdk\Sdk.targets(59,5): message : Property reassignment: $(_IsNotSetContainersTargetsDir)="true" (previous value: "false") at C:\Program Files\dotnet\sdk\10.0.103\Sdks\Microsoft.NET.Sdk\Sdk\Sdk.targets (59,5)
       C:\Program Files\dotnet\sdk\10.0.103\Containers\build\Microsoft.NET.Build.Containers.targets(15,5): message : Property reassignment: $(_ContainerIsTargetingNet8TFM)="true" (previous value: "false") at C:\Program Files\dotnet\sdk\10.0.103\Containers\build\Microsoft.NET.Build.Containers.targets (15,5)
       C:\Program Files\dotnet\sdk\10.0.103\Sdks\Microsoft.NET.Sdk\targets\Microsoft.NET.Sdk.targets(46,5): message : Property reassignment: $(_GeneratePublishDependencyFilePropertyInputsCache)="C:\Users\rolfe\git\own\Villa-Annunziata\hotelDroid\src\HotelDroid.Client\obj\Debug\net10.0\HotelDroid.Client.genpublishdeps.cache" (previous value: "obj\Debug\net10.0\HotelDroid.Client.genpublishdeps.cache") at C:\Program Files\dotnet\sdk\10.0.103\Sdks\Microsoft.NET.Sdk\targets\Microsoft.NET.Sdk.targets (46,5)
       C:\Program Files\dotnet\sdk\10.0.103\Sdks\Microsoft.NET.Sdk\targets\Microsoft.NET.Sdk.targets(48,5): message : Property reassignment: $(_GenerateSingleFileBundlePropertyInputsCache)="C:\Users\rolfe\git\own\Villa-Annunziata\hotelDroid\src\HotelDroid.Client\obj\Debug\net10.0\HotelDroid.Client.genbundle.cache" (previous value: "obj\Debug\net10.0\HotelDroid.Client.genbundle.cache") at C:\Program Files\dotnet\sdk\10.0.103\Sdks\Microsoft.NET.Sdk\targets\Microsoft.NET.Sdk.targets (48,5)
       C:\Program Files\dotnet\sdk\10.0.103\Containers\build\Microsoft.NET.Build.Containers.targets(5,5): message : Property reassignment: $(_IsSDKContainerAllowedVersion)="true" (previous value: "false") at C:\Program Files\dotnet\sdk\10.0.103\Containers\build\Microsoft.NET.Build.Containers.targets (5,5)
       C:\Program Files\dotnet\sdk\10.0.103\Sdks\Microsoft.NET.Sdk\targets\Microsoft.NET.Sdk.targets(81,5): message : Property reassignment: $(GenerateRuntimeConfigDevFile)="false" (previous value: "true") at C:\Program Files\dotnet\sdk\10.0.103\Sdks\Microsoft.NET.Sdk\targets\Microsoft.NET.Sdk.targets (81,5)
       C:\Program Files\dotnet\sdk\10.0.103\Containers\build\Microsoft.NET.Build.Containers.targets(15,5): message : Property reassignment: $(_ContainerIsTargetingNet8TFM)="true" (previous value: "false") at C:\Program Files\dotnet\sdk\10.0.103\Containers\build\Microsoft.NET.Build.Containers.targets (15,5)
       C:\Program Files\dotnet\sdk\10.0.103\Sdks\Microsoft.NET.Sdk\targets\Microsoft.NET.Sdk.targets(98,5): message : Property reassignment: $(_DefaultUserProfileRuntimeStorePath)="C:\Users\rolfe" (previous value: "") at C:\Program Files\dotnet\sdk\10.0.103\Sdks\Microsoft.NET.Sdk\targets\Microsoft.NET.Sdk.targets (98,5)
       C:\Users\rolfe\.nuget\packages\microsoft.testplatform.testhost\17.14.1\build\net8.0\Microsoft.TestPlatform.TestHost.props(15,14): message : Property 'OS' with value 'Windows_NT' expanded from the environment.
       C:\Program Files\dotnet\sdk\10.0.103\Sdks\Microsoft.NET.Sdk\targets\Microsoft.NET.Sdk.targets(99,5): message : Property reassignment: $(_DefaultUserProfileRuntimeStorePath)="C:\Users\rolfe\.dotnet\store" (previous value: "C:\Users\rolfe") at C:\Program Files\dotnet\sdk\10.0.103\Sdks\Microsoft.NET.Sdk\targets\Microsoft.NET.Sdk.targets (99,5)
       C:\Program Files\dotnet\sdk\10.0.103\Sdks\Microsoft.NET.Sdk\targets\Microsoft.NET.Sdk.targets(144,5): message : Property reassignment: $(AvailablePlatforms)="Any CPU,x86,x64,ARM32" (previous value: "Any CPU,x86,x64") at C:\Program Files\dotnet\sdk\10.0.103\Sdks\Microsoft.NET.Sdk\targets\Microsoft.NET.Sdk.targets (144,5)
       C:\Program Files\dotnet\sdk\10.0.103\Sdks\Microsoft.NET.Sdk\targets\Microsoft.NET.Sdk.targets(148,5): message : Property reassignment: $(AvailablePlatforms)="Any CPU,x86,x64,ARM32,ARM64" (previous value: "Any CPU,x86,x64,ARM32") at C:\Program Files\dotnet\sdk\10.0.103\Sdks\Microsoft.NET.Sdk\targets\Microsoft.NET.Sdk.targets (148,5)
       C:\Program Files\dotnet\sdk\10.0.103\Sdks\Microsoft.NET.Sdk\targets\Microsoft.NET.Sdk.targets(204,5): message : Property reassignment: $(CoreBuildDependsOn)="
       C:\Program Files\dotnet\sdk\10.0.103\Sdks\Microsoft.NET.Sdk\targets\Microsoft.NET.Sdk.targets(204,5): message :       _CheckForBuildWithNoBuild;
       C:\Program Files\dotnet\sdk\10.0.103\Sdks\Microsoft.NET.Sdk\targets\Microsoft.NET.Sdk.targets(204,5): message :       
       C:\Program Files\dotnet\sdk\10.0.103\Sdks\Microsoft.NET.Sdk\targets\Microsoft.NET.Sdk.targets(204,5): message :       BuildOnlySettings;
       C:\Program Files\dotnet\sdk\10.0.103\Sdks\Microsoft.NET.Sdk\targets\Microsoft.NET.Sdk.targets(204,5): message :       PrepareForBuild;
       C:\Program Files\dotnet\sdk\10.0.103\Sdks\Microsoft.NET.Sdk\targets\Microsoft.NET.Sdk.targets(204,5): message :       PreBuildEvent;
       C:\Program Files\dotnet\sdk\10.0.103\Sdks\Microsoft.NET.Sdk\targets\Microsoft.NET.Sdk.targets(204,5): message :       ResolveReferences;
       C:\Program Files\dotnet\sdk\10.0.103\Sdks\Microsoft.NET.Sdk\targets\Microsoft.NET.Sdk.targets(204,5): message :       PrepareResources;
       C:\Program Files\dotnet\sdk\10.0.103\Sdks\Microsoft.NET.Sdk\targets\Microsoft.NET.Sdk.targets(204,5): message :       ResolveKeySource;
       C:\Program Files\dotnet\sdk\10.0.103\Sdks\Microsoft.NET.Sdk\targets\Microsoft.NET.Sdk.targets(204,5): message :       Compile;
       C:\Program Files\dotnet\sdk\10.0.103\Sdks\Microsoft.NET.Sdk\targets\Microsoft.NET.Sdk.targets(204,5): message :       ExportWindowsMDFile;
       C:\Program Files\dotnet\sdk\10.0.103\Sdks\Microsoft.NET.Sdk\targets\Microsoft.NET.Sdk.targets(204,5): message :       UnmanagedUnregistration;
       C:\Program Files\dotnet\sdk\10.0.103\Sdks\Microsoft.NET.Sdk\targets\Microsoft.NET.Sdk.targets(204,5): message :       GenerateSerializationAssemblies;
       C:\Program Files\dotnet\sdk\10.0.103\Sdks\Microsoft.NET.Sdk\targets\Microsoft.NET.Sdk.targets(204,5): message :       CreateSatelliteAssemblies;
       C:\Program Files\dotnet\sdk\10.0.103\Sdks\Microsoft.NET.Sdk\targets\Microsoft.NET.Sdk.targets(204,5): message :       GenerateManifests;
       C:\Program Files\dotnet\sdk\10.0.103\Sdks\Microsoft.NET.Sdk\targets\Microsoft.NET.Sdk.targets(204,5): message :       GetTargetPath;
       C:\Program Files\dotnet\sdk\10.0.103\Sdks\Microsoft.NET.Sdk\targets\Microsoft.NET.Sdk.targets(204,5): message :       PrepareForRun;
       C:\Program Files\dotnet\sdk\10.0.103\Sdks\Microsoft.NET.Sdk\targets\Microsoft.NET.Sdk.targets(204,5): message :       UnmanagedRegistration;
       C:\Program Files\dotnet\sdk\10.0.103\Sdks\Microsoft.NET.Sdk\targets\Microsoft.NET.Sdk.targets(204,5): message :       IncrementalClean;
       C:\Program Files\dotnet\sdk\10.0.103\Sdks\Microsoft.NET.Sdk\targets\Microsoft.NET.Sdk.targets(204,5): message :       PostBuildEvent
       C:\Program Files\dotnet\sdk\10.0.103\Sdks\Microsoft.NET.Sdk\targets\Microsoft.NET.Sdk.targets(204,5): message :     ;
       C:\Program Files\dotnet\sdk\10.0.103\Sdks\Microsoft.NET.Sdk\targets\Microsoft.NET.Sdk.targets(204,5): message :       GenerateBuildDependencyFile;
       C:\Program Files\dotnet\sdk\10.0.103\Sdks\Microsoft.NET.Sdk\targets\Microsoft.NET.Sdk.targets(204,5): message :       GenerateBuildRuntimeConfigurationFiles
       C:\Program Files\dotnet\sdk\10.0.103\Sdks\Microsoft.NET.Sdk\targets\Microsoft.NET.Sdk.targets(204,5): message :     " (previous value: "
       C:\Program Files\dotnet\sdk\10.0.103\Sdks\Microsoft.NET.Sdk\targets\Microsoft.NET.Sdk.targets(204,5): message :       BuildOnlySettings;
       C:\Program Files\dotnet\sdk\10.0.103\Sdks\Microsoft.NET.Sdk\targets\Microsoft.NET.Sdk.targets(204,5): message :       PrepareForBuild;
       C:\Program Files\dotnet\sdk\10.0.103\Sdks\Microsoft.NET.Sdk\targets\Microsoft.NET.Sdk.targets(204,5): message :       PreBuildEvent;
       C:\Program Files\dotnet\sdk\10.0.103\Sdks\Microsoft.NET.Sdk\targets\Microsoft.NET.Sdk.targets(204,5): message :       ResolveReferences;
       C:\Program Files\dotnet\sdk\10.0.103\Sdks\Microsoft.NET.Sdk\targets\Microsoft.NET.Sdk.targets(204,5): message :       PrepareResources;
       C:\Program Files\dotnet\sdk\10.0.103\Sdks\Microsoft.NET.Sdk\targets\Microsoft.NET.Sdk.targets(204,5): message :       ResolveKeySource;
       C:\Program Files\dotnet\sdk\10.0.103\Sdks\Microsoft.NET.Sdk\targets\Microsoft.NET.Sdk.targets(204,5): message :       Compile;
       C:\Program Files\dotnet\sdk\10.0.103\Sdks\Microsoft.NET.Sdk\targets\Microsoft.NET.Sdk.targets(204,5): message :       ExportWindowsMDFile;
       C:\Program Files\dotnet\sdk\10.0.103\Sdks\Microsoft.NET.Sdk\targets\Microsoft.NET.Sdk.targets(204,5): message :       UnmanagedUnregistration;
       C:\Program Files\dotnet\sdk\10.0.103\Sdks\Microsoft.NET.Sdk\targets\Microsoft.NET.Sdk.targets(204,5): message :       GenerateSerializationAssemblies;
       C:\Program Files\dotnet\sdk\10.0.103\Sdks\Microsoft.NET.Sdk\targets\Microsoft.NET.Sdk.targets(204,5): message :       CreateSatelliteAssemblies;
       C:\Program Files\dotnet\sdk\10.0.103\Sdks\Microsoft.NET.Sdk\targets\Microsoft.NET.Sdk.targets(204,5): message :       GenerateManifests;
       C:\Program Files\dotnet\sdk\10.0.103\Sdks\Microsoft.NET.Sdk\targets\Microsoft.NET.Sdk.targets(204,5): message :       GetTargetPath;
       C:\Program Files\dotnet\sdk\10.0.103\Sdks\Microsoft.NET.Sdk\targets\Microsoft.NET.Sdk.targets(204,5): message :       PrepareForRun;
       C:\Program Files\dotnet\sdk\10.0.103\Sdks\Microsoft.NET.Sdk\targets\Microsoft.NET.Sdk.targets(204,5): message :       UnmanagedRegistration;
       C:\Program Files\dotnet\sdk\10.0.103\Sdks\Microsoft.NET.Sdk\targets\Microsoft.NET.Sdk.targets(204,5): message :       IncrementalClean;
       C:\Program Files\dotnet\sdk\10.0.103\Sdks\Microsoft.NET.Sdk\targets\Microsoft.NET.Sdk.targets(204,5): message :       PostBuildEvent
       C:\Program Files\dotnet\sdk\10.0.103\Sdks\Microsoft.NET.Sdk\targets\Microsoft.NET.Sdk.targets(204,5): message :     ") at C:\Program Files\dotnet\sdk\10.0.103\Sdks\Microsoft.NET.Sdk\targets\Microsoft.NET.Sdk.targets (204,5)
       C:\Program Files\dotnet\sdk\10.0.103\Sdks\Microsoft.NET.Sdk\targets\Microsoft.NET.Sdk.targets(213,5): message : Property reassignment: $(CoreCleanDependsOn)="
       C:\Program Files\dotnet\sdk\10.0.103\Sdks\Microsoft.NET.Sdk\targets\Microsoft.NET.Sdk.targets(213,5): message :       _SdkBeforeClean;
       C:\Program Files\dotnet\sdk\10.0.103\Sdks\Microsoft.NET.Sdk\targets\Microsoft.NET.Sdk.targets(213,5): message :       
       C:\Program Files\dotnet\sdk\10.0.103\Sdks\Microsoft.NET.Sdk\targets\Microsoft.NET.Sdk.targets(213,5): message :     " (previous value: "") at C:\Program Files\dotnet\sdk\10.0.103\Sdks\Microsoft.NET.Sdk\targets\Microsoft.NET.Sdk.targets (213,5)
       C:\Program Files\dotnet\sdk\10.0.103\Sdks\Microsoft.NET.Sdk\targets\Microsoft.NET.Sdk.targets(220,5): message : Property reassignment: $(RebuildDependsOn)="
       C:\Program Files\dotnet\sdk\10.0.103\Sdks\Microsoft.NET.Sdk\targets\Microsoft.NET.Sdk.targets(220,5): message :       _SdkBeforeRebuild;
       C:\Program Files\dotnet\sdk\10.0.103\Sdks\Microsoft.NET.Sdk\targets\Microsoft.NET.Sdk.targets(220,5): message :       
       C:\Program Files\dotnet\sdk\10.0.103\Sdks\Microsoft.NET.Sdk\targets\Microsoft.NET.Sdk.targets(220,5): message :       BeforeRebuild;
       C:\Program Files\dotnet\sdk\10.0.103\Sdks\Microsoft.NET.Sdk\targets\Microsoft.NET.Sdk.targets(220,5): message :       Clean;
       C:\Program Files\dotnet\sdk\10.0.103\Sdks\Microsoft.NET.Sdk\targets\Microsoft.NET.Sdk.targets(220,5): message :       Build;
       C:\Program Files\dotnet\sdk\10.0.103\Sdks\Microsoft.NET.Sdk\targets\Microsoft.NET.Sdk.targets(220,5): message :       AfterRebuild;
       C:\Program Files\dotnet\sdk\10.0.103\Sdks\Microsoft.NET.Sdk\targets\Microsoft.NET.Sdk.targets(220,5): message :     
       C:\Program Files\dotnet\sdk\10.0.103\Sdks\Microsoft.NET.Sdk\targets\Microsoft.NET.Sdk.targets(220,5): message :     " (previous value: "
       C:\Program Files\dotnet\sdk\10.0.103\Sdks\Microsoft.NET.Sdk\targets\Microsoft.NET.Sdk.targets(220,5): message :       BeforeRebuild;
       C:\Program Files\dotnet\sdk\10.0.103\Sdks\Microsoft.NET.Sdk\targets\Microsoft.NET.Sdk.targets(220,5): message :       Clean;
       C:\Program Files\dotnet\sdk\10.0.103\Sdks\Microsoft.NET.Sdk\targets\Microsoft.NET.Sdk.targets(220,5): message :       Build;
       C:\Program Files\dotnet\sdk\10.0.103\Sdks\Microsoft.NET.Sdk\targets\Microsoft.NET.Sdk.targets(220,5): message :       AfterRebuild;
       C:\Program Files\dotnet\sdk\10.0.103\Sdks\Microsoft.NET.Sdk\targets\Microsoft.NET.Sdk.targets(220,5): message :     ") at C:\Program Files\dotnet\sdk\10.0.103\Sdks\Microsoft.NET.Sdk\targets\Microsoft.NET.Sdk.targets (220,5)
       C:\Program Files\dotnet\sdk\10.0.103\Sdks\Microsoft.NET.Sdk\targets\Microsoft.NET.Sdk.targets(799,5): message : Property reassignment: $(CompileDependsOn)="
       C:\Program Files\dotnet\sdk\10.0.103\Sdks\Microsoft.NET.Sdk\targets\Microsoft.NET.Sdk.targets(799,5): message :       
       C:\Program Files\dotnet\sdk\10.0.103\Sdks\Microsoft.NET.Sdk\targets\Microsoft.NET.Sdk.targets(799,5): message :       ResolveReferences;
       C:\Program Files\dotnet\sdk\10.0.103\Sdks\Microsoft.NET.Sdk\targets\Microsoft.NET.Sdk.targets(799,5): message :       ResolveKeySource;
       C:\Program Files\dotnet\sdk\10.0.103\Sdks\Microsoft.NET.Sdk\targets\Microsoft.NET.Sdk.targets(799,5): message :       SetWin32ManifestProperties;
       C:\Program Files\dotnet\sdk\10.0.103\Sdks\Microsoft.NET.Sdk\targets\Microsoft.NET.Sdk.targets(799,5): message :       _SetPreferNativeArm64Win32ManifestProperties;
       C:\Program Files\dotnet\sdk\10.0.103\Sdks\Microsoft.NET.Sdk\targets\Microsoft.NET.Sdk.targets(799,5): message :       FindReferenceAssembliesForReferences;
       C:\Program Files\dotnet\sdk\10.0.103\Sdks\Microsoft.NET.Sdk\targets\Microsoft.NET.Sdk.targets(799,5): message :       _GenerateCompileInputs;
       C:\Program Files\dotnet\sdk\10.0.103\Sdks\Microsoft.NET.Sdk\targets\Microsoft.NET.Sdk.targets(799,5): message :       BeforeCompile;
       C:\Program Files\dotnet\sdk\10.0.103\Sdks\Microsoft.NET.Sdk\targets\Microsoft.NET.Sdk.targets(799,5): message :       _TimeStampBeforeCompile;
       C:\Program Files\dotnet\sdk\10.0.103\Sdks\Microsoft.NET.Sdk\targets\Microsoft.NET.Sdk.targets(799,5): message :       _GenerateCompileDependencyCache;
       C:\Program Files\dotnet\sdk\10.0.103\Sdks\Microsoft.NET.Sdk\targets\Microsoft.NET.Sdk.targets(799,5): message :       CoreCompile;
       C:\Program Files\dotnet\sdk\10.0.103\Sdks\Microsoft.NET.Sdk\targets\Microsoft.NET.Sdk.targets(799,5): message :       _TimeStampAfterCompile;
       C:\Program Files\dotnet\sdk\10.0.103\Sdks\Microsoft.NET.Sdk\targets\Microsoft.NET.Sdk.targets(799,5): message :       AfterCompile;
       C:\Program Files\dotnet\sdk\10.0.103\Sdks\Microsoft.NET.Sdk\targets\Microsoft.NET.Sdk.targets(799,5): message :     ;
       C:\Program Files\dotnet\sdk\10.0.103\Sdks\Microsoft.NET.Sdk\targets\Microsoft.NET.Sdk.targets(799,5): message :       _CreateAppHost;
       C:\Program Files\dotnet\sdk\10.0.103\Sdks\Microsoft.NET.Sdk\targets\Microsoft.NET.Sdk.targets(799,5): message :       _CreateComHost;
       C:\Program Files\dotnet\sdk\10.0.103\Sdks\Microsoft.NET.Sdk\targets\Microsoft.NET.Sdk.targets(799,5): message :       _GetIjwHostPaths;
       C:\Program Files\dotnet\sdk\10.0.103\Sdks\Microsoft.NET.Sdk\targets\Microsoft.NET.Sdk.targets(799,5): message :     " (previous value: "
       C:\Program Files\dotnet\sdk\10.0.103\Sdks\Microsoft.NET.Sdk\targets\Microsoft.NET.Sdk.targets(799,5): message :       ResolveReferences;
       C:\Program Files\dotnet\sdk\10.0.103\Sdks\Microsoft.NET.Sdk\targets\Microsoft.NET.Sdk.targets(799,5): message :       ResolveKeySource;
       C:\Program Files\dotnet\sdk\10.0.103\Sdks\Microsoft.NET.Sdk\targets\Microsoft.NET.Sdk.targets(799,5): message :       SetWin32ManifestProperties;
       C:\Program Files\dotnet\sdk\10.0.103\Sdks\Microsoft.NET.Sdk\targets\Microsoft.NET.Sdk.targets(799,5): message :       _SetPreferNativeArm64Win32ManifestProperties;
       C:\Program Files\dotnet\sdk\10.0.103\Sdks\Microsoft.NET.Sdk\targets\Microsoft.NET.Sdk.targets(799,5): message :       FindReferenceAssembliesForReferences;
       C:\Program Files\dotnet\sdk\10.0.103\Sdks\Microsoft.NET.Sdk\targets\Microsoft.NET.Sdk.targets(799,5): message :       _GenerateCompileInputs;
       C:\Program Files\dotnet\sdk\10.0.103\Sdks\Microsoft.NET.Sdk\targets\Microsoft.NET.Sdk.targets(799,5): message :       BeforeCompile;
       C:\Program Files\dotnet\sdk\10.0.103\Sdks\Microsoft.NET.Sdk\targets\Microsoft.NET.Sdk.targets(799,5): message :       _TimeStampBeforeCompile;
       C:\Program Files\dotnet\sdk\10.0.103\Sdks\Microsoft.NET.Sdk\targets\Microsoft.NET.Sdk.targets(799,5): message :       _GenerateCompileDependencyCache;
       C:\Program Files\dotnet\sdk\10.0.103\Sdks\Microsoft.NET.Sdk\targets\Microsoft.NET.Sdk.targets(799,5): message :       CoreCompile;
       C:\Program Files\dotnet\sdk\10.0.103\Sdks\Microsoft.NET.Sdk\targets\Microsoft.NET.Sdk.targets(799,5): message :       _TimeStampAfterCompile;
       C:\Program Files\dotnet\sdk\10.0.103\Sdks\Microsoft.NET.Sdk\targets\Microsoft.NET.Sdk.targets(799,5): message :       AfterCompile;
       C:\Program Files\dotnet\sdk\10.0.103\Sdks\Microsoft.NET.Sdk\targets\Microsoft.NET.Sdk.targets(799,5): message :     ") at C:\Program Files\dotnet\sdk\10.0.103\Sdks\Microsoft.NET.Sdk\targets\Microsoft.NET.Sdk.targets (799,5)
       C:\Program Files\dotnet\sdk\10.0.103\Sdks\Microsoft.NET.Sdk\targets\Microsoft.NET.Sdk.targets(1131,5): message : Property reassignment: $(CreateSatelliteAssembliesDependsOn)="
       C:\Program Files\dotnet\sdk\10.0.103\Sdks\Microsoft.NET.Sdk\targets\Microsoft.NET.Sdk.targets(1131,5): message :       
       C:\Program Files\dotnet\sdk\10.0.103\Sdks\Microsoft.NET.Sdk\targets\Microsoft.NET.Sdk.targets(1131,5): message :       ;
       C:\Program Files\dotnet\sdk\10.0.103\Sdks\Microsoft.NET.Sdk\targets\Microsoft.NET.Sdk.targets(1131,5): message :       _GenerateSatelliteAssemblyInputs;
       C:\Program Files\dotnet\sdk\10.0.103\Sdks\Microsoft.NET.Sdk\targets\Microsoft.NET.Sdk.targets(1131,5): message :       ComputeIntermediateSatelliteAssemblies;
       C:\Program Files\dotnet\sdk\10.0.103\Sdks\Microsoft.NET.Sdk\targets\Microsoft.NET.Sdk.targets(1131,5): message :       GenerateSatelliteAssemblies
       C:\Program Files\dotnet\sdk\10.0.103\Sdks\Microsoft.NET.Sdk\targets\Microsoft.NET.Sdk.targets(1131,5): message :     ;
       C:\Program Files\dotnet\sdk\10.0.103\Sdks\Microsoft.NET.Sdk\targets\Microsoft.NET.Sdk.targets(1131,5): message :       CoreGenerateSatelliteAssemblies
       C:\Program Files\dotnet\sdk\10.0.103\Sdks\Microsoft.NET.Sdk\targets\Microsoft.NET.Sdk.targets(1131,5): message :     " (previous value: "
       C:\Program Files\dotnet\sdk\10.0.103\Sdks\Microsoft.NET.Sdk\targets\Microsoft.NET.Sdk.targets(1131,5): message :       ;
       C:\Program Files\dotnet\sdk\10.0.103\Sdks\Microsoft.NET.Sdk\targets\Microsoft.NET.Sdk.targets(1131,5): message :       _GenerateSatelliteAssemblyInputs;
       C:\Program Files\dotnet\sdk\10.0.103\Sdks\Microsoft.NET.Sdk\targets\Microsoft.NET.Sdk.targets(1131,5): message :       ComputeIntermediateSatelliteAssemblies;
       C:\Program Files\dotnet\sdk\10.0.103\Sdks\Microsoft.NET.Sdk\targets\Microsoft.NET.Sdk.targets(1131,5): message :       GenerateSatelliteAssemblies
       C:\Program Files\dotnet\sdk\10.0.103\Sdks\Microsoft.NET.Sdk\targets\Microsoft.NET.Sdk.targets(1131,5): message :     ") at C:\Program Files\dotnet\sdk\10.0.103\Sdks\Microsoft.NET.Sdk\targets\Microsoft.NET.Sdk.targets (1131,5)
       C:\Program Files\dotnet\sdk\10.0.103\Sdks\Microsoft.SourceLink.GitLab\build\Microsoft.SourceLink.GitLab.targets(12,5): message : Property reassignment: $(SourceLinkUrlInitializerTargets)=";_InitializeGitHubSourceLinkUrl;_InitializeGitLabSourceLinkUrl" (previous value: ";_InitializeGitHubSourceLinkUrl") at C:\Program Files\dotnet\sdk\10.0.103\Sdks\Microsoft.SourceLink.GitLab\build\Microsoft.SourceLink.GitLab.targets (12,5)
       C:\Program Files\dotnet\sdk\10.0.103\Sdks\Microsoft.SourceLink.GitLab\build\Microsoft.SourceLink.GitLab.targets(13,5): message : Property reassignment: $(SourceControlManagerUrlTranslationTargets)=";TranslateGitHubUrlsInSourceControlInformation;TranslateGitLabUrlsInSourceControlInformation" (previous value: ";TranslateGitHubUrlsInSourceControlInformation") at C:\Program Files\dotnet\sdk\10.0.103\Sdks\Microsoft.SourceLink.GitLab\build\Microsoft.SourceLink.GitLab.targets (13,5)
       C:\Program Files\dotnet\sdk\10.0.103\Sdks\Microsoft.SourceLink.AzureRepos.Git\build\Microsoft.SourceLink.AzureRepos.Git.targets(12,5): message : Property reassignment: $(SourceLinkUrlInitializerTargets)=";_InitializeGitHubSourceLinkUrl;_InitializeGitLabSourceLinkUrl;_InitializeAzureReposGitSourceLinkUrl" (previous value: ";_InitializeGitHubSourceLinkUrl;_InitializeGitLabSourceLinkUrl") at C:\Program Files\dotnet\sdk\10.0.103\Sdks\Microsoft.SourceLink.AzureRepos.Git\build\Microsoft.SourceLink.AzureRepos.Git.targets (12,5)
       C:\Program Files\dotnet\sdk\10.0.103\Sdks\Microsoft.SourceLink.AzureRepos.Git\build\Microsoft.SourceLink.AzureRepos.Git.targets(13,5): message : Property reassignment: $(SourceControlManagerUrlTranslationTargets)=";TranslateGitHubUrlsInSourceControlInformation;TranslateGitLabUrlsInSourceControlInformation;TranslateAzureReposGitUrlsInSourceControlInformation" (previous value: ";TranslateGitHubUrlsInSourceControlInformation;TranslateGitLabUrlsInSourceControlInformation") at C:\Program Files\dotnet\sdk\10.0.103\Sdks\Microsoft.SourceLink.AzureRepos.Git\build\Microsoft.SourceLink.AzureRepos.Git.targets (13,5)
       C:\Program Files\dotnet\sdk\10.0.103\Sdks\Microsoft.SourceLink.Bitbucket.Git\build\Microsoft.SourceLink.Bitbucket.Git.targets(12,5): message : Property reassignment: $(SourceLinkUrlInitializerTargets)=";_InitializeGitHubSourceLinkUrl;_InitializeGitLabSourceLinkUrl;_InitializeAzureReposGitSourceLinkUrl;_InitializeBitbucketGitSourceLinkUrl" (previous value: ";_InitializeGitHubSourceLinkUrl;_InitializeGitLabSourceLinkUrl;_InitializeAzureReposGitSourceLinkUrl") at C:\Program Files\dotnet\sdk\10.0.103\Sdks\Microsoft.SourceLink.Bitbucket.Git\build\Microsoft.SourceLink.Bitbucket.Git.targets (12,5)
       C:\Program Files\dotnet\sdk\10.0.103\Sdks\Microsoft.SourceLink.Bitbucket.Git\build\Microsoft.SourceLink.Bitbucket.Git.targets(13,5): message : Property reassignment: $(SourceControlManagerUrlTranslationTargets)=";TranslateGitHubUrlsInSourceControlInformation;TranslateGitLabUrlsInSourceControlInformation;TranslateAzureReposGitUrlsInSourceControlInformation;TranslateBitbucketGitUrlsInSourceControlInformation" (previous value: ";TranslateGitHubUrlsInSourceControlInformation;TranslateGitLabUrlsInSourceControlInformation;TranslateAzureReposGitUrlsInSourceControlInformation") at C:\Program Files\dotnet\sdk\10.0.103\Sdks\Microsoft.SourceLink.Bitbucket.Git\build\Microsoft.SourceLink.Bitbucket.Git.targets (13,5)
       C:\Program Files\dotnet\sdk\10.0.103\Sdks\Microsoft.NET.Sdk\targets\Microsoft.NET.DesignerSupport.targets(21,5): message : Property reassignment: $(DesignerRuntimeImplementationProjectOutputGroupDependsOn)="
       C:\Program Files\dotnet\sdk\10.0.103\Sdks\Microsoft.NET.Sdk\targets\Microsoft.NET.DesignerSupport.targets(21,5): message :       
       C:\Program Files\dotnet\sdk\10.0.103\Sdks\Microsoft.NET.Sdk\targets\Microsoft.NET.DesignerSupport.targets(21,5): message :       ;
       C:\Program Files\dotnet\sdk\10.0.103\Sdks\Microsoft.NET.Sdk\targets\Microsoft.NET.DesignerSupport.targets(21,5): message :       
       C:\Program Files\dotnet\sdk\10.0.103\Sdks\Microsoft.NET.Sdk\targets\Microsoft.NET.DesignerSupport.targets(21,5): message :       ;
       C:\Program Files\dotnet\sdk\10.0.103\Sdks\Microsoft.NET.Sdk\targets\Microsoft.NET.DesignerSupport.targets(21,5): message :       BuildOnlySettings;
       C:\Program Files\dotnet\sdk\10.0.103\Sdks\Microsoft.NET.Sdk\targets\Microsoft.NET.DesignerSupport.targets(21,5): message :       PrepareForBuild;
       C:\Program Files\dotnet\sdk\10.0.103\Sdks\Microsoft.NET.Sdk\targets\Microsoft.NET.DesignerSupport.targets(21,5): message :       AssignTargetPaths;
       C:\Program Files\dotnet\sdk\10.0.103\Sdks\Microsoft.NET.Sdk\targets\Microsoft.NET.DesignerSupport.targets(21,5): message :       ResolveReferences
       C:\Program Files\dotnet\sdk\10.0.103\Sdks\Microsoft.NET.Sdk\targets\Microsoft.NET.DesignerSupport.targets(21,5): message :     
       C:\Program Files\dotnet\sdk\10.0.103\Sdks\Microsoft.NET.Sdk\targets\Microsoft.NET.DesignerSupport.targets(21,5): message :     ;
       C:\Program Files\dotnet\sdk\10.0.103\Sdks\Microsoft.NET.Sdk\targets\Microsoft.NET.DesignerSupport.targets(21,5): message :       _GenerateDesignerDepsFile;
       C:\Program Files\dotnet\sdk\10.0.103\Sdks\Microsoft.NET.Sdk\targets\Microsoft.NET.DesignerSupport.targets(21,5): message :       _GenerateDesignerRuntimeConfigFile;
       C:\Program Files\dotnet\sdk\10.0.103\Sdks\Microsoft.NET.Sdk\targets\Microsoft.NET.DesignerSupport.targets(21,5): message :       GetCopyToOutputDirectoryItems;
       C:\Program Files\dotnet\sdk\10.0.103\Sdks\Microsoft.NET.Sdk\targets\Microsoft.NET.DesignerSupport.targets(21,5): message :       _GatherDesignerShadowCopyFiles;
       C:\Program Files\dotnet\sdk\10.0.103\Sdks\Microsoft.NET.Sdk\targets\Microsoft.NET.DesignerSupport.targets(21,5): message :     " (previous value: "
       C:\Program Files\dotnet\sdk\10.0.103\Sdks\Microsoft.NET.Sdk\targets\Microsoft.NET.DesignerSupport.targets(21,5): message :       ;
       C:\Program Files\dotnet\sdk\10.0.103\Sdks\Microsoft.NET.Sdk\targets\Microsoft.NET.DesignerSupport.targets(21,5): message :       
       C:\Program Files\dotnet\sdk\10.0.103\Sdks\Microsoft.NET.Sdk\targets\Microsoft.NET.DesignerSupport.targets(21,5): message :       ;
       C:\Program Files\dotnet\sdk\10.0.103\Sdks\Microsoft.NET.Sdk\targets\Microsoft.NET.DesignerSupport.targets(21,5): message :       BuildOnlySettings;
       C:\Program Files\dotnet\sdk\10.0.103\Sdks\Microsoft.NET.Sdk\targets\Microsoft.NET.DesignerSupport.targets(21,5): message :       PrepareForBuild;
       C:\Program Files\dotnet\sdk\10.0.103\Sdks\Microsoft.NET.Sdk\targets\Microsoft.NET.DesignerSupport.targets(21,5): message :       AssignTargetPaths;
       C:\Program Files\dotnet\sdk\10.0.103\Sdks\Microsoft.NET.Sdk\targets\Microsoft.NET.DesignerSupport.targets(21,5): message :       ResolveReferences
       C:\Program Files\dotnet\sdk\10.0.103\Sdks\Microsoft.NET.Sdk\targets\Microsoft.NET.DesignerSupport.targets(21,5): message :     
       C:\Program Files\dotnet\sdk\10.0.103\Sdks\Microsoft.NET.Sdk\targets\Microsoft.NET.DesignerSupport.targets(21,5): message :     ") at C:\Program Files\dotnet\sdk\10.0.103\Sdks\Microsoft.NET.Sdk\targets\Microsoft.NET.DesignerSupport.targets (21,5)
       C:\Program Files\dotnet\sdk\10.0.103\Sdks\Microsoft.NET.Sdk\targets\Microsoft.NET.Sdk.CSharp.targets(31,5): message : Property reassignment: $(DefineConstants)="TRACE;DEBUG" (previous value: "TRACE") at C:\Program Files\dotnet\sdk\10.0.103\Sdks\Microsoft.NET.Sdk\targets\Microsoft.NET.Sdk.CSharp.targets (31,5)
       C:\Program Files\dotnet\sdk\10.0.103\Sdks\Microsoft.NET.Sdk\targets\Microsoft.NET.Sdk.CSharp.targets(45,5): message : Property reassignment: $(WarningsAsErrors)=";NU1605;SYSLIB0011" (previous value: ";NU1605") at C:\Program Files\dotnet\sdk\10.0.103\Sdks\Microsoft.NET.Sdk\targets\Microsoft.NET.Sdk.CSharp.targets (45,5)
       C:\Users\rolfe\.nuget\packages\microsoft.net.illink.tasks\10.0.3\build\Microsoft.NET.ILLink.targets(85,5): message : Property reassignment: $(NoWarn)="1701;1702;IL2121" (previous value: "1701;1702") at C:\Users\rolfe\.nuget\packages\microsoft.net.illink.tasks\10.0.3\build\Microsoft.NET.ILLink.targets (85,5)
       C:\Program Files\dotnet\sdk\10.0.103\NuGet.Build.Tasks.Pack.targets(34,5): message : Property reassignment: $(PackageDescription)="Package Description" (previous value: "") at C:\Program Files\dotnet\sdk\10.0.103\NuGet.Build.Tasks.Pack.targets (34,5)
       C:\Program Files\dotnet\sdk\10.0.103\NuGet.Build.Tasks.Pack.targets(59,5): message : Property reassignment: $(GenerateNuspecDependsOn)="Build;_LoadPackInputItems; _GetTargetFrameworksOutput; _WalkEachTargetPerFramework; _GetPackageFiles; " (previous value: "_LoadPackInputItems; _GetTargetFrameworksOutput; _WalkEachTargetPerFramework; _GetPackageFiles; ") at C:\Program Files\dotnet\sdk\10.0.103\NuGet.Build.Tasks.Pack.targets (59,5)
       C:\Program Files\dotnet\sdk\10.0.103\Sdks\Microsoft.NET.Sdk\Sdk\Sdk.targets(59,5): message : Property reassignment: $(_IsNotSetContainersTargetsDir)="true" (previous value: "false") at C:\Program Files\dotnet\sdk\10.0.103\Sdks\Microsoft.NET.Sdk\Sdk\Sdk.targets (59,5)
       C:\Program Files\dotnet\sdk\10.0.103\Containers\build\Microsoft.NET.Build.Containers.targets(5,5): message : Property reassignment: $(_IsSDKContainerAllowedVersion)="true" (previous value: "false") at C:\Program Files\dotnet\sdk\10.0.103\Containers\build\Microsoft.NET.Build.Containers.targets (5,5)
       C:\Program Files\dotnet\sdk\10.0.103\Containers\build\Microsoft.NET.Build.Containers.targets(15,5): message : Property reassignment: $(_ContainerIsTargetingNet8TFM)="true" (previous value: "false") at C:\Program Files\dotnet\sdk\10.0.103\Containers\build\Microsoft.NET.Build.Containers.targets (15,5)
       C:\Program Files\dotnet\sdk\10.0.103\Containers\build\Microsoft.NET.Build.Containers.targets(17,5): message : Property reassignment: $(_ContainerIsSelfContained)="true" (previous value: "false") at C:\Program Files\dotnet\sdk\10.0.103\Containers\build\Microsoft.NET.Build.Containers.targets (17,5)
     1>Project "C:\Users\rolfe\git\own\Villa-Annunziata\hotelDroid\HotelDroid.slnx" (1) is building "C:\Users\rolfe\git\own\Villa-Annunziata\hotelDroid\src\HotelDroid.Api\HotelDroid.Api.csproj" (2) on node 1 (VSTest target(s)).
     2>Target "ShowInfoMessageIfProjectHasNoIsTestProjectProperty" in file "C:\Program Files\dotnet\sdk\10.0.103\Microsoft.TestPlatform.targets" from project "C:\Users\rolfe\git\own\Villa-Annunziata\hotelDroid\src\HotelDroid.Api\HotelDroid.Api.csproj" (target "VSTest" depends on it):
     2>Assembly loaded during TaskRun: Microsoft.TestPlatform.Build, Version=15.0.0.0, Culture=neutral, PublicKeyToken=b03f5f7f11d50a3a (location: C:\Program Files\dotnet\sdk\10.0.103\Microsoft.TestPlatform.Build.dll, MVID: d7ab1f3d-08d6-4229-9ff7-dd88645ddd7f, AssemblyLoadContext: MSBuild plugin C:\Program Files\dotnet\sdk\10.0.103\Microsoft.TestPlatform.Build.dll)
       Using "VSTestLogsTask" task from assembly "C:\Program Files\dotnet\sdk\10.0.103\Microsoft.TestPlatform.Build.dll".
       Task "VSTestLogsTask"
         Skipping running test for project {0}. To run tests with dotnet test add "<IsTestProject>true</IsTestProject>" property to project file.
       Done executing task "VSTestLogsTask".
     2>Done building target "ShowInfoMessageIfProjectHasNoIsTestProjectProperty" in project "HotelDroid.Api.csproj".
     0>C:\Program Files\dotnet\sdk\10.0.103\Sdks\Microsoft.NET.Sdk.StaticWebAssets\targets\Sdk.StaticWebAssets.CurrentVersion.targets(37,18): message : Property 'DOTNET_HOST_PATH' with value 'C:\Program Files\dotnet\dotnet.exe' expanded from the environment.
     2>Target "VSTest" in file "C:\Program Files\dotnet\sdk\10.0.103\Microsoft.TestPlatform.targets" from project "C:\Users\rolfe\git\own\Villa-Annunziata\hotelDroid\src\HotelDroid.Api\HotelDroid.Api.csproj" (entry point):
     2>C:\Program Files\dotnet\sdk\10.0.103\Microsoft.TestPlatform.targets(33,42): message : Property '_MSBUILDTLENABLED' with value '0' expanded from the environment. [C:\Users\rolfe\git\own\Villa-Annunziata\hotelDroid\src\HotelDroid.Api\HotelDroid.Api.csproj]
       Using "CallTarget" task from assembly "Microsoft.Build.Tasks.Core, Version=15.1.0.0, Culture=neutral, PublicKeyToken=b03f5f7f11d50a3a".
       Task "CallTarget"
     2>Target "_VSTestConsole" in file "C:\Program Files\dotnet\sdk\10.0.103\Microsoft.TestPlatform.targets" from project "C:\Users\rolfe\git\own\Villa-Annunziata\hotelDroid\src\HotelDroid.Api\HotelDroid.Api.csproj" (target "VSTest" depends on it):
       Task "CallTarget"
     2>Target "ShowCallOfVSTestTaskWithParameter" in file "C:\Program Files\dotnet\sdk\10.0.103\Microsoft.TestPlatform.targets" from project "C:\Users\rolfe\git\own\Villa-Annunziata\hotelDroid\src\HotelDroid.Api\HotelDroid.Api.csproj" (target "_VSTestConsole" depends on it):
       Using "Message" task from assembly "Microsoft.Build.Tasks.Core, Version=15.1.0.0, Culture=neutral, PublicKeyToken=b03f5f7f11d50a3a".
       Task "Message"
         Calling task Microsoft.TestPlatform.Build.Tasks.VSTestTask with following parameter...
       Done executing task "Message".
       Task "Message"
         TestFileFullPath = C:\Users\rolfe\git\own\Villa-Annunziata\hotelDroid\src\HotelDroid.Api\bin\Debug\net10.0\HotelDroid.Api.dll
       Done executing task "Message".
       Task "Message"
     0>C:\Program Files\dotnet\sdk\10.0.103\Sdks\Microsoft.NET.Sdk.StaticWebAssets\targets\Microsoft.NET.Sdk.StaticWebAssets.targets(286,5): message : Property reassignment: $(PrepareForRunDependsOn)="StaticWebAssetsPrepareForRun;
C:\Program Files\dotnet\sdk\10.0.103\Sdks\Microsoft.NET.Sdk.StaticWebAssets\targets\Microsoft.NET.Sdk.StaticWebAssets.targets(286,5): message :       CopyFilesToOutputDirectory
C:\Program Files\dotnet\sdk\10.0.103\Sdks\Microsoft.NET.Sdk.StaticWebAssets\targets\Microsoft.NET.Sdk.StaticWebAssets.targets(286,5): message :     " (previous value: "
C:\Program Files\dotnet\sdk\10.0.103\Sdks\Microsoft.NET.Sdk.StaticWebAssets\targets\Microsoft.NET.Sdk.StaticWebAssets.targets(286,5): message :       CopyFilesToOutputDirectory
C:\Program Files\dotnet\sdk\10.0.103\Sdks\Microsoft.NET.Sdk.StaticWebAssets\targets\Microsoft.NET.Sdk.StaticWebAssets.targets(286,5): message :     ") at C:\Program Files\dotnet\sdk\10.0.103\Sdks\Microsoft.NET.Sdk.StaticWebAssets\targets\Microsoft.NET.Sdk.StaticWebAssets.targets (286,5)
       C:\Program Files\dotnet\sdk\10.0.103\Sdks\Microsoft.NET.Sdk.StaticWebAssets\targets\Microsoft.NET.Sdk.StaticWebAssets.targets(312,5): message : Property reassignment: $(ResolveStaticWebAssetsInputsDependsOn)="
       C:\Program Files\dotnet\sdk\10.0.103\Sdks\Microsoft.NET.Sdk.StaticWebAssets\targets\Microsoft.NET.Sdk.StaticWebAssets.targets(312,5): message :       ResolveCoreStaticWebAssets;
       C:\Program Files\dotnet\sdk\10.0.103\Sdks\Microsoft.NET.Sdk.StaticWebAssets\targets\Microsoft.NET.Sdk.StaticWebAssets.targets(312,5): message :       GenerateComputedBuildStaticWebAssets;
       C:\Program Files\dotnet\sdk\10.0.103\Sdks\Microsoft.NET.Sdk.StaticWebAssets\targets\Microsoft.NET.Sdk.StaticWebAssets.targets(312,5): message :       
       C:\Program Files\dotnet\sdk\10.0.103\Sdks\Microsoft.NET.Sdk.StaticWebAssets\targets\Microsoft.NET.Sdk.StaticWebAssets.targets(312,5): message :       ;
       C:\Program Files\dotnet\sdk\10.0.103\Sdks\Microsoft.NET.Sdk.StaticWebAssets\targets\Microsoft.NET.Sdk.StaticWebAssets.targets(312,5): message :       _AddBlazorFrameworkStaticWebAssets;
       C:\Program Files\dotnet\sdk\10.0.103\Sdks\Microsoft.NET.Sdk.StaticWebAssets\targets\Microsoft.NET.Sdk.StaticWebAssets.targets(312,5): message :     
       C:\Program Files\dotnet\sdk\10.0.103\Sdks\Microsoft.NET.Sdk.StaticWebAssets\targets\Microsoft.NET.Sdk.StaticWebAssets.targets(312,5): message :     " (previous value: "
       C:\Program Files\dotnet\sdk\10.0.103\Sdks\Microsoft.NET.Sdk.StaticWebAssets\targets\Microsoft.NET.Sdk.StaticWebAssets.targets(312,5): message :       ;
       C:\Program Files\dotnet\sdk\10.0.103\Sdks\Microsoft.NET.Sdk.StaticWebAssets\targets\Microsoft.NET.Sdk.StaticWebAssets.targets(312,5): message :       _AddBlazorFrameworkStaticWebAssets;
       C:\Program Files\dotnet\sdk\10.0.103\Sdks\Microsoft.NET.Sdk.StaticWebAssets\targets\Microsoft.NET.Sdk.StaticWebAssets.targets(312,5): message :     ") at C:\Program Files\dotnet\sdk\10.0.103\Sdks\Microsoft.NET.Sdk.StaticWebAssets\targets\Microsoft.NET.Sdk.StaticWebAssets.targets (312,5)
     2>ShowCallOfVSTestTaskWithParameter:
         VSTestSetting = 
       Done executing task "Message".
     0>C:\Program Files\dotnet\sdk\10.0.103\Sdks\Microsoft.NET.Sdk.StaticWebAssets\targets\Microsoft.NET.Sdk.StaticWebAssets.targets(323,5): message : Property reassignment: $(GetCopyToOutputDirectoryItemsDependsOn)="
C:\Program Files\dotnet\sdk\10.0.103\Sdks\Microsoft.NET.Sdk.StaticWebAssets\targets\Microsoft.NET.Sdk.StaticWebAssets.targets(323,5): message :       AssignTargetPaths;
C:\Program Files\dotnet\sdk\10.0.103\Sdks\Microsoft.NET.Sdk.StaticWebAssets\targets\Microsoft.NET.Sdk.StaticWebAssets.targets(323,5): message :       
C:\Program Files\dotnet\sdk\10.0.103\Sdks\Microsoft.NET.Sdk.StaticWebAssets\targets\Microsoft.NET.Sdk.StaticWebAssets.targets(323,5): message :       AssignProjectConfiguration;
C:\Program Files\dotnet\sdk\10.0.103\Sdks\Microsoft.NET.Sdk.StaticWebAssets\targets\Microsoft.NET.Sdk.StaticWebAssets.targets(323,5): message :       _SplitProjectReferencesByFileExistence
C:\Program Files\dotnet\sdk\10.0.103\Sdks\Microsoft.NET.Sdk.StaticWebAssets\targets\Microsoft.NET.Sdk.StaticWebAssets.targets(323,5): message :     ;
C:\Program Files\dotnet\sdk\10.0.103\Sdks\Microsoft.NET.Sdk.StaticWebAssets\targets\Microsoft.NET.Sdk.StaticWebAssets.targets(323,5): message :       _GetProjectReferenceTargetFrameworkProperties;
C:\Program Files\dotnet\sdk\10.0.103\Sdks\Microsoft.NET.Sdk.StaticWebAssets\targets\Microsoft.NET.Sdk.StaticWebAssets.targets(323,5): message :       _PopulateCommonStateForGetCopyToOutputDirectoryItems
C:\Program Files\dotnet\sdk\10.0.103\Sdks\Microsoft.NET.Sdk.StaticWebAssets\targets\Microsoft.NET.Sdk.StaticWebAssets.targets(323,5): message :     ;AddStaticWebAssetsManifest;AddStaticWebAssetEndpointsBuildManifest" (previous value: "
C:\Program Files\dotnet\sdk\10.0.103\Sdks\Microsoft.NET.Sdk.StaticWebAssets\targets\Microsoft.NET.Sdk.StaticWebAssets.targets(323,5): message :       AssignTargetPaths;
C:\Program Files\dotnet\sdk\10.0.103\Sdks\Microsoft.NET.Sdk.StaticWebAssets\targets\Microsoft.NET.Sdk.StaticWebAssets.targets(323,5): message :       
C:\Program Files\dotnet\sdk\10.0.103\Sdks\Microsoft.NET.Sdk.StaticWebAssets\targets\Microsoft.NET.Sdk.StaticWebAssets.targets(323,5): message :       AssignProjectConfiguration;
C:\Program Files\dotnet\sdk\10.0.103\Sdks\Microsoft.NET.Sdk.StaticWebAssets\targets\Microsoft.NET.Sdk.StaticWebAssets.targets(323,5): message :       _SplitProjectReferencesByFileExistence
C:\Program Files\dotnet\sdk\10.0.103\Sdks\Microsoft.NET.Sdk.StaticWebAssets\targets\Microsoft.NET.Sdk.StaticWebAssets.targets(323,5): message :     ;
C:\Program Files\dotnet\sdk\10.0.103\Sdks\Microsoft.NET.Sdk.StaticWebAssets\targets\Microsoft.NET.Sdk.StaticWebAssets.targets(323,5): message :       _GetProjectReferenceTargetFrameworkProperties;
C:\Program Files\dotnet\sdk\10.0.103\Sdks\Microsoft.NET.Sdk.StaticWebAssets\targets\Microsoft.NET.Sdk.StaticWebAssets.targets(323,5): message :       _PopulateCommonStateForGetCopyToOutputDirectoryItems
C:\Program Files\dotnet\sdk\10.0.103\Sdks\Microsoft.NET.Sdk.StaticWebAssets\targets\Microsoft.NET.Sdk.StaticWebAssets.targets(323,5): message :     ") at C:\Program Files\dotnet\sdk\10.0.103\Sdks\Microsoft.NET.Sdk.StaticWebAssets\targets\Microsoft.NET.Sdk.StaticWebAssets.targets (323,5)
     2>Task "Message"
         VSTestTestAdapterPath = 
       Done executing task "Message".
       Task "Message"
         VSTestFramework = .NETCoreApp,Version=v10.0
       Done executing task "Message".
       Task "Message"
         VSTestPlatform = 
       Done executing task "Message".
       Task "Message"
         VSTestTestCaseFilter = 
       Done executing task "Message".
       Task "Message"
         VSTestLogger = 
       Done executing task "Message".
       Task "Message"
         VSTestListTests = 
       Done executing task "Message".
       Task "Message"
         VSTestDiag = 
       Done executing task "Message".
       Task "Message"
         VSTestCLIRunSettings = 
       Done executing task "Message".
       Task "Message"
         VSTestResultsDirectory = 
       Done executing task "Message".
       Task "Message"
         VSTestConsolePath = C:\Program Files\dotnet\sdk\10.0.103\vstest.console.dll
       Done executing task "Message".
       Task "Message"
         VSTestVerbosity = d
       Done executing task "Message".
       Task "Message"
         VSTestCollect = 
       Done executing task "Message".
       Task "Message"
         VSTestBlame = 
       Done executing task "Message".
       Task "Message"
         VSTestTraceDataCollectorDirectoryPath = 
       Done executing task "Message".
       Task "Message"
         VSTestNoLogo = 
       Done executing task "Message".
     2>Done building target "ShowCallOfVSTestTaskWithParameter" in project "HotelDroid.Api.csproj".
       Done executing task "CallTarget".
     2>Done building target "_VSTestConsole" in project "HotelDroid.Api.csproj".
       Done executing task "CallTarget".
     2>Done building target "VSTest" in project "HotelDroid.Api.csproj".
     2>Done Building Project "C:\Users\rolfe\git\own\Villa-Annunziata\hotelDroid\src\HotelDroid.Api\HotelDroid.Api.csproj" (VSTest target(s)).
     0>C:\Program Files\dotnet\sdk\10.0.103\Sdks\Microsoft.NET.Sdk.StaticWebAssets\targets\Microsoft.NET.Sdk.StaticWebAssets.Pack.targets(46,5): message : Property reassignment: $(GenerateNuspecDependsOn)="
C:\Program Files\dotnet\sdk\10.0.103\Sdks\Microsoft.NET.Sdk.StaticWebAssets\targets\Microsoft.NET.Sdk.StaticWebAssets.Pack.targets(46,5): message :       IncludeStaticWebAssetsPackItems;
C:\Program Files\dotnet\sdk\10.0.103\Sdks\Microsoft.NET.Sdk.StaticWebAssets\targets\Microsoft.NET.Sdk.StaticWebAssets.Pack.targets(46,5): message :       Build;_LoadPackInputItems; _GetTargetFrameworksOutput; _WalkEachTargetPerFramework; _GetPackageFiles; ;
C:\Program Files\dotnet\sdk\10.0.103\Sdks\Microsoft.NET.Sdk.StaticWebAssets\targets\Microsoft.NET.Sdk.StaticWebAssets.Pack.targets(46,5): message :     " (previous value: "Build;_LoadPackInputItems; _GetTargetFrameworksOutput; _WalkEachTargetPerFramework; _GetPackageFiles; ") at C:\Program Files\dotnet\sdk\10.0.103\Sdks\Microsoft.NET.Sdk.StaticWebAssets\targets\Microsoft.NET.Sdk.StaticWebAssets.Pack.targets (46,5)
       C:\Program Files\dotnet\sdk\10.0.103\Sdks\Microsoft.NET.Sdk.StaticWebAssets\targets\Microsoft.NET.Sdk.StaticWebAssets.Pack.targets(55,5): message : Property reassignment: $(IncludeStaticWebAssetsPackItemsDependsOn)="
       C:\Program Files\dotnet\sdk\10.0.103\Sdks\Microsoft.NET.Sdk.StaticWebAssets\targets\Microsoft.NET.Sdk.StaticWebAssets.Pack.targets(55,5): message :       Build;
       C:\Program Files\dotnet\sdk\10.0.103\Sdks\Microsoft.NET.Sdk.StaticWebAssets\targets\Microsoft.NET.Sdk.StaticWebAssets.Pack.targets(55,5): message :       ResolveStaticWebAssetsConfiguration;LoadStaticWebAssetsBuildManifest
       C:\Program Files\dotnet\sdk\10.0.103\Sdks\Microsoft.NET.Sdk.StaticWebAssets\targets\Microsoft.NET.Sdk.StaticWebAssets.Pack.targets(55,5): message :     ;
       C:\Program Files\dotnet\sdk\10.0.103\Sdks\Microsoft.NET.Sdk.StaticWebAssets\targets\Microsoft.NET.Sdk.StaticWebAssets.Pack.targets(55,5): message :     " (previous value: "
       C:\Program Files\dotnet\sdk\10.0.103\Sdks\Microsoft.NET.Sdk.StaticWebAssets\targets\Microsoft.NET.Sdk.StaticWebAssets.Pack.targets(55,5): message :       ResolveStaticWebAssetsConfiguration;LoadStaticWebAssetsBuildManifest
       C:\Program Files\dotnet\sdk\10.0.103\Sdks\Microsoft.NET.Sdk.StaticWebAssets\targets\Microsoft.NET.Sdk.StaticWebAssets.Pack.targets(55,5): message :     ") at C:\Program Files\dotnet\sdk\10.0.103\Sdks\Microsoft.NET.Sdk.StaticWebAssets\targets\Microsoft.NET.Sdk.StaticWebAssets.Pack.targets (55,5)
       C:\Program Files\dotnet\sdk\10.0.103\Sdks\Microsoft.NET.Sdk.StaticWebAssets\targets\Microsoft.NET.Sdk.StaticWebAssets.ScopedCss.targets(55,3): message : Property reassignment: $(ResolveStaticWebAssetsInputsDependsOn)="
       C:\Program Files\dotnet\sdk\10.0.103\Sdks\Microsoft.NET.Sdk.StaticWebAssets\targets\Microsoft.NET.Sdk.StaticWebAssets.ScopedCss.targets(55,3): message :     
       C:\Program Files\dotnet\sdk\10.0.103\Sdks\Microsoft.NET.Sdk.StaticWebAssets\targets\Microsoft.NET.Sdk.StaticWebAssets.ScopedCss.targets(55,3): message :       ResolveCoreStaticWebAssets;
       C:\Program Files\dotnet\sdk\10.0.103\Sdks\Microsoft.NET.Sdk.StaticWebAssets\targets\Microsoft.NET.Sdk.StaticWebAssets.ScopedCss.targets(55,3): message :       GenerateComputedBuildStaticWebAssets;
       C:\Program Files\dotnet\sdk\10.0.103\Sdks\Microsoft.NET.Sdk.StaticWebAssets\targets\Microsoft.NET.Sdk.StaticWebAssets.ScopedCss.targets(55,3): message :       
       C:\Program Files\dotnet\sdk\10.0.103\Sdks\Microsoft.NET.Sdk.StaticWebAssets\targets\Microsoft.NET.Sdk.StaticWebAssets.ScopedCss.targets(55,3): message :       ;
       C:\Program Files\dotnet\sdk\10.0.103\Sdks\Microsoft.NET.Sdk.StaticWebAssets\targets\Microsoft.NET.Sdk.StaticWebAssets.ScopedCss.targets(55,3): message :       _AddBlazorFrameworkStaticWebAssets;
       C:\Program Files\dotnet\sdk\10.0.103\Sdks\Microsoft.NET.Sdk.StaticWebAssets\targets\Microsoft.NET.Sdk.StaticWebAssets.ScopedCss.targets(55,3): message :     
       C:\Program Files\dotnet\sdk\10.0.103\Sdks\Microsoft.NET.Sdk.StaticWebAssets\targets\Microsoft.NET.Sdk.StaticWebAssets.ScopedCss.targets(55,3): message :     ;
       C:\Program Files\dotnet\sdk\10.0.103\Sdks\Microsoft.NET.Sdk.StaticWebAssets\targets\Microsoft.NET.Sdk.StaticWebAssets.ScopedCss.targets(55,3): message :     ResolveScopedCssAssets;
       C:\Program Files\dotnet\sdk\10.0.103\Sdks\Microsoft.NET.Sdk.StaticWebAssets\targets\Microsoft.NET.Sdk.StaticWebAssets.ScopedCss.targets(55,3): message :   " (previous value: "
       C:\Program Files\dotnet\sdk\10.0.103\Sdks\Microsoft.NET.Sdk.StaticWebAssets\targets\Microsoft.NET.Sdk.StaticWebAssets.ScopedCss.targets(55,3): message :       ResolveCoreStaticWebAssets;
       C:\Program Files\dotnet\sdk\10.0.103\Sdks\Microsoft.NET.Sdk.StaticWebAssets\targets\Microsoft.NET.Sdk.StaticWebAssets.ScopedCss.targets(55,3): message :       GenerateComputedBuildStaticWebAssets;
       C:\Program Files\dotnet\sdk\10.0.103\Sdks\Microsoft.NET.Sdk.StaticWebAssets\targets\Microsoft.NET.Sdk.StaticWebAssets.ScopedCss.targets(55,3): message :       
       C:\Program Files\dotnet\sdk\10.0.103\Sdks\Microsoft.NET.Sdk.StaticWebAssets\targets\Microsoft.NET.Sdk.StaticWebAssets.ScopedCss.targets(55,3): message :       ;
       C:\Program Files\dotnet\sdk\10.0.103\Sdks\Microsoft.NET.Sdk.StaticWebAssets\targets\Microsoft.NET.Sdk.StaticWebAssets.ScopedCss.targets(55,3): message :       _AddBlazorFrameworkStaticWebAssets;
       C:\Program Files\dotnet\sdk\10.0.103\Sdks\Microsoft.NET.Sdk.StaticWebAssets\targets\Microsoft.NET.Sdk.StaticWebAssets.ScopedCss.targets(55,3): message :     
       C:\Program Files\dotnet\sdk\10.0.103\Sdks\Microsoft.NET.Sdk.StaticWebAssets\targets\Microsoft.NET.Sdk.StaticWebAssets.ScopedCss.targets(55,3): message :     ") at C:\Program Files\dotnet\sdk\10.0.103\Sdks\Microsoft.NET.Sdk.StaticWebAssets\targets\Microsoft.NET.Sdk.StaticWebAssets.ScopedCss.targets (55,3)
       C:\Program Files\dotnet\sdk\10.0.103\Sdks\Microsoft.NET.Sdk.StaticWebAssets\targets\Microsoft.NET.Sdk.StaticWebAssets.ScopedCss.targets(88,3): message : Property reassignment: $(GenerateComputedBuildStaticWebAssetsDependsOn)="
       C:\Program Files\dotnet\sdk\10.0.103\Sdks\Microsoft.NET.Sdk.StaticWebAssets\targets\Microsoft.NET.Sdk.StaticWebAssets.ScopedCss.targets(88,3): message :     ResolveCoreStaticWebAssets;;
       C:\Program Files\dotnet\sdk\10.0.103\Sdks\Microsoft.NET.Sdk.StaticWebAssets\targets\Microsoft.NET.Sdk.StaticWebAssets.ScopedCss.targets(88,3): message :     BundleScopedCssFiles;
       C:\Program Files\dotnet\sdk\10.0.103\Sdks\Microsoft.NET.Sdk.StaticWebAssets\targets\Microsoft.NET.Sdk.StaticWebAssets.ScopedCss.targets(88,3): message :   " (previous value: "ResolveCoreStaticWebAssets;") at C:\Program Files\dotnet\sdk\10.0.103\Sdks\Microsoft.NET.Sdk.StaticWebAssets\targets\Microsoft.NET.Sdk.StaticWebAssets.ScopedCss.targets (88,3)
       C:\Program Files\dotnet\sdk\10.0.103\Sdks\Microsoft.NET.Sdk.StaticWebAssets\targets\Microsoft.NET.Sdk.StaticWebAssets.JSModules.targets(37,5): message : Property reassignment: $(ResolveCoreStaticWebAssetsDependsOn)="
       C:\Program Files\dotnet\sdk\10.0.103\Sdks\Microsoft.NET.Sdk.StaticWebAssets\targets\Microsoft.NET.Sdk.StaticWebAssets.JSModules.targets(37,5): message :       
       C:\Program Files\dotnet\sdk\10.0.103\Sdks\Microsoft.NET.Sdk.StaticWebAssets\targets\Microsoft.NET.Sdk.StaticWebAssets.JSModules.targets(37,5): message :       UpdateExistingPackageStaticWebAssets;
       C:\Program Files\dotnet\sdk\10.0.103\Sdks\Microsoft.NET.Sdk.StaticWebAssets\targets\Microsoft.NET.Sdk.StaticWebAssets.JSModules.targets(37,5): message :       ResolveProjectStaticWebAssets;
       C:\Program Files\dotnet\sdk\10.0.103\Sdks\Microsoft.NET.Sdk.StaticWebAssets\targets\Microsoft.NET.Sdk.StaticWebAssets.JSModules.targets(37,5): message :       ResolveEmbeddedProjectsStaticWebAssets;
       C:\Program Files\dotnet\sdk\10.0.103\Sdks\Microsoft.NET.Sdk.StaticWebAssets\targets\Microsoft.NET.Sdk.StaticWebAssets.JSModules.targets(37,5): message :       ResolveReferencedProjectsStaticWebAssets;
       C:\Program Files\dotnet\sdk\10.0.103\Sdks\Microsoft.NET.Sdk.StaticWebAssets\targets\Microsoft.NET.Sdk.StaticWebAssets.JSModules.targets(37,5): message :       ;
       C:\Program Files\dotnet\sdk\10.0.103\Sdks\Microsoft.NET.Sdk.StaticWebAssets\targets\Microsoft.NET.Sdk.StaticWebAssets.JSModules.targets(37,5): message :     ;
       C:\Program Files\dotnet\sdk\10.0.103\Sdks\Microsoft.NET.Sdk.StaticWebAssets\targets\Microsoft.NET.Sdk.StaticWebAssets.JSModules.targets(37,5): message :       ResolveJsInitializerModuleStaticWebAssets;
       C:\Program Files\dotnet\sdk\10.0.103\Sdks\Microsoft.NET.Sdk.StaticWebAssets\targets\Microsoft.NET.Sdk.StaticWebAssets.JSModules.targets(37,5): message :     " (previous value: "
       C:\Program Files\dotnet\sdk\10.0.103\Sdks\Microsoft.NET.Sdk.StaticWebAssets\targets\Microsoft.NET.Sdk.StaticWebAssets.JSModules.targets(37,5): message :       UpdateExistingPackageStaticWebAssets;
       C:\Program Files\dotnet\sdk\10.0.103\Sdks\Microsoft.NET.Sdk.StaticWebAssets\targets\Microsoft.NET.Sdk.StaticWebAssets.JSModules.targets(37,5): message :       ResolveProjectStaticWebAssets;
       C:\Program Files\dotnet\sdk\10.0.103\Sdks\Microsoft.NET.Sdk.StaticWebAssets\targets\Microsoft.NET.Sdk.StaticWebAssets.JSModules.targets(37,5): message :       ResolveEmbeddedProjectsStaticWebAssets;
       C:\Program Files\dotnet\sdk\10.0.103\Sdks\Microsoft.NET.Sdk.StaticWebAssets\targets\Microsoft.NET.Sdk.StaticWebAssets.JSModules.targets(37,5): message :       ResolveReferencedProjectsStaticWebAssets;
       C:\Program Files\dotnet\sdk\10.0.103\Sdks\Microsoft.NET.Sdk.StaticWebAssets\targets\Microsoft.NET.Sdk.StaticWebAssets.JSModules.targets(37,5): message :       ;
       C:\Program Files\dotnet\sdk\10.0.103\Sdks\Microsoft.NET.Sdk.StaticWebAssets\targets\Microsoft.NET.Sdk.StaticWebAssets.JSModules.targets(37,5): message :     ") at C:\Program Files\dotnet\sdk\10.0.103\Sdks\Microsoft.NET.Sdk.StaticWebAssets\targets\Microsoft.NET.Sdk.StaticWebAssets.JSModules.targets (37,5)
       C:\Program Files\dotnet\sdk\10.0.103\Sdks\Microsoft.NET.Sdk.StaticWebAssets\targets\Microsoft.NET.Sdk.StaticWebAssets.JSModules.targets(42,5): message : Property reassignment: $(ResolveCoreStaticWebAssetsDependsOn)="
       C:\Program Files\dotnet\sdk\10.0.103\Sdks\Microsoft.NET.Sdk.StaticWebAssets\targets\Microsoft.NET.Sdk.StaticWebAssets.JSModules.targets(42,5): message :       
       C:\Program Files\dotnet\sdk\10.0.103\Sdks\Microsoft.NET.Sdk.StaticWebAssets\targets\Microsoft.NET.Sdk.StaticWebAssets.JSModules.targets(42,5): message :       
       C:\Program Files\dotnet\sdk\10.0.103\Sdks\Microsoft.NET.Sdk.StaticWebAssets\targets\Microsoft.NET.Sdk.StaticWebAssets.JSModules.targets(42,5): message :       UpdateExistingPackageStaticWebAssets;
       C:\Program Files\dotnet\sdk\10.0.103\Sdks\Microsoft.NET.Sdk.StaticWebAssets\targets\Microsoft.NET.Sdk.StaticWebAssets.JSModules.targets(42,5): message :       ResolveProjectStaticWebAssets;
       C:\Program Files\dotnet\sdk\10.0.103\Sdks\Microsoft.NET.Sdk.StaticWebAssets\targets\Microsoft.NET.Sdk.StaticWebAssets.JSModules.targets(42,5): message :       ResolveEmbeddedProjectsStaticWebAssets;
       C:\Program Files\dotnet\sdk\10.0.103\Sdks\Microsoft.NET.Sdk.StaticWebAssets\targets\Microsoft.NET.Sdk.StaticWebAssets.JSModules.targets(42,5): message :       ResolveReferencedProjectsStaticWebAssets;
       C:\Program Files\dotnet\sdk\10.0.103\Sdks\Microsoft.NET.Sdk.StaticWebAssets\targets\Microsoft.NET.Sdk.StaticWebAssets.JSModules.targets(42,5): message :       ;
       C:\Program Files\dotnet\sdk\10.0.103\Sdks\Microsoft.NET.Sdk.StaticWebAssets\targets\Microsoft.NET.Sdk.StaticWebAssets.JSModules.targets(42,5): message :     ;
       C:\Program Files\dotnet\sdk\10.0.103\Sdks\Microsoft.NET.Sdk.StaticWebAssets\targets\Microsoft.NET.Sdk.StaticWebAssets.JSModules.targets(42,5): message :       ResolveJsInitializerModuleStaticWebAssets;
       C:\Program Files\dotnet\sdk\10.0.103\Sdks\Microsoft.NET.Sdk.StaticWebAssets\targets\Microsoft.NET.Sdk.StaticWebAssets.JSModules.targets(42,5): message :     ;
       C:\Program Files\dotnet\sdk\10.0.103\Sdks\Microsoft.NET.Sdk.StaticWebAssets\targets\Microsoft.NET.Sdk.StaticWebAssets.JSModules.targets(42,5): message :       ResolveJSModuleStaticWebAssets;
       C:\Program Files\dotnet\sdk\10.0.103\Sdks\Microsoft.NET.Sdk.StaticWebAssets\targets\Microsoft.NET.Sdk.StaticWebAssets.JSModules.targets(42,5): message :     " (previous value: "
       C:\Program Files\dotnet\sdk\10.0.103\Sdks\Microsoft.NET.Sdk.StaticWebAssets\targets\Microsoft.NET.Sdk.StaticWebAssets.JSModules.targets(42,5): message :       
       C:\Program Files\dotnet\sdk\10.0.103\Sdks\Microsoft.NET.Sdk.StaticWebAssets\targets\Microsoft.NET.Sdk.StaticWebAssets.JSModules.targets(42,5): message :       UpdateExistingPackageStaticWebAssets;
       C:\Program Files\dotnet\sdk\10.0.103\Sdks\Microsoft.NET.Sdk.StaticWebAssets\targets\Microsoft.NET.Sdk.StaticWebAssets.JSModules.targets(42,5): message :       ResolveProjectStaticWebAssets;
       C:\Program Files\dotnet\sdk\10.0.103\Sdks\Microsoft.NET.Sdk.StaticWebAssets\targets\Microsoft.NET.Sdk.StaticWebAssets.JSModules.targets(42,5): message :       ResolveEmbeddedProjectsStaticWebAssets;
       C:\Program Files\dotnet\sdk\10.0.103\Sdks\Microsoft.NET.Sdk.StaticWebAssets\targets\Microsoft.NET.Sdk.StaticWebAssets.JSModules.targets(42,5): message :       ResolveReferencedProjectsStaticWebAssets;
       C:\Program Files\dotnet\sdk\10.0.103\Sdks\Microsoft.NET.Sdk.StaticWebAssets\targets\Microsoft.NET.Sdk.StaticWebAssets.JSModules.targets(42,5): message :       ;
       C:\Program Files\dotnet\sdk\10.0.103\Sdks\Microsoft.NET.Sdk.StaticWebAssets\targets\Microsoft.NET.Sdk.StaticWebAssets.JSModules.targets(42,5): message :     ;
       C:\Program Files\dotnet\sdk\10.0.103\Sdks\Microsoft.NET.Sdk.StaticWebAssets\targets\Microsoft.NET.Sdk.StaticWebAssets.JSModules.targets(42,5): message :       ResolveJsInitializerModuleStaticWebAssets;
       C:\Program Files\dotnet\sdk\10.0.103\Sdks\Microsoft.NET.Sdk.StaticWebAssets\targets\Microsoft.NET.Sdk.StaticWebAssets.JSModules.targets(42,5): message :     ") at C:\Program Files\dotnet\sdk\10.0.103\Sdks\Microsoft.NET.Sdk.StaticWebAssets\targets\Microsoft.NET.Sdk.StaticWebAssets.JSModules.targets (42,5)
       C:\Program Files\dotnet\sdk\10.0.103\Sdks\Microsoft.NET.Sdk.StaticWebAssets\targets\Microsoft.NET.Sdk.StaticWebAssets.JSModules.targets(57,5): message : Property reassignment: $(ResolveStaticWebAssetsInputsDependsOn)="
       C:\Program Files\dotnet\sdk\10.0.103\Sdks\Microsoft.NET.Sdk.StaticWebAssets\targets\Microsoft.NET.Sdk.StaticWebAssets.JSModules.targets(57,5): message :       ResolveJSModuleManifestBuildStaticWebAssets;
       C:\Program Files\dotnet\sdk\10.0.103\Sdks\Microsoft.NET.Sdk.StaticWebAssets\targets\Microsoft.NET.Sdk.StaticWebAssets.JSModules.targets(57,5): message :       
       C:\Program Files\dotnet\sdk\10.0.103\Sdks\Microsoft.NET.Sdk.StaticWebAssets\targets\Microsoft.NET.Sdk.StaticWebAssets.JSModules.targets(57,5): message :     
       C:\Program Files\dotnet\sdk\10.0.103\Sdks\Microsoft.NET.Sdk.StaticWebAssets\targets\Microsoft.NET.Sdk.StaticWebAssets.JSModules.targets(57,5): message :       ResolveCoreStaticWebAssets;
       C:\Program Files\dotnet\sdk\10.0.103\Sdks\Microsoft.NET.Sdk.StaticWebAssets\targets\Microsoft.NET.Sdk.StaticWebAssets.JSModules.targets(57,5): message :       GenerateComputedBuildStaticWebAssets;
       C:\Program Files\dotnet\sdk\10.0.103\Sdks\Microsoft.NET.Sdk.StaticWebAssets\targets\Microsoft.NET.Sdk.StaticWebAssets.JSModules.targets(57,5): message :       
       C:\Program Files\dotnet\sdk\10.0.103\Sdks\Microsoft.NET.Sdk.StaticWebAssets\targets\Microsoft.NET.Sdk.StaticWebAssets.JSModules.targets(57,5): message :       ;
       C:\Program Files\dotnet\sdk\10.0.103\Sdks\Microsoft.NET.Sdk.StaticWebAssets\targets\Microsoft.NET.Sdk.StaticWebAssets.JSModules.targets(57,5): message :       _AddBlazorFrameworkStaticWebAssets;
       C:\Program Files\dotnet\sdk\10.0.103\Sdks\Microsoft.NET.Sdk.StaticWebAssets\targets\Microsoft.NET.Sdk.StaticWebAssets.JSModules.targets(57,5): message :     
       C:\Program Files\dotnet\sdk\10.0.103\Sdks\Microsoft.NET.Sdk.StaticWebAssets\targets\Microsoft.NET.Sdk.StaticWebAssets.JSModules.targets(57,5): message :     ;
       C:\Program Files\dotnet\sdk\10.0.103\Sdks\Microsoft.NET.Sdk.StaticWebAssets\targets\Microsoft.NET.Sdk.StaticWebAssets.JSModules.targets(57,5): message :     ResolveScopedCssAssets;
       C:\Program Files\dotnet\sdk\10.0.103\Sdks\Microsoft.NET.Sdk.StaticWebAssets\targets\Microsoft.NET.Sdk.StaticWebAssets.JSModules.targets(57,5): message :   
       C:\Program Files\dotnet\sdk\10.0.103\Sdks\Microsoft.NET.Sdk.StaticWebAssets\targets\Microsoft.NET.Sdk.StaticWebAssets.JSModules.targets(57,5): message :     " (previous value: "
       C:\Program Files\dotnet\sdk\10.0.103\Sdks\Microsoft.NET.Sdk.StaticWebAssets\targets\Microsoft.NET.Sdk.StaticWebAssets.JSModules.targets(57,5): message :     
       C:\Program Files\dotnet\sdk\10.0.103\Sdks\Microsoft.NET.Sdk.StaticWebAssets\targets\Microsoft.NET.Sdk.StaticWebAssets.JSModules.targets(57,5): message :       ResolveCoreStaticWebAssets;
       C:\Program Files\dotnet\sdk\10.0.103\Sdks\Microsoft.NET.Sdk.StaticWebAssets\targets\Microsoft.NET.Sdk.StaticWebAssets.JSModules.targets(57,5): message :       GenerateComputedBuildStaticWebAssets;
       C:\Program Files\dotnet\sdk\10.0.103\Sdks\Microsoft.NET.Sdk.StaticWebAssets\targets\Microsoft.NET.Sdk.StaticWebAssets.JSModules.targets(57,5): message :       
       C:\Program Files\dotnet\sdk\10.0.103\Sdks\Microsoft.NET.Sdk.StaticWebAssets\targets\Microsoft.NET.Sdk.StaticWebAssets.JSModules.targets(57,5): message :       ;
       C:\Program Files\dotnet\sdk\10.0.103\Sdks\Microsoft.NET.Sdk.StaticWebAssets\targets\Microsoft.NET.Sdk.StaticWebAssets.JSModules.targets(57,5): message :       _AddBlazorFrameworkStaticWebAssets;
       C:\Program Files\dotnet\sdk\10.0.103\Sdks\Microsoft.NET.Sdk.StaticWebAssets\targets\Microsoft.NET.Sdk.StaticWebAssets.JSModules.targets(57,5): message :     
       C:\Program Files\dotnet\sdk\10.0.103\Sdks\Microsoft.NET.Sdk.StaticWebAssets\targets\Microsoft.NET.Sdk.StaticWebAssets.JSModules.targets(57,5): message :     ;
       C:\Program Files\dotnet\sdk\10.0.103\Sdks\Microsoft.NET.Sdk.StaticWebAssets\targets\Microsoft.NET.Sdk.StaticWebAssets.JSModules.targets(57,5): message :     ResolveScopedCssAssets;
       C:\Program Files\dotnet\sdk\10.0.103\Sdks\Microsoft.NET.Sdk.StaticWebAssets\targets\Microsoft.NET.Sdk.StaticWebAssets.JSModules.targets(57,5): message :   ") at C:\Program Files\dotnet\sdk\10.0.103\Sdks\Microsoft.NET.Sdk.StaticWebAssets\targets\Microsoft.NET.Sdk.StaticWebAssets.JSModules.targets (57,5)
       C:\Program Files\dotnet\sdk\10.0.103\Sdks\Microsoft.NET.Sdk.StaticWebAssets\targets\Microsoft.NET.Sdk.StaticWebAssets.Compression.targets(185,5): message : Property reassignment: $(ResolveBuildRelatedStaticWebAssetsDependsOn)="
       C:\Program Files\dotnet\sdk\10.0.103\Sdks\Microsoft.NET.Sdk.StaticWebAssets\targets\Microsoft.NET.Sdk.StaticWebAssets.Compression.targets(185,5): message :       ResolveBuildCompressedStaticWebAssets;
       C:\Program Files\dotnet\sdk\10.0.103\Sdks\Microsoft.NET.Sdk.StaticWebAssets\targets\Microsoft.NET.Sdk.StaticWebAssets.Compression.targets(185,5): message :       
       C:\Program Files\dotnet\sdk\10.0.103\Sdks\Microsoft.NET.Sdk.StaticWebAssets\targets\Microsoft.NET.Sdk.StaticWebAssets.Compression.targets(185,5): message :       ResolveStaticWebAssetsInputs;
       C:\Program Files\dotnet\sdk\10.0.103\Sdks\Microsoft.NET.Sdk.StaticWebAssets\targets\Microsoft.NET.Sdk.StaticWebAssets.Compression.targets(185,5): message :       
       C:\Program Files\dotnet\sdk\10.0.103\Sdks\Microsoft.NET.Sdk.StaticWebAssets\targets\Microsoft.NET.Sdk.StaticWebAssets.Compression.targets(185,5): message :     
       C:\Program Files\dotnet\sdk\10.0.103\Sdks\Microsoft.NET.Sdk.StaticWebAssets\targets\Microsoft.NET.Sdk.StaticWebAssets.Compression.targets(185,5): message :     " (previous value: "
       C:\Program Files\dotnet\sdk\10.0.103\Sdks\Microsoft.NET.Sdk.StaticWebAssets\targets\Microsoft.NET.Sdk.StaticWebAssets.Compression.targets(185,5): message :       ResolveStaticWebAssetsInputs;
       C:\Program Files\dotnet\sdk\10.0.103\Sdks\Microsoft.NET.Sdk.StaticWebAssets\targets\Microsoft.NET.Sdk.StaticWebAssets.Compression.targets(185,5): message :       
       C:\Program Files\dotnet\sdk\10.0.103\Sdks\Microsoft.NET.Sdk.StaticWebAssets\targets\Microsoft.NET.Sdk.StaticWebAssets.Compression.targets(185,5): message :     ") at C:\Program Files\dotnet\sdk\10.0.103\Sdks\Microsoft.NET.Sdk.StaticWebAssets\targets\Microsoft.NET.Sdk.StaticWebAssets.Compression.targets (185,5)
       C:\Program Files\dotnet\sdk\10.0.103\Sdks\Microsoft.NET.Sdk.StaticWebAssets\targets\Microsoft.NET.Sdk.StaticWebAssets.Compression.targets(204,5): message : Property reassignment: $(ResolvePublishRelatedStaticWebAssetsDependsOn)="
       C:\Program Files\dotnet\sdk\10.0.103\Sdks\Microsoft.NET.Sdk.StaticWebAssets\targets\Microsoft.NET.Sdk.StaticWebAssets.Compression.targets(204,5): message :       ResolvePublishCompressedStaticWebAssets;
       C:\Program Files\dotnet\sdk\10.0.103\Sdks\Microsoft.NET.Sdk.StaticWebAssets\targets\Microsoft.NET.Sdk.StaticWebAssets.Compression.targets(204,5): message :       
       C:\Program Files\dotnet\sdk\10.0.103\Sdks\Microsoft.NET.Sdk.StaticWebAssets\targets\Microsoft.NET.Sdk.StaticWebAssets.Compression.targets(204,5): message :     " (previous value: "") at C:\Program Files\dotnet\sdk\10.0.103\Sdks\Microsoft.NET.Sdk.StaticWebAssets\targets\Microsoft.NET.Sdk.StaticWebAssets.Compression.targets (204,5)
       C:\Program Files\dotnet\sdk\10.0.103\Sdks\Microsoft.NET.Sdk.StaticWebAssets\targets\Microsoft.NET.Sdk.StaticWebAssets.HtmlAssetPlaceholders.targets(25,5): message : Property reassignment: $(ResolveBuildRelatedStaticWebAssetsDependsOn)="
       C:\Program Files\dotnet\sdk\10.0.103\Sdks\Microsoft.NET.Sdk.StaticWebAssets\targets\Microsoft.NET.Sdk.StaticWebAssets.HtmlAssetPlaceholders.targets(25,5): message :       ResolveHtmlAssetPlaceholdersBuildStaticWebAssets;
       C:\Program Files\dotnet\sdk\10.0.103\Sdks\Microsoft.NET.Sdk.StaticWebAssets\targets\Microsoft.NET.Sdk.StaticWebAssets.HtmlAssetPlaceholders.targets(25,5): message :       
       C:\Program Files\dotnet\sdk\10.0.103\Sdks\Microsoft.NET.Sdk.StaticWebAssets\targets\Microsoft.NET.Sdk.StaticWebAssets.HtmlAssetPlaceholders.targets(25,5): message :       ResolveBuildCompressedStaticWebAssets;
       C:\Program Files\dotnet\sdk\10.0.103\Sdks\Microsoft.NET.Sdk.StaticWebAssets\targets\Microsoft.NET.Sdk.StaticWebAssets.HtmlAssetPlaceholders.targets(25,5): message :       
       C:\Program Files\dotnet\sdk\10.0.103\Sdks\Microsoft.NET.Sdk.StaticWebAssets\targets\Microsoft.NET.Sdk.StaticWebAssets.HtmlAssetPlaceholders.targets(25,5): message :       ResolveStaticWebAssetsInputs;
       C:\Program Files\dotnet\sdk\10.0.103\Sdks\Microsoft.NET.Sdk.StaticWebAssets\targets\Microsoft.NET.Sdk.StaticWebAssets.HtmlAssetPlaceholders.targets(25,5): message :       
       C:\Program Files\dotnet\sdk\10.0.103\Sdks\Microsoft.NET.Sdk.StaticWebAssets\targets\Microsoft.NET.Sdk.StaticWebAssets.HtmlAssetPlaceholders.targets(25,5): message :     
       C:\Program Files\dotnet\sdk\10.0.103\Sdks\Microsoft.NET.Sdk.StaticWebAssets\targets\Microsoft.NET.Sdk.StaticWebAssets.HtmlAssetPlaceholders.targets(25,5): message :     
       C:\Program Files\dotnet\sdk\10.0.103\Sdks\Microsoft.NET.Sdk.StaticWebAssets\targets\Microsoft.NET.Sdk.StaticWebAssets.HtmlAssetPlaceholders.targets(25,5): message :     " (previous value: "
       C:\Program Files\dotnet\sdk\10.0.103\Sdks\Microsoft.NET.Sdk.StaticWebAssets\targets\Microsoft.NET.Sdk.StaticWebAssets.HtmlAssetPlaceholders.targets(25,5): message :       ResolveBuildCompressedStaticWebAssets;
       C:\Program Files\dotnet\sdk\10.0.103\Sdks\Microsoft.NET.Sdk.StaticWebAssets\targets\Microsoft.NET.Sdk.StaticWebAssets.HtmlAssetPlaceholders.targets(25,5): message :       
       C:\Program Files\dotnet\sdk\10.0.103\Sdks\Microsoft.NET.Sdk.StaticWebAssets\targets\Microsoft.NET.Sdk.StaticWebAssets.HtmlAssetPlaceholders.targets(25,5): message :       ResolveStaticWebAssetsInputs;
       C:\Program Files\dotnet\sdk\10.0.103\Sdks\Microsoft.NET.Sdk.StaticWebAssets\targets\Microsoft.NET.Sdk.StaticWebAssets.HtmlAssetPlaceholders.targets(25,5): message :       
       C:\Program Files\dotnet\sdk\10.0.103\Sdks\Microsoft.NET.Sdk.StaticWebAssets\targets\Microsoft.NET.Sdk.StaticWebAssets.HtmlAssetPlaceholders.targets(25,5): message :     
       C:\Program Files\dotnet\sdk\10.0.103\Sdks\Microsoft.NET.Sdk.StaticWebAssets\targets\Microsoft.NET.Sdk.StaticWebAssets.HtmlAssetPlaceholders.targets(25,5): message :     ") at C:\Program Files\dotnet\sdk\10.0.103\Sdks\Microsoft.NET.Sdk.StaticWebAssets\targets\Microsoft.NET.Sdk.StaticWebAssets.HtmlAssetPlaceholders.targets (25,5)
       C:\Program Files\dotnet\sdk\10.0.103\Sdks\Microsoft.NET.Sdk.StaticWebAssets\targets\Microsoft.NET.Sdk.StaticWebAssets.HtmlAssetPlaceholders.targets(52,5): message : Property reassignment: $(ResolvePublishRelatedStaticWebAssetsDependsOn)="
       C:\Program Files\dotnet\sdk\10.0.103\Sdks\Microsoft.NET.Sdk.StaticWebAssets\targets\Microsoft.NET.Sdk.StaticWebAssets.HtmlAssetPlaceholders.targets(52,5): message :       ResolveHtmlAssetPlaceholdersPublishStaticWebAssets;
       C:\Program Files\dotnet\sdk\10.0.103\Sdks\Microsoft.NET.Sdk.StaticWebAssets\targets\Microsoft.NET.Sdk.StaticWebAssets.HtmlAssetPlaceholders.targets(52,5): message :       
       C:\Program Files\dotnet\sdk\10.0.103\Sdks\Microsoft.NET.Sdk.StaticWebAssets\targets\Microsoft.NET.Sdk.StaticWebAssets.HtmlAssetPlaceholders.targets(52,5): message :       ResolvePublishCompressedStaticWebAssets;
       C:\Program Files\dotnet\sdk\10.0.103\Sdks\Microsoft.NET.Sdk.StaticWebAssets\targets\Microsoft.NET.Sdk.StaticWebAssets.HtmlAssetPlaceholders.targets(52,5): message :       
       C:\Program Files\dotnet\sdk\10.0.103\Sdks\Microsoft.NET.Sdk.StaticWebAssets\targets\Microsoft.NET.Sdk.StaticWebAssets.HtmlAssetPlaceholders.targets(52,5): message :     
       C:\Program Files\dotnet\sdk\10.0.103\Sdks\Microsoft.NET.Sdk.StaticWebAssets\targets\Microsoft.NET.Sdk.StaticWebAssets.HtmlAssetPlaceholders.targets(52,5): message :     " (previous value: "
       C:\Program Files\dotnet\sdk\10.0.103\Sdks\Microsoft.NET.Sdk.StaticWebAssets\targets\Microsoft.NET.Sdk.StaticWebAssets.HtmlAssetPlaceholders.targets(52,5): message :       ResolvePublishCompressedStaticWebAssets;
       C:\Program Files\dotnet\sdk\10.0.103\Sdks\Microsoft.NET.Sdk.StaticWebAssets\targets\Microsoft.NET.Sdk.StaticWebAssets.HtmlAssetPlaceholders.targets(52,5): message :       
       C:\Program Files\dotnet\sdk\10.0.103\Sdks\Microsoft.NET.Sdk.StaticWebAssets\targets\Microsoft.NET.Sdk.StaticWebAssets.HtmlAssetPlaceholders.targets(52,5): message :     ") at C:\Program Files\dotnet\sdk\10.0.103\Sdks\Microsoft.NET.Sdk.StaticWebAssets\targets\Microsoft.NET.Sdk.StaticWebAssets.HtmlAssetPlaceholders.targets (52,5)
       C:\Program Files\dotnet\sdk\10.0.103\Sdks\Microsoft.NET.Sdk.StaticWebAssets\targets\Microsoft.NET.Sdk.StaticWebAssets.HtmlAssetPlaceholders.targets(56,5): message : Property reassignment: $(ResolvePublishCompressedStaticWebAssetsDependsOn)="
       C:\Program Files\dotnet\sdk\10.0.103\Sdks\Microsoft.NET.Sdk.StaticWebAssets\targets\Microsoft.NET.Sdk.StaticWebAssets.HtmlAssetPlaceholders.targets(56,5): message :       
       C:\Program Files\dotnet\sdk\10.0.103\Sdks\Microsoft.NET.Sdk.StaticWebAssets\targets\Microsoft.NET.Sdk.StaticWebAssets.HtmlAssetPlaceholders.targets(56,5): message :       GeneratePublishCompressedStaticWebAssets;
       C:\Program Files\dotnet\sdk\10.0.103\Sdks\Microsoft.NET.Sdk.StaticWebAssets\targets\Microsoft.NET.Sdk.StaticWebAssets.HtmlAssetPlaceholders.targets(56,5): message :       
       C:\Program Files\dotnet\sdk\10.0.103\Sdks\Microsoft.NET.Sdk.StaticWebAssets\targets\Microsoft.NET.Sdk.StaticWebAssets.HtmlAssetPlaceholders.targets(56,5): message :     ;
       C:\Program Files\dotnet\sdk\10.0.103\Sdks\Microsoft.NET.Sdk.StaticWebAssets\targets\Microsoft.NET.Sdk.StaticWebAssets.HtmlAssetPlaceholders.targets(56,5): message :       ResolveHtmlAssetPlaceholdersPublishStaticWebAssets
       C:\Program Files\dotnet\sdk\10.0.103\Sdks\Microsoft.NET.Sdk.StaticWebAssets\targets\Microsoft.NET.Sdk.StaticWebAssets.HtmlAssetPlaceholders.targets(56,5): message :     " (previous value: "
       C:\Program Files\dotnet\sdk\10.0.103\Sdks\Microsoft.NET.Sdk.StaticWebAssets\targets\Microsoft.NET.Sdk.StaticWebAssets.HtmlAssetPlaceholders.targets(56,5): message :       GeneratePublishCompressedStaticWebAssets;
       C:\Program Files\dotnet\sdk\10.0.103\Sdks\Microsoft.NET.Sdk.StaticWebAssets\targets\Microsoft.NET.Sdk.StaticWebAssets.HtmlAssetPlaceholders.targets(56,5): message :       
       C:\Program Files\dotnet\sdk\10.0.103\Sdks\Microsoft.NET.Sdk.StaticWebAssets\targets\Microsoft.NET.Sdk.StaticWebAssets.HtmlAssetPlaceholders.targets(56,5): message :     ") at C:\Program Files\dotnet\sdk\10.0.103\Sdks\Microsoft.NET.Sdk.StaticWebAssets\targets\Microsoft.NET.Sdk.StaticWebAssets.HtmlAssetPlaceholders.targets (56,5)
       C:\Program Files\dotnet\sdk\10.0.103\Sdks\Microsoft.NET.Sdk.Razor\targets\Sdk.Razor.CurrentVersion.targets(220,5): message : Property reassignment: $(DebugSymbolsProjectOutputGroupDependsOn)="
       C:\Program Files\dotnet\sdk\10.0.103\Sdks\Microsoft.NET.Sdk.Razor\targets\Sdk.Razor.CurrentVersion.targets(220,5): message :       ;
       C:\Program Files\dotnet\sdk\10.0.103\Sdks\Microsoft.NET.Sdk.Razor\targets\Sdk.Razor.CurrentVersion.targets(220,5): message :       _RazorAddDebugSymbolsProjectOutputGroupOutput
       C:\Program Files\dotnet\sdk\10.0.103\Sdks\Microsoft.NET.Sdk.Razor\targets\Sdk.Razor.CurrentVersion.targets(220,5): message :     " (previous value: "") at C:\Program Files\dotnet\sdk\10.0.103\Sdks\Microsoft.NET.Sdk.Razor\targets\Sdk.Razor.CurrentVersion.targets (220,5)
       C:\Program Files\dotnet\sdk\10.0.103\Sdks\Microsoft.NET.Sdk.Razor\targets\Sdk.Razor.CurrentVersion.targets(225,5): message : Property reassignment: $(PrepareForBuildDependsOn)="
       C:\Program Files\dotnet\sdk\10.0.103\Sdks\Microsoft.NET.Sdk.Razor\targets\Sdk.Razor.CurrentVersion.targets(225,5): message :       ;GetFrameworkPaths;GetReferenceAssemblyPaths;AssignLinkMetadata;
       C:\Program Files\dotnet\sdk\10.0.103\Sdks\Microsoft.NET.Sdk.Razor\targets\Sdk.Razor.CurrentVersion.targets(225,5): message :       ResolveRazorGenerateInputs
       C:\Program Files\dotnet\sdk\10.0.103\Sdks\Microsoft.NET.Sdk.Razor\targets\Sdk.Razor.CurrentVersion.targets(225,5): message :     " (previous value: ";GetFrameworkPaths;GetReferenceAssemblyPaths;AssignLinkMetadata") at C:\Program Files\dotnet\sdk\10.0.103\Sdks\Microsoft.NET.Sdk.Razor\targets\Sdk.Razor.CurrentVersion.targets (225,5)
       C:\Program Files\dotnet\sdk\10.0.103\Sdks\Microsoft.NET.Sdk.Razor\targets\Sdk.Razor.CurrentVersion.targets(230,5): message : Property reassignment: $(GenerateNuspecDependsOn)="
       C:\Program Files\dotnet\sdk\10.0.103\Sdks\Microsoft.NET.Sdk.Razor\targets\Sdk.Razor.CurrentVersion.targets(230,5): message :       ResolveRazorGenerateInputs;
       C:\Program Files\dotnet\sdk\10.0.103\Sdks\Microsoft.NET.Sdk.Razor\targets\Sdk.Razor.CurrentVersion.targets(230,5): message :       
       C:\Program Files\dotnet\sdk\10.0.103\Sdks\Microsoft.NET.Sdk.Razor\targets\Sdk.Razor.CurrentVersion.targets(230,5): message :       IncludeStaticWebAssetsPackItems;
       C:\Program Files\dotnet\sdk\10.0.103\Sdks\Microsoft.NET.Sdk.Razor\targets\Sdk.Razor.CurrentVersion.targets(230,5): message :       Build;_LoadPackInputItems; _GetTargetFrameworksOutput; _WalkEachTargetPerFramework; _GetPackageFiles; ;
       C:\Program Files\dotnet\sdk\10.0.103\Sdks\Microsoft.NET.Sdk.Razor\targets\Sdk.Razor.CurrentVersion.targets(230,5): message :     
       C:\Program Files\dotnet\sdk\10.0.103\Sdks\Microsoft.NET.Sdk.Razor\targets\Sdk.Razor.CurrentVersion.targets(230,5): message :     " (previous value: "
       C:\Program Files\dotnet\sdk\10.0.103\Sdks\Microsoft.NET.Sdk.Razor\targets\Sdk.Razor.CurrentVersion.targets(230,5): message :       IncludeStaticWebAssetsPackItems;
       C:\Program Files\dotnet\sdk\10.0.103\Sdks\Microsoft.NET.Sdk.Razor\targets\Sdk.Razor.CurrentVersion.targets(230,5): message :       Build;_LoadPackInputItems; _GetTargetFrameworksOutput; _WalkEachTargetPerFramework; _GetPackageFiles; ;
       C:\Program Files\dotnet\sdk\10.0.103\Sdks\Microsoft.NET.Sdk.Razor\targets\Sdk.Razor.CurrentVersion.targets(230,5): message :     ") at C:\Program Files\dotnet\sdk\10.0.103\Sdks\Microsoft.NET.Sdk.Razor\targets\Sdk.Razor.CurrentVersion.targets (230,5)
       C:\Program Files\dotnet\sdk\10.0.103\Sdks\Microsoft.NET.Sdk.Razor\targets\Sdk.Razor.CurrentVersion.targets(235,5): message : Property reassignment: $(PrepareForRunDependsOn)="
       C:\Program Files\dotnet\sdk\10.0.103\Sdks\Microsoft.NET.Sdk.Razor\targets\Sdk.Razor.CurrentVersion.targets(235,5): message :       _RazorPrepareForRun;
       C:\Program Files\dotnet\sdk\10.0.103\Sdks\Microsoft.NET.Sdk.Razor\targets\Sdk.Razor.CurrentVersion.targets(235,5): message :       StaticWebAssetsPrepareForRun;
       C:\Program Files\dotnet\sdk\10.0.103\Sdks\Microsoft.NET.Sdk.Razor\targets\Sdk.Razor.CurrentVersion.targets(235,5): message :       CopyFilesToOutputDirectory
       C:\Program Files\dotnet\sdk\10.0.103\Sdks\Microsoft.NET.Sdk.Razor\targets\Sdk.Razor.CurrentVersion.targets(235,5): message :     
       C:\Program Files\dotnet\sdk\10.0.103\Sdks\Microsoft.NET.Sdk.Razor\targets\Sdk.Razor.CurrentVersion.targets(235,5): message :     " (previous value: "StaticWebAssetsPrepareForRun;
       C:\Program Files\dotnet\sdk\10.0.103\Sdks\Microsoft.NET.Sdk.Razor\targets\Sdk.Razor.CurrentVersion.targets(235,5): message :       CopyFilesToOutputDirectory
       C:\Program Files\dotnet\sdk\10.0.103\Sdks\Microsoft.NET.Sdk.Razor\targets\Sdk.Razor.CurrentVersion.targets(235,5): message :     ") at C:\Program Files\dotnet\sdk\10.0.103\Sdks\Microsoft.NET.Sdk.Razor\targets\Sdk.Razor.CurrentVersion.targets (235,5)
       C:\Program Files\dotnet\sdk\10.0.103\Sdks\Microsoft.NET.Sdk.Razor\targets\Sdk.Razor.CurrentVersion.targets(326,5): message : Property reassignment: $(UseRazorBuildServer)="true" (previous value: "") at C:\Program Files\dotnet\sdk\10.0.103\Sdks\Microsoft.NET.Sdk.Razor\targets\Sdk.Razor.CurrentVersion.targets (326,5)
       C:\Program Files\dotnet\sdk\10.0.103\Sdks\Microsoft.NET.Sdk.Razor\targets\Sdk.Razor.CurrentVersion.targets(332,5): message : Property reassignment: $(_RazorDebugSymbolsProduced)="true" (previous value: "false") at C:\Program Files\dotnet\sdk\10.0.103\Sdks\Microsoft.NET.Sdk.Razor\targets\Sdk.Razor.CurrentVersion.targets (332,5)
       C:\Program Files\dotnet\sdk\10.0.103\Sdks\Microsoft.NET.Sdk.Razor\targets\Microsoft.NET.Sdk.Razor.GenerateAssemblyInfo.targets(36,5): message : Property reassignment: $(GenerateRazorTargetAssemblyInfoDependsOn)="
       C:\Program Files\dotnet\sdk\10.0.103\Sdks\Microsoft.NET.Sdk.Razor\targets\Microsoft.NET.Sdk.Razor.GenerateAssemblyInfo.targets(36,5): message :       _ResolveMvcAssemblyAttributes;
       C:\Program Files\dotnet\sdk\10.0.103\Sdks\Microsoft.NET.Sdk.Razor\targets\Microsoft.NET.Sdk.Razor.GenerateAssemblyInfo.targets(36,5): message :       
       C:\Program Files\dotnet\sdk\10.0.103\Sdks\Microsoft.NET.Sdk.Razor\targets\Microsoft.NET.Sdk.Razor.GenerateAssemblyInfo.targets(36,5): message :       GetRazorTargetAssemblyAttributes;
       C:\Program Files\dotnet\sdk\10.0.103\Sdks\Microsoft.NET.Sdk.Razor\targets\Microsoft.NET.Sdk.Razor.GenerateAssemblyInfo.targets(36,5): message :       _CreateRazorTargetAssemblyInfoInputsCacheFile;
       C:\Program Files\dotnet\sdk\10.0.103\Sdks\Microsoft.NET.Sdk.Razor\targets\Microsoft.NET.Sdk.Razor.GenerateAssemblyInfo.targets(36,5): message :       CoreGenerateRazorTargetAssemblyInfo
       C:\Program Files\dotnet\sdk\10.0.103\Sdks\Microsoft.NET.Sdk.Razor\targets\Microsoft.NET.Sdk.Razor.GenerateAssemblyInfo.targets(36,5): message :     
       C:\Program Files\dotnet\sdk\10.0.103\Sdks\Microsoft.NET.Sdk.Razor\targets\Microsoft.NET.Sdk.Razor.GenerateAssemblyInfo.targets(36,5): message :     " (previous value: "
       C:\Program Files\dotnet\sdk\10.0.103\Sdks\Microsoft.NET.Sdk.Razor\targets\Microsoft.NET.Sdk.Razor.GenerateAssemblyInfo.targets(36,5): message :       GetRazorTargetAssemblyAttributes;
       C:\Program Files\dotnet\sdk\10.0.103\Sdks\Microsoft.NET.Sdk.Razor\targets\Microsoft.NET.Sdk.Razor.GenerateAssemblyInfo.targets(36,5): message :       _CreateRazorTargetAssemblyInfoInputsCacheFile;
       C:\Program Files\dotnet\sdk\10.0.103\Sdks\Microsoft.NET.Sdk.Razor\targets\Microsoft.NET.Sdk.Razor.GenerateAssemblyInfo.targets(36,5): message :       CoreGenerateRazorTargetAssemblyInfo
       C:\Program Files\dotnet\sdk\10.0.103\Sdks\Microsoft.NET.Sdk.Razor\targets\Microsoft.NET.Sdk.Razor.GenerateAssemblyInfo.targets(36,5): message :     ") at C:\Program Files\dotnet\sdk\10.0.103\Sdks\Microsoft.NET.Sdk.Razor\targets\Microsoft.NET.Sdk.Razor.GenerateAssemblyInfo.targets (36,5)
       C:\Program Files\dotnet\sdk\10.0.103\Sdks\Microsoft.NET.Sdk.Razor\targets\Microsoft.NET.Sdk.Razor.GenerateAssemblyInfo.targets(181,5): message : Property reassignment: $(CoreCompileDependsOn)="
       C:\Program Files\dotnet\sdk\10.0.103\Sdks\Microsoft.NET.Sdk.Razor\targets\Microsoft.NET.Sdk.Razor.GenerateAssemblyInfo.targets(181,5): message :       ;_ComputeNonExistentFileProperty;ResolveCodeAnalysisRuleSet;
       C:\Program Files\dotnet\sdk\10.0.103\Sdks\Microsoft.NET.Sdk.Razor\targets\Microsoft.NET.Sdk.Razor.GenerateAssemblyInfo.targets(181,5): message :       _GenerateRazorAssemblyInfo
       C:\Program Files\dotnet\sdk\10.0.103\Sdks\Microsoft.NET.Sdk.Razor\targets\Microsoft.NET.Sdk.Razor.GenerateAssemblyInfo.targets(181,5): message :     " (previous value: ";_ComputeNonExistentFileProperty;ResolveCodeAnalysisRuleSet") at C:\Program Files\dotnet\sdk\10.0.103\Sdks\Microsoft.NET.Sdk.Razor\targets\Microsoft.NET.Sdk.Razor.GenerateAssemblyInfo.targets (181,5)
       C:\Program Files\dotnet\sdk\10.0.103\Sdks\Microsoft.NET.Sdk.Razor\targets\Microsoft.NET.Sdk.Razor.GenerateAssemblyInfo.targets(189,5): message : Property reassignment: $(_GenerateRazorAssemblyInfoDependsOn)="
       C:\Program Files\dotnet\sdk\10.0.103\Sdks\Microsoft.NET.Sdk.Razor\targets\Microsoft.NET.Sdk.Razor.GenerateAssemblyInfo.targets(189,5): message :       _ResolveMvcAssemblyAttributes;
       C:\Program Files\dotnet\sdk\10.0.103\Sdks\Microsoft.NET.Sdk.Razor\targets\Microsoft.NET.Sdk.Razor.GenerateAssemblyInfo.targets(189,5): message :       RazorGetAssemblyAttributes;PrepareForBuild;_CoreGenerateRazorAssemblyInfo;
       C:\Program Files\dotnet\sdk\10.0.103\Sdks\Microsoft.NET.Sdk.Razor\targets\Microsoft.NET.Sdk.Razor.GenerateAssemblyInfo.targets(189,5): message :     " (previous value: "RazorGetAssemblyAttributes;PrepareForBuild;_CoreGenerateRazorAssemblyInfo") at C:\Program Files\dotnet\sdk\10.0.103\Sdks\Microsoft.NET.Sdk.Razor\targets\Microsoft.NET.Sdk.Razor.GenerateAssemblyInfo.targets (189,5)
       C:\Program Files\dotnet\sdk\10.0.103\Sdks\Microsoft.NET.Sdk.Razor\targets\Microsoft.NET.Sdk.Razor.MvcApplicationPartsDiscovery.targets(22,5): message : Property reassignment: $(CoreCompileDependsOn)="
       C:\Program Files\dotnet\sdk\10.0.103\Sdks\Microsoft.NET.Sdk.Razor\targets\Microsoft.NET.Sdk.Razor.MvcApplicationPartsDiscovery.targets(22,5): message :       _DiscoverMvcApplicationParts;
       C:\Program Files\dotnet\sdk\10.0.103\Sdks\Microsoft.NET.Sdk.Razor\targets\Microsoft.NET.Sdk.Razor.MvcApplicationPartsDiscovery.targets(22,5): message :       
       C:\Program Files\dotnet\sdk\10.0.103\Sdks\Microsoft.NET.Sdk.Razor\targets\Microsoft.NET.Sdk.Razor.MvcApplicationPartsDiscovery.targets(22,5): message :       ;_ComputeNonExistentFileProperty;ResolveCodeAnalysisRuleSet;
       C:\Program Files\dotnet\sdk\10.0.103\Sdks\Microsoft.NET.Sdk.Razor\targets\Microsoft.NET.Sdk.Razor.MvcApplicationPartsDiscovery.targets(22,5): message :       _GenerateRazorAssemblyInfo
       C:\Program Files\dotnet\sdk\10.0.103\Sdks\Microsoft.NET.Sdk.Razor\targets\Microsoft.NET.Sdk.Razor.MvcApplicationPartsDiscovery.targets(22,5): message :     ;
       C:\Program Files\dotnet\sdk\10.0.103\Sdks\Microsoft.NET.Sdk.Razor\targets\Microsoft.NET.Sdk.Razor.MvcApplicationPartsDiscovery.targets(22,5): message :     " (previous value: "
       C:\Program Files\dotnet\sdk\10.0.103\Sdks\Microsoft.NET.Sdk.Razor\targets\Microsoft.NET.Sdk.Razor.MvcApplicationPartsDiscovery.targets(22,5): message :       ;_ComputeNonExistentFileProperty;ResolveCodeAnalysisRuleSet;
       C:\Program Files\dotnet\sdk\10.0.103\Sdks\Microsoft.NET.Sdk.Razor\targets\Microsoft.NET.Sdk.Razor.MvcApplicationPartsDiscovery.targets(22,5): message :       _GenerateRazorAssemblyInfo
       C:\Program Files\dotnet\sdk\10.0.103\Sdks\Microsoft.NET.Sdk.Razor\targets\Microsoft.NET.Sdk.Razor.MvcApplicationPartsDiscovery.targets(22,5): message :     ") at C:\Program Files\dotnet\sdk\10.0.103\Sdks\Microsoft.NET.Sdk.Razor\targets\Microsoft.NET.Sdk.Razor.MvcApplicationPartsDiscovery.targets (22,5)
       C:\Program Files\dotnet\sdk\10.0.103\Sdks\Microsoft.NET.Sdk.Razor\targets\Sdk.Razor.CurrentVersion.targets(884,5): message : Property reassignment: $(RazorDesignTimeTargets)="C:\Program Files\dotnet\sdk\10.0.103\Sdks\Microsoft.NET.Sdk.Razor\targets\Microsoft.NET.Sdk.Razor.DesignTime.targets" (previous value: "C:\Program Files\dotnet\sdk\10.0.103\\Microsoft\VisualStudio\Razor\Microsoft.NET.Sdk.Razor.DesignTime.targets") at C:\Program Files\dotnet\sdk\10.0.103\Sdks\Microsoft.NET.Sdk.Razor\targets\Sdk.Razor.CurrentVersion.targets (884,5)
       C:\Program Files\dotnet\sdk\10.0.103\Sdks\Microsoft.NET.Sdk.Web.ProjectSystem\targets\Microsoft.NET.Sdk.Web.ProjectSystem.targets(21,5): message : Property reassignment: $(RunWorkingDirectory)="C:\Users\rolfe\git\own\Villa-Annunziata\hotelDroid\src\HotelDroid.Client" (previous value: "") at C:\Program Files\dotnet\sdk\10.0.103\Sdks\Microsoft.NET.Sdk.Web.ProjectSystem\targets\Microsoft.NET.Sdk.Web.ProjectSystem.targets (21,5)
       Assembly loaded during Evaluation: System.Numerics.Vectors, Version=10.0.0.0, Culture=neutral, PublicKeyToken=b03f5f7f11d50a3a (location: C:\Program Files\dotnet\shared\Microsoft.NETCore.App\10.0.3\System.Numerics.Vectors.dll, MVID: 3d158169-bc2f-4392-9d0b-516beb58158f, AssemblyLoadContext: Default)
       C:\Program Files\dotnet\sdk\10.0.103\Sdks\Microsoft.NET.Sdk.Publish\targets\Microsoft.NET.Sdk.Publish.targets(60,5): message : Property reassignment: $(PublishProfileImported)="true" (previous value: "false") at C:\Program Files\dotnet\sdk\10.0.103\Sdks\Microsoft.NET.Sdk.Publish\targets\Microsoft.NET.Sdk.Publish.targets (60,5)
       C:\Program Files\dotnet\sdk\10.0.103\Sdks\Microsoft.NET.Sdk.Publish\targets\Microsoft.NET.Sdk.Publish.targets(81,5): message : Property reassignment: $(PublishConfiguration)="Debug" (previous value: "") at C:\Program Files\dotnet\sdk\10.0.103\Sdks\Microsoft.NET.Sdk.Publish\targets\Microsoft.NET.Sdk.Publish.targets (81,5)
       C:\Program Files\dotnet\sdk\10.0.103\Sdks\Microsoft.NET.Sdk.Publish\targets\Microsoft.NET.Sdk.Publish.targets(87,5): message : Property reassignment: $(BaseIntermediateOutputPath)="C:\Users\rolfe\git\own\Villa-Annunziata\hotelDroid\src\HotelDroid.Client\obj\" (previous value: "obj\") at C:\Program Files\dotnet\sdk\10.0.103\Sdks\Microsoft.NET.Sdk.Publish\targets\Microsoft.NET.Sdk.Publish.targets (87,5)
       C:\Program Files\dotnet\sdk\10.0.103\Sdks\Microsoft.NET.Sdk.WebAssembly\Sdk\Sdk.targets(22,5): message : Property reassignment: $(_WasmEnableHotReload)="true" (previous value: "") at C:\Program Files\dotnet\sdk\10.0.103\Sdks\Microsoft.NET.Sdk.WebAssembly\Sdk\Sdk.targets (22,5)
       Assembly loaded during Evaluation: System.Numerics.Vectors, Version=10.0.0.0, Culture=neutral, PublicKeyToken=b03f5f7f11d50a3a (location: C:\Program Files\dotnet\shared\Microsoft.NETCore.App\10.0.3\System.Numerics.Vectors.dll, MVID: 3d158169-bc2f-4392-9d0b-516beb58158f, AssemblyLoadContext: Default)
       C:\Users\rolfe\.nuget\packages\microsoft.net.sdk.webassembly.pack\10.0.3\build\Microsoft.NET.Sdk.WebAssembly.Browser.targets(17,5): message : Property reassignment: $(_TargetingNET80OrLater)="false" (previous value: "true") at C:\Users\rolfe\.nuget\packages\microsoft.net.sdk.webassembly.pack\10.0.3\build\Microsoft.NET.Sdk.WebAssembly.Browser.targets (17,5)
       C:\Users\rolfe\.nuget\packages\microsoft.net.sdk.webassembly.pack\10.0.3\build\Microsoft.NET.Sdk.WebAssembly.Browser.targets(18,5): message : Property reassignment: $(_TargetingNET90OrLater)="false" (previous value: "true") at C:\Users\rolfe\.nuget\packages\microsoft.net.sdk.webassembly.pack\10.0.3\build\Microsoft.NET.Sdk.WebAssembly.Browser.targets (18,5)
       C:\Users\rolfe\.nuget\packages\microsoft.net.sdk.webassembly.pack\10.0.3\build\Microsoft.NET.Sdk.WebAssembly.Browser.targets(19,5): message : Property reassignment: $(_TargetingNET100OrLater)="false" (previous value: "true") at C:\Users\rolfe\.nuget\packages\microsoft.net.sdk.webassembly.pack\10.0.3\build\Microsoft.NET.Sdk.WebAssembly.Browser.targets (19,5)
       C:\Users\rolfe\.nuget\packages\microsoft.net.sdk.webassembly.pack\10.0.3\build\Microsoft.NET.Sdk.WebAssembly.Browser.targets(20,5): message : Property reassignment: $(_TargetingNET80OrLater)="true" (previous value: "false") at C:\Users\rolfe\.nuget\packages\microsoft.net.sdk.webassembly.pack\10.0.3\build\Microsoft.NET.Sdk.WebAssembly.Browser.targets (20,5)
       C:\Users\rolfe\.nuget\packages\microsoft.net.sdk.webassembly.pack\10.0.3\build\Microsoft.NET.Sdk.WebAssembly.Browser.targets(21,5): message : Property reassignment: $(_TargetingNET90OrLater)="true" (previous value: "false") at C:\Users\rolfe\.nuget\packages\microsoft.net.sdk.webassembly.pack\10.0.3\build\Microsoft.NET.Sdk.WebAssembly.Browser.targets (21,5)
       C:\Users\rolfe\.nuget\packages\microsoft.net.sdk.webassembly.pack\10.0.3\build\Microsoft.NET.Sdk.WebAssembly.Browser.targets(22,5): message : Property reassignment: $(_TargetingNET100OrLater)="true" (previous value: "false") at C:\Users\rolfe\.nuget\packages\microsoft.net.sdk.webassembly.pack\10.0.3\build\Microsoft.NET.Sdk.WebAssembly.Browser.targets (22,5)
       C:\Users\rolfe\.nuget\packages\microsoft.net.sdk.webassembly.pack\10.0.3\build\Microsoft.NET.Sdk.WebAssembly.Browser.targets(25,5): message : Property reassignment: $(WebAssemblyHotReloadCapabilities)="Baseline;AddMethodToExistingType;AddStaticFieldToExistingType;NewTypeDefinition;ChangeCustomAttributes;AddInstanceFieldToExistingType;GenericAddMethodToExistingType;GenericUpdateMethod;UpdateParameters;GenericAddFieldToExistingType" (previous value: "Baseline;AddMethodToExistingType;AddStaticFieldToExistingType;NewTypeDefinition;ChangeCustomAttributes") at C:\Users\rolfe\.nuget\packages\microsoft.net.sdk.webassembly.pack\10.0.3\build\Microsoft.NET.Sdk.WebAssembly.Browser.targets (25,5)
       C:\Users\rolfe\.nuget\packages\microsoft.net.sdk.webassembly.pack\10.0.3\build\Microsoft.NET.Sdk.WebAssembly.Browser.targets(64,5): message : Property reassignment: $(CompressionIncludePatterns)="
       C:\Users\rolfe\.nuget\packages\microsoft.net.sdk.webassembly.pack\10.0.3\build\Microsoft.NET.Sdk.WebAssembly.Browser.targets(64,5): message :       ;
       C:\Users\rolfe\.nuget\packages\microsoft.net.sdk.webassembly.pack\10.0.3\build\Microsoft.NET.Sdk.WebAssembly.Browser.targets(64,5): message :       **/*.js;
       C:\Users\rolfe\.nuget\packages\microsoft.net.sdk.webassembly.pack\10.0.3\build\Microsoft.NET.Sdk.WebAssembly.Browser.targets(64,5): message :       **/*.css;
       C:\Users\rolfe\.nuget\packages\microsoft.net.sdk.webassembly.pack\10.0.3\build\Microsoft.NET.Sdk.WebAssembly.Browser.targets(64,5): message :       **/*.html;
       C:\Users\rolfe\.nuget\packages\microsoft.net.sdk.webassembly.pack\10.0.3\build\Microsoft.NET.Sdk.WebAssembly.Browser.targets(64,5): message :       **/*.json;
       C:\Users\rolfe\.nuget\packages\microsoft.net.sdk.webassembly.pack\10.0.3\build\Microsoft.NET.Sdk.WebAssembly.Browser.targets(64,5): message :       **/*.mjs;
       C:\Users\rolfe\.nuget\packages\microsoft.net.sdk.webassembly.pack\10.0.3\build\Microsoft.NET.Sdk.WebAssembly.Browser.targets(64,5): message :       **/*.xml;
       C:\Users\rolfe\.nuget\packages\microsoft.net.sdk.webassembly.pack\10.0.3\build\Microsoft.NET.Sdk.WebAssembly.Browser.targets(64,5): message :       **/*.htm;
       C:\Users\rolfe\.nuget\packages\microsoft.net.sdk.webassembly.pack\10.0.3\build\Microsoft.NET.Sdk.WebAssembly.Browser.targets(64,5): message :       **/*.wasm;
       C:\Users\rolfe\.nuget\packages\microsoft.net.sdk.webassembly.pack\10.0.3\build\Microsoft.NET.Sdk.WebAssembly.Browser.targets(64,5): message :       **/*.txt;
       C:\Users\rolfe\.nuget\packages\microsoft.net.sdk.webassembly.pack\10.0.3\build\Microsoft.NET.Sdk.WebAssembly.Browser.targets(64,5): message :       **/*.dll;
       C:\Users\rolfe\.nuget\packages\microsoft.net.sdk.webassembly.pack\10.0.3\build\Microsoft.NET.Sdk.WebAssembly.Browser.targets(64,5): message :       **/*.pdb;
       C:\Users\rolfe\.nuget\packages\microsoft.net.sdk.webassembly.pack\10.0.3\build\Microsoft.NET.Sdk.WebAssembly.Browser.targets(64,5): message :       **/*.dat;
       C:\Users\rolfe\.nuget\packages\microsoft.net.sdk.webassembly.pack\10.0.3\build\Microsoft.NET.Sdk.WebAssembly.Browser.targets(64,5): message :       **/*.jsx;
       C:\Users\rolfe\.nuget\packages\microsoft.net.sdk.webassembly.pack\10.0.3\build\Microsoft.NET.Sdk.WebAssembly.Browser.targets(64,5): message :       **/*.markdown;
       C:\Users\rolfe\.nuget\packages\microsoft.net.sdk.webassembly.pack\10.0.3\build\Microsoft.NET.Sdk.WebAssembly.Browser.targets(64,5): message :       **/*.md;
       C:\Users\rolfe\.nuget\packages\microsoft.net.sdk.webassembly.pack\10.0.3\build\Microsoft.NET.Sdk.WebAssembly.Browser.targets(64,5): message :       **/*.webmanifest;
       C:\Users\rolfe\.nuget\packages\microsoft.net.sdk.webassembly.pack\10.0.3\build\Microsoft.NET.Sdk.WebAssembly.Browser.targets(64,5): message :       **/*.bmp;
       C:\Users\rolfe\.nuget\packages\microsoft.net.sdk.webassembly.pack\10.0.3\build\Microsoft.NET.Sdk.WebAssembly.Browser.targets(64,5): message :       **/*.svg;
       C:\Users\rolfe\.nuget\packages\microsoft.net.sdk.webassembly.pack\10.0.3\build\Microsoft.NET.Sdk.WebAssembly.Browser.targets(64,5): message :       **/*.otf;
       C:\Users\rolfe\.nuget\packages\microsoft.net.sdk.webassembly.pack\10.0.3\build\Microsoft.NET.Sdk.WebAssembly.Browser.targets(64,5): message :       **/*.art;
       C:\Users\rolfe\.nuget\packages\microsoft.net.sdk.webassembly.pack\10.0.3\build\Microsoft.NET.Sdk.WebAssembly.Browser.targets(64,5): message :       **/*.cmx;
       C:\Users\rolfe\.nuget\packages\microsoft.net.sdk.webassembly.pack\10.0.3\build\Microsoft.NET.Sdk.WebAssembly.Browser.targets(64,5): message :       **/*.cod;
       C:\Users\rolfe\.nuget\packages\microsoft.net.sdk.webassembly.pack\10.0.3\build\Microsoft.NET.Sdk.WebAssembly.Browser.targets(64,5): message :       **/*.dib;
       C:\Users\rolfe\.nuget\packages\microsoft.net.sdk.webassembly.pack\10.0.3\build\Microsoft.NET.Sdk.WebAssembly.Browser.targets(64,5): message :       **/*.ico;
       C:\Users\rolfe\.nuget\packages\microsoft.net.sdk.webassembly.pack\10.0.3\build\Microsoft.NET.Sdk.WebAssembly.Browser.targets(64,5): message :       **/*.ief;
       C:\Users\rolfe\.nuget\packages\microsoft.net.sdk.webassembly.pack\10.0.3\build\Microsoft.NET.Sdk.WebAssembly.Browser.targets(64,5): message :       **/*.pbm;
       C:\Users\rolfe\.nuget\packages\microsoft.net.sdk.webassembly.pack\10.0.3\build\Microsoft.NET.Sdk.WebAssembly.Browser.targets(64,5): message :       **/*.pgm;
       C:\Users\rolfe\.nuget\packages\microsoft.net.sdk.webassembly.pack\10.0.3\build\Microsoft.NET.Sdk.WebAssembly.Browser.targets(64,5): message :       **/*.pnm;
       C:\Users\rolfe\.nuget\packages\microsoft.net.sdk.webassembly.pack\10.0.3\build\Microsoft.NET.Sdk.WebAssembly.Browser.targets(64,5): message :       **/*.ppm;
       C:\Users\rolfe\.nuget\packages\microsoft.net.sdk.webassembly.pack\10.0.3\build\Microsoft.NET.Sdk.WebAssembly.Browser.targets(64,5): message :       **/*.ras;
       C:\Users\rolfe\.nuget\packages\microsoft.net.sdk.webassembly.pack\10.0.3\build\Microsoft.NET.Sdk.WebAssembly.Browser.targets(64,5): message :       **/*.rf;
       C:\Users\rolfe\.nuget\packages\microsoft.net.sdk.webassembly.pack\10.0.3\build\Microsoft.NET.Sdk.WebAssembly.Browser.targets(64,5): message :       **/*.rgb;
       C:\Users\rolfe\.nuget\packages\microsoft.net.sdk.webassembly.pack\10.0.3\build\Microsoft.NET.Sdk.WebAssembly.Browser.targets(64,5): message :       **/*.tif
       C:\Users\rolfe\.nuget\packages\microsoft.net.sdk.webassembly.pack\10.0.3\build\Microsoft.NET.Sdk.WebAssembly.Browser.targets(64,5): message :       **/*.tiff;
       C:\Users\rolfe\.nuget\packages\microsoft.net.sdk.webassembly.pack\10.0.3\build\Microsoft.NET.Sdk.WebAssembly.Browser.targets(64,5): message :       **/*.wbmp;
       C:\Users\rolfe\.nuget\packages\microsoft.net.sdk.webassembly.pack\10.0.3\build\Microsoft.NET.Sdk.WebAssembly.Browser.targets(64,5): message :       **/*.xbm;
       C:\Users\rolfe\.nuget\packages\microsoft.net.sdk.webassembly.pack\10.0.3\build\Microsoft.NET.Sdk.WebAssembly.Browser.targets(64,5): message :       **/*.xpm;
       C:\Users\rolfe\.nuget\packages\microsoft.net.sdk.webassembly.pack\10.0.3\build\Microsoft.NET.Sdk.WebAssembly.Browser.targets(64,5): message :       **/*.xwd;
       C:\Users\rolfe\.nuget\packages\microsoft.net.sdk.webassembly.pack\10.0.3\build\Microsoft.NET.Sdk.WebAssembly.Browser.targets(64,5): message :       **/*.aif;
       C:\Users\rolfe\.nuget\packages\microsoft.net.sdk.webassembly.pack\10.0.3\build\Microsoft.NET.Sdk.WebAssembly.Browser.targets(64,5): message :       **/*.aifc;
       C:\Users\rolfe\.nuget\packages\microsoft.net.sdk.webassembly.pack\10.0.3\build\Microsoft.NET.Sdk.WebAssembly.Browser.targets(64,5): message :       **/*.aif;
       C:\Users\rolfe\.nuget\packages\microsoft.net.sdk.webassembly.pack\10.0.3\build\Microsoft.NET.Sdk.WebAssembly.Browser.targets(64,5): message :       **/*.au;
       C:\Users\rolfe\.nuget\packages\microsoft.net.sdk.webassembly.pack\10.0.3\build\Microsoft.NET.Sdk.WebAssembly.Browser.targets(64,5): message :       **/*.m3u;
       C:\Users\rolfe\.nuget\packages\microsoft.net.sdk.webassembly.pack\10.0.3\build\Microsoft.NET.Sdk.WebAssembly.Browser.targets(64,5): message :       **/*.mid;
       C:\Users\rolfe\.nuget\packages\microsoft.net.sdk.webassembly.pack\10.0.3\build\Microsoft.NET.Sdk.WebAssembly.Browser.targets(64,5): message :       **/*.midi;
       C:\Users\rolfe\.nuget\packages\microsoft.net.sdk.webassembly.pack\10.0.3\build\Microsoft.NET.Sdk.WebAssembly.Browser.targets(64,5): message :       **/*.ra;
       C:\Users\rolfe\.nuget\packages\microsoft.net.sdk.webassembly.pack\10.0.3\build\Microsoft.NET.Sdk.WebAssembly.Browser.targets(64,5): message :       **/*.ram;
       C:\Users\rolfe\.nuget\packages\microsoft.net.sdk.webassembly.pack\10.0.3\build\Microsoft.NET.Sdk.WebAssembly.Browser.targets(64,5): message :       **/*.smd;
       C:\Users\rolfe\.nuget\packages\microsoft.net.sdk.webassembly.pack\10.0.3\build\Microsoft.NET.Sdk.WebAssembly.Browser.targets(64,5): message :       **/*.smx;
       C:\Users\rolfe\.nuget\packages\microsoft.net.sdk.webassembly.pack\10.0.3\build\Microsoft.NET.Sdk.WebAssembly.Browser.targets(64,5): message :       **/*.smz;
       C:\Users\rolfe\.nuget\packages\microsoft.net.sdk.webassembly.pack\10.0.3\build\Microsoft.NET.Sdk.WebAssembly.Browser.targets(64,5): message :       **/*.wav;
       C:\Users\rolfe\.nuget\packages\microsoft.net.sdk.webassembly.pack\10.0.3\build\Microsoft.NET.Sdk.WebAssembly.Browser.targets(64,5): message :       **/*.323;
       C:\Users\rolfe\.nuget\packages\microsoft.net.sdk.webassembly.pack\10.0.3\build\Microsoft.NET.Sdk.WebAssembly.Browser.targets(64,5): message :       **/*.appcache;
       C:\Users\rolfe\.nuget\packages\microsoft.net.sdk.webassembly.pack\10.0.3\build\Microsoft.NET.Sdk.WebAssembly.Browser.targets(64,5): message :       **/*.asm;
       C:\Users\rolfe\.nuget\packages\microsoft.net.sdk.webassembly.pack\10.0.3\build\Microsoft.NET.Sdk.WebAssembly.Browser.targets(64,5): message :       **/*.bas;
       C:\Users\rolfe\.nuget\packages\microsoft.net.sdk.webassembly.pack\10.0.3\build\Microsoft.NET.Sdk.WebAssembly.Browser.targets(64,5): message :       **/*.c;
       C:\Users\rolfe\.nuget\packages\microsoft.net.sdk.webassembly.pack\10.0.3\build\Microsoft.NET.Sdk.WebAssembly.Browser.targets(64,5): message :       **/*.cnf;
       C:\Users\rolfe\.nuget\packages\microsoft.net.sdk.webassembly.pack\10.0.3\build\Microsoft.NET.Sdk.WebAssembly.Browser.targets(64,5): message :       **/*.cpp;
       C:\Users\rolfe\.nuget\packages\microsoft.net.sdk.webassembly.pack\10.0.3\build\Microsoft.NET.Sdk.WebAssembly.Browser.targets(64,5): message :       **/*.csv;
       C:\Users\rolfe\.nuget\packages\microsoft.net.sdk.webassembly.pack\10.0.3\build\Microsoft.NET.Sdk.WebAssembly.Browser.targets(64,5): message :       **/*.disco;
       C:\Users\rolfe\.nuget\packages\microsoft.net.sdk.webassembly.pack\10.0.3\build\Microsoft.NET.Sdk.WebAssembly.Browser.targets(64,5): message :       **/*.dlm;
       C:\Users\rolfe\.nuget\packages\microsoft.net.sdk.webassembly.pack\10.0.3\build\Microsoft.NET.Sdk.WebAssembly.Browser.targets(64,5): message :       **/*.dtd;
       C:\Users\rolfe\.nuget\packages\microsoft.net.sdk.webassembly.pack\10.0.3\build\Microsoft.NET.Sdk.WebAssembly.Browser.targets(64,5): message :       **/*.etx;
       C:\Users\rolfe\.nuget\packages\microsoft.net.sdk.webassembly.pack\10.0.3\build\Microsoft.NET.Sdk.WebAssembly.Browser.targets(64,5): message :       **/*.h;
       C:\Users\rolfe\.nuget\packages\microsoft.net.sdk.webassembly.pack\10.0.3\build\Microsoft.NET.Sdk.WebAssembly.Browser.targets(64,5): message :       **/*.hdml;
       C:\Users\rolfe\.nuget\packages\microsoft.net.sdk.webassembly.pack\10.0.3\build\Microsoft.NET.Sdk.WebAssembly.Browser.targets(64,5): message :       **/*.htc;
       C:\Users\rolfe\.nuget\packages\microsoft.net.sdk.webassembly.pack\10.0.3\build\Microsoft.NET.Sdk.WebAssembly.Browser.targets(64,5): message :       **/*.htt;
       C:\Users\rolfe\.nuget\packages\microsoft.net.sdk.webassembly.pack\10.0.3\build\Microsoft.NET.Sdk.WebAssembly.Browser.targets(64,5): message :       **/*.hxt;
       C:\Users\rolfe\.nuget\packages\microsoft.net.sdk.webassembly.pack\10.0.3\build\Microsoft.NET.Sdk.WebAssembly.Browser.targets(64,5): message :       **/*.ical;
       C:\Users\rolfe\.nuget\packages\microsoft.net.sdk.webassembly.pack\10.0.3\build\Microsoft.NET.Sdk.WebAssembly.Browser.targets(64,5): message :       **/*.icalendar;
       C:\Users\rolfe\.nuget\packages\microsoft.net.sdk.webassembly.pack\10.0.3\build\Microsoft.NET.Sdk.WebAssembly.Browser.targets(64,5): message :       **/*.ics;
       C:\Users\rolfe\.nuget\packages\microsoft.net.sdk.webassembly.pack\10.0.3\build\Microsoft.NET.Sdk.WebAssembly.Browser.targets(64,5): message :       **/*.ifb;
       C:\Users\rolfe\.nuget\packages\microsoft.net.sdk.webassembly.pack\10.0.3\build\Microsoft.NET.Sdk.WebAssembly.Browser.targets(64,5): message :       **/*.map;
       C:\Users\rolfe\.nuget\packages\microsoft.net.sdk.webassembly.pack\10.0.3\build\Microsoft.NET.Sdk.WebAssembly.Browser.targets(64,5): message :       **/*.mno;
       C:\Users\rolfe\.nuget\packages\microsoft.net.sdk.webassembly.pack\10.0.3\build\Microsoft.NET.Sdk.WebAssembly.Browser.targets(64,5): message :       **/*.odc;
       C:\Users\rolfe\.nuget\packages\microsoft.net.sdk.webassembly.pack\10.0.3\build\Microsoft.NET.Sdk.WebAssembly.Browser.targets(64,5): message :       **/*.rtx;
       C:\Users\rolfe\.nuget\packages\microsoft.net.sdk.webassembly.pack\10.0.3\build\Microsoft.NET.Sdk.WebAssembly.Browser.targets(64,5): message :       **/*.sct;
       C:\Users\rolfe\.nuget\packages\microsoft.net.sdk.webassembly.pack\10.0.3\build\Microsoft.NET.Sdk.WebAssembly.Browser.targets(64,5): message :       **/*.sgml;
       C:\Users\rolfe\.nuget\packages\microsoft.net.sdk.webassembly.pack\10.0.3\build\Microsoft.NET.Sdk.WebAssembly.Browser.targets(64,5): message :       **/*.tsv;
       C:\Users\rolfe\.nuget\packages\microsoft.net.sdk.webassembly.pack\10.0.3\build\Microsoft.NET.Sdk.WebAssembly.Browser.targets(64,5): message :       **/*.uls;
       C:\Users\rolfe\.nuget\packages\microsoft.net.sdk.webassembly.pack\10.0.3\build\Microsoft.NET.Sdk.WebAssembly.Browser.targets(64,5): message :       **/*.vbs;
       C:\Users\rolfe\.nuget\packages\microsoft.net.sdk.webassembly.pack\10.0.3\build\Microsoft.NET.Sdk.WebAssembly.Browser.targets(64,5): message :       **/*.vcf;
       C:\Users\rolfe\.nuget\packages\microsoft.net.sdk.webassembly.pack\10.0.3\build\Microsoft.NET.Sdk.WebAssembly.Browser.targets(64,5): message :       **/*.vcs;
       C:\Users\rolfe\.nuget\packages\microsoft.net.sdk.webassembly.pack\10.0.3\build\Microsoft.NET.Sdk.WebAssembly.Browser.targets(64,5): message :       **/*.vml;
       C:\Users\rolfe\.nuget\packages\microsoft.net.sdk.webassembly.pack\10.0.3\build\Microsoft.NET.Sdk.WebAssembly.Browser.targets(64,5): message :       **/*.wml;
       C:\Users\rolfe\.nuget\packages\microsoft.net.sdk.webassembly.pack\10.0.3\build\Microsoft.NET.Sdk.WebAssembly.Browser.targets(64,5): message :       **/*.wmls;
       C:\Users\rolfe\.nuget\packages\microsoft.net.sdk.webassembly.pack\10.0.3\build\Microsoft.NET.Sdk.WebAssembly.Browser.targets(64,5): message :       **/*.wsdl;
       C:\Users\rolfe\.nuget\packages\microsoft.net.sdk.webassembly.pack\10.0.3\build\Microsoft.NET.Sdk.WebAssembly.Browser.targets(64,5): message :       **/*.xdr;
       C:\Users\rolfe\.nuget\packages\microsoft.net.sdk.webassembly.pack\10.0.3\build\Microsoft.NET.Sdk.WebAssembly.Browser.targets(64,5): message :       **/*.xsd;
       C:\Users\rolfe\.nuget\packages\microsoft.net.sdk.webassembly.pack\10.0.3\build\Microsoft.NET.Sdk.WebAssembly.Browser.targets(64,5): message :       **/*.xsf;
       C:\Users\rolfe\.nuget\packages\microsoft.net.sdk.webassembly.pack\10.0.3\build\Microsoft.NET.Sdk.WebAssembly.Browser.targets(64,5): message :       **/*.xsl;
       C:\Users\rolfe\.nuget\packages\microsoft.net.sdk.webassembly.pack\10.0.3\build\Microsoft.NET.Sdk.WebAssembly.Browser.targets(64,5): message :       **/*.xslt;
       C:\Users\rolfe\.nuget\packages\microsoft.net.sdk.webassembly.pack\10.0.3\build\Microsoft.NET.Sdk.WebAssembly.Browser.targets(64,5): message :     ;_framework\**" (previous value: "
       C:\Users\rolfe\.nuget\packages\microsoft.net.sdk.webassembly.pack\10.0.3\build\Microsoft.NET.Sdk.WebAssembly.Browser.targets(64,5): message :       ;
       C:\Users\rolfe\.nuget\packages\microsoft.net.sdk.webassembly.pack\10.0.3\build\Microsoft.NET.Sdk.WebAssembly.Browser.targets(64,5): message :       **/*.js;
       C:\Users\rolfe\.nuget\packages\microsoft.net.sdk.webassembly.pack\10.0.3\build\Microsoft.NET.Sdk.WebAssembly.Browser.targets(64,5): message :       **/*.css;
       C:\Users\rolfe\.nuget\packages\microsoft.net.sdk.webassembly.pack\10.0.3\build\Microsoft.NET.Sdk.WebAssembly.Browser.targets(64,5): message :       **/*.html;
       C:\Users\rolfe\.nuget\packages\microsoft.net.sdk.webassembly.pack\10.0.3\build\Microsoft.NET.Sdk.WebAssembly.Browser.targets(64,5): message :       **/*.json;
       C:\Users\rolfe\.nuget\packages\microsoft.net.sdk.webassembly.pack\10.0.3\build\Microsoft.NET.Sdk.WebAssembly.Browser.targets(64,5): message :       **/*.mjs;
       C:\Users\rolfe\.nuget\packages\microsoft.net.sdk.webassembly.pack\10.0.3\build\Microsoft.NET.Sdk.WebAssembly.Browser.targets(64,5): message :       **/*.xml;
       C:\Users\rolfe\.nuget\packages\microsoft.net.sdk.webassembly.pack\10.0.3\build\Microsoft.NET.Sdk.WebAssembly.Browser.targets(64,5): message :       **/*.htm;
       C:\Users\rolfe\.nuget\packages\microsoft.net.sdk.webassembly.pack\10.0.3\build\Microsoft.NET.Sdk.WebAssembly.Browser.targets(64,5): message :       **/*.wasm;
       C:\Users\rolfe\.nuget\packages\microsoft.net.sdk.webassembly.pack\10.0.3\build\Microsoft.NET.Sdk.WebAssembly.Browser.targets(64,5): message :       **/*.txt;
       C:\Users\rolfe\.nuget\packages\microsoft.net.sdk.webassembly.pack\10.0.3\build\Microsoft.NET.Sdk.WebAssembly.Browser.targets(64,5): message :       **/*.dll;
       C:\Users\rolfe\.nuget\packages\microsoft.net.sdk.webassembly.pack\10.0.3\build\Microsoft.NET.Sdk.WebAssembly.Browser.targets(64,5): message :       **/*.pdb;
       C:\Users\rolfe\.nuget\packages\microsoft.net.sdk.webassembly.pack\10.0.3\build\Microsoft.NET.Sdk.WebAssembly.Browser.targets(64,5): message :       **/*.dat;
       C:\Users\rolfe\.nuget\packages\microsoft.net.sdk.webassembly.pack\10.0.3\build\Microsoft.NET.Sdk.WebAssembly.Browser.targets(64,5): message :       **/*.jsx;
       C:\Users\rolfe\.nuget\packages\microsoft.net.sdk.webassembly.pack\10.0.3\build\Microsoft.NET.Sdk.WebAssembly.Browser.targets(64,5): message :       **/*.markdown;
       C:\Users\rolfe\.nuget\packages\microsoft.net.sdk.webassembly.pack\10.0.3\build\Microsoft.NET.Sdk.WebAssembly.Browser.targets(64,5): message :       **/*.md;
       C:\Users\rolfe\.nuget\packages\microsoft.net.sdk.webassembly.pack\10.0.3\build\Microsoft.NET.Sdk.WebAssembly.Browser.targets(64,5): message :       **/*.webmanifest;
       C:\Users\rolfe\.nuget\packages\microsoft.net.sdk.webassembly.pack\10.0.3\build\Microsoft.NET.Sdk.WebAssembly.Browser.targets(64,5): message :       **/*.bmp;
       C:\Users\rolfe\.nuget\packages\microsoft.net.sdk.webassembly.pack\10.0.3\build\Microsoft.NET.Sdk.WebAssembly.Browser.targets(64,5): message :       **/*.svg;
       C:\Users\rolfe\.nuget\packages\microsoft.net.sdk.webassembly.pack\10.0.3\build\Microsoft.NET.Sdk.WebAssembly.Browser.targets(64,5): message :       **/*.otf;
       C:\Users\rolfe\.nuget\packages\microsoft.net.sdk.webassembly.pack\10.0.3\build\Microsoft.NET.Sdk.WebAssembly.Browser.targets(64,5): message :       **/*.art;
       C:\Users\rolfe\.nuget\packages\microsoft.net.sdk.webassembly.pack\10.0.3\build\Microsoft.NET.Sdk.WebAssembly.Browser.targets(64,5): message :       **/*.cmx;
       C:\Users\rolfe\.nuget\packages\microsoft.net.sdk.webassembly.pack\10.0.3\build\Microsoft.NET.Sdk.WebAssembly.Browser.targets(64,5): message :       **/*.cod;
       C:\Users\rolfe\.nuget\packages\microsoft.net.sdk.webassembly.pack\10.0.3\build\Microsoft.NET.Sdk.WebAssembly.Browser.targets(64,5): message :       **/*.dib;
       C:\Users\rolfe\.nuget\packages\microsoft.net.sdk.webassembly.pack\10.0.3\build\Microsoft.NET.Sdk.WebAssembly.Browser.targets(64,5): message :       **/*.ico;
       C:\Users\rolfe\.nuget\packages\microsoft.net.sdk.webassembly.pack\10.0.3\build\Microsoft.NET.Sdk.WebAssembly.Browser.targets(64,5): message :       **/*.ief;
       C:\Users\rolfe\.nuget\packages\microsoft.net.sdk.webassembly.pack\10.0.3\build\Microsoft.NET.Sdk.WebAssembly.Browser.targets(64,5): message :       **/*.pbm;
       C:\Users\rolfe\.nuget\packages\microsoft.net.sdk.webassembly.pack\10.0.3\build\Microsoft.NET.Sdk.WebAssembly.Browser.targets(64,5): message :       **/*.pgm;
       C:\Users\rolfe\.nuget\packages\microsoft.net.sdk.webassembly.pack\10.0.3\build\Microsoft.NET.Sdk.WebAssembly.Browser.targets(64,5): message :       **/*.pnm;
       C:\Users\rolfe\.nuget\packages\microsoft.net.sdk.webassembly.pack\10.0.3\build\Microsoft.NET.Sdk.WebAssembly.Browser.targets(64,5): message :       **/*.ppm;
       C:\Users\rolfe\.nuget\packages\microsoft.net.sdk.webassembly.pack\10.0.3\build\Microsoft.NET.Sdk.WebAssembly.Browser.targets(64,5): message :       **/*.ras;
       C:\Users\rolfe\.nuget\packages\microsoft.net.sdk.webassembly.pack\10.0.3\build\Microsoft.NET.Sdk.WebAssembly.Browser.targets(64,5): message :       **/*.rf;
       C:\Users\rolfe\.nuget\packages\microsoft.net.sdk.webassembly.pack\10.0.3\build\Microsoft.NET.Sdk.WebAssembly.Browser.targets(64,5): message :       **/*.rgb;
       C:\Users\rolfe\.nuget\packages\microsoft.net.sdk.webassembly.pack\10.0.3\build\Microsoft.NET.Sdk.WebAssembly.Browser.targets(64,5): message :       **/*.tif
       C:\Users\rolfe\.nuget\packages\microsoft.net.sdk.webassembly.pack\10.0.3\build\Microsoft.NET.Sdk.WebAssembly.Browser.targets(64,5): message :       **/*.tiff;
       C:\Users\rolfe\.nuget\packages\microsoft.net.sdk.webassembly.pack\10.0.3\build\Microsoft.NET.Sdk.WebAssembly.Browser.targets(64,5): message :       **/*.wbmp;
       C:\Users\rolfe\.nuget\packages\microsoft.net.sdk.webassembly.pack\10.0.3\build\Microsoft.NET.Sdk.WebAssembly.Browser.targets(64,5): message :       **/*.xbm;
       C:\Users\rolfe\.nuget\packages\microsoft.net.sdk.webassembly.pack\10.0.3\build\Microsoft.NET.Sdk.WebAssembly.Browser.targets(64,5): message :       **/*.xpm;
       C:\Users\rolfe\.nuget\packages\microsoft.net.sdk.webassembly.pack\10.0.3\build\Microsoft.NET.Sdk.WebAssembly.Browser.targets(64,5): message :       **/*.xwd;
       C:\Users\rolfe\.nuget\packages\microsoft.net.sdk.webassembly.pack\10.0.3\build\Microsoft.NET.Sdk.WebAssembly.Browser.targets(64,5): message :       **/*.aif;
       C:\Users\rolfe\.nuget\packages\microsoft.net.sdk.webassembly.pack\10.0.3\build\Microsoft.NET.Sdk.WebAssembly.Browser.targets(64,5): message :       **/*.aifc;
       C:\Users\rolfe\.nuget\packages\microsoft.net.sdk.webassembly.pack\10.0.3\build\Microsoft.NET.Sdk.WebAssembly.Browser.targets(64,5): message :       **/*.aif;
       C:\Users\rolfe\.nuget\packages\microsoft.net.sdk.webassembly.pack\10.0.3\build\Microsoft.NET.Sdk.WebAssembly.Browser.targets(64,5): message :       **/*.au;
       C:\Users\rolfe\.nuget\packages\microsoft.net.sdk.webassembly.pack\10.0.3\build\Microsoft.NET.Sdk.WebAssembly.Browser.targets(64,5): message :       **/*.m3u;
       C:\Users\rolfe\.nuget\packages\microsoft.net.sdk.webassembly.pack\10.0.3\build\Microsoft.NET.Sdk.WebAssembly.Browser.targets(64,5): message :       **/*.mid;
       C:\Users\rolfe\.nuget\packages\microsoft.net.sdk.webassembly.pack\10.0.3\build\Microsoft.NET.Sdk.WebAssembly.Browser.targets(64,5): message :       **/*.midi;
       C:\Users\rolfe\.nuget\packages\microsoft.net.sdk.webassembly.pack\10.0.3\build\Microsoft.NET.Sdk.WebAssembly.Browser.targets(64,5): message :       **/*.ra;
       C:\Users\rolfe\.nuget\packages\microsoft.net.sdk.webassembly.pack\10.0.3\build\Microsoft.NET.Sdk.WebAssembly.Browser.targets(64,5): message :       **/*.ram;
       C:\Users\rolfe\.nuget\packages\microsoft.net.sdk.webassembly.pack\10.0.3\build\Microsoft.NET.Sdk.WebAssembly.Browser.targets(64,5): message :       **/*.smd;
       C:\Users\rolfe\.nuget\packages\microsoft.net.sdk.webassembly.pack\10.0.3\build\Microsoft.NET.Sdk.WebAssembly.Browser.targets(64,5): message :       **/*.smx;
       C:\Users\rolfe\.nuget\packages\microsoft.net.sdk.webassembly.pack\10.0.3\build\Microsoft.NET.Sdk.WebAssembly.Browser.targets(64,5): message :       **/*.smz;
       C:\Users\rolfe\.nuget\packages\microsoft.net.sdk.webassembly.pack\10.0.3\build\Microsoft.NET.Sdk.WebAssembly.Browser.targets(64,5): message :       **/*.wav;
       C:\Users\rolfe\.nuget\packages\microsoft.net.sdk.webassembly.pack\10.0.3\build\Microsoft.NET.Sdk.WebAssembly.Browser.targets(64,5): message :       **/*.323;
       C:\Users\rolfe\.nuget\packages\microsoft.net.sdk.webassembly.pack\10.0.3\build\Microsoft.NET.Sdk.WebAssembly.Browser.targets(64,5): message :       **/*.appcache;
       C:\Users\rolfe\.nuget\packages\microsoft.net.sdk.webassembly.pack\10.0.3\build\Microsoft.NET.Sdk.WebAssembly.Browser.targets(64,5): message :       **/*.asm;
       C:\Users\rolfe\.nuget\packages\microsoft.net.sdk.webassembly.pack\10.0.3\build\Microsoft.NET.Sdk.WebAssembly.Browser.targets(64,5): message :       **/*.bas;
       C:\Users\rolfe\.nuget\packages\microsoft.net.sdk.webassembly.pack\10.0.3\build\Microsoft.NET.Sdk.WebAssembly.Browser.targets(64,5): message :       **/*.c;
       C:\Users\rolfe\.nuget\packages\microsoft.net.sdk.webassembly.pack\10.0.3\build\Microsoft.NET.Sdk.WebAssembly.Browser.targets(64,5): message :       **/*.cnf;
       C:\Users\rolfe\.nuget\packages\microsoft.net.sdk.webassembly.pack\10.0.3\build\Microsoft.NET.Sdk.WebAssembly.Browser.targets(64,5): message :       **/*.cpp;
       C:\Users\rolfe\.nuget\packages\microsoft.net.sdk.webassembly.pack\10.0.3\build\Microsoft.NET.Sdk.WebAssembly.Browser.targets(64,5): message :       **/*.csv;
       C:\Users\rolfe\.nuget\packages\microsoft.net.sdk.webassembly.pack\10.0.3\build\Microsoft.NET.Sdk.WebAssembly.Browser.targets(64,5): message :       **/*.disco;
       C:\Users\rolfe\.nuget\packages\microsoft.net.sdk.webassembly.pack\10.0.3\build\Microsoft.NET.Sdk.WebAssembly.Browser.targets(64,5): message :       **/*.dlm;
       C:\Users\rolfe\.nuget\packages\microsoft.net.sdk.webassembly.pack\10.0.3\build\Microsoft.NET.Sdk.WebAssembly.Browser.targets(64,5): message :       **/*.dtd;
       C:\Users\rolfe\.nuget\packages\microsoft.net.sdk.webassembly.pack\10.0.3\build\Microsoft.NET.Sdk.WebAssembly.Browser.targets(64,5): message :       **/*.etx;
       C:\Users\rolfe\.nuget\packages\microsoft.net.sdk.webassembly.pack\10.0.3\build\Microsoft.NET.Sdk.WebAssembly.Browser.targets(64,5): message :       **/*.h;
       C:\Users\rolfe\.nuget\packages\microsoft.net.sdk.webassembly.pack\10.0.3\build\Microsoft.NET.Sdk.WebAssembly.Browser.targets(64,5): message :       **/*.hdml;
       C:\Users\rolfe\.nuget\packages\microsoft.net.sdk.webassembly.pack\10.0.3\build\Microsoft.NET.Sdk.WebAssembly.Browser.targets(64,5): message :       **/*.htc;
       C:\Users\rolfe\.nuget\packages\microsoft.net.sdk.webassembly.pack\10.0.3\build\Microsoft.NET.Sdk.WebAssembly.Browser.targets(64,5): message :       **/*.htt;
       C:\Users\rolfe\.nuget\packages\microsoft.net.sdk.webassembly.pack\10.0.3\build\Microsoft.NET.Sdk.WebAssembly.Browser.targets(64,5): message :       **/*.hxt;
       C:\Users\rolfe\.nuget\packages\microsoft.net.sdk.webassembly.pack\10.0.3\build\Microsoft.NET.Sdk.WebAssembly.Browser.targets(64,5): message :       **/*.ical;
       C:\Users\rolfe\.nuget\packages\microsoft.net.sdk.webassembly.pack\10.0.3\build\Microsoft.NET.Sdk.WebAssembly.Browser.targets(64,5): message :       **/*.icalendar;
       C:\Users\rolfe\.nuget\packages\microsoft.net.sdk.webassembly.pack\10.0.3\build\Microsoft.NET.Sdk.WebAssembly.Browser.targets(64,5): message :       **/*.ics;
       C:\Users\rolfe\.nuget\packages\microsoft.net.sdk.webassembly.pack\10.0.3\build\Microsoft.NET.Sdk.WebAssembly.Browser.targets(64,5): message :       **/*.ifb;
       C:\Users\rolfe\.nuget\packages\microsoft.net.sdk.webassembly.pack\10.0.3\build\Microsoft.NET.Sdk.WebAssembly.Browser.targets(64,5): message :       **/*.map;
       C:\Users\rolfe\.nuget\packages\microsoft.net.sdk.webassembly.pack\10.0.3\build\Microsoft.NET.Sdk.WebAssembly.Browser.targets(64,5): message :       **/*.mno;
       C:\Users\rolfe\.nuget\packages\microsoft.net.sdk.webassembly.pack\10.0.3\build\Microsoft.NET.Sdk.WebAssembly.Browser.targets(64,5): message :       **/*.odc;
       C:\Users\rolfe\.nuget\packages\microsoft.net.sdk.webassembly.pack\10.0.3\build\Microsoft.NET.Sdk.WebAssembly.Browser.targets(64,5): message :       **/*.rtx;
       C:\Users\rolfe\.nuget\packages\microsoft.net.sdk.webassembly.pack\10.0.3\build\Microsoft.NET.Sdk.WebAssembly.Browser.targets(64,5): message :       **/*.sct;
       C:\Users\rolfe\.nuget\packages\microsoft.net.sdk.webassembly.pack\10.0.3\build\Microsoft.NET.Sdk.WebAssembly.Browser.targets(64,5): message :       **/*.sgml;
       C:\Users\rolfe\.nuget\packages\microsoft.net.sdk.webassembly.pack\10.0.3\build\Microsoft.NET.Sdk.WebAssembly.Browser.targets(64,5): message :       **/*.tsv;
       C:\Users\rolfe\.nuget\packages\microsoft.net.sdk.webassembly.pack\10.0.3\build\Microsoft.NET.Sdk.WebAssembly.Browser.targets(64,5): message :       **/*.uls;
       C:\Users\rolfe\.nuget\packages\microsoft.net.sdk.webassembly.pack\10.0.3\build\Microsoft.NET.Sdk.WebAssembly.Browser.targets(64,5): message :       **/*.vbs;
       C:\Users\rolfe\.nuget\packages\microsoft.net.sdk.webassembly.pack\10.0.3\build\Microsoft.NET.Sdk.WebAssembly.Browser.targets(64,5): message :       **/*.vcf;
       C:\Users\rolfe\.nuget\packages\microsoft.net.sdk.webassembly.pack\10.0.3\build\Microsoft.NET.Sdk.WebAssembly.Browser.targets(64,5): message :       **/*.vcs;
       C:\Users\rolfe\.nuget\packages\microsoft.net.sdk.webassembly.pack\10.0.3\build\Microsoft.NET.Sdk.WebAssembly.Browser.targets(64,5): message :       **/*.vml;
       C:\Users\rolfe\.nuget\packages\microsoft.net.sdk.webassembly.pack\10.0.3\build\Microsoft.NET.Sdk.WebAssembly.Browser.targets(64,5): message :       **/*.wml;
       C:\Users\rolfe\.nuget\packages\microsoft.net.sdk.webassembly.pack\10.0.3\build\Microsoft.NET.Sdk.WebAssembly.Browser.targets(64,5): message :       **/*.wmls;
       C:\Users\rolfe\.nuget\packages\microsoft.net.sdk.webassembly.pack\10.0.3\build\Microsoft.NET.Sdk.WebAssembly.Browser.targets(64,5): message :       **/*.wsdl;
       C:\Users\rolfe\.nuget\packages\microsoft.net.sdk.webassembly.pack\10.0.3\build\Microsoft.NET.Sdk.WebAssembly.Browser.targets(64,5): message :       **/*.xdr;
       C:\Users\rolfe\.nuget\packages\microsoft.net.sdk.webassembly.pack\10.0.3\build\Microsoft.NET.Sdk.WebAssembly.Browser.targets(64,5): message :       **/*.xsd;
       C:\Users\rolfe\.nuget\packages\microsoft.net.sdk.webassembly.pack\10.0.3\build\Microsoft.NET.Sdk.WebAssembly.Browser.targets(64,5): message :       **/*.xsf;
       C:\Users\rolfe\.nuget\packages\microsoft.net.sdk.webassembly.pack\10.0.3\build\Microsoft.NET.Sdk.WebAssembly.Browser.targets(64,5): message :       **/*.xsl;
       C:\Users\rolfe\.nuget\packages\microsoft.net.sdk.webassembly.pack\10.0.3\build\Microsoft.NET.Sdk.WebAssembly.Browser.targets(64,5): message :       **/*.xslt;
       C:\Users\rolfe\.nuget\packages\microsoft.net.sdk.webassembly.pack\10.0.3\build\Microsoft.NET.Sdk.WebAssembly.Browser.targets(64,5): message :     ") at C:\Users\rolfe\.nuget\packages\microsoft.net.sdk.webassembly.pack\10.0.3\build\Microsoft.NET.Sdk.WebAssembly.Browser.targets (64,5)
       C:\Users\rolfe\.nuget\packages\microsoft.net.sdk.webassembly.pack\10.0.3\build\Microsoft.NET.Sdk.WebAssembly.Browser.targets(80,5): message : Property reassignment: $(GenerateDependencyFile)="false" (previous value: "true") at C:\Users\rolfe\.nuget\packages\microsoft.net.sdk.webassembly.pack\10.0.3\build\Microsoft.NET.Sdk.WebAssembly.Browser.targets (80,5)
       C:\Users\rolfe\.nuget\packages\microsoft.net.sdk.webassembly.pack\10.0.3\build\Microsoft.NET.Sdk.WebAssembly.Browser.targets(82,5): message : Property reassignment: $(PreserveCompilationReferences)="false" (previous value: "") at C:\Users\rolfe\.nuget\packages\microsoft.net.sdk.webassembly.pack\10.0.3\build\Microsoft.NET.Sdk.WebAssembly.Browser.targets (82,5)
       C:\Users\rolfe\.nuget\packages\microsoft.net.sdk.webassembly.pack\10.0.3\build\Microsoft.NET.Sdk.WebAssembly.Browser.targets(86,5): message : Property reassignment: $(WasmNestedPublishAppDependsOn)="_GatherWasmFilesToPublish;_GatherBlazorFilesToPublish;" (previous value: "_GatherBlazorFilesToPublish;") at C:\Users\rolfe\.nuget\packages\microsoft.net.sdk.webassembly.pack\10.0.3\build\Microsoft.NET.Sdk.WebAssembly.Browser.targets (86,5)
       C:\Users\rolfe\.nuget\packages\microsoft.net.sdk.webassembly.pack\10.0.3\build\Microsoft.NET.Sdk.WebAssembly.Browser.targets(99,5): message : Property reassignment: $(ResolveStaticWebAssetsInputsDependsOn)="
       C:\Users\rolfe\.nuget\packages\microsoft.net.sdk.webassembly.pack\10.0.3\build\Microsoft.NET.Sdk.WebAssembly.Browser.targets(99,5): message :       
       C:\Users\rolfe\.nuget\packages\microsoft.net.sdk.webassembly.pack\10.0.3\build\Microsoft.NET.Sdk.WebAssembly.Browser.targets(99,5): message :       ResolveJSModuleManifestBuildStaticWebAssets;
       C:\Users\rolfe\.nuget\packages\microsoft.net.sdk.webassembly.pack\10.0.3\build\Microsoft.NET.Sdk.WebAssembly.Browser.targets(99,5): message :       
       C:\Users\rolfe\.nuget\packages\microsoft.net.sdk.webassembly.pack\10.0.3\build\Microsoft.NET.Sdk.WebAssembly.Browser.targets(99,5): message :     
       C:\Users\rolfe\.nuget\packages\microsoft.net.sdk.webassembly.pack\10.0.3\build\Microsoft.NET.Sdk.WebAssembly.Browser.targets(99,5): message :       ResolveCoreStaticWebAssets;
       C:\Users\rolfe\.nuget\packages\microsoft.net.sdk.webassembly.pack\10.0.3\build\Microsoft.NET.Sdk.WebAssembly.Browser.targets(99,5): message :       GenerateComputedBuildStaticWebAssets;
       C:\Users\rolfe\.nuget\packages\microsoft.net.sdk.webassembly.pack\10.0.3\build\Microsoft.NET.Sdk.WebAssembly.Browser.targets(99,5): message :       
       C:\Users\rolfe\.nuget\packages\microsoft.net.sdk.webassembly.pack\10.0.3\build\Microsoft.NET.Sdk.WebAssembly.Browser.targets(99,5): message :       ;
       C:\Users\rolfe\.nuget\packages\microsoft.net.sdk.webassembly.pack\10.0.3\build\Microsoft.NET.Sdk.WebAssembly.Browser.targets(99,5): message :       _AddBlazorFrameworkStaticWebAssets;
       C:\Users\rolfe\.nuget\packages\microsoft.net.sdk.webassembly.pack\10.0.3\build\Microsoft.NET.Sdk.WebAssembly.Browser.targets(99,5): message :     
       C:\Users\rolfe\.nuget\packages\microsoft.net.sdk.webassembly.pack\10.0.3\build\Microsoft.NET.Sdk.WebAssembly.Browser.targets(99,5): message :     ;
       C:\Users\rolfe\.nuget\packages\microsoft.net.sdk.webassembly.pack\10.0.3\build\Microsoft.NET.Sdk.WebAssembly.Browser.targets(99,5): message :     ResolveScopedCssAssets;
       C:\Users\rolfe\.nuget\packages\microsoft.net.sdk.webassembly.pack\10.0.3\build\Microsoft.NET.Sdk.WebAssembly.Browser.targets(99,5): message :   
       C:\Users\rolfe\.nuget\packages\microsoft.net.sdk.webassembly.pack\10.0.3\build\Microsoft.NET.Sdk.WebAssembly.Browser.targets(99,5): message :     ;
       C:\Users\rolfe\.nuget\packages\microsoft.net.sdk.webassembly.pack\10.0.3\build\Microsoft.NET.Sdk.WebAssembly.Browser.targets(99,5): message :       _AddWasmStaticWebAssets;
       C:\Users\rolfe\.nuget\packages\microsoft.net.sdk.webassembly.pack\10.0.3\build\Microsoft.NET.Sdk.WebAssembly.Browser.targets(99,5): message :     " (previous value: "
       C:\Users\rolfe\.nuget\packages\microsoft.net.sdk.webassembly.pack\10.0.3\build\Microsoft.NET.Sdk.WebAssembly.Browser.targets(99,5): message :       ResolveJSModuleManifestBuildStaticWebAssets;
       C:\Users\rolfe\.nuget\packages\microsoft.net.sdk.webassembly.pack\10.0.3\build\Microsoft.NET.Sdk.WebAssembly.Browser.targets(99,5): message :       
       C:\Users\rolfe\.nuget\packages\microsoft.net.sdk.webassembly.pack\10.0.3\build\Microsoft.NET.Sdk.WebAssembly.Browser.targets(99,5): message :     
       C:\Users\rolfe\.nuget\packages\microsoft.net.sdk.webassembly.pack\10.0.3\build\Microsoft.NET.Sdk.WebAssembly.Browser.targets(99,5): message :       ResolveCoreStaticWebAssets;
       C:\Users\rolfe\.nuget\packages\microsoft.net.sdk.webassembly.pack\10.0.3\build\Microsoft.NET.Sdk.WebAssembly.Browser.targets(99,5): message :       GenerateComputedBuildStaticWebAssets;
       C:\Users\rolfe\.nuget\packages\microsoft.net.sdk.webassembly.pack\10.0.3\build\Microsoft.NET.Sdk.WebAssembly.Browser.targets(99,5): message :       
       C:\Users\rolfe\.nuget\packages\microsoft.net.sdk.webassembly.pack\10.0.3\build\Microsoft.NET.Sdk.WebAssembly.Browser.targets(99,5): message :       ;
       C:\Users\rolfe\.nuget\packages\microsoft.net.sdk.webassembly.pack\10.0.3\build\Microsoft.NET.Sdk.WebAssembly.Browser.targets(99,5): message :       _AddBlazorFrameworkStaticWebAssets;
       C:\Users\rolfe\.nuget\packages\microsoft.net.sdk.webassembly.pack\10.0.3\build\Microsoft.NET.Sdk.WebAssembly.Browser.targets(99,5): message :     
       C:\Users\rolfe\.nuget\packages\microsoft.net.sdk.webassembly.pack\10.0.3\build\Microsoft.NET.Sdk.WebAssembly.Browser.targets(99,5): message :     ;
       C:\Users\rolfe\.nuget\packages\microsoft.net.sdk.webassembly.pack\10.0.3\build\Microsoft.NET.Sdk.WebAssembly.Browser.targets(99,5): message :     ResolveScopedCssAssets;
       C:\Users\rolfe\.nuget\packages\microsoft.net.sdk.webassembly.pack\10.0.3\build\Microsoft.NET.Sdk.WebAssembly.Browser.targets(99,5): message :   
       C:\Users\rolfe\.nuget\packages\microsoft.net.sdk.webassembly.pack\10.0.3\build\Microsoft.NET.Sdk.WebAssembly.Browser.targets(99,5): message :     ") at C:\Users\rolfe\.nuget\packages\microsoft.net.sdk.webassembly.pack\10.0.3\build\Microsoft.NET.Sdk.WebAssembly.Browser.targets (99,5)
       C:\Users\rolfe\.nuget\packages\microsoft.net.sdk.webassembly.pack\10.0.3\build\Microsoft.NET.Sdk.WebAssembly.Browser.targets(103,5): message : Property reassignment: $(ResolvePublishStaticWebAssetsDependsOn)="
       C:\Users\rolfe\.nuget\packages\microsoft.net.sdk.webassembly.pack\10.0.3\build\Microsoft.NET.Sdk.WebAssembly.Browser.targets(103,5): message :       
       C:\Users\rolfe\.nuget\packages\microsoft.net.sdk.webassembly.pack\10.0.3\build\Microsoft.NET.Sdk.WebAssembly.Browser.targets(103,5): message :       ResolveCorePublishStaticWebAssets;
       C:\Users\rolfe\.nuget\packages\microsoft.net.sdk.webassembly.pack\10.0.3\build\Microsoft.NET.Sdk.WebAssembly.Browser.targets(103,5): message :       GenerateComputedPublishStaticWebAssets;
       C:\Users\rolfe\.nuget\packages\microsoft.net.sdk.webassembly.pack\10.0.3\build\Microsoft.NET.Sdk.WebAssembly.Browser.targets(103,5): message :       ;
       C:\Users\rolfe\.nuget\packages\microsoft.net.sdk.webassembly.pack\10.0.3\build\Microsoft.NET.Sdk.WebAssembly.Browser.targets(103,5): message :     ;
       C:\Users\rolfe\.nuget\packages\microsoft.net.sdk.webassembly.pack\10.0.3\build\Microsoft.NET.Sdk.WebAssembly.Browser.targets(103,5): message :       ProcessPublishFilesForWasm;
       C:\Users\rolfe\.nuget\packages\microsoft.net.sdk.webassembly.pack\10.0.3\build\Microsoft.NET.Sdk.WebAssembly.Browser.targets(103,5): message :       ComputeWasmExtensions;
       C:\Users\rolfe\.nuget\packages\microsoft.net.sdk.webassembly.pack\10.0.3\build\Microsoft.NET.Sdk.WebAssembly.Browser.targets(103,5): message :       _AddPublishWasmBootJsonToStaticWebAssets;
       C:\Users\rolfe\.nuget\packages\microsoft.net.sdk.webassembly.pack\10.0.3\build\Microsoft.NET.Sdk.WebAssembly.Browser.targets(103,5): message :     " (previous value: "
       C:\Users\rolfe\.nuget\packages\microsoft.net.sdk.webassembly.pack\10.0.3\build\Microsoft.NET.Sdk.WebAssembly.Browser.targets(103,5): message :       ResolveCorePublishStaticWebAssets;
       C:\Users\rolfe\.nuget\packages\microsoft.net.sdk.webassembly.pack\10.0.3\build\Microsoft.NET.Sdk.WebAssembly.Browser.targets(103,5): message :       GenerateComputedPublishStaticWebAssets;
       C:\Users\rolfe\.nuget\packages\microsoft.net.sdk.webassembly.pack\10.0.3\build\Microsoft.NET.Sdk.WebAssembly.Browser.targets(103,5): message :       ;
       C:\Users\rolfe\.nuget\packages\microsoft.net.sdk.webassembly.pack\10.0.3\build\Microsoft.NET.Sdk.WebAssembly.Browser.targets(103,5): message :     ") at C:\Users\rolfe\.nuget\packages\microsoft.net.sdk.webassembly.pack\10.0.3\build\Microsoft.NET.Sdk.WebAssembly.Browser.targets (103,5)
       C:\Users\rolfe\.nuget\packages\microsoft.net.sdk.webassembly.pack\10.0.3\build\Microsoft.NET.Sdk.WebAssembly.Browser.targets(109,5): message : Property reassignment: $(GenerateStaticWebAssetsPublishManifestDependsOn)="
       C:\Users\rolfe\.nuget\packages\microsoft.net.sdk.webassembly.pack\10.0.3\build\Microsoft.NET.Sdk.WebAssembly.Browser.targets(109,5): message :       
       C:\Users\rolfe\.nuget\packages\microsoft.net.sdk.webassembly.pack\10.0.3\build\Microsoft.NET.Sdk.WebAssembly.Browser.targets(109,5): message :       ResolveStaticWebAssetsConfiguration;
       C:\Users\rolfe\.nuget\packages\microsoft.net.sdk.webassembly.pack\10.0.3\build\Microsoft.NET.Sdk.WebAssembly.Browser.targets(109,5): message :       ResolveAllPublishStaticWebAssets;
       C:\Users\rolfe\.nuget\packages\microsoft.net.sdk.webassembly.pack\10.0.3\build\Microsoft.NET.Sdk.WebAssembly.Browser.targets(109,5): message :       ;
       C:\Users\rolfe\.nuget\packages\microsoft.net.sdk.webassembly.pack\10.0.3\build\Microsoft.NET.Sdk.WebAssembly.Browser.targets(109,5): message :     ;
       C:\Users\rolfe\.nuget\packages\microsoft.net.sdk.webassembly.pack\10.0.3\build\Microsoft.NET.Sdk.WebAssembly.Browser.targets(109,5): message :       GeneratePublishWasmBootJson;
       C:\Users\rolfe\.nuget\packages\microsoft.net.sdk.webassembly.pack\10.0.3\build\Microsoft.NET.Sdk.WebAssembly.Browser.targets(109,5): message :     " (previous value: "
       C:\Users\rolfe\.nuget\packages\microsoft.net.sdk.webassembly.pack\10.0.3\build\Microsoft.NET.Sdk.WebAssembly.Browser.targets(109,5): message :       ResolveStaticWebAssetsConfiguration;
       C:\Users\rolfe\.nuget\packages\microsoft.net.sdk.webassembly.pack\10.0.3\build\Microsoft.NET.Sdk.WebAssembly.Browser.targets(109,5): message :       ResolveAllPublishStaticWebAssets;
       C:\Users\rolfe\.nuget\packages\microsoft.net.sdk.webassembly.pack\10.0.3\build\Microsoft.NET.Sdk.WebAssembly.Browser.targets(109,5): message :       ;
       C:\Users\rolfe\.nuget\packages\microsoft.net.sdk.webassembly.pack\10.0.3\build\Microsoft.NET.Sdk.WebAssembly.Browser.targets(109,5): message :     ") at C:\Users\rolfe\.nuget\packages\microsoft.net.sdk.webassembly.pack\10.0.3\build\Microsoft.NET.Sdk.WebAssembly.Browser.targets (109,5)
       C:\Users\rolfe\.nuget\packages\microsoft.net.sdk.webassembly.pack\10.0.3\build\Microsoft.NET.Sdk.WebAssembly.Browser.targets(115,5): message : Property reassignment: $(ResolveCompressedFilesDependsOn)="
       C:\Users\rolfe\.nuget\packages\microsoft.net.sdk.webassembly.pack\10.0.3\build\Microsoft.NET.Sdk.WebAssembly.Browser.targets(115,5): message :       
       C:\Users\rolfe\.nuget\packages\microsoft.net.sdk.webassembly.pack\10.0.3\build\Microsoft.NET.Sdk.WebAssembly.Browser.targets(115,5): message :       ;
       C:\Users\rolfe\.nuget\packages\microsoft.net.sdk.webassembly.pack\10.0.3\build\Microsoft.NET.Sdk.WebAssembly.Browser.targets(115,5): message :       ResolveHtmlAssetPlaceholdersBuildStaticWebAssets
       C:\Users\rolfe\.nuget\packages\microsoft.net.sdk.webassembly.pack\10.0.3\build\Microsoft.NET.Sdk.WebAssembly.Browser.targets(115,5): message :     ;
       C:\Users\rolfe\.nuget\packages\microsoft.net.sdk.webassembly.pack\10.0.3\build\Microsoft.NET.Sdk.WebAssembly.Browser.targets(115,5): message :       ResolveWasmOutputs;
       C:\Users\rolfe\.nuget\packages\microsoft.net.sdk.webassembly.pack\10.0.3\build\Microsoft.NET.Sdk.WebAssembly.Browser.targets(115,5): message :       _GenerateBuildWasmBootJson;
       C:\Users\rolfe\.nuget\packages\microsoft.net.sdk.webassembly.pack\10.0.3\build\Microsoft.NET.Sdk.WebAssembly.Browser.targets(115,5): message :       _AddWasmStaticWebAssets;
       C:\Users\rolfe\.nuget\packages\microsoft.net.sdk.webassembly.pack\10.0.3\build\Microsoft.NET.Sdk.WebAssembly.Browser.targets(115,5): message :       _AddWasmPreloadBuildProperties;
       C:\Users\rolfe\.nuget\packages\microsoft.net.sdk.webassembly.pack\10.0.3\build\Microsoft.NET.Sdk.WebAssembly.Browser.targets(115,5): message :     " (previous value: "
       C:\Users\rolfe\.nuget\packages\microsoft.net.sdk.webassembly.pack\10.0.3\build\Microsoft.NET.Sdk.WebAssembly.Browser.targets(115,5): message :       ;
       C:\Users\rolfe\.nuget\packages\microsoft.net.sdk.webassembly.pack\10.0.3\build\Microsoft.NET.Sdk.WebAssembly.Browser.targets(115,5): message :       ResolveHtmlAssetPlaceholdersBuildStaticWebAssets
       C:\Users\rolfe\.nuget\packages\microsoft.net.sdk.webassembly.pack\10.0.3\build\Microsoft.NET.Sdk.WebAssembly.Browser.targets(115,5): message :     ") at C:\Users\rolfe\.nuget\packages\microsoft.net.sdk.webassembly.pack\10.0.3\build\Microsoft.NET.Sdk.WebAssembly.Browser.targets (115,5)
       C:\Users\rolfe\.nuget\packages\microsoft.net.sdk.webassembly.pack\10.0.3\build\Microsoft.NET.Sdk.WebAssembly.Browser.targets(467,5): message : Property reassignment: $(GenerateHtmlAssetPlaceholdersBuildStaticWebAssetsDependsOn)="
       C:\Users\rolfe\.nuget\packages\microsoft.net.sdk.webassembly.pack\10.0.3\build\Microsoft.NET.Sdk.WebAssembly.Browser.targets(467,5): message :       _AddWasmPreloadBuildProperties;
       C:\Users\rolfe\.nuget\packages\microsoft.net.sdk.webassembly.pack\10.0.3\build\Microsoft.NET.Sdk.WebAssembly.Browser.targets(467,5): message :       
       C:\Users\rolfe\.nuget\packages\microsoft.net.sdk.webassembly.pack\10.0.3\build\Microsoft.NET.Sdk.WebAssembly.Browser.targets(467,5): message :       ;
       C:\Users\rolfe\.nuget\packages\microsoft.net.sdk.webassembly.pack\10.0.3\build\Microsoft.NET.Sdk.WebAssembly.Browser.targets(467,5): message :       ResolveHtmlAssetPlaceholdersBuildConfiguration
       C:\Users\rolfe\.nuget\packages\microsoft.net.sdk.webassembly.pack\10.0.3\build\Microsoft.NET.Sdk.WebAssembly.Browser.targets(467,5): message :     
       C:\Users\rolfe\.nuget\packages\microsoft.net.sdk.webassembly.pack\10.0.3\build\Microsoft.NET.Sdk.WebAssembly.Browser.targets(467,5): message :     " (previous value: "
       C:\Users\rolfe\.nuget\packages\microsoft.net.sdk.webassembly.pack\10.0.3\build\Microsoft.NET.Sdk.WebAssembly.Browser.targets(467,5): message :       ;
       C:\Users\rolfe\.nuget\packages\microsoft.net.sdk.webassembly.pack\10.0.3\build\Microsoft.NET.Sdk.WebAssembly.Browser.targets(467,5): message :       ResolveHtmlAssetPlaceholdersBuildConfiguration
       C:\Users\rolfe\.nuget\packages\microsoft.net.sdk.webassembly.pack\10.0.3\build\Microsoft.NET.Sdk.WebAssembly.Browser.targets(467,5): message :     ") at C:\Users\rolfe\.nuget\packages\microsoft.net.sdk.webassembly.pack\10.0.3\build\Microsoft.NET.Sdk.WebAssembly.Browser.targets (467,5)
       C:\Users\rolfe\.nuget\packages\microsoft.net.sdk.webassembly.pack\10.0.3\build\Microsoft.NET.Sdk.WebAssembly.Browser.targets(471,5): message : Property reassignment: $(GenerateHtmlAssetPlaceholdersPublishStaticWebAssetsDependsOn)="
       C:\Users\rolfe\.nuget\packages\microsoft.net.sdk.webassembly.pack\10.0.3\build\Microsoft.NET.Sdk.WebAssembly.Browser.targets(471,5): message :       _AddWasmPreloadPublishProperties;
       C:\Users\rolfe\.nuget\packages\microsoft.net.sdk.webassembly.pack\10.0.3\build\Microsoft.NET.Sdk.WebAssembly.Browser.targets(471,5): message :       
       C:\Users\rolfe\.nuget\packages\microsoft.net.sdk.webassembly.pack\10.0.3\build\Microsoft.NET.Sdk.WebAssembly.Browser.targets(471,5): message :       ;
       C:\Users\rolfe\.nuget\packages\microsoft.net.sdk.webassembly.pack\10.0.3\build\Microsoft.NET.Sdk.WebAssembly.Browser.targets(471,5): message :       ResolveHtmlAssetPlaceholdersPublishConfiguration
       C:\Users\rolfe\.nuget\packages\microsoft.net.sdk.webassembly.pack\10.0.3\build\Microsoft.NET.Sdk.WebAssembly.Browser.targets(471,5): message :     
       C:\Users\rolfe\.nuget\packages\microsoft.net.sdk.webassembly.pack\10.0.3\build\Microsoft.NET.Sdk.WebAssembly.Browser.targets(471,5): message :     " (previous value: "
       C:\Users\rolfe\.nuget\packages\microsoft.net.sdk.webassembly.pack\10.0.3\build\Microsoft.NET.Sdk.WebAssembly.Browser.targets(471,5): message :       ;
       C:\Users\rolfe\.nuget\packages\microsoft.net.sdk.webassembly.pack\10.0.3\build\Microsoft.NET.Sdk.WebAssembly.Browser.targets(471,5): message :       ResolveHtmlAssetPlaceholdersPublishConfiguration
       C:\Users\rolfe\.nuget\packages\microsoft.net.sdk.webassembly.pack\10.0.3\build\Microsoft.NET.Sdk.WebAssembly.Browser.targets(471,5): message :     ") at C:\Users\rolfe\.nuget\packages\microsoft.net.sdk.webassembly.pack\10.0.3\build\Microsoft.NET.Sdk.WebAssembly.Browser.targets (471,5)
       C:\Program Files\dotnet\sdk\10.0.103\Sdks\Microsoft.NET.Sdk.BlazorWebAssembly\targets\Microsoft.NET.Sdk.BlazorWebAssembly.6_0.targets(41,5): message : Property reassignment: $(_TargetingNET80OrLater)="True" (previous value: "true") at C:\Program Files\dotnet\sdk\10.0.103\Sdks\Microsoft.NET.Sdk.BlazorWebAssembly\targets\Microsoft.NET.Sdk.BlazorWebAssembly.6_0.targets (41,5)
       C:\Program Files\dotnet\sdk\10.0.103\Sdks\Microsoft.NET.Sdk.BlazorWebAssembly\targets\Microsoft.NET.Sdk.BlazorWebAssembly.6_0.targets(43,5): message : Property reassignment: $(_TargetingNET100OrLater)="True" (previous value: "true") at C:\Program Files\dotnet\sdk\10.0.103\Sdks\Microsoft.NET.Sdk.BlazorWebAssembly\targets\Microsoft.NET.Sdk.BlazorWebAssembly.6_0.targets (43,5)
       C:\Program Files\dotnet\sdk\10.0.103\Sdks\Microsoft.NET.Sdk.BlazorWebAssembly\targets\Microsoft.NET.Sdk.BlazorWebAssembly.6_0.targets(79,5): message : Property reassignment: $(ResolveBuildRelatedStaticWebAssetsDependsOn)="
       C:\Program Files\dotnet\sdk\10.0.103\Sdks\Microsoft.NET.Sdk.BlazorWebAssembly\targets\Microsoft.NET.Sdk.BlazorWebAssembly.6_0.targets(79,5): message :       
       C:\Program Files\dotnet\sdk\10.0.103\Sdks\Microsoft.NET.Sdk.BlazorWebAssembly\targets\Microsoft.NET.Sdk.BlazorWebAssembly.6_0.targets(79,5): message :       ResolveHtmlAssetPlaceholdersBuildStaticWebAssets;
       C:\Program Files\dotnet\sdk\10.0.103\Sdks\Microsoft.NET.Sdk.BlazorWebAssembly\targets\Microsoft.NET.Sdk.BlazorWebAssembly.6_0.targets(79,5): message :       
       C:\Program Files\dotnet\sdk\10.0.103\Sdks\Microsoft.NET.Sdk.BlazorWebAssembly\targets\Microsoft.NET.Sdk.BlazorWebAssembly.6_0.targets(79,5): message :       ResolveBuildCompressedStaticWebAssets;
       C:\Program Files\dotnet\sdk\10.0.103\Sdks\Microsoft.NET.Sdk.BlazorWebAssembly\targets\Microsoft.NET.Sdk.BlazorWebAssembly.6_0.targets(79,5): message :       
       C:\Program Files\dotnet\sdk\10.0.103\Sdks\Microsoft.NET.Sdk.BlazorWebAssembly\targets\Microsoft.NET.Sdk.BlazorWebAssembly.6_0.targets(79,5): message :       ResolveStaticWebAssetsInputs;
       C:\Program Files\dotnet\sdk\10.0.103\Sdks\Microsoft.NET.Sdk.BlazorWebAssembly\targets\Microsoft.NET.Sdk.BlazorWebAssembly.6_0.targets(79,5): message :       
       C:\Program Files\dotnet\sdk\10.0.103\Sdks\Microsoft.NET.Sdk.BlazorWebAssembly\targets\Microsoft.NET.Sdk.BlazorWebAssembly.6_0.targets(79,5): message :     
       C:\Program Files\dotnet\sdk\10.0.103\Sdks\Microsoft.NET.Sdk.BlazorWebAssembly\targets\Microsoft.NET.Sdk.BlazorWebAssembly.6_0.targets(79,5): message :     
       C:\Program Files\dotnet\sdk\10.0.103\Sdks\Microsoft.NET.Sdk.BlazorWebAssembly\targets\Microsoft.NET.Sdk.BlazorWebAssembly.6_0.targets(79,5): message :     ;
       C:\Program Files\dotnet\sdk\10.0.103\Sdks\Microsoft.NET.Sdk.BlazorWebAssembly\targets\Microsoft.NET.Sdk.BlazorWebAssembly.6_0.targets(79,5): message :       _ResolveBlazorWasmOutputs;
       C:\Program Files\dotnet\sdk\10.0.103\Sdks\Microsoft.NET.Sdk.BlazorWebAssembly\targets\Microsoft.NET.Sdk.BlazorWebAssembly.6_0.targets(79,5): message :     " (previous value: "
       C:\Program Files\dotnet\sdk\10.0.103\Sdks\Microsoft.NET.Sdk.BlazorWebAssembly\targets\Microsoft.NET.Sdk.BlazorWebAssembly.6_0.targets(79,5): message :       ResolveHtmlAssetPlaceholdersBuildStaticWebAssets;
       C:\Program Files\dotnet\sdk\10.0.103\Sdks\Microsoft.NET.Sdk.BlazorWebAssembly\targets\Microsoft.NET.Sdk.BlazorWebAssembly.6_0.targets(79,5): message :       
       C:\Program Files\dotnet\sdk\10.0.103\Sdks\Microsoft.NET.Sdk.BlazorWebAssembly\targets\Microsoft.NET.Sdk.BlazorWebAssembly.6_0.targets(79,5): message :       ResolveBuildCompressedStaticWebAssets;
       C:\Program Files\dotnet\sdk\10.0.103\Sdks\Microsoft.NET.Sdk.BlazorWebAssembly\targets\Microsoft.NET.Sdk.BlazorWebAssembly.6_0.targets(79,5): message :       
       C:\Program Files\dotnet\sdk\10.0.103\Sdks\Microsoft.NET.Sdk.BlazorWebAssembly\targets\Microsoft.NET.Sdk.BlazorWebAssembly.6_0.targets(79,5): message :       ResolveStaticWebAssetsInputs;
       C:\Program Files\dotnet\sdk\10.0.103\Sdks\Microsoft.NET.Sdk.BlazorWebAssembly\targets\Microsoft.NET.Sdk.BlazorWebAssembly.6_0.targets(79,5): message :       
       C:\Program Files\dotnet\sdk\10.0.103\Sdks\Microsoft.NET.Sdk.BlazorWebAssembly\targets\Microsoft.NET.Sdk.BlazorWebAssembly.6_0.targets(79,5): message :     
       C:\Program Files\dotnet\sdk\10.0.103\Sdks\Microsoft.NET.Sdk.BlazorWebAssembly\targets\Microsoft.NET.Sdk.BlazorWebAssembly.6_0.targets(79,5): message :     
       C:\Program Files\dotnet\sdk\10.0.103\Sdks\Microsoft.NET.Sdk.BlazorWebAssembly\targets\Microsoft.NET.Sdk.BlazorWebAssembly.6_0.targets(79,5): message :     ") at C:\Program Files\dotnet\sdk\10.0.103\Sdks\Microsoft.NET.Sdk.BlazorWebAssembly\targets\Microsoft.NET.Sdk.BlazorWebAssembly.6_0.targets (79,5)
       C:\Program Files\dotnet\sdk\10.0.103\Sdks\Microsoft.NET.Sdk.BlazorWebAssembly\targets\Microsoft.NET.Sdk.BlazorWebAssembly.6_0.targets(84,5): message : Property reassignment: $(GenerateBuildWasmBootJsonDependsOn)="
       C:\Program Files\dotnet\sdk\10.0.103\Sdks\Microsoft.NET.Sdk.BlazorWebAssembly\targets\Microsoft.NET.Sdk.BlazorWebAssembly.6_0.targets(84,5): message :       
       C:\Program Files\dotnet\sdk\10.0.103\Sdks\Microsoft.NET.Sdk.BlazorWebAssembly\targets\Microsoft.NET.Sdk.BlazorWebAssembly.6_0.targets(84,5): message :       ;
       C:\Program Files\dotnet\sdk\10.0.103\Sdks\Microsoft.NET.Sdk.BlazorWebAssembly\targets\Microsoft.NET.Sdk.BlazorWebAssembly.6_0.targets(84,5): message :       GenerateBuildRuntimeConfigurationFiles;
       C:\Program Files\dotnet\sdk\10.0.103\Sdks\Microsoft.NET.Sdk.BlazorWebAssembly\targets\Microsoft.NET.Sdk.BlazorWebAssembly.6_0.targets(84,5): message :       ResolveWasmOutputs;
       C:\Program Files\dotnet\sdk\10.0.103\Sdks\Microsoft.NET.Sdk.BlazorWebAssembly\targets\Microsoft.NET.Sdk.BlazorWebAssembly.6_0.targets(84,5): message :     ;
       C:\Program Files\dotnet\sdk\10.0.103\Sdks\Microsoft.NET.Sdk.BlazorWebAssembly\targets\Microsoft.NET.Sdk.BlazorWebAssembly.6_0.targets(84,5): message :       GenerateBuildBlazorBootExtensionJson;
       C:\Program Files\dotnet\sdk\10.0.103\Sdks\Microsoft.NET.Sdk.BlazorWebAssembly\targets\Microsoft.NET.Sdk.BlazorWebAssembly.6_0.targets(84,5): message :     " (previous value: "
       C:\Program Files\dotnet\sdk\10.0.103\Sdks\Microsoft.NET.Sdk.BlazorWebAssembly\targets\Microsoft.NET.Sdk.BlazorWebAssembly.6_0.targets(84,5): message :       ;
       C:\Program Files\dotnet\sdk\10.0.103\Sdks\Microsoft.NET.Sdk.BlazorWebAssembly\targets\Microsoft.NET.Sdk.BlazorWebAssembly.6_0.targets(84,5): message :       GenerateBuildRuntimeConfigurationFiles;
       C:\Program Files\dotnet\sdk\10.0.103\Sdks\Microsoft.NET.Sdk.BlazorWebAssembly\targets\Microsoft.NET.Sdk.BlazorWebAssembly.6_0.targets(84,5): message :       ResolveWasmOutputs;
       C:\Program Files\dotnet\sdk\10.0.103\Sdks\Microsoft.NET.Sdk.BlazorWebAssembly\targets\Microsoft.NET.Sdk.BlazorWebAssembly.6_0.targets(84,5): message :     ") at C:\Program Files\dotnet\sdk\10.0.103\Sdks\Microsoft.NET.Sdk.BlazorWebAssembly\targets\Microsoft.NET.Sdk.BlazorWebAssembly.6_0.targets (84,5)
       C:\Program Files\dotnet\sdk\10.0.103\Sdks\Microsoft.NET.Sdk.BlazorWebAssembly\targets\Microsoft.NET.Sdk.BlazorWebAssembly.6_0.targets(89,5): message : Property reassignment: $(ResolvePublishRelatedStaticWebAssetsDependsOn)="
       C:\Program Files\dotnet\sdk\10.0.103\Sdks\Microsoft.NET.Sdk.BlazorWebAssembly\targets\Microsoft.NET.Sdk.BlazorWebAssembly.6_0.targets(89,5): message :       
       C:\Program Files\dotnet\sdk\10.0.103\Sdks\Microsoft.NET.Sdk.BlazorWebAssembly\targets\Microsoft.NET.Sdk.BlazorWebAssembly.6_0.targets(89,5): message :       ResolveHtmlAssetPlaceholdersPublishStaticWebAssets;
       C:\Program Files\dotnet\sdk\10.0.103\Sdks\Microsoft.NET.Sdk.BlazorWebAssembly\targets\Microsoft.NET.Sdk.BlazorWebAssembly.6_0.targets(89,5): message :       
       C:\Program Files\dotnet\sdk\10.0.103\Sdks\Microsoft.NET.Sdk.BlazorWebAssembly\targets\Microsoft.NET.Sdk.BlazorWebAssembly.6_0.targets(89,5): message :       ResolvePublishCompressedStaticWebAssets;
       C:\Program Files\dotnet\sdk\10.0.103\Sdks\Microsoft.NET.Sdk.BlazorWebAssembly\targets\Microsoft.NET.Sdk.BlazorWebAssembly.6_0.targets(89,5): message :       
       C:\Program Files\dotnet\sdk\10.0.103\Sdks\Microsoft.NET.Sdk.BlazorWebAssembly\targets\Microsoft.NET.Sdk.BlazorWebAssembly.6_0.targets(89,5): message :     
       C:\Program Files\dotnet\sdk\10.0.103\Sdks\Microsoft.NET.Sdk.BlazorWebAssembly\targets\Microsoft.NET.Sdk.BlazorWebAssembly.6_0.targets(89,5): message :     ;
       C:\Program Files\dotnet\sdk\10.0.103\Sdks\Microsoft.NET.Sdk.BlazorWebAssembly\targets\Microsoft.NET.Sdk.BlazorWebAssembly.6_0.targets(89,5): message :     " (previous value: "
       C:\Program Files\dotnet\sdk\10.0.103\Sdks\Microsoft.NET.Sdk.BlazorWebAssembly\targets\Microsoft.NET.Sdk.BlazorWebAssembly.6_0.targets(89,5): message :       ResolveHtmlAssetPlaceholdersPublishStaticWebAssets;
       C:\Program Files\dotnet\sdk\10.0.103\Sdks\Microsoft.NET.Sdk.BlazorWebAssembly\targets\Microsoft.NET.Sdk.BlazorWebAssembly.6_0.targets(89,5): message :       
       C:\Program Files\dotnet\sdk\10.0.103\Sdks\Microsoft.NET.Sdk.BlazorWebAssembly\targets\Microsoft.NET.Sdk.BlazorWebAssembly.6_0.targets(89,5): message :       ResolvePublishCompressedStaticWebAssets;
       C:\Program Files\dotnet\sdk\10.0.103\Sdks\Microsoft.NET.Sdk.BlazorWebAssembly\targets\Microsoft.NET.Sdk.BlazorWebAssembly.6_0.targets(89,5): message :       
       C:\Program Files\dotnet\sdk\10.0.103\Sdks\Microsoft.NET.Sdk.BlazorWebAssembly\targets\Microsoft.NET.Sdk.BlazorWebAssembly.6_0.targets(89,5): message :     
       C:\Program Files\dotnet\sdk\10.0.103\Sdks\Microsoft.NET.Sdk.BlazorWebAssembly\targets\Microsoft.NET.Sdk.BlazorWebAssembly.6_0.targets(89,5): message :     ") at C:\Program Files\dotnet\sdk\10.0.103\Sdks\Microsoft.NET.Sdk.BlazorWebAssembly\targets\Microsoft.NET.Sdk.BlazorWebAssembly.6_0.targets (89,5)
       C:\Program Files\dotnet\sdk\10.0.103\Sdks\Microsoft.NET.Sdk.BlazorWebAssembly\targets\Microsoft.NET.Sdk.BlazorWebAssembly.6_0.targets(92,5): message : Property reassignment: $(ResolveCompressedFilesForPublishDependsOn)="
       C:\Program Files\dotnet\sdk\10.0.103\Sdks\Microsoft.NET.Sdk.BlazorWebAssembly\targets\Microsoft.NET.Sdk.BlazorWebAssembly.6_0.targets(92,5): message :       
       C:\Program Files\dotnet\sdk\10.0.103\Sdks\Microsoft.NET.Sdk.BlazorWebAssembly\targets\Microsoft.NET.Sdk.BlazorWebAssembly.6_0.targets(92,5): message :       ;
       C:\Program Files\dotnet\sdk\10.0.103\Sdks\Microsoft.NET.Sdk.BlazorWebAssembly\targets\Microsoft.NET.Sdk.BlazorWebAssembly.6_0.targets(92,5): message :       ProcessPublishFilesForWasm;
       C:\Program Files\dotnet\sdk\10.0.103\Sdks\Microsoft.NET.Sdk.BlazorWebAssembly\targets\Microsoft.NET.Sdk.BlazorWebAssembly.6_0.targets(92,5): message :       ComputeWasmExtensions;
       C:\Program Files\dotnet\sdk\10.0.103\Sdks\Microsoft.NET.Sdk.BlazorWebAssembly\targets\Microsoft.NET.Sdk.BlazorWebAssembly.6_0.targets(92,5): message :       GeneratePublishWasmBootJson;
       C:\Program Files\dotnet\sdk\10.0.103\Sdks\Microsoft.NET.Sdk.BlazorWebAssembly\targets\Microsoft.NET.Sdk.BlazorWebAssembly.6_0.targets(92,5): message :       _AddPublishWasmBootJsonToStaticWebAssets;
       C:\Program Files\dotnet\sdk\10.0.103\Sdks\Microsoft.NET.Sdk.BlazorWebAssembly\targets\Microsoft.NET.Sdk.BlazorWebAssembly.6_0.targets(92,5): message :       _AddWasmPreloadPublishProperties;
       C:\Program Files\dotnet\sdk\10.0.103\Sdks\Microsoft.NET.Sdk.BlazorWebAssembly\targets\Microsoft.NET.Sdk.BlazorWebAssembly.6_0.targets(92,5): message :     ;
       C:\Program Files\dotnet\sdk\10.0.103\Sdks\Microsoft.NET.Sdk.BlazorWebAssembly\targets\Microsoft.NET.Sdk.BlazorWebAssembly.6_0.targets(92,5): message :     " (previous value: "
       C:\Program Files\dotnet\sdk\10.0.103\Sdks\Microsoft.NET.Sdk.BlazorWebAssembly\targets\Microsoft.NET.Sdk.BlazorWebAssembly.6_0.targets(92,5): message :       ;
       C:\Program Files\dotnet\sdk\10.0.103\Sdks\Microsoft.NET.Sdk.BlazorWebAssembly\targets\Microsoft.NET.Sdk.BlazorWebAssembly.6_0.targets(92,5): message :       ProcessPublishFilesForWasm;
       C:\Program Files\dotnet\sdk\10.0.103\Sdks\Microsoft.NET.Sdk.BlazorWebAssembly\targets\Microsoft.NET.Sdk.BlazorWebAssembly.6_0.targets(92,5): message :       ComputeWasmExtensions;
       C:\Program Files\dotnet\sdk\10.0.103\Sdks\Microsoft.NET.Sdk.BlazorWebAssembly\targets\Microsoft.NET.Sdk.BlazorWebAssembly.6_0.targets(92,5): message :       GeneratePublishWasmBootJson;
       C:\Program Files\dotnet\sdk\10.0.103\Sdks\Microsoft.NET.Sdk.BlazorWebAssembly\targets\Microsoft.NET.Sdk.BlazorWebAssembly.6_0.targets(92,5): message :       _AddPublishWasmBootJsonToStaticWebAssets;
       C:\Program Files\dotnet\sdk\10.0.103\Sdks\Microsoft.NET.Sdk.BlazorWebAssembly\targets\Microsoft.NET.Sdk.BlazorWebAssembly.6_0.targets(92,5): message :       _AddWasmPreloadPublishProperties;
       C:\Program Files\dotnet\sdk\10.0.103\Sdks\Microsoft.NET.Sdk.BlazorWebAssembly\targets\Microsoft.NET.Sdk.BlazorWebAssembly.6_0.targets(92,5): message :     ") at C:\Program Files\dotnet\sdk\10.0.103\Sdks\Microsoft.NET.Sdk.BlazorWebAssembly\targets\Microsoft.NET.Sdk.BlazorWebAssembly.6_0.targets (92,5)
       Overriding target "ResolveFrameworkReferences" in project "C:\Program Files\dotnet\sdk\10.0.103\Microsoft.Common.CurrentVersion.targets" with target "ResolveFrameworkReferences" from project "C:\Program Files\dotnet\sdk\10.0.103\Sdks\Microsoft.NET.Sdk\targets\Microsoft.NET.Sdk.FrameworkReferenceResolution.targets".
       Overriding target "GenerateSupportedTargetFrameworkAlias" in project "C:\Program Files\dotnet\sdk\10.0.103\Microsoft.Common.CurrentVersion.targets" with target "GenerateSupportedTargetFrameworkAlias" from project "C:\Program Files\dotnet\sdk\10.0.103\Sdks\Microsoft.NET.Sdk\targets\Microsoft.NET.Sdk.targets".
       Overriding target "GetReferenceAssemblyPaths" in project "C:\Program Files\dotnet\sdk\10.0.103\Microsoft.Common.CurrentVersion.targets" with target "GetReferenceAssemblyPaths" from project "C:\Program Files\dotnet\sdk\10.0.103\Sdks\Microsoft.NET.Sdk\targets\Microsoft.NET.DisableStandardFrameworkResolution.targets".
       Overriding target "GetFrameworkPaths" in project "C:\Program Files\dotnet\sdk\10.0.103\Microsoft.Common.CurrentVersion.targets" with target "GetFrameworkPaths" from project "C:\Program Files\dotnet\sdk\10.0.103\Sdks\Microsoft.NET.Sdk\targets\Microsoft.NET.DisableStandardFrameworkResolution.targets".
       Overriding target "DesignerRuntimeImplementationProjectOutputGroup" in project "C:\Program Files\dotnet\sdk\10.0.103\Microsoft.Common.CurrentVersion.targets" with target "DesignerRuntimeImplementationProjectOutputGroup" from project "C:\Program Files\dotnet\sdk\10.0.103\Sdks\Microsoft.NET.Sdk\targets\Microsoft.NET.DesignerSupport.targets".
       Overriding target "Publish" in project "C:\Program Files\dotnet\sdk\10.0.103\Microsoft.Common.CurrentVersion.targets" with target "Publish" from project "C:\Program Files\dotnet\sdk\10.0.103\Sdks\Microsoft.NET.Sdk\targets\Microsoft.NET.Publish.targets".
       Overriding target "ResolveReadyToRunCompilers" in project "C:\Program Files\dotnet\sdk\10.0.103\Sdks\Microsoft.NET.Sdk\targets\Microsoft.NET.CrossGen.targets" with target "ResolveReadyToRunCompilers" from project "C:\Program Files\dotnet\sdk\10.0.103\Sdks\Microsoft.NET.Sdk\targets\Microsoft.NET.Publish.targets".
       Overriding target "GetCopyToPublishDirectoryItems" in project "C:\Program Files\dotnet\sdk\10.0.103\Microsoft.Common.CurrentVersion.targets" with target "GetCopyToPublishDirectoryItems" from project "C:\Program Files\dotnet\sdk\10.0.103\Sdks\Microsoft.NET.Sdk\targets\Microsoft.NET.Publish.targets".
       Overriding target "Run" in project "C:\Program Files\dotnet\sdk\10.0.103\Microsoft.Common.CurrentVersion.targets" with target "Run" from project "C:\Program Files\dotnet\sdk\10.0.103\Sdks\Microsoft.NET.Sdk\targets\Microsoft.NET.Sdk.targets".
       Overriding target "ResolveFrameworkReferences" in project "C:\Program Files\dotnet\sdk\10.0.103\Microsoft.Common.CurrentVersion.targets" with target "ResolveFrameworkReferences" from project "C:\Program Files\dotnet\sdk\10.0.103\Sdks\Microsoft.NET.Sdk\targets\Microsoft.NET.Sdk.FrameworkReferenceResolution.targets".
       Overriding target "GenerateSupportedTargetFrameworkAlias" in project "C:\Program Files\dotnet\sdk\10.0.103\Microsoft.Common.CurrentVersion.targets" with target "GenerateSupportedTargetFrameworkAlias" from project "C:\Program Files\dotnet\sdk\10.0.103\Sdks\Microsoft.NET.Sdk\targets\Microsoft.NET.Sdk.targets".
       Overriding target "GetReferenceAssemblyPaths" in project "C:\Program Files\dotnet\sdk\10.0.103\Microsoft.Common.CurrentVersion.targets" with target "GetReferenceAssemblyPaths" from project "C:\Program Files\dotnet\sdk\10.0.103\Sdks\Microsoft.NET.Sdk\targets\Microsoft.NET.DisableStandardFrameworkResolution.targets".
       Overriding target "GetFrameworkPaths" in project "C:\Program Files\dotnet\sdk\10.0.103\Microsoft.Common.CurrentVersion.targets" with target "GetFrameworkPaths" from project "C:\Program Files\dotnet\sdk\10.0.103\Sdks\Microsoft.NET.Sdk\targets\Microsoft.NET.DisableStandardFrameworkResolution.targets".
       Overriding target "DesignerRuntimeImplementationProjectOutputGroup" in project "C:\Program Files\dotnet\sdk\10.0.103\Microsoft.Common.CurrentVersion.targets" with target "DesignerRuntimeImplementationProjectOutputGroup" from project "C:\Program Files\dotnet\sdk\10.0.103\Sdks\Microsoft.NET.Sdk\targets\Microsoft.NET.DesignerSupport.targets".
       Overriding target "Publish" in project "C:\Program Files\dotnet\sdk\10.0.103\Microsoft.Common.CurrentVersion.targets" with target "Publish" from project "C:\Program Files\dotnet\sdk\10.0.103\Sdks\Microsoft.NET.Sdk\targets\Microsoft.NET.Publish.targets".
       Overriding target "ResolveReadyToRunCompilers" in project "C:\Program Files\dotnet\sdk\10.0.103\Sdks\Microsoft.NET.Sdk\targets\Microsoft.NET.CrossGen.targets" with target "ResolveReadyToRunCompilers" from project "C:\Program Files\dotnet\sdk\10.0.103\Sdks\Microsoft.NET.Sdk\targets\Microsoft.NET.Publish.targets".
       Overriding target "GetCopyToPublishDirectoryItems" in project "C:\Program Files\dotnet\sdk\10.0.103\Microsoft.Common.CurrentVersion.targets" with target "GetCopyToPublishDirectoryItems" from project "C:\Program Files\dotnet\sdk\10.0.103\Sdks\Microsoft.NET.Sdk\targets\Microsoft.NET.Publish.targets".
       Overriding target "Run" in project "C:\Program Files\dotnet\sdk\10.0.103\Microsoft.Common.CurrentVersion.targets" with target "Run" from project "C:\Program Files\dotnet\sdk\10.0.103\Sdks\Microsoft.NET.Sdk\targets\Microsoft.NET.Sdk.targets".
       The target "ResolveNuGetPackageAssets" listed in an AfterTargets attribute at "C:\Users\rolfe\.nuget\packages\microsoft.extensions.options\10.0.0\buildTransitive\net8.0\Microsoft.Extensions.Options.targets (11,11)" does not exist in the project, and will be ignored.
       The target "ResolveNuGetPackageAssets" listed in an AfterTargets attribute at "C:\Users\rolfe\.nuget\packages\microsoft.extensions.options\10.0.0\buildTransitive\net8.0\Microsoft.Extensions.Options.targets (23,11)" does not exist in the project, and will be ignored.
       The target "ResolveNuGetPackageAssets" listed in an AfterTargets attribute at "C:\Users\rolfe\.nuget\packages\microsoft.extensions.configuration.binder\10.0.0\buildTransitive\netstandard2.0\Microsoft.Extensions.Configuration.Binder.targets (9,13)" does not exist in the project, and will be ignored.
       The target "ResolveNuGetPackageAssets" listed in an AfterTargets attribute at "C:\Users\rolfe\.nuget\packages\microsoft.extensions.logging.abstractions\10.0.0\buildTransitive\net8.0\Microsoft.Extensions.Logging.Abstractions.targets (11,11)" does not exist in the project, and will be ignored.
       The target "ResolveNuGetPackageAssets" listed in an AfterTargets attribute at "C:\Users\rolfe\.nuget\packages\microsoft.extensions.logging.abstractions\10.0.0\buildTransitive\net8.0\Microsoft.Extensions.Logging.Abstractions.targets (23,11)" does not exist in the project, and will be ignored.
     1>Project "C:\Users\rolfe\git\own\Villa-Annunziata\hotelDroid\HotelDroid.slnx" (1) is building "C:\Users\rolfe\git\own\Villa-Annunziata\hotelDroid\src\HotelDroid.Shared\HotelDroid.Shared.csproj" (3) on node 4 (VSTest target(s)).
     3>Target "ShowInfoMessageIfProjectHasNoIsTestProjectProperty" in file "C:\Program Files\dotnet\sdk\10.0.103\Microsoft.TestPlatform.targets" from project "C:\Users\rolfe\git\own\Villa-Annunziata\hotelDroid\src\HotelDroid.Shared\HotelDroid.Shared.csproj" (target "VSTest" depends on it):
     3>Assembly loaded during TaskRun: Microsoft.TestPlatform.Build, Version=15.0.0.0, Culture=neutral, PublicKeyToken=b03f5f7f11d50a3a (location: C:\Program Files\dotnet\sdk\10.0.103\Microsoft.TestPlatform.Build.dll, MVID: d7ab1f3d-08d6-4229-9ff7-dd88645ddd7f, AssemblyLoadContext: MSBuild plugin C:\Program Files\dotnet\sdk\10.0.103\Microsoft.TestPlatform.Build.dll)
       Assembly loaded during TaskRun: netstandard, Version=2.1.0.0, Culture=neutral, PublicKeyToken=cc7b13ffcd2ddd51 (location: C:\Program Files\dotnet\shared\Microsoft.NETCore.App\10.0.3\netstandard.dll, MVID: 0ed0987f-7669-427c-83d0-17a8db1fd6f6, AssemblyLoadContext: Default)
       Using "VSTestLogsTask" task from assembly "C:\Program Files\dotnet\sdk\10.0.103\Microsoft.TestPlatform.Build.dll".
       Task "VSTestLogsTask"
         Skipping running test for project {0}. To run tests with dotnet test add "<IsTestProject>true</IsTestProject>" property to project file.
       Done executing task "VSTestLogsTask".
     1>Project "C:\Users\rolfe\git\own\Villa-Annunziata\hotelDroid\HotelDroid.slnx" (1) is building "C:\Users\rolfe\git\own\Villa-Annunziata\hotelDroid\tests\HotelDroid.Api.Tests\HotelDroid.Api.Tests.csproj" (4) on node 3 (VSTest target(s)).
     4>Target "GenerateProgramFile" in file "C:\Users\rolfe\.nuget\packages\microsoft.net.test.sdk\17.14.1\build\net8.0\Microsoft.NET.Test.Sdk.targets" from project "C:\Users\rolfe\git\own\Villa-Annunziata\hotelDroid\tests\HotelDroid.Api.Tests\HotelDroid.Api.Tests.csproj" (entry point):
     4>Done building target "GenerateProgramFile" in project "HotelDroid.Api.Tests.csproj".
     3>Done building target "ShowInfoMessageIfProjectHasNoIsTestProjectProperty" in project "HotelDroid.Shared.csproj".
     3>Target "VSTest" in file "C:\Program Files\dotnet\sdk\10.0.103\Microsoft.TestPlatform.targets" from project "C:\Users\rolfe\git\own\Villa-Annunziata\hotelDroid\src\HotelDroid.Shared\HotelDroid.Shared.csproj" (entry point):
       C:\Program Files\dotnet\sdk\10.0.103\Microsoft.TestPlatform.targets(33,42): message : Property '_MSBUILDTLENABLED' with value '0' expanded from the environment. [C:\Users\rolfe\git\own\Villa-Annunziata\hotelDroid\src\HotelDroid.Shared\HotelDroid.Shared.csproj]
       Using "CallTarget" task from assembly "Microsoft.Build.Tasks.Core, Version=15.1.0.0, Culture=neutral, PublicKeyToken=b03f5f7f11d50a3a".
       Task "CallTarget"
     4>Target "NETStandardCompatError_Microsoft_Extensions_Configuration_Binder" in file "C:\Users\rolfe\.nuget\packages\microsoft.extensions.configuration.binder\10.0.0\buildTransitive\netstandard2.0\Microsoft.Extensions.Configuration.Binder.targets" from project "C:\Users\rolfe\git\own\Villa-Annunziata\hotelDroid\tests\HotelDroid.Api.Tests\HotelDroid.Api.Tests.csproj" (entry point):
     4>Done building target "NETStandardCompatError_Microsoft_Extensions_Configuration_Binder" in project "HotelDroid.Api.Tests.csproj".
     4>Target "SetXPlatDataCollectorPath" in file "C:\Users\rolfe\.nuget\packages\coverlet.collector\6.0.4\build\netstandard2.0\coverlet.collector.targets" from project "C:\Users\rolfe\git\own\Villa-Annunziata\hotelDroid\tests\HotelDroid.Api.Tests\HotelDroid.Api.Tests.csproj" (target "VSTest" depends on it):
     4>Done building target "SetXPlatDataCollectorPath" in project "HotelDroid.Api.Tests.csproj".
     4>Target "VSTest" in file "C:\Program Files\dotnet\sdk\10.0.103\Microsoft.TestPlatform.targets" from project "C:\Users\rolfe\git\own\Villa-Annunziata\hotelDroid\tests\HotelDroid.Api.Tests\HotelDroid.Api.Tests.csproj" (entry point):
       C:\Program Files\dotnet\sdk\10.0.103\Microsoft.TestPlatform.targets(33,42): message : Property '_MSBUILDTLENABLED' with value '0' expanded from the environment. [C:\Users\rolfe\git\own\Villa-Annunziata\hotelDroid\tests\HotelDroid.Api.Tests\HotelDroid.Api.Tests.csproj]
     3>Target "_VSTestConsole" in file "C:\Program Files\dotnet\sdk\10.0.103\Microsoft.TestPlatform.targets" from project "C:\Users\rolfe\git\own\Villa-Annunziata\hotelDroid\src\HotelDroid.Shared\HotelDroid.Shared.csproj" (target "VSTest" depends on it):
     3>Task "CallTarget"
     3>Target "ShowCallOfVSTestTaskWithParameter" in file "C:\Program Files\dotnet\sdk\10.0.103\Microsoft.TestPlatform.targets" from project "C:\Users\rolfe\git\own\Villa-Annunziata\hotelDroid\src\HotelDroid.Shared\HotelDroid.Shared.csproj" (target "_VSTestConsole" depends on it):
       Using "Message" task from assembly "Microsoft.Build.Tasks.Core, Version=15.1.0.0, Culture=neutral, PublicKeyToken=b03f5f7f11d50a3a".
       Task "Message"
         Calling task Microsoft.TestPlatform.Build.Tasks.VSTestTask with following parameter...
       Done executing task "Message".
       Task "Message"
         TestFileFullPath = C:\Users\rolfe\git\own\Villa-Annunziata\hotelDroid\src\HotelDroid.Shared\bin\Debug\net10.0\HotelDroid.Shared.dll
       Done executing task "Message".
       Task "Message"
         VSTestSetting = 
       Done executing task "Message".
       Task "Message"
         VSTestTestAdapterPath = 
       Done executing task "Message".
       Task "Message"
         VSTestFramework = .NETCoreApp,Version=v10.0
       Done executing task "Message".
       Task "Message"
         VSTestPlatform = 
       Done executing task "Message".
       Task "Message"
         VSTestTestCaseFilter = 
       Done executing task "Message".
       Task "Message"
         VSTestLogger = 
       Done executing task "Message".
       Task "Message"
         VSTestListTests = 
       Done executing task "Message".
       Task "Message"
         VSTestDiag = 
       Done executing task "Message".
       Task "Message"
         VSTestCLIRunSettings = 
       Done executing task "Message".
       Task "Message"
         VSTestResultsDirectory = 
       Done executing task "Message".
       Task "Message"
         VSTestConsolePath = C:\Program Files\dotnet\sdk\10.0.103\vstest.console.dll
       Done executing task "Message".
       Task "Message"
         VSTestVerbosity = d
       Done executing task "Message".
       Task "Message"
         VSTestCollect = 
       Done executing task "Message".
       Task "Message"
         VSTestBlame = 
       Done executing task "Message".
       Task "Message"
         VSTestTraceDataCollectorDirectoryPath = 
       Done executing task "Message".
       Task "Message"
         VSTestNoLogo = 
       Done executing task "Message".
     3>Done building target "ShowCallOfVSTestTaskWithParameter" in project "HotelDroid.Shared.csproj".
       Done executing task "CallTarget".
     3>Done building target "_VSTestConsole" in project "HotelDroid.Shared.csproj".
       Done executing task "CallTarget".
     3>Done building target "VSTest" in project "HotelDroid.Shared.csproj".
     3>Done Building Project "C:\Users\rolfe\git\own\Villa-Annunziata\hotelDroid\src\HotelDroid.Shared\HotelDroid.Shared.csproj" (VSTest target(s)).
     4>VSTest:
       Using "CallTarget" task from assembly "Microsoft.Build.Tasks.Core, Version=15.1.0.0, Culture=neutral, PublicKeyToken=b03f5f7f11d50a3a".
       Task "CallTarget"
     4>Target "_VSTestConsole" in file "C:\Program Files\dotnet\sdk\10.0.103\Microsoft.TestPlatform.targets" from project "C:\Users\rolfe\git\own\Villa-Annunziata\hotelDroid\tests\HotelDroid.Api.Tests\HotelDroid.Api.Tests.csproj" (target "VSTest" depends on it):
       Task "CallTarget"
     4>Target "ShowCallOfVSTestTaskWithParameter" in file "C:\Program Files\dotnet\sdk\10.0.103\Microsoft.TestPlatform.targets" from project "C:\Users\rolfe\git\own\Villa-Annunziata\hotelDroid\tests\HotelDroid.Api.Tests\HotelDroid.Api.Tests.csproj" (target "_VSTestConsole" depends on it):
       Using "Message" task from assembly "Microsoft.Build.Tasks.Core, Version=15.1.0.0, Culture=neutral, PublicKeyToken=b03f5f7f11d50a3a".
       Task "Message"
         Calling task Microsoft.TestPlatform.Build.Tasks.VSTestTask with following parameter...
       Done executing task "Message".
       Task "Message"
         TestFileFullPath = C:\Users\rolfe\git\own\Villa-Annunziata\hotelDroid\tests\HotelDroid.Api.Tests\bin\Debug\net10.0\HotelDroid.Api.Tests.dll
       Done executing task "Message".
       Task "Message"
         VSTestSetting = 
       Done executing task "Message".
       Task "Message"
         VSTestTestAdapterPath = ;C:\Users\rolfe\.nuget\packages\coverlet.collector\6.0.4\build\netstandard2.0\
       Done executing task "Message".
       Task "Message"
         VSTestFramework = .NETCoreApp,Version=v10.0
       Done executing task "Message".
       Task "Message"
         VSTestPlatform = 
       Done executing task "Message".
       Task "Message"
         VSTestTestCaseFilter = 
       Done executing task "Message".
       Task "Message"
         VSTestLogger = 
       Done executing task "Message".
       Task "Message"
         VSTestListTests = 
       Done executing task "Message".
       Task "Message"
         VSTestDiag = 
       Done executing task "Message".
       Task "Message"
         VSTestCLIRunSettings = 
       Done executing task "Message".
       Task "Message"
         VSTestResultsDirectory = 
       Done executing task "Message".
       Task "Message"
         VSTestConsolePath = C:\Program Files\dotnet\sdk\10.0.103\vstest.console.dll
       Done executing task "Message".
       Task "Message"
         VSTestVerbosity = d
       Done executing task "Message".
       Task "Message"
         VSTestCollect = 
       Done executing task "Message".
       Task "Message"
         VSTestBlame = 
       Done executing task "Message".
       Task "Message"
         VSTestTraceDataCollectorDirectoryPath = C:\Users\rolfe\.nuget\packages\microsoft.codecoverage\17.14.1\build\netstandard2.0\
       Done executing task "Message".
       Task "Message"
         VSTestNoLogo = 
       Done executing task "Message".
     4>Done building target "ShowCallOfVSTestTaskWithParameter" in project "HotelDroid.Api.Tests.csproj".
       Done executing task "CallTarget".
       Assembly loaded during TaskRun: Microsoft.TestPlatform.Build, Version=15.0.0.0, Culture=neutral, PublicKeyToken=b03f5f7f11d50a3a (location: C:\Program Files\dotnet\sdk\10.0.103\Microsoft.TestPlatform.Build.dll, MVID: d7ab1f3d-08d6-4229-9ff7-dd88645ddd7f, AssemblyLoadContext: MSBuild plugin C:\Program Files\dotnet\sdk\10.0.103\Microsoft.TestPlatform.Build.dll)
       Assembly loaded during TaskRun: netstandard, Version=2.1.0.0, Culture=neutral, PublicKeyToken=cc7b13ffcd2ddd51 (location: C:\Program Files\dotnet\shared\Microsoft.NETCore.App\10.0.3\netstandard.dll, MVID: 0ed0987f-7669-427c-83d0-17a8db1fd6f6, AssemblyLoadContext: Default)
       Using "VSTestTask" task from assembly "C:\Program Files\dotnet\sdk\10.0.103\Microsoft.TestPlatform.Build.dll".
       Task "VSTestTask"
Test run for C:\Users\rolfe\git\own\Villa-Annunziata\hotelDroid\tests\HotelDroid.Api.Tests\bin\Debug\net10.0\HotelDroid.Api.Tests.dll (.NETCoreApp,Version=v10.0)
     0>Assembly loaded during Evaluation: System.Numerics.Vectors, Version=10.0.0.0, Culture=neutral, PublicKeyToken=b03f5f7f11d50a3a (location: C:\Program Files\dotnet\shared\Microsoft.NETCore.App\10.0.3\System.Numerics.Vectors.dll, MVID: 3d158169-bc2f-4392-9d0b-516beb58158f, AssemblyLoadContext: Default)
       Overriding target "ResolveFrameworkReferences" in project "C:\Program Files\dotnet\sdk\10.0.103\Microsoft.Common.CurrentVersion.targets" with target "ResolveFrameworkReferences" from project "C:\Program Files\dotnet\sdk\10.0.103\Sdks\Microsoft.NET.Sdk\targets\Microsoft.NET.Sdk.FrameworkReferenceResolution.targets".
       Overriding target "GenerateSupportedTargetFrameworkAlias" in project "C:\Program Files\dotnet\sdk\10.0.103\Microsoft.Common.CurrentVersion.targets" with target "GenerateSupportedTargetFrameworkAlias" from project "C:\Program Files\dotnet\sdk\10.0.103\Sdks\Microsoft.NET.Sdk\targets\Microsoft.NET.Sdk.targets".
       Overriding target "GetReferenceAssemblyPaths" in project "C:\Program Files\dotnet\sdk\10.0.103\Microsoft.Common.CurrentVersion.targets" with target "GetReferenceAssemblyPaths" from project "C:\Program Files\dotnet\sdk\10.0.103\Sdks\Microsoft.NET.Sdk\targets\Microsoft.NET.DisableStandardFrameworkResolution.targets".
       Overriding target "GetFrameworkPaths" in project "C:\Program Files\dotnet\sdk\10.0.103\Microsoft.Common.CurrentVersion.targets" with target "GetFrameworkPaths" from project "C:\Program Files\dotnet\sdk\10.0.103\Sdks\Microsoft.NET.Sdk\targets\Microsoft.NET.DisableStandardFrameworkResolution.targets".
       Overriding target "DesignerRuntimeImplementationProjectOutputGroup" in project "C:\Program Files\dotnet\sdk\10.0.103\Microsoft.Common.CurrentVersion.targets" with target "DesignerRuntimeImplementationProjectOutputGroup" from project "C:\Program Files\dotnet\sdk\10.0.103\Sdks\Microsoft.NET.Sdk\targets\Microsoft.NET.DesignerSupport.targets".
       Overriding target "Publish" in project "C:\Program Files\dotnet\sdk\10.0.103\Microsoft.Common.CurrentVersion.targets" with target "Publish" from project "C:\Program Files\dotnet\sdk\10.0.103\Sdks\Microsoft.NET.Sdk\targets\Microsoft.NET.Publish.targets".
       Overriding target "ResolveReadyToRunCompilers" in project "C:\Program Files\dotnet\sdk\10.0.103\Sdks\Microsoft.NET.Sdk\targets\Microsoft.NET.CrossGen.targets" with target "ResolveReadyToRunCompilers" from project "C:\Program Files\dotnet\sdk\10.0.103\Sdks\Microsoft.NET.Sdk\targets\Microsoft.NET.Publish.targets".
       Overriding target "GetCopyToPublishDirectoryItems" in project "C:\Program Files\dotnet\sdk\10.0.103\Microsoft.Common.CurrentVersion.targets" with target "GetCopyToPublishDirectoryItems" from project "C:\Program Files\dotnet\sdk\10.0.103\Sdks\Microsoft.NET.Sdk\targets\Microsoft.NET.Publish.targets".
       Overriding target "ILLink" in project "C:\Program Files\dotnet\sdk\10.0.103\Sdks\Microsoft.NET.Sdk\targets\Microsoft.NET.Publish.targets" with target "ILLink" from project "C:\Users\rolfe\.nuget\packages\microsoft.net.illink.tasks\10.0.3\build\Microsoft.NET.ILLink.targets".
       Overriding target "Run" in project "C:\Program Files\dotnet\sdk\10.0.103\Microsoft.Common.CurrentVersion.targets" with target "Run" from project "C:\Program Files\dotnet\sdk\10.0.103\Sdks\Microsoft.NET.Sdk\targets\Microsoft.NET.Sdk.targets".
       Overriding target "BeforePublish" in project "C:\Program Files\dotnet\sdk\10.0.103\Microsoft.Common.CurrentVersion.targets" with target "BeforePublish" from project "C:\Program Files\dotnet\sdk\10.0.103\Sdks\Microsoft.NET.Sdk.Publish\targets\Microsoft.NET.Sdk.Publish.targets".
       Overriding target "AfterPublish" in project "C:\Program Files\dotnet\sdk\10.0.103\Microsoft.Common.CurrentVersion.targets" with target "AfterPublish" from project "C:\Program Files\dotnet\sdk\10.0.103\Sdks\Microsoft.NET.Sdk.Publish\targets\Microsoft.NET.Sdk.Publish.targets".
       The target "ResolveNuGetPackageAssets" listed in an AfterTargets attribute at "C:\Users\rolfe\.nuget\packages\microsoft.extensions.options\10.0.2\buildTransitive\net8.0\Microsoft.Extensions.Options.targets (11,11)" does not exist in the project, and will be ignored.
       The target "ResolveNuGetPackageAssets" listed in an AfterTargets attribute at "C:\Users\rolfe\.nuget\packages\microsoft.extensions.options\10.0.2\buildTransitive\net8.0\Microsoft.Extensions.Options.targets (23,11)" does not exist in the project, and will be ignored.
       The target "ResolveNuGetPackageAssets" listed in an AfterTargets attribute at "C:\Users\rolfe\.nuget\packages\microsoft.extensions.configuration.binder\10.0.2\buildTransitive\netstandard2.0\Microsoft.Extensions.Configuration.Binder.targets (9,13)" does not exist in the project, and will be ignored.
       The target "ResolveNuGetPackageAssets" listed in an AfterTargets attribute at "C:\Users\rolfe\.nuget\packages\microsoft.extensions.logging.abstractions\10.0.2\buildTransitive\net8.0\Microsoft.Extensions.Logging.Abstractions.targets (11,11)" does not exist in the project, and will be ignored.
       The target "ResolveNuGetPackageAssets" listed in an AfterTargets attribute at "C:\Users\rolfe\.nuget\packages\microsoft.extensions.logging.abstractions\10.0.2\buildTransitive\net8.0\Microsoft.Extensions.Logging.Abstractions.targets (23,11)" does not exist in the project, and will be ignored.
       The target "CollectUpToDateCheckInputDesignTime" listed in a BeforeTargets attribute at "C:\Program Files\dotnet\sdk\10.0.103\Sdks\Microsoft.NET.Sdk.StaticWebAssets\targets\Microsoft.NET.Sdk.StaticWebAssets.ScopedCss.targets (171,5)" does not exist in the project, and will be ignored.
       The target "CollectUpToDateCheckBuiltDesignTime" listed in a BeforeTargets attribute at "C:\Program Files\dotnet\sdk\10.0.103\Sdks\Microsoft.NET.Sdk.StaticWebAssets\targets\Microsoft.NET.Sdk.StaticWebAssets.ScopedCss.targets (171,5)" does not exist in the project, and will be ignored.
       The target "RazorGenerateComponentDeclaration" listed in an AfterTargets attribute at "C:\Program Files\dotnet\sdk\10.0.103\Sdks\Microsoft.NET.Sdk.Razor\targets\Microsoft.NET.Sdk.Razor.DesignTime.targets (55,53)" does not exist in the project, and will be ignored.
     1>Project "C:\Users\rolfe\git\own\Villa-Annunziata\hotelDroid\HotelDroid.slnx" (1) is building "C:\Users\rolfe\git\own\Villa-Annunziata\hotelDroid\src\HotelDroid.Client\HotelDroid.Client.csproj" (5) on node 2 (VSTest target(s)).
     5>Target "NETStandardCompatError_Microsoft_Extensions_Configuration_Binder" in file "C:\Users\rolfe\.nuget\packages\microsoft.extensions.configuration.binder\10.0.2\buildTransitive\netstandard2.0\Microsoft.Extensions.Configuration.Binder.targets" from project "C:\Users\rolfe\git\own\Villa-Annunziata\hotelDroid\src\HotelDroid.Client\HotelDroid.Client.csproj" (entry point):
     5>Done building target "NETStandardCompatError_Microsoft_Extensions_Configuration_Binder" in project "HotelDroid.Client.csproj".
     5>Target "ShowInfoMessageIfProjectHasNoIsTestProjectProperty" in file "C:\Program Files\dotnet\sdk\10.0.103\Microsoft.TestPlatform.targets" from project "C:\Users\rolfe\git\own\Villa-Annunziata\hotelDroid\src\HotelDroid.Client\HotelDroid.Client.csproj" (target "VSTest" depends on it):
       Assembly loaded during TaskRun: Microsoft.TestPlatform.Build, Version=15.0.0.0, Culture=neutral, PublicKeyToken=b03f5f7f11d50a3a (location: C:\Program Files\dotnet\sdk\10.0.103\Microsoft.TestPlatform.Build.dll, MVID: d7ab1f3d-08d6-4229-9ff7-dd88645ddd7f, AssemblyLoadContext: MSBuild plugin C:\Program Files\dotnet\sdk\10.0.103\Microsoft.TestPlatform.Build.dll)
       Assembly loaded during TaskRun: netstandard, Version=2.1.0.0, Culture=neutral, PublicKeyToken=cc7b13ffcd2ddd51 (location: C:\Program Files\dotnet\shared\Microsoft.NETCore.App\10.0.3\netstandard.dll, MVID: 0ed0987f-7669-427c-83d0-17a8db1fd6f6, AssemblyLoadContext: Default)
       Using "VSTestLogsTask" task from assembly "C:\Program Files\dotnet\sdk\10.0.103\Microsoft.TestPlatform.Build.dll".
       Task "VSTestLogsTask"
         Skipping running test for project {0}. To run tests with dotnet test add "<IsTestProject>true</IsTestProject>" property to project file.
       Done executing task "VSTestLogsTask".
     5>Done building target "ShowInfoMessageIfProjectHasNoIsTestProjectProperty" in project "HotelDroid.Client.csproj".
     5>Target "VSTest" in file "C:\Program Files\dotnet\sdk\10.0.103\Microsoft.TestPlatform.targets" from project "C:\Users\rolfe\git\own\Villa-Annunziata\hotelDroid\src\HotelDroid.Client\HotelDroid.Client.csproj" (entry point):
       C:\Program Files\dotnet\sdk\10.0.103\Microsoft.TestPlatform.targets(33,42): message : Property '_MSBUILDTLENABLED' with value '0' expanded from the environment. [C:\Users\rolfe\git\own\Villa-Annunziata\hotelDroid\src\HotelDroid.Client\HotelDroid.Client.csproj]
       Using "CallTarget" task from assembly "Microsoft.Build.Tasks.Core, Version=15.1.0.0, Culture=neutral, PublicKeyToken=b03f5f7f11d50a3a".
       Task "CallTarget"
VSTest version 18.0.1 (x64)
     5>Target "_VSTestConsole" in file "C:\Program Files\dotnet\sdk\10.0.103\Microsoft.TestPlatform.targets" from project "C:\Users\rolfe\git\own\Villa-Annunziata\hotelDroid\src\HotelDroid.Client\HotelDroid.Client.csproj" (target "VSTest" depends on it):
       Task "CallTarget"
     5>Target "ShowCallOfVSTestTaskWithParameter" in file "C:\Program Files\dotnet\sdk\10.0.103\Microsoft.TestPlatform.targets" from project "C:\Users\rolfe\git\own\Villa-Annunziata\hotelDroid\src\HotelDroid.Client\HotelDroid.Client.csproj" (target "_VSTestConsole" depends on it):
       Using "Message" task from assembly "Microsoft.Build.Tasks.Core, Version=15.1.0.0, Culture=neutral, PublicKeyToken=b03f5f7f11d50a3a".
       Task "Message"
         Calling task Microsoft.TestPlatform.Build.Tasks.VSTestTask with following parameter...
       Done executing task "Message".
       Task "Message"
         TestFileFullPath = C:\Users\rolfe\git\own\Villa-Annunziata\hotelDroid\src\HotelDroid.Client\bin\Debug\net10.0\HotelDroid.Client.dll
       Done executing task "Message".
       Task "Message"
         VSTestSetting = 
       Done executing task "Message".
       Task "Message"
         VSTestTestAdapterPath = 
       Done executing task "Message".
       Task "Message"
         VSTestFramework = .NETCoreApp,Version=v10.0
       Done executing task "Message".
       Task "Message"
         VSTestPlatform = AnyCPU
       Done executing task "Message".
       Task "Message"
         VSTestTestCaseFilter = 
       Done executing task "Message".
       Task "Message"

         VSTestLogger = 
       Done executing task "Message".
       Task "Message"
         VSTestListTests = 
       Done executing task "Message".
       Task "Message"
         VSTestDiag = 
       Done executing task "Message".
       Task "Message"
         VSTestCLIRunSettings = 
       Done executing task "Message".
       Task "Message"
         VSTestResultsDirectory = 
       Done executing task "Message".
       Task "Message"
         VSTestConsolePath = C:\Program Files\dotnet\sdk\10.0.103\vstest.console.dll
       Done executing task "Message".
       Task "Message"
         VSTestVerbosity = d
       Done executing task "Message".
       Task "Message"
         VSTestCollect = 
       Done executing task "Message".
       Task "Message"
         VSTestBlame = 
       Done executing task "Message".
       Task "Message"
         VSTestTraceDataCollectorDirectoryPath = 
       Done executing task "Message".
       Task "Message"
         VSTestNoLogo = 
       Done executing task "Message".
     5>Done building target "ShowCallOfVSTestTaskWithParameter" in project "HotelDroid.Client.csproj".
       Done executing task "CallTarget".
     5>Done building target "_VSTestConsole" in project "HotelDroid.Client.csproj".
       Done executing task "CallTarget".
     5>Done building target "VSTest" in project "HotelDroid.Client.csproj".
     5>Done Building Project "C:\Users\rolfe\git\own\Villa-Annunziata\hotelDroid\src\HotelDroid.Client\HotelDroid.Client.csproj" (VSTest target(s)).
Starting test execution, please wait...
A total of 1 test files matched the specified pattern.
[xUnit.net 00:00:00.00] xUnit.net VSTest Adapter v3.1.4+50e68bbb8b (64-bit .NET 10.0.3)
[xUnit.net 00:00:00.08]   Discovering: HotelDroid.Api.Tests
[xUnit.net 00:00:00.14]   Discovered:  HotelDroid.Api.Tests
[xUnit.net 00:00:00.18]   Starting:    HotelDroid.Api.Tests
  Passed HotelDroid.Api.Tests.UnitTest1.Test1 [4 ms]
  Passed HotelDroid.Api.Tests.Unit.ExportImport.CanonicalMapperTests.NormalizeTableName_AcceptsAllVariants(input: "APPARTAMENTI", expected: "rooms") [39 ms]
  Passed HotelDroid.Api.Tests.Unit.ExportImport.CanonicalMapperTests.NormalizeTableName_AcceptsAllVariants(input: "Apartments", expected: "rooms") [< 1 ms]
  Passed HotelDroid.Api.Tests.Unit.ExportImport.CanonicalMapperTests.NormalizeTableName_AcceptsAllVariants(input: "appartamenti", expected: "rooms") [< 1 ms]
  Passed HotelDroid.Api.Tests.Unit.ExportImport.CanonicalMapperTests.NormalizeTableName_AcceptsAllVariants(input: "rooms", expected: "rooms") [< 1 ms]
  Passed HotelDroid.Api.Tests.Unit.ExportImport.CanonicalMapperTests.NormalizeTableName_AcceptsAllVariants(input: "apartments", expected: "rooms") [< 1 ms]
  Passed HotelDroid.Api.Tests.Unit.ExportImport.CanonicalMapperTests.ToCanonical_ConvertsRoomDtoArray [12 ms]
  Passed HotelDroid.Api.Tests.Unit.ExportImport.CanonicalMapperTests.NormalizeFieldName_AcceptsAllVariants(input: "floor", expected: "floor_number") [< 1 ms]
  Passed HotelDroid.Api.Tests.Unit.ExportImport.CanonicalMapperTests.NormalizeFieldName_AcceptsAllVariants(input: "maxoccupanti", expected: "capacity") [< 1 ms]
  Passed HotelDroid.Api.Tests.Unit.ExportImport.CanonicalMapperTests.NormalizeFieldName_AcceptsAllVariants(input: "floor_number", expected: "floor_number") [< 1 ms]
  Passed HotelDroid.Api.Tests.Unit.ExportImport.CanonicalMapperTests.NormalizeFieldName_AcceptsAllVariants(input: "capacity", expected: "capacity") [< 1 ms]
  Passed HotelDroid.Api.Tests.Unit.ExportImport.CanonicalMapperTests.NormalizeFieldName_AcceptsAllVariants(input: "idappartamenti", expected: "id") [< 1 ms]
  Passed HotelDroid.Api.Tests.Unit.ExportImport.CanonicalMapperTests.NormalizeFieldName_AcceptsAllVariants(input: "numpiano", expected: "floor_number") [< 1 ms]
  Passed HotelDroid.Api.Tests.Unit.ExportImport.CanonicalMapperTests.NormalizeFieldName_AcceptsAllVariants(input: "room_id", expected: "id") [< 1 ms]
  Passed HotelDroid.Api.Tests.Unit.ExportImport.CanonicalMapperTests.NormalizeFieldName_AcceptsAllVariants(input: "id", expected: "id") [< 1 ms]
  Passed HotelDroid.Api.Tests.Integration.ExportImport.ExportImportIntegrationTests.ExportFormatCompatibility_WithHotelDroidNames [52 ms]
  Passed HotelDroid.Api.Tests.Unit.ExportImport.CanonicalMapperTests.NormalizeFieldName_AcceptsAllVariants(input: "max_occupancy", expected: "capacity") [< 1 ms]
  Passed HotelDroid.Api.Tests.Unit.ExportImport.CanonicalMapperTests.FromCanonical_AcceptsApartmentiTableName [3 ms]
  Passed HotelDroid.Api.Tests.Unit.ExportImport.CanonicalMapperTests.GetHotelDroidTableName_ReturnsCompatibilityName [< 1 ms]
  Passed HotelDroid.Api.Tests.Unit.ExportImport.CanonicalMapperTests.GetNormalizedValue_FindsValueByAlias [< 1 ms]
  Passed HotelDroid.Api.Tests.Unit.ExportImport.CanonicalMapperTests.FromCanonical_HandlesFlexibleFieldNames [< 1 ms]
info: Microsoft.Hosting.Lifetime[0]
      Application started. Press Ctrl+C to shut down.
info: Microsoft.Hosting.Lifetime[0]
      Hosting environment: Development
info: Microsoft.Hosting.Lifetime[0]
      Content root path: C:\Users\rolfe\git\own\Villa-Annunziata\hotelDroid\src\HotelDroid.Api
  Passed HotelDroid.Api.Tests.Unit.ExportImport.CanonicalMapperTests.GetNormalizedValue_FindsValueByCanonicalName [< 1 ms]
  Passed HotelDroid.Api.Tests.Unit.ExportImport.CanonicalMapperTests.FromCanonical_ConvertsCanonicalDataToRoomDto [< 1 ms]
  Passed HotelDroid.Api.Tests.Unit.ExportImport.CanonicalMapperTests.RoundTrip_PreservesAllFields [< 1 ms]
  Passed HotelDroid.Api.Tests.Unit.ExportImport.CanonicalMapperTests.GetExportTableName_ReturnsStandardName [< 1 ms]
  Passed HotelDroid.Api.Services.Tests.FileKeyValueStoreFileSystemTests.ExistsAsync_ChecksFileOnDisk [49 ms]
  Passed HotelDroid.Api.Services.Tests.FileKeyValueStoreTests.DeleteCollectionAsync_RemovesEntireCollection [88 ms]
  Passed HotelDroid.Api.Services.Tests.FileKeyValueStoreTests.GetAsync_ReturnsDocument [10 ms]
  Passed HotelDroid.Api.Services.Tests.FileKeyValueStoreTests.IdGenerator_GeneratesValidIds [4 ms]
info: Microsoft.Hosting.Lifetime[0]
      Application started. Press Ctrl+C to shut down.
info: Microsoft.Hosting.Lifetime[0]
      Hosting environment: Development
info: Microsoft.Hosting.Lifetime[0]
      Content root path: C:\Users\rolfe\git\own\Villa-Annunziata\hotelDroid\src\HotelDroid.Api
[xUnit.net 00:00:00.44]     HotelDroid.Api.Tests.Integration.ExportImport.ExportImportIntegrationTests.ExportThenImport_PreservesAllRoomData [FAIL]
[xUnit.net 00:00:00.44]       System.InvalidOperationException : Cannot map table '' to rooms API. Expected 'rooms', 'apartments', or 'appartamenti'.
[xUnit.net 00:00:00.44]       Stack Trace:
[xUnit.net 00:00:00.44]         C:\Users\rolfe\git\own\Villa-Annunziata\hotelDroid\src\HotelDroid.Api\Services\ExportImport\CanonicalMapper.cs(181,0): at HotelDroid.Api.Services.ExportImport.CanonicalMapper.FromCanonical(CanonicalData data)
[xUnit.net 00:00:00.44]         C:\Users\rolfe\git\own\Villa-Annunziata\hotelDroid\tests\HotelDroid.Api.Tests\Integration\ExportImport\ExportImportIntegrationTests.cs(119,0): at HotelDroid.Api.Tests.Integration.ExportImport.ExportImportIntegrationTests.ExportThenImport_PreservesAllRoomData()
[xUnit.net 00:00:00.44]         --- End of stack trace from previous location ---
  Passed HotelDroid.Api.Services.Tests.FileKeyValueStoreFileSystemTests.DeleteCollectionAsync_RemovesDirectoryAndAllFiles [54 ms]
  Failed HotelDroid.Api.Tests.Integration.ExportImport.ExportImportIntegrationTests.ExportThenImport_PreservesAllRoomData [150 ms]
  Error Message:
   System.InvalidOperationException : Cannot map table '' to rooms API. Expected 'rooms', 'apartments', or 'appartamenti'.
  Stack Trace:
     at HotelDroid.Api.Services.ExportImport.CanonicalMapper.FromCanonical(CanonicalData data) in C:\Users\rolfe\git\own\Villa-Annunziata\hotelDroid\src\HotelDroid.Api\Services\ExportImport\CanonicalMapper.cs:line 181
   at HotelDroid.Api.Tests.Integration.ExportImport.ExportImportIntegrationTests.ExportThenImport_PreservesAllRoomData() in C:\Users\rolfe\git\own\Villa-Annunziata\hotelDroid\tests\HotelDroid.Api.Tests\Integration\ExportImport\ExportImportIntegrationTests.cs:line 119
--- End of stack trace from previous location ---
  Passed HotelDroid.Api.Services.Tests.FileKeyValueStoreTests.RebuildIndexAsync_ReconstructsIndexFromFiles [40 ms]
  Passed HotelDroid.Api.Tests.Integration.ExportImport.ExportImportIntegrationTests.ImportRoomsThroughApiDistributor [29 ms]
  Passed HotelDroid.Api.Tests.Integration.ExportImport.ExportImportIntegrationTests.MultipleExports_AreIndependent [13 ms]
  Passed HotelDroid.Api.Services.Tests.FileKeyValueStoreTests.UpdateAsync_ModifiesDocument [25 ms]
  Passed HotelDroid.Api.Services.Tests.FileKeyValueStoreTests.ValidateCollectionName_RejectsInvalid(collectionName: "../../etc/passwd") [3 ms]
fail: Microsoft.AspNetCore.Diagnostics.DeveloperExceptionPageMiddleware[1]
      An unhandled exception has occurred while executing the request.
      System.InvalidOperationException: Failure to infer one or more parameters.
      Below is the list of parameters that we found: 
      Parameter           | Source                        
      ---------------------------------------------------------------------------------
      request             | Body (Inferred)
      store               | UNKNOWN        
      Did you mean to register the "UNKNOWN" parameters as a Service?
         at Microsoft.AspNetCore.Http.RequestDelegateFactory.CreateArguments(ParameterInfo[] parameters, RequestDelegateFactoryContext factoryContext)
         at Microsoft.AspNetCore.Http.RequestDelegateFactory.CreateArgumentsAndInferMetadata(MethodInfo methodInfo, RequestDelegateFactoryContext factoryContext)
         at Microsoft.AspNetCore.Http.RequestDelegateFactory.InferMetadata(MethodInfo methodInfo, RequestDelegateFactoryOptions options)
         at Microsoft.AspNetCore.Routing.RouteEndpointDataSource.CreateRouteEndpointBuilder(RouteEntry entry, RoutePattern groupPrefix, IReadOnlyList`1 groupConventions, IReadOnlyList`1 groupFinallyConventions)
         at Microsoft.AspNetCore.Routing.RouteEndpointDataSource.get_Endpoints()
         at Microsoft.AspNetCore.Routing.CompositeEndpointDataSource.CreateEndpointsUnsynchronized()
         at Microsoft.AspNetCore.Routing.CompositeEndpointDataSource.EnsureEndpointsInitialized()
         at Microsoft.AspNetCore.Routing.CompositeEndpointDataSource.get_Endpoints()
         at Microsoft.AspNetCore.Routing.DataSourceDependentCache`1.Initialize()
         at System.Threading.LazyInitializer.EnsureInitializedCore[T](T& target, Boolean& initialized, Object& syncLock, Func`1 valueFactory)
         at Microsoft.AspNetCore.Routing.Matching.DataSourceDependentMatcher..ctor(EndpointDataSource dataSource, Lifetime lifetime, Func`1 matcherBuilderFactory)
         at Microsoft.AspNetCore.Routing.Matching.DfaMatcherFactory.CreateMatcher(EndpointDataSource dataSource)
         at Microsoft.AspNetCore.Routing.EndpointRoutingMiddleware.InitializeCoreAsync()
      --- End of stack trace from previous location ---
         at Microsoft.AspNetCore.Routing.EndpointRoutingMiddleware.<Invoke>g__AwaitMatcher|10_0(EndpointRoutingMiddleware middleware, HttpContext httpContext, Task`1 matcherTask)
         at Microsoft.AspNetCore.Diagnostics.DeveloperExceptionPageMiddlewareImpl.Invoke(HttpContext context)
fail: Microsoft.AspNetCore.Diagnostics.DeveloperExceptionPageMiddleware[1]
      An unhandled exception has occurred while executing the request.
      System.InvalidOperationException: Failure to infer one or more parameters.
      Below is the list of parameters that we found: 
      Parameter           | Source                        
      ---------------------------------------------------------------------------------
      request             | Body (Inferred)
      store               | UNKNOWN        
      Did you mean to register the "UNKNOWN" parameters as a Service?
         at Microsoft.AspNetCore.Http.RequestDelegateFactory.CreateArguments(ParameterInfo[] parameters, RequestDelegateFactoryContext factoryContext)
         at Microsoft.AspNetCore.Http.RequestDelegateFactory.CreateArgumentsAndInferMetadata(MethodInfo methodInfo, RequestDelegateFactoryContext factoryContext)
         at Microsoft.AspNetCore.Http.RequestDelegateFactory.InferMetadata(MethodInfo methodInfo, RequestDelegateFactoryOptions options)
         at Microsoft.AspNetCore.Routing.RouteEndpointDataSource.CreateRouteEndpointBuilder(RouteEntry entry, RoutePattern groupPrefix, IReadOnlyList`1 groupConventions, IReadOnlyList`1 groupFinallyConventions)
         at Microsoft.AspNetCore.Routing.RouteEndpointDataSource.get_Endpoints()
         at Microsoft.AspNetCore.Routing.CompositeEndpointDataSource.CreateEndpointsUnsynchronized()
         at Microsoft.AspNetCore.Routing.CompositeEndpointDataSource.EnsureEndpointsInitialized()
         at Microsoft.AspNetCore.Routing.CompositeEndpointDataSource.get_Endpoints()
         at Microsoft.AspNetCore.Routing.DataSourceDependentCache`1.Initialize()
         at System.Threading.LazyInitializer.EnsureInitializedCore[T](T& target, Boolean& initialized, Object& syncLock, Func`1 valueFactory)
         at Microsoft.AspNetCore.Routing.Matching.DataSourceDependentMatcher..ctor(EndpointDataSource dataSource, Lifetime lifetime, Func`1 matcherBuilderFactory)
         at Microsoft.AspNetCore.Routing.Matching.DfaMatcherFactory.CreateMatcher(EndpointDataSource dataSource)
         at Microsoft.AspNetCore.Routing.EndpointRoutingMiddleware.InitializeCoreAsync()
      --- End of stack trace from previous location ---
         at Microsoft.AspNetCore.Routing.EndpointRoutingMiddleware.<Invoke>g__AwaitMatcher|10_0(EndpointRoutingMiddleware middleware, HttpContext httpContext, Task`1 matcherTask)
         at Microsoft.AspNetCore.Diagnostics.DeveloperExceptionPageMiddlewareImpl.Invoke(HttpContext context)
  Passed HotelDroid.Api.Services.Tests.FileKeyValueStoreTests.ValidateCollectionName_RejectsInvalid(collectionName: null) [< 1 ms]
  Passed HotelDroid.Api.Services.Tests.FileKeyValueStoreTests.ValidateCollectionName_RejectsInvalid(collectionName: "") [< 1 ms]
  Passed HotelDroid.Api.Services.Tests.FileKeyValueStoreTests.ValidateCollectionName_RejectsInvalid(collectionName: "rooms/../../etc/passwd") [< 1 ms]
  Passed HotelDroid.Api.Tests.Integration.ExportImport.ExportImportIntegrationTests.Export_CreatesValidZipPackage [32 ms]
  Passed HotelDroid.Api.Services.Tests.FileKeyValueStoreFileSystemTests.ConcurrentWrites_NoFileCorruption [105 ms]
  Passed HotelDroid.Api.Services.Tests.FileKeyValueStoreTests.CreateAsync_ThrowsWhenNameExists [26 ms]
  Passed HotelDroid.Api.Services.Tests.FileKeyValueStoreTests.ListAsync_ReturnsEmptyWhenCollectionNotFound [1 ms]
info: Microsoft.Hosting.Lifetime[0]
      Application is shutting down...
info: Microsoft.Hosting.Lifetime[0]
      Application is shutting down...
[xUnit.net 00:00:00.58]     HotelDroid.Api.Tests.Integration.RoomsApiTests.GetRoom_NonExistent_Returns404NotFound [FAIL]
[xUnit.net 00:00:00.58]       Assert.Equal() Failure: Values differ
[xUnit.net 00:00:00.58]       Expected: NotFound
[xUnit.net 00:00:00.58]       Actual:   InternalServerError
[xUnit.net 00:00:00.58]       Stack Trace:
[xUnit.net 00:00:00.58]         C:\Users\rolfe\git\own\Villa-Annunziata\hotelDroid\tests\HotelDroid.Api.Tests\Integration\RoomsApiTests.cs(562,0): at HotelDroid.Api.Tests.Integration.RoomsApiTests.GetRoom_NonExistent_Returns404NotFound()
[xUnit.net 00:00:00.58]         --- End of stack trace from previous location ---
[xUnit.net 00:00:00.58]     HotelDroid.Api.Tests.Integration.LedgerApiTests.GetLedgerEntries_Returns200Ok [FAIL]
[xUnit.net 00:00:00.58]       Assert.True() Failure
[xUnit.net 00:00:00.58]       Expected: True
[xUnit.net 00:00:00.58]       Actual:   False
[xUnit.net 00:00:00.58]       Stack Trace:
[xUnit.net 00:00:00.58]         C:\Users\rolfe\git\own\Villa-Annunziata\hotelDroid\tests\HotelDroid.Api.Tests\Integration\RoomsApiTests.cs(817,0): at HotelDroid.Api.Tests.Integration.LedgerApiTests.GetLedgerEntries_Returns200Ok()
[xUnit.net 00:00:00.58]         --- End of stack trace from previous location ---
[xUnit.net 00:00:00.60]     HotelDroid.Api.Tests.Integration.ExportImport.ExportImportIntegrationTests.ValidateImportPackage_DetectsTableStructure [FAIL]
[xUnit.net 00:00:00.60]       Assert.True() Failure
[xUnit.net 00:00:00.60]       Expected: True
[xUnit.net 00:00:00.60]       Actual:   False
[xUnit.net 00:00:00.60]       Stack Trace:
[xUnit.net 00:00:00.60]         C:\Users\rolfe\git\own\Villa-Annunziata\hotelDroid\tests\HotelDroid.Api.Tests\Integration\ExportImport\ExportImportIntegrationTests.cs(230,0): at HotelDroid.Api.Tests.Integration.ExportImport.ExportImportIntegrationTests.ValidateImportPackage_DetectsTableStructure()
[xUnit.net 00:00:00.60]         --- End of stack trace from previous location ---
  Failed HotelDroid.Api.Tests.Integration.RoomsApiTests.GetRoom_NonExistent_Returns404NotFound [159 ms]
  Error Message:
   Assert.Equal() Failure: Values differ
Expected: NotFound
Actual:   InternalServerError
  Stack Trace:
     at HotelDroid.Api.Tests.Integration.RoomsApiTests.GetRoom_NonExistent_Returns404NotFound() in C:\Users\rolfe\git\own\Villa-Annunziata\hotelDroid\tests\HotelDroid.Api.Tests\Integration\RoomsApiTests.cs:line 562
--- End of stack trace from previous location ---
  Failed HotelDroid.Api.Tests.Integration.LedgerApiTests.GetLedgerEntries_Returns200Ok [140 ms]
  Error Message:
   Assert.True() Failure
Expected: True
Actual:   False
  Stack Trace:
     at HotelDroid.Api.Tests.Integration.LedgerApiTests.GetLedgerEntries_Returns200Ok() in C:\Users\rolfe\git\own\Villa-Annunziata\hotelDroid\tests\HotelDroid.Api.Tests\Integration\RoomsApiTests.cs:line 817
--- End of stack trace from previous location ---
  Passed HotelDroid.Api.Services.Tests.FileKeyValueStoreTests.DeleteAsync_RemovesFromIndex [52 ms]
  Passed HotelDroid.Api.Services.Tests.FileKeyValueStoreFileSystemTests.DeleteAsync_RemovesFileFromDisk [55 ms]
  Failed HotelDroid.Api.Tests.Integration.ExportImport.ExportImportIntegrationTests.ValidateImportPackage_DetectsTableStructure [69 ms]
  Error Message:
   Assert.True() Failure
Expected: True
Actual:   False
  Stack Trace:
     at HotelDroid.Api.Tests.Integration.ExportImport.ExportImportIntegrationTests.ValidateImportPackage_DetectsTableStructure() in C:\Users\rolfe\git\own\Villa-Annunziata\hotelDroid\tests\HotelDroid.Api.Tests\Integration\ExportImport\ExportImportIntegrationTests.cs:line 230
--- End of stack trace from previous location ---
  Passed HotelDroid.Api.Services.Tests.FileKeyValueStoreFileSystemTests.AtomicWrite_NoPartialFilesOnCrash [10 ms]
info: Microsoft.Hosting.Lifetime[0]
      Application started. Press Ctrl+C to shut down.
info: Microsoft.Hosting.Lifetime[0]
      Hosting environment: Development
info: Microsoft.Hosting.Lifetime[0]
      Content root path: C:\Users\rolfe\git\own\Villa-Annunziata\hotelDroid\src\HotelDroid.Api
info: Microsoft.Hosting.Lifetime[0]
      Application started. Press Ctrl+C to shut down.
info: Microsoft.Hosting.Lifetime[0]
      Hosting environment: Development
info: Microsoft.Hosting.Lifetime[0]
      Content root path: C:\Users\rolfe\git\own\Villa-Annunziata\hotelDroid\src\HotelDroid.Api
fail: Microsoft.AspNetCore.Diagnostics.DeveloperExceptionPageMiddleware[1]
      An unhandled exception has occurred while executing the request.
      System.InvalidOperationException: Failure to infer one or more parameters.
      Below is the list of parameters that we found: 
      Parameter           | Source                        
      ---------------------------------------------------------------------------------
      request             | Body (Inferred)
      store               | UNKNOWN        
      Did you mean to register the "UNKNOWN" parameters as a Service?
         at Microsoft.AspNetCore.Http.RequestDelegateFactory.CreateArguments(ParameterInfo[] parameters, RequestDelegateFactoryContext factoryContext)
         at Microsoft.AspNetCore.Http.RequestDelegateFactory.CreateArgumentsAndInferMetadata(MethodInfo methodInfo, RequestDelegateFactoryContext factoryContext)
         at Microsoft.AspNetCore.Http.RequestDelegateFactory.InferMetadata(MethodInfo methodInfo, RequestDelegateFactoryOptions options)
         at Microsoft.AspNetCore.Routing.RouteEndpointDataSource.CreateRouteEndpointBuilder(RouteEntry entry, RoutePattern groupPrefix, IReadOnlyList`1 groupConventions, IReadOnlyList`1 groupFinallyConventions)
         at Microsoft.AspNetCore.Routing.RouteEndpointDataSource.get_Endpoints()
         at Microsoft.AspNetCore.Routing.CompositeEndpointDataSource.CreateEndpointsUnsynchronized()
         at Microsoft.AspNetCore.Routing.CompositeEndpointDataSource.EnsureEndpointsInitialized()
         at Microsoft.AspNetCore.Routing.CompositeEndpointDataSource.get_Endpoints()
         at Microsoft.AspNetCore.Routing.DataSourceDependentCache`1.Initialize()
         at System.Threading.LazyInitializer.EnsureInitializedCore[T](T& target, Boolean& initialized, Object& syncLock, Func`1 valueFactory)
         at Microsoft.AspNetCore.Routing.Matching.DataSourceDependentMatcher..ctor(EndpointDataSource dataSource, Lifetime lifetime, Func`1 matcherBuilderFactory)
         at Microsoft.AspNetCore.Routing.Matching.DfaMatcherFactory.CreateMatcher(EndpointDataSource dataSource)
         at Microsoft.AspNetCore.Routing.EndpointRoutingMiddleware.InitializeCoreAsync()
      --- End of stack trace from previous location ---
         at Microsoft.AspNetCore.Routing.EndpointRoutingMiddleware.<Invoke>g__AwaitMatcher|10_0(EndpointRoutingMiddleware middleware, HttpContext httpContext, Task`1 matcherTask)
         at Microsoft.AspNetCore.Diagnostics.DeveloperExceptionPageMiddlewareImpl.Invoke(HttpContext context)
info: Microsoft.Hosting.Lifetime[0]
      Application is shutting down...
[xUnit.net 00:00:00.64]     HotelDroid.Api.Tests.Integration.LedgerApiTests.GetLedgerSnapshot_Returns200Ok [FAIL]
[xUnit.net 00:00:00.64]       Assert.True() Failure
[xUnit.net 00:00:00.64]       Expected: True
[xUnit.net 00:00:00.64]       Actual:   False
[xUnit.net 00:00:00.64]       Stack Trace:
[xUnit.net 00:00:00.64]         C:\Users\rolfe\git\own\Villa-Annunziata\hotelDroid\tests\HotelDroid.Api.Tests\Integration\RoomsApiTests.cs(807,0): at HotelDroid.Api.Tests.Integration.LedgerApiTests.GetLedgerSnapshot_Returns200Ok()
[xUnit.net 00:00:00.64]         --- End of stack trace from previous location ---
fail: Microsoft.AspNetCore.Diagnostics.DeveloperExceptionPageMiddleware[1]
      An unhandled exception has occurred while executing the request.
      System.InvalidOperationException: Failure to infer one or more parameters.
      Below is the list of parameters that we found: 
      Parameter           | Source                        
      ---------------------------------------------------------------------------------
      request             | Body (Inferred)
      store               | UNKNOWN        
      Did you mean to register the "UNKNOWN" parameters as a Service?
         at Microsoft.AspNetCore.Http.RequestDelegateFactory.CreateArguments(ParameterInfo[] parameters, RequestDelegateFactoryContext factoryContext)
         at Microsoft.AspNetCore.Http.RequestDelegateFactory.CreateArgumentsAndInferMetadata(MethodInfo methodInfo, RequestDelegateFactoryContext factoryContext)
         at Microsoft.AspNetCore.Http.RequestDelegateFactory.InferMetadata(MethodInfo methodInfo, RequestDelegateFactoryOptions options)
         at Microsoft.AspNetCore.Routing.RouteEndpointDataSource.CreateRouteEndpointBuilder(RouteEntry entry, RoutePattern groupPrefix, IReadOnlyList`1 groupConventions, IReadOnlyList`1 groupFinallyConventions)
         at Microsoft.AspNetCore.Routing.RouteEndpointDataSource.get_Endpoints()
         at Microsoft.AspNetCore.Routing.CompositeEndpointDataSource.CreateEndpointsUnsynchronized()
         at Microsoft.AspNetCore.Routing.CompositeEndpointDataSource.EnsureEndpointsInitialized()
         at Microsoft.AspNetCore.Routing.CompositeEndpointDataSource.get_Endpoints()
         at Microsoft.AspNetCore.Routing.DataSourceDependentCache`1.Initialize()
         at System.Threading.LazyInitializer.EnsureInitializedCore[T](T& target, Boolean& initialized, Object& syncLock, Func`1 valueFactory)
         at Microsoft.AspNetCore.Routing.Matching.DataSourceDependentMatcher..ctor(EndpointDataSource dataSource, Lifetime lifetime, Func`1 matcherBuilderFactory)
         at Microsoft.AspNetCore.Routing.Matching.DfaMatcherFactory.CreateMatcher(EndpointDataSource dataSource)
         at Microsoft.AspNetCore.Routing.EndpointRoutingMiddleware.InitializeCoreAsync()
      --- End of stack trace from previous location ---
         at Microsoft.AspNetCore.Routing.EndpointRoutingMiddleware.<Invoke>g__AwaitMatcher|10_0(EndpointRoutingMiddleware middleware, HttpContext httpContext, Task`1 matcherTask)
         at Microsoft.AspNetCore.Diagnostics.DeveloperExceptionPageMiddlewareImpl.Invoke(HttpContext context)
info: Microsoft.Hosting.Lifetime[0]
      Application is shutting down...
[xUnit.net 00:00:00.65]     HotelDroid.Api.Tests.Integration.RoomsApiTests.CreateRoom_ZeroCapacity_Returns400BadRequest [FAIL]
[xUnit.net 00:00:00.65]       Assert.Equal() Failure: Values differ
[xUnit.net 00:00:00.65]       Expected: BadRequest
[xUnit.net 00:00:00.65]       Actual:   InternalServerError
[xUnit.net 00:00:00.65]       Stack Trace:
[xUnit.net 00:00:00.65]         C:\Users\rolfe\git\own\Villa-Annunziata\hotelDroid\tests\HotelDroid.Api.Tests\Integration\RoomsApiTests.cs(518,0): at HotelDroid.Api.Tests.Integration.RoomsApiTests.CreateRoom_ZeroCapacity_Returns400BadRequest()
[xUnit.net 00:00:00.65]         --- End of stack trace from previous location ---
info: Microsoft.Hosting.Lifetime[0]
      Application started. Press Ctrl+C to shut down.
info: Microsoft.Hosting.Lifetime[0]
      Hosting environment: Development
info: Microsoft.Hosting.Lifetime[0]
      Content root path: C:\Users\rolfe\git\own\Villa-Annunziata\hotelDroid\src\HotelDroid.Api
fail: Microsoft.AspNetCore.Diagnostics.DeveloperExceptionPageMiddleware[1]
      An unhandled exception has occurred while executing the request.
      System.InvalidOperationException: Failure to infer one or more parameters.
      Below is the list of parameters that we found: 
      Parameter           | Source                        
      ---------------------------------------------------------------------------------
      request             | Body (Inferred)
      store               | UNKNOWN        
      Did you mean to register the "UNKNOWN" parameters as a Service?
         at Microsoft.AspNetCore.Http.RequestDelegateFactory.CreateArguments(ParameterInfo[] parameters, RequestDelegateFactoryContext factoryContext)
         at Microsoft.AspNetCore.Http.RequestDelegateFactory.CreateArgumentsAndInferMetadata(MethodInfo methodInfo, RequestDelegateFactoryContext factoryContext)
         at Microsoft.AspNetCore.Http.RequestDelegateFactory.InferMetadata(MethodInfo methodInfo, RequestDelegateFactoryOptions options)
         at Microsoft.AspNetCore.Routing.RouteEndpointDataSource.CreateRouteEndpointBuilder(RouteEntry entry, RoutePattern groupPrefix, IReadOnlyList`1 groupConventions, IReadOnlyList`1 groupFinallyConventions)
         at Microsoft.AspNetCore.Routing.RouteEndpointDataSource.get_Endpoints()
         at Microsoft.AspNetCore.Routing.CompositeEndpointDataSource.CreateEndpointsUnsynchronized()
         at Microsoft.AspNetCore.Routing.CompositeEndpointDataSource.EnsureEndpointsInitialized()
         at Microsoft.AspNetCore.Routing.CompositeEndpointDataSource.get_Endpoints()
         at Microsoft.AspNetCore.Routing.DataSourceDependentCache`1.Initialize()
         at System.Threading.LazyInitializer.EnsureInitializedCore[T](T& target, Boolean& initialized, Object& syncLock, Func`1 valueFactory)
         at Microsoft.AspNetCore.Routing.Matching.DataSourceDependentMatcher..ctor(EndpointDataSource dataSource, Lifetime lifetime, Func`1 matcherBuilderFactory)
         at Microsoft.AspNetCore.Routing.Matching.DfaMatcherFactory.CreateMatcher(EndpointDataSource dataSource)
         at Microsoft.AspNetCore.Routing.EndpointRoutingMiddleware.InitializeCoreAsync()
      --- End of stack trace from previous location ---
         at Microsoft.AspNetCore.Routing.EndpointRoutingMiddleware.<Invoke>g__AwaitMatcher|10_0(EndpointRoutingMiddleware middleware, HttpContext httpContext, Task`1 matcherTask)
         at Microsoft.AspNetCore.Diagnostics.DeveloperExceptionPageMiddlewareImpl.Invoke(HttpContext context)
info: Microsoft.Hosting.Lifetime[0]
      Application is shutting down...
[xUnit.net 00:00:00.69]     HotelDroid.Api.Tests.Integration.RoomsApiTests.GetRoom_ByIdReturns200Ok [FAIL]
[xUnit.net 00:00:00.69]       System.Text.Json.JsonException : 'S' is an invalid start of a value. Path: $ | LineNumber: 0 | BytePositionInLine: 0.
[xUnit.net 00:00:00.69]       ---- System.Text.Json.JsonReaderException : 'S' is an invalid start of a value. LineNumber: 0 | BytePositionInLine: 0.
[xUnit.net 00:00:00.69]       Stack Trace:
[xUnit.net 00:00:00.69]            at System.Text.Json.ThrowHelper.ReThrowWithPath(ReadStack& state, JsonReaderException ex)
[xUnit.net 00:00:00.69]            at System.Text.Json.Serialization.JsonConverter`1.ReadCore(Utf8JsonReader& reader, T& value, JsonSerializerOptions options, ReadStack& state)
[xUnit.net 00:00:00.69]            at System.Text.Json.Serialization.Metadata.JsonTypeInfo`1.Deserialize(Utf8JsonReader& reader, ReadStack& state)
[xUnit.net 00:00:00.69]            at System.Text.Json.JsonSerializer.ReadFromSpan[TValue](ReadOnlySpan`1 utf8Json, JsonTypeInfo`1 jsonTypeInfo, Nullable`1 actualByteCount)
[xUnit.net 00:00:00.69]            at System.Text.Json.JsonSerializer.ReadFromSpan[TValue](ReadOnlySpan`1 json, JsonTypeInfo`1 jsonTypeInfo)
[xUnit.net 00:00:00.69]            at System.Text.Json.JsonSerializer.Deserialize[TValue](String json, JsonSerializerOptions options)
[xUnit.net 00:00:00.69]         C:\Users\rolfe\git\own\Villa-Annunziata\hotelDroid\tests\HotelDroid.Api.Tests\Integration\RoomsApiTests.cs(181,0): at HotelDroid.Api.Tests.Integration.RoomsApiTests.GetRoom_ByIdReturns200Ok()
[xUnit.net 00:00:00.69]         --- End of stack trace from previous location ---
[xUnit.net 00:00:00.69]         ----- Inner Stack Trace -----
[xUnit.net 00:00:00.69]            at System.Text.Json.ThrowHelper.ThrowJsonReaderException(Utf8JsonReader& json, ExceptionResource resource, Byte nextByte, ReadOnlySpan`1 bytes)
[xUnit.net 00:00:00.69]            at System.Text.Json.Utf8JsonReader.ConsumeValue(Byte marker)
[xUnit.net 00:00:00.69]            at System.Text.Json.Utf8JsonReader.ReadFirstToken(Byte first)
[xUnit.net 00:00:00.69]            at System.Text.Json.Utf8JsonReader.ReadSingleSegment()
[xUnit.net 00:00:00.69]            at System.Text.Json.Utf8JsonReader.Read()
[xUnit.net 00:00:00.69]            at System.Text.Json.Serialization.JsonConverter`1.ReadCore(Utf8JsonReader& reader, T& value, JsonSerializerOptions options, ReadStack& state)
  Passed HotelDroid.Api.Services.Tests.FileKeyValueStoreFileSystemTests.CreateAsync_CreatesFileOnDisk [15 ms]
  Failed HotelDroid.Api.Tests.Integration.LedgerApiTests.GetLedgerSnapshot_Returns200Ok [25 ms]
  Error Message:
   Assert.True() Failure
Expected: True
Actual:   False
  Stack Trace:
     at HotelDroid.Api.Tests.Integration.LedgerApiTests.GetLedgerSnapshot_Returns200Ok() in C:\Users\rolfe\git\own\Villa-Annunziata\hotelDroid\tests\HotelDroid.Api.Tests\Integration\RoomsApiTests.cs:line 807
--- End of stack trace from previous location ---
  Failed HotelDroid.Api.Tests.Integration.RoomsApiTests.CreateRoom_ZeroCapacity_Returns400BadRequest [35 ms]
  Error Message:
   Assert.Equal() Failure: Values differ
Expected: BadRequest
Actual:   InternalServerError
  Stack Trace:
     at HotelDroid.Api.Tests.Integration.RoomsApiTests.CreateRoom_ZeroCapacity_Returns400BadRequest() in C:\Users\rolfe\git\own\Villa-Annunziata\hotelDroid\tests\HotelDroid.Api.Tests\Integration\RoomsApiTests.cs:line 518
--- End of stack trace from previous location ---
  Passed HotelDroid.Api.Services.Tests.FileKeyValueStoreTests.ListAsync_ReturnsAllDocuments [92 ms]
  Passed HotelDroid.Api.Services.Tests.FileKeyValueStoreTests.GetAsync_ReturnsNullWhenNotFound [< 1 ms]
  Failed HotelDroid.Api.Tests.Integration.RoomsApiTests.GetRoom_ByIdReturns200Ok [20 ms]
  Error Message:
   System.Text.Json.JsonException : 'S' is an invalid start of a value. Path: $ | LineNumber: 0 | BytePositionInLine: 0.
---- System.Text.Json.JsonReaderException : 'S' is an invalid start of a value. LineNumber: 0 | BytePositionInLine: 0.
  Stack Trace:
     at System.Text.Json.ThrowHelper.ReThrowWithPath(ReadStack& state, JsonReaderException ex)
   at System.Text.Json.Serialization.JsonConverter`1.ReadCore(Utf8JsonReader& reader, T& value, JsonSerializerOptions options, ReadStack& state)
   at System.Text.Json.Serialization.Metadata.JsonTypeInfo`1.Deserialize(Utf8JsonReader& reader, ReadStack& state)
   at System.Text.Json.JsonSerializer.ReadFromSpan[TValue](ReadOnlySpan`1 utf8Json, JsonTypeInfo`1 jsonTypeInfo, Nullable`1 actualByteCount)
   at System.Text.Json.JsonSerializer.ReadFromSpan[TValue](ReadOnlySpan`1 json, JsonTypeInfo`1 jsonTypeInfo)
   at System.Text.Json.JsonSerializer.Deserialize[TValue](String json, JsonSerializerOptions options)
   at HotelDroid.Api.Tests.Integration.RoomsApiTests.GetRoom_ByIdReturns200Ok() in C:\Users\rolfe\git\own\Villa-Annunziata\hotelDroid\tests\HotelDroid.Api.Tests\Integration\RoomsApiTests.cs:line 181
--- End of stack trace from previous location ---
----- Inner Stack Trace -----
   at System.Text.Json.ThrowHelper.ThrowJsonReaderException(Utf8JsonReader& json, ExceptionResource resource, Byte nextByte, ReadOnlySpan`1 bytes)
   at System.Text.Json.Utf8JsonReader.ConsumeValue(Byte marker)
   at System.Text.Json.Utf8JsonReader.ReadFirstToken(Byte first)
   at System.Text.Json.Utf8JsonReader.ReadSingleSegment()
   at System.Text.Json.Utf8JsonReader.Read()
   at System.Text.Json.Serialization.JsonConverter`1.ReadCore(Utf8JsonReader& reader, T& value, JsonSerializerOptions options, ReadStack& state)
  Passed HotelDroid.Api.Services.Tests.FileKeyValueStoreFileSystemTests.RebuildIndexAsync_ScansAllFilesOnDisk [65 ms]
info: Microsoft.Hosting.Lifetime[0]
      Application started. Press Ctrl+C to shut down.
info: Microsoft.Hosting.Lifetime[0]
      Hosting environment: Development
info: Microsoft.Hosting.Lifetime[0]
      Content root path: C:\Users\rolfe\git\own\Villa-Annunziata\hotelDroid\src\HotelDroid.Api
fail: Microsoft.AspNetCore.Diagnostics.DeveloperExceptionPageMiddleware[1]
      An unhandled exception has occurred while executing the request.
      System.InvalidOperationException: Failure to infer one or more parameters.
      Below is the list of parameters that we found: 
      Parameter           | Source                        
      ---------------------------------------------------------------------------------
      request             | Body (Inferred)
      store               | UNKNOWN        
      Did you mean to register the "UNKNOWN" parameters as a Service?
         at Microsoft.AspNetCore.Http.RequestDelegateFactory.CreateArguments(ParameterInfo[] parameters, RequestDelegateFactoryContext factoryContext)
         at Microsoft.AspNetCore.Http.RequestDelegateFactory.CreateArgumentsAndInferMetadata(MethodInfo methodInfo, RequestDelegateFactoryContext factoryContext)
         at Microsoft.AspNetCore.Http.RequestDelegateFactory.InferMetadata(MethodInfo methodInfo, RequestDelegateFactoryOptions options)
         at Microsoft.AspNetCore.Routing.RouteEndpointDataSource.CreateRouteEndpointBuilder(RouteEntry entry, RoutePattern groupPrefix, IReadOnlyList`1 groupConventions, IReadOnlyList`1 groupFinallyConventions)
         at Microsoft.AspNetCore.Routing.RouteEndpointDataSource.get_Endpoints()
         at Microsoft.AspNetCore.Routing.CompositeEndpointDataSource.CreateEndpointsUnsynchronized()
         at Microsoft.AspNetCore.Routing.CompositeEndpointDataSource.EnsureEndpointsInitialized()
         at Microsoft.AspNetCore.Routing.CompositeEndpointDataSource.get_Endpoints()
         at Microsoft.AspNetCore.Routing.DataSourceDependentCache`1.Initialize()
         at System.Threading.LazyInitializer.EnsureInitializedCore[T](T& target, Boolean& initialized, Object& syncLock, Func`1 valueFactory)
         at Microsoft.AspNetCore.Routing.Matching.DataSourceDependentMatcher..ctor(EndpointDataSource dataSource, Lifetime lifetime, Func`1 matcherBuilderFactory)
         at Microsoft.AspNetCore.Routing.Matching.DfaMatcherFactory.CreateMatcher(EndpointDataSource dataSource)
         at Microsoft.AspNetCore.Routing.EndpointRoutingMiddleware.InitializeCoreAsync()
      --- End of stack trace from previous location ---
         at Microsoft.AspNetCore.Routing.EndpointRoutingMiddleware.<Invoke>g__AwaitMatcher|10_0(EndpointRoutingMiddleware middleware, HttpContext httpContext, Task`1 matcherTask)
         at Microsoft.AspNetCore.Diagnostics.DeveloperExceptionPageMiddlewareImpl.Invoke(HttpContext context)
fail: Microsoft.AspNetCore.Diagnostics.DeveloperExceptionPageMiddleware[1]
      An unhandled exception has occurred while executing the request.
      System.InvalidOperationException: Failure to infer one or more parameters.
      Below is the list of parameters that we found: 
      Parameter           | Source                        
      ---------------------------------------------------------------------------------
      request             | Body (Inferred)
      store               | UNKNOWN        
      Did you mean to register the "UNKNOWN" parameters as a Service?
         at Microsoft.AspNetCore.Http.RequestDelegateFactory.CreateArguments(ParameterInfo[] parameters, RequestDelegateFactoryContext factoryContext)
         at Microsoft.AspNetCore.Http.RequestDelegateFactory.CreateArgumentsAndInferMetadata(MethodInfo methodInfo, RequestDelegateFactoryContext factoryContext)
         at Microsoft.AspNetCore.Http.RequestDelegateFactory.InferMetadata(MethodInfo methodInfo, RequestDelegateFactoryOptions options)
         at Microsoft.AspNetCore.Routing.RouteEndpointDataSource.CreateRouteEndpointBuilder(RouteEntry entry, RoutePattern groupPrefix, IReadOnlyList`1 groupConventions, IReadOnlyList`1 groupFinallyConventions)
         at Microsoft.AspNetCore.Routing.RouteEndpointDataSource.get_Endpoints()
         at Microsoft.AspNetCore.Routing.CompositeEndpointDataSource.CreateEndpointsUnsynchronized()
         at Microsoft.AspNetCore.Routing.CompositeEndpointDataSource.EnsureEndpointsInitialized()
         at Microsoft.AspNetCore.Routing.CompositeEndpointDataSource.get_Endpoints()
         at Microsoft.AspNetCore.Routing.DataSourceDependentCache`1.Initialize()
         at System.Threading.LazyInitializer.EnsureInitializedCore[T](T& target, Boolean& initialized, Object& syncLock, Func`1 valueFactory)
         at Microsoft.AspNetCore.Routing.Matching.DataSourceDependentMatcher..ctor(EndpointDataSource dataSource, Lifetime lifetime, Func`1 matcherBuilderFactory)
         at Microsoft.AspNetCore.Routing.Matching.DfaMatcherFactory.CreateMatcher(EndpointDataSource dataSource)
         at Microsoft.AspNetCore.Routing.EndpointRoutingMiddleware.InitializeCoreAsync()
      --- End of stack trace from previous location ---
         at Microsoft.AspNetCore.Routing.EndpointRoutingMiddleware.<Invoke>g__AwaitMatcher|10_0(EndpointRoutingMiddleware middleware, HttpContext httpContext, Task`1 matcherTask)
         at Microsoft.AspNetCore.Diagnostics.DeveloperExceptionPageMiddlewareImpl.Invoke(HttpContext context)
fail: Microsoft.AspNetCore.Diagnostics.DeveloperExceptionPageMiddleware[1]
      An unhandled exception has occurred while executing the request.
      System.InvalidOperationException: Failure to infer one or more parameters.
      Below is the list of parameters that we found: 
      Parameter           | Source                        
      ---------------------------------------------------------------------------------
      request             | Body (Inferred)
      store               | UNKNOWN        
      Did you mean to register the "UNKNOWN" parameters as a Service?
         at Microsoft.AspNetCore.Http.RequestDelegateFactory.CreateArguments(ParameterInfo[] parameters, RequestDelegateFactoryContext factoryContext)
         at Microsoft.AspNetCore.Http.RequestDelegateFactory.CreateArgumentsAndInferMetadata(MethodInfo methodInfo, RequestDelegateFactoryContext factoryContext)
         at Microsoft.AspNetCore.Http.RequestDelegateFactory.InferMetadata(MethodInfo methodInfo, RequestDelegateFactoryOptions options)
         at Microsoft.AspNetCore.Routing.RouteEndpointDataSource.CreateRouteEndpointBuilder(RouteEntry entry, RoutePattern groupPrefix, IReadOnlyList`1 groupConventions, IReadOnlyList`1 groupFinallyConventions)
         at Microsoft.AspNetCore.Routing.RouteEndpointDataSource.get_Endpoints()
         at Microsoft.AspNetCore.Routing.CompositeEndpointDataSource.CreateEndpointsUnsynchronized()
         at Microsoft.AspNetCore.Routing.CompositeEndpointDataSource.EnsureEndpointsInitialized()
         at Microsoft.AspNetCore.Routing.CompositeEndpointDataSource.get_Endpoints()
         at Microsoft.AspNetCore.Routing.DataSourceDependentCache`1.Initialize()
         at System.Threading.LazyInitializer.EnsureInitializedCore[T](T& target, Boolean& initialized, Object& syncLock, Func`1 valueFactory)
         at Microsoft.AspNetCore.Routing.Matching.DataSourceDependentMatcher..ctor(EndpointDataSource dataSource, Lifetime lifetime, Func`1 matcherBuilderFactory)
         at Microsoft.AspNetCore.Routing.Matching.DfaMatcherFactory.CreateMatcher(EndpointDataSource dataSource)
         at Microsoft.AspNetCore.Routing.EndpointRoutingMiddleware.InitializeCoreAsync()
      --- End of stack trace from previous location ---
         at Microsoft.AspNetCore.Routing.EndpointRoutingMiddleware.<Invoke>g__AwaitMatcher|10_0(EndpointRoutingMiddleware middleware, HttpContext httpContext, Task`1 matcherTask)
         at Microsoft.AspNetCore.Diagnostics.DeveloperExceptionPageMiddlewareImpl.Invoke(HttpContext context)
fail: Microsoft.AspNetCore.Diagnostics.DeveloperExceptionPageMiddleware[1]
      An unhandled exception has occurred while executing the request.
      System.InvalidOperationException: Failure to infer one or more parameters.
      Below is the list of parameters that we found: 
      Parameter           | Source                        
      ---------------------------------------------------------------------------------
      request             | Body (Inferred)
      store               | UNKNOWN        
      Did you mean to register the "UNKNOWN" parameters as a Service?
         at Microsoft.AspNetCore.Http.RequestDelegateFactory.CreateArguments(ParameterInfo[] parameters, RequestDelegateFactoryContext factoryContext)
         at Microsoft.AspNetCore.Http.RequestDelegateFactory.CreateArgumentsAndInferMetadata(MethodInfo methodInfo, RequestDelegateFactoryContext factoryContext)
         at Microsoft.AspNetCore.Http.RequestDelegateFactory.InferMetadata(MethodInfo methodInfo, RequestDelegateFactoryOptions options)
         at Microsoft.AspNetCore.Routing.RouteEndpointDataSource.CreateRouteEndpointBuilder(RouteEntry entry, RoutePattern groupPrefix, IReadOnlyList`1 groupConventions, IReadOnlyList`1 groupFinallyConventions)
         at Microsoft.AspNetCore.Routing.RouteEndpointDataSource.get_Endpoints()
         at Microsoft.AspNetCore.Routing.CompositeEndpointDataSource.CreateEndpointsUnsynchronized()
         at Microsoft.AspNetCore.Routing.CompositeEndpointDataSource.EnsureEndpointsInitialized()
         at Microsoft.AspNetCore.Routing.CompositeEndpointDataSource.get_Endpoints()
         at Microsoft.AspNetCore.Routing.DataSourceDependentCache`1.Initialize()
         at System.Threading.LazyInitializer.EnsureInitializedCore[T](T& target, Boolean& initialized, Object& syncLock, Func`1 valueFactory)
         at Microsoft.AspNetCore.Routing.Matching.DataSourceDependentMatcher..ctor(EndpointDataSource dataSource, Lifetime lifetime, Func`1 matcherBuilderFactory)
         at Microsoft.AspNetCore.Routing.Matching.DfaMatcherFactory.CreateMatcher(EndpointDataSource dataSource)
         at Microsoft.AspNetCore.Routing.EndpointRoutingMiddleware.InitializeCoreAsync()
      --- End of stack trace from previous location ---
         at Microsoft.AspNetCore.Routing.EndpointRoutingMiddleware.<Invoke>g__AwaitMatcher|10_0(EndpointRoutingMiddleware middleware, HttpContext httpContext, Task`1 matcherTask)
         at Microsoft.AspNetCore.Diagnostics.DeveloperExceptionPageMiddlewareImpl.Invoke(HttpContext context)
info: Microsoft.Hosting.Lifetime[0]
      Application is shutting down...
[xUnit.net 00:00:00.76]     HotelDroid.Api.Tests.Integration.RoomsApiTests.NeighboringRooms_CanBeListed_AndRetrieved [FAIL]
[xUnit.net 00:00:00.76]       Assert.Equal() Failure: Values differ
[xUnit.net 00:00:00.76]       Expected: OK
[xUnit.net 00:00:00.76]       Actual:   InternalServerError
[xUnit.net 00:00:00.76]       Stack Trace:
[xUnit.net 00:00:00.76]         C:\Users\rolfe\git\own\Villa-Annunziata\hotelDroid\tests\HotelDroid.Api.Tests\Integration\RoomsApiTests.cs(603,0): at HotelDroid.Api.Tests.Integration.RoomsApiTests.NeighboringRooms_CanBeListed_AndRetrieved()
[xUnit.net 00:00:00.76]         --- End of stack trace from previous location ---
info: Microsoft.Hosting.Lifetime[0]
      Application started. Press Ctrl+C to shut down.
info: Microsoft.Hosting.Lifetime[0]
      Hosting environment: Development
info: Microsoft.Hosting.Lifetime[0]
      Content root path: C:\Users\rolfe\git\own\Villa-Annunziata\hotelDroid\src\HotelDroid.Api
  Passed HotelDroid.Api.Services.Tests.FileKeyValueStoreTests.DeleteAsync_RemovesDocument [29 ms]
  Passed HotelDroid.Api.Services.Tests.FileKeyValueStoreTests.GetIndexAsync_ReturnsIndexMapping [33 ms]
  Failed HotelDroid.Api.Tests.Integration.RoomsApiTests.NeighboringRooms_CanBeListed_AndRetrieved [53 ms]
  Error Message:
   Assert.Equal() Failure: Values differ
Expected: OK
Actual:   InternalServerError
  Stack Trace:
     at HotelDroid.Api.Tests.Integration.RoomsApiTests.NeighboringRooms_CanBeListed_AndRetrieved() in C:\Users\rolfe\git\own\Villa-Annunziata\hotelDroid\tests\HotelDroid.Api.Tests\Integration\RoomsApiTests.cs:line 603
--- End of stack trace from previous location ---
  Passed HotelDroid.Api.Services.Tests.FileKeyValueStoreFileSystemTests.ListAsync_ReadsAllFilesFromDisk [64 ms]
  Passed HotelDroid.Api.Services.Tests.FileKeyValueStoreTests.GetByNameAsync_ReturnsDocument [20 ms]
  Passed HotelDroid.Api.Services.Tests.FileKeyValueStoreTests.ExistsAsync_ReturnsFalseForMissingDocument [< 1 ms]
  Passed HotelDroid.Api.Services.Tests.FileKeyValueStoreFileSystemTests.CreateAsync_CreatesIndexFile [21 ms]
fail: Microsoft.AspNetCore.Diagnostics.DeveloperExceptionPageMiddleware[1]
      An unhandled exception has occurred while executing the request.
      System.InvalidOperationException: Failure to infer one or more parameters.
      Below is the list of parameters that we found: 
      Parameter           | Source                        
      ---------------------------------------------------------------------------------
      request             | Body (Inferred)
      store               | UNKNOWN        
      Did you mean to register the "UNKNOWN" parameters as a Service?
         at Microsoft.AspNetCore.Http.RequestDelegateFactory.CreateArguments(ParameterInfo[] parameters, RequestDelegateFactoryContext factoryContext)
         at Microsoft.AspNetCore.Http.RequestDelegateFactory.CreateArgumentsAndInferMetadata(MethodInfo methodInfo, RequestDelegateFactoryContext factoryContext)
         at Microsoft.AspNetCore.Http.RequestDelegateFactory.InferMetadata(MethodInfo methodInfo, RequestDelegateFactoryOptions options)
         at Microsoft.AspNetCore.Routing.RouteEndpointDataSource.CreateRouteEndpointBuilder(RouteEntry entry, RoutePattern groupPrefix, IReadOnlyList`1 groupConventions, IReadOnlyList`1 groupFinallyConventions)
         at Microsoft.AspNetCore.Routing.RouteEndpointDataSource.get_Endpoints()
         at Microsoft.AspNetCore.Routing.CompositeEndpointDataSource.CreateEndpointsUnsynchronized()
         at Microsoft.AspNetCore.Routing.CompositeEndpointDataSource.EnsureEndpointsInitialized()
         at Microsoft.AspNetCore.Routing.CompositeEndpointDataSource.get_Endpoints()
         at Microsoft.AspNetCore.Routing.DataSourceDependentCache`1.Initialize()
         at System.Threading.LazyInitializer.EnsureInitializedCore[T](T& target, Boolean& initialized, Object& syncLock, Func`1 valueFactory)
         at Microsoft.AspNetCore.Routing.Matching.DataSourceDependentMatcher..ctor(EndpointDataSource dataSource, Lifetime lifetime, Func`1 matcherBuilderFactory)
         at Microsoft.AspNetCore.Routing.Matching.DfaMatcherFactory.CreateMatcher(EndpointDataSource dataSource)
         at Microsoft.AspNetCore.Routing.EndpointRoutingMiddleware.InitializeCoreAsync()
      --- End of stack trace from previous location ---
         at Microsoft.AspNetCore.Routing.EndpointRoutingMiddleware.<Invoke>g__AwaitMatcher|10_0(EndpointRoutingMiddleware middleware, HttpContext httpContext, Task`1 matcherTask)
         at Microsoft.AspNetCore.Diagnostics.DeveloperExceptionPageMiddlewareImpl.Invoke(HttpContext context)
info: Microsoft.Hosting.Lifetime[0]
      Application is shutting down...
[xUnit.net 00:00:00.80]     HotelDroid.Api.Tests.Integration.RoomsApiTests.CreateRoom_MissingName_Returns400BadRequest [FAIL]
[xUnit.net 00:00:00.80]       Assert.Equal() Failure: Values differ
[xUnit.net 00:00:00.80]       Expected: BadRequest
[xUnit.net 00:00:00.80]       Actual:   InternalServerError
[xUnit.net 00:00:00.80]       Stack Trace:
[xUnit.net 00:00:00.80]         C:\Users\rolfe\git\own\Villa-Annunziata\hotelDroid\tests\HotelDroid.Api.Tests\Integration\RoomsApiTests.cs(503,0): at HotelDroid.Api.Tests.Integration.RoomsApiTests.CreateRoom_MissingName_Returns400BadRequest()
[xUnit.net 00:00:00.80]         --- End of stack trace from previous location ---
info: Microsoft.Hosting.Lifetime[0]
      Application started. Press Ctrl+C to shut down.
info: Microsoft.Hosting.Lifetime[0]
      Hosting environment: Development
info: Microsoft.Hosting.Lifetime[0]
      Content root path: C:\Users\rolfe\git\own\Villa-Annunziata\hotelDroid\src\HotelDroid.Api
fail: Microsoft.AspNetCore.Diagnostics.DeveloperExceptionPageMiddleware[1]
      An unhandled exception has occurred while executing the request.
      System.InvalidOperationException: Failure to infer one or more parameters.
      Below is the list of parameters that we found: 
      Parameter           | Source                        
      ---------------------------------------------------------------------------------
      request             | Body (Inferred)
      store               | UNKNOWN        
      Did you mean to register the "UNKNOWN" parameters as a Service?
         at Microsoft.AspNetCore.Http.RequestDelegateFactory.CreateArguments(ParameterInfo[] parameters, RequestDelegateFactoryContext factoryContext)
         at Microsoft.AspNetCore.Http.RequestDelegateFactory.CreateArgumentsAndInferMetadata(MethodInfo methodInfo, RequestDelegateFactoryContext factoryContext)
         at Microsoft.AspNetCore.Http.RequestDelegateFactory.InferMetadata(MethodInfo methodInfo, RequestDelegateFactoryOptions options)
         at Microsoft.AspNetCore.Routing.RouteEndpointDataSource.CreateRouteEndpointBuilder(RouteEntry entry, RoutePattern groupPrefix, IReadOnlyList`1 groupConventions, IReadOnlyList`1 groupFinallyConventions)
         at Microsoft.AspNetCore.Routing.RouteEndpointDataSource.get_Endpoints()
         at Microsoft.AspNetCore.Routing.CompositeEndpointDataSource.CreateEndpointsUnsynchronized()
         at Microsoft.AspNetCore.Routing.CompositeEndpointDataSource.EnsureEndpointsInitialized()
         at Microsoft.AspNetCore.Routing.CompositeEndpointDataSource.get_Endpoints()
         at Microsoft.AspNetCore.Routing.DataSourceDependentCache`1.Initialize()
         at System.Threading.LazyInitializer.EnsureInitializedCore[T](T& target, Boolean& initialized, Object& syncLock, Func`1 valueFactory)
         at Microsoft.AspNetCore.Routing.Matching.DataSourceDependentMatcher..ctor(EndpointDataSource dataSource, Lifetime lifetime, Func`1 matcherBuilderFactory)
         at Microsoft.AspNetCore.Routing.Matching.DfaMatcherFactory.CreateMatcher(EndpointDataSource dataSource)
         at Microsoft.AspNetCore.Routing.EndpointRoutingMiddleware.InitializeCoreAsync()
      --- End of stack trace from previous location ---
         at Microsoft.AspNetCore.Routing.EndpointRoutingMiddleware.<Invoke>g__AwaitMatcher|10_0(EndpointRoutingMiddleware middleware, HttpContext httpContext, Task`1 matcherTask)
         at Microsoft.AspNetCore.Diagnostics.DeveloperExceptionPageMiddlewareImpl.Invoke(HttpContext context)
fail: Microsoft.AspNetCore.Diagnostics.DeveloperExceptionPageMiddleware[1]
      An unhandled exception has occurred while executing the request.
      System.InvalidOperationException: Failure to infer one or more parameters.
      Below is the list of parameters that we found: 
      Parameter           | Source                        
      ---------------------------------------------------------------------------------
      request             | Body (Inferred)
      store               | UNKNOWN        
      Did you mean to register the "UNKNOWN" parameters as a Service?
         at Microsoft.AspNetCore.Http.RequestDelegateFactory.CreateArguments(ParameterInfo[] parameters, RequestDelegateFactoryContext factoryContext)
         at Microsoft.AspNetCore.Http.RequestDelegateFactory.CreateArgumentsAndInferMetadata(MethodInfo methodInfo, RequestDelegateFactoryContext factoryContext)
         at Microsoft.AspNetCore.Http.RequestDelegateFactory.InferMetadata(MethodInfo methodInfo, RequestDelegateFactoryOptions options)
         at Microsoft.AspNetCore.Routing.RouteEndpointDataSource.CreateRouteEndpointBuilder(RouteEntry entry, RoutePattern groupPrefix, IReadOnlyList`1 groupConventions, IReadOnlyList`1 groupFinallyConventions)
         at Microsoft.AspNetCore.Routing.RouteEndpointDataSource.get_Endpoints()
         at Microsoft.AspNetCore.Routing.CompositeEndpointDataSource.CreateEndpointsUnsynchronized()
         at Microsoft.AspNetCore.Routing.CompositeEndpointDataSource.EnsureEndpointsInitialized()
         at Microsoft.AspNetCore.Routing.CompositeEndpointDataSource.get_Endpoints()
         at Microsoft.AspNetCore.Routing.DataSourceDependentCache`1.Initialize()
         at System.Threading.LazyInitializer.EnsureInitializedCore[T](T& target, Boolean& initialized, Object& syncLock, Func`1 valueFactory)
         at Microsoft.AspNetCore.Routing.Matching.DataSourceDependentMatcher..ctor(EndpointDataSource dataSource, Lifetime lifetime, Func`1 matcherBuilderFactory)
         at Microsoft.AspNetCore.Routing.Matching.DfaMatcherFactory.CreateMatcher(EndpointDataSource dataSource)
         at Microsoft.AspNetCore.Routing.EndpointRoutingMiddleware.InitializeCoreAsync()
      --- End of stack trace from previous location ---
         at Microsoft.AspNetCore.Routing.EndpointRoutingMiddleware.<Invoke>g__AwaitMatcher|10_0(EndpointRoutingMiddleware middleware, HttpContext httpContext, Task`1 matcherTask)
         at Microsoft.AspNetCore.Diagnostics.DeveloperExceptionPageMiddlewareImpl.Invoke(HttpContext context)
info: Microsoft.Hosting.Lifetime[0]
      Application is shutting down...
[xUnit.net 00:00:00.87]     HotelDroid.Api.Tests.Integration.RoomsApiTests.CreateRoom_DuplicateName_Returns409Conflict [FAIL]
[xUnit.net 00:00:00.87]       Assert.Equal() Failure: Values differ
[xUnit.net 00:00:00.87]       Expected: Conflict
[xUnit.net 00:00:00.87]       Actual:   InternalServerError
[xUnit.net 00:00:00.87]       Stack Trace:
[xUnit.net 00:00:00.87]         C:\Users\rolfe\git\own\Villa-Annunziata\hotelDroid\tests\HotelDroid.Api.Tests\Integration\RoomsApiTests.cs(552,0): at HotelDroid.Api.Tests.Integration.RoomsApiTests.CreateRoom_DuplicateName_Returns409Conflict()
[xUnit.net 00:00:00.87]         --- End of stack trace from previous location ---
info: Microsoft.Hosting.Lifetime[0]
      Application started. Press Ctrl+C to shut down.
info: Microsoft.Hosting.Lifetime[0]
      Hosting environment: Development
info: Microsoft.Hosting.Lifetime[0]
      Content root path: C:\Users\rolfe\git\own\Villa-Annunziata\hotelDroid\src\HotelDroid.Api
fail: Microsoft.AspNetCore.Diagnostics.DeveloperExceptionPageMiddleware[1]
      An unhandled exception has occurred while executing the request.
      System.InvalidOperationException: Failure to infer one or more parameters.
      Below is the list of parameters that we found: 
      Parameter           | Source                        
      ---------------------------------------------------------------------------------
      request             | Body (Inferred)
      store               | UNKNOWN        
      Did you mean to register the "UNKNOWN" parameters as a Service?
         at Microsoft.AspNetCore.Http.RequestDelegateFactory.CreateArguments(ParameterInfo[] parameters, RequestDelegateFactoryContext factoryContext)
         at Microsoft.AspNetCore.Http.RequestDelegateFactory.CreateArgumentsAndInferMetadata(MethodInfo methodInfo, RequestDelegateFactoryContext factoryContext)
         at Microsoft.AspNetCore.Http.RequestDelegateFactory.InferMetadata(MethodInfo methodInfo, RequestDelegateFactoryOptions options)
         at Microsoft.AspNetCore.Routing.RouteEndpointDataSource.CreateRouteEndpointBuilder(RouteEntry entry, RoutePattern groupPrefix, IReadOnlyList`1 groupConventions, IReadOnlyList`1 groupFinallyConventions)
         at Microsoft.AspNetCore.Routing.RouteEndpointDataSource.get_Endpoints()
         at Microsoft.AspNetCore.Routing.CompositeEndpointDataSource.CreateEndpointsUnsynchronized()
         at Microsoft.AspNetCore.Routing.CompositeEndpointDataSource.EnsureEndpointsInitialized()
         at Microsoft.AspNetCore.Routing.CompositeEndpointDataSource.get_Endpoints()
         at Microsoft.AspNetCore.Routing.DataSourceDependentCache`1.Initialize()
         at System.Threading.LazyInitializer.EnsureInitializedCore[T](T& target, Boolean& initialized, Object& syncLock, Func`1 valueFactory)
         at Microsoft.AspNetCore.Routing.Matching.DataSourceDependentMatcher..ctor(EndpointDataSource dataSource, Lifetime lifetime, Func`1 matcherBuilderFactory)
         at Microsoft.AspNetCore.Routing.Matching.DfaMatcherFactory.CreateMatcher(EndpointDataSource dataSource)
         at Microsoft.AspNetCore.Routing.EndpointRoutingMiddleware.InitializeCoreAsync()
      --- End of stack trace from previous location ---
         at Microsoft.AspNetCore.Routing.EndpointRoutingMiddleware.<Invoke>g__AwaitMatcher|10_0(EndpointRoutingMiddleware middleware, HttpContext httpContext, Task`1 matcherTask)
         at Microsoft.AspNetCore.Diagnostics.DeveloperExceptionPageMiddlewareImpl.Invoke(HttpContext context)
info: Microsoft.Hosting.Lifetime[0]
      Application is shutting down...
[xUnit.net 00:00:00.90]     HotelDroid.Api.Tests.Integration.RoomsApiTests.DeleteRoom_Returns204NoContent [FAIL]
[xUnit.net 00:00:00.90]       System.Text.Json.JsonException : 'S' is an invalid start of a value. Path: $ | LineNumber: 0 | BytePositionInLine: 0.
[xUnit.net 00:00:00.90]       ---- System.Text.Json.JsonReaderException : 'S' is an invalid start of a value. LineNumber: 0 | BytePositionInLine: 0.
[xUnit.net 00:00:00.90]       Stack Trace:
[xUnit.net 00:00:00.90]            at System.Text.Json.ThrowHelper.ReThrowWithPath(ReadStack& state, JsonReaderException ex)
[xUnit.net 00:00:00.90]            at System.Text.Json.Serialization.JsonConverter`1.ReadCore(Utf8JsonReader& reader, T& value, JsonSerializerOptions options, ReadStack& state)
[xUnit.net 00:00:00.90]            at System.Text.Json.Serialization.Metadata.JsonTypeInfo`1.Deserialize(Utf8JsonReader& reader, ReadStack& state)
[xUnit.net 00:00:00.90]            at System.Text.Json.JsonSerializer.ReadFromSpan[TValue](ReadOnlySpan`1 utf8Json, JsonTypeInfo`1 jsonTypeInfo, Nullable`1 actualByteCount)
[xUnit.net 00:00:00.90]            at System.Text.Json.JsonSerializer.ReadFromSpan[TValue](ReadOnlySpan`1 json, JsonTypeInfo`1 jsonTypeInfo)
[xUnit.net 00:00:00.90]            at System.Text.Json.JsonSerializer.Deserialize[TValue](String json, JsonSerializerOptions options)
[xUnit.net 00:00:00.90]         C:\Users\rolfe\git\own\Villa-Annunziata\hotelDroid\tests\HotelDroid.Api.Tests\Integration\RoomsApiTests.cs(283,0): at HotelDroid.Api.Tests.Integration.RoomsApiTests.DeleteRoom_Returns204NoContent()
[xUnit.net 00:00:00.90]         --- End of stack trace from previous location ---
[xUnit.net 00:00:00.90]         ----- Inner Stack Trace -----
[xUnit.net 00:00:00.90]            at System.Text.Json.ThrowHelper.ThrowJsonReaderException(Utf8JsonReader& json, ExceptionResource resource, Byte nextByte, ReadOnlySpan`1 bytes)
[xUnit.net 00:00:00.90]            at System.Text.Json.Utf8JsonReader.ConsumeValue(Byte marker)
[xUnit.net 00:00:00.90]            at System.Text.Json.Utf8JsonReader.ReadFirstToken(Byte first)
[xUnit.net 00:00:00.90]            at System.Text.Json.Utf8JsonReader.ReadSingleSegment()
[xUnit.net 00:00:00.90]            at System.Text.Json.Utf8JsonReader.Read()
[xUnit.net 00:00:00.90]            at System.Text.Json.Serialization.JsonConverter`1.ReadCore(Utf8JsonReader& reader, T& value, JsonSerializerOptions options, ReadStack& state)
info: Microsoft.Hosting.Lifetime[0]
      Application started. Press Ctrl+C to shut down.
info: Microsoft.Hosting.Lifetime[0]
      Hosting environment: Development
info: Microsoft.Hosting.Lifetime[0]
      Content root path: C:\Users\rolfe\git\own\Villa-Annunziata\hotelDroid\src\HotelDroid.Api
fail: Microsoft.AspNetCore.Diagnostics.DeveloperExceptionPageMiddleware[1]
      An unhandled exception has occurred while executing the request.
      System.InvalidOperationException: Failure to infer one or more parameters.
      Below is the list of parameters that we found: 
      Parameter           | Source                        
      ---------------------------------------------------------------------------------
      request             | Body (Inferred)
      store               | UNKNOWN        
      Did you mean to register the "UNKNOWN" parameters as a Service?
         at Microsoft.AspNetCore.Http.RequestDelegateFactory.CreateArguments(ParameterInfo[] parameters, RequestDelegateFactoryContext factoryContext)
         at Microsoft.AspNetCore.Http.RequestDelegateFactory.CreateArgumentsAndInferMetadata(MethodInfo methodInfo, RequestDelegateFactoryContext factoryContext)
         at Microsoft.AspNetCore.Http.RequestDelegateFactory.InferMetadata(MethodInfo methodInfo, RequestDelegateFactoryOptions options)
         at Microsoft.AspNetCore.Routing.RouteEndpointDataSource.CreateRouteEndpointBuilder(RouteEntry entry, RoutePattern groupPrefix, IReadOnlyList`1 groupConventions, IReadOnlyList`1 groupFinallyConventions)
         at Microsoft.AspNetCore.Routing.RouteEndpointDataSource.get_Endpoints()
         at Microsoft.AspNetCore.Routing.CompositeEndpointDataSource.CreateEndpointsUnsynchronized()
         at Microsoft.AspNetCore.Routing.CompositeEndpointDataSource.EnsureEndpointsInitialized()
         at Microsoft.AspNetCore.Routing.CompositeEndpointDataSource.get_Endpoints()
         at Microsoft.AspNetCore.Routing.DataSourceDependentCache`1.Initialize()
         at System.Threading.LazyInitializer.EnsureInitializedCore[T](T& target, Boolean& initialized, Object& syncLock, Func`1 valueFactory)
         at Microsoft.AspNetCore.Routing.Matching.DataSourceDependentMatcher..ctor(EndpointDataSource dataSource, Lifetime lifetime, Func`1 matcherBuilderFactory)
         at Microsoft.AspNetCore.Routing.Matching.DfaMatcherFactory.CreateMatcher(EndpointDataSource dataSource)
         at Microsoft.AspNetCore.Routing.EndpointRoutingMiddleware.InitializeCoreAsync()
      --- End of stack trace from previous location ---
         at Microsoft.AspNetCore.Routing.EndpointRoutingMiddleware.<Invoke>g__AwaitMatcher|10_0(EndpointRoutingMiddleware middleware, HttpContext httpContext, Task`1 matcherTask)
         at Microsoft.AspNetCore.Diagnostics.DeveloperExceptionPageMiddlewareImpl.Invoke(HttpContext context)
info: Microsoft.Hosting.Lifetime[0]
      Application is shutting down...
[xUnit.net 00:00:00.93]     HotelDroid.Api.Tests.Integration.RoomsApiTests.UpdateRoom_WithPartialFields_PreservesOtherFields [FAIL]
[xUnit.net 00:00:00.93]       System.Text.Json.JsonException : 'S' is an invalid start of a value. Path: $ | LineNumber: 0 | BytePositionInLine: 0.
[xUnit.net 00:00:00.93]       ---- System.Text.Json.JsonReaderException : 'S' is an invalid start of a value. LineNumber: 0 | BytePositionInLine: 0.
[xUnit.net 00:00:00.93]       Stack Trace:
[xUnit.net 00:00:00.93]            at System.Text.Json.ThrowHelper.ReThrowWithPath(ReadStack& state, JsonReaderException ex)
[xUnit.net 00:00:00.93]            at System.Text.Json.Serialization.JsonConverter`1.ReadCore(Utf8JsonReader& reader, T& value, JsonSerializerOptions options, ReadStack& state)
[xUnit.net 00:00:00.93]            at System.Text.Json.Serialization.Metadata.JsonTypeInfo`1.Deserialize(Utf8JsonReader& reader, ReadStack& state)
[xUnit.net 00:00:00.93]            at System.Text.Json.JsonSerializer.ReadFromSpan[TValue](ReadOnlySpan`1 utf8Json, JsonTypeInfo`1 jsonTypeInfo, Nullable`1 actualByteCount)
[xUnit.net 00:00:00.93]            at System.Text.Json.JsonSerializer.ReadFromSpan[TValue](ReadOnlySpan`1 json, JsonTypeInfo`1 jsonTypeInfo)
[xUnit.net 00:00:00.93]            at System.Text.Json.JsonSerializer.Deserialize[TValue](String json, JsonSerializerOptions options)
[xUnit.net 00:00:00.93]         C:\Users\rolfe\git\own\Villa-Annunziata\hotelDroid\tests\HotelDroid.Api.Tests\Integration\RoomsApiTests.cs(465,0): at HotelDroid.Api.Tests.Integration.RoomsApiTests.UpdateRoom_WithPartialFields_PreservesOtherFields()
[xUnit.net 00:00:00.93]         --- End of stack trace from previous location ---
[xUnit.net 00:00:00.93]         ----- Inner Stack Trace -----
[xUnit.net 00:00:00.93]            at System.Text.Json.ThrowHelper.ThrowJsonReaderException(Utf8JsonReader& json, ExceptionResource resource, Byte nextByte, ReadOnlySpan`1 bytes)
[xUnit.net 00:00:00.93]            at System.Text.Json.Utf8JsonReader.ConsumeValue(Byte marker)
[xUnit.net 00:00:00.93]            at System.Text.Json.Utf8JsonReader.ReadFirstToken(Byte first)
[xUnit.net 00:00:00.93]            at System.Text.Json.Utf8JsonReader.ReadSingleSegment()
[xUnit.net 00:00:00.93]            at System.Text.Json.Utf8JsonReader.Read()
[xUnit.net 00:00:00.93]            at System.Text.Json.Serialization.JsonConverter`1.ReadCore(Utf8JsonReader& reader, T& value, JsonSerializerOptions options, ReadStack& state)
  Passed HotelDroid.Api.Services.Tests.FileKeyValueStoreFileSystemTests.CreateAsync_WritesValidJsonStructure [7 ms]
  Failed HotelDroid.Api.Tests.Integration.RoomsApiTests.CreateRoom_MissingName_Returns400BadRequest [18 ms]
  Error Message:
   Assert.Equal() Failure: Values differ
Expected: BadRequest
Actual:   InternalServerError
  Stack Trace:
     at HotelDroid.Api.Tests.Integration.RoomsApiTests.CreateRoom_MissingName_Returns400BadRequest() in C:\Users\rolfe\git\own\Villa-Annunziata\hotelDroid\tests\HotelDroid.Api.Tests\Integration\RoomsApiTests.cs:line 503
--- End of stack trace from previous location ---
  Passed HotelDroid.Api.Services.Tests.FileKeyValueStoreFileSystemTests.UpdateAsync_ModifiesFileOnDisk [22 ms]
  Failed HotelDroid.Api.Tests.Integration.RoomsApiTests.CreateRoom_DuplicateName_Returns409Conflict [51 ms]
  Error Message:
   Assert.Equal() Failure: Values differ
Expected: Conflict
Actual:   InternalServerError
  Stack Trace:
     at HotelDroid.Api.Tests.Integration.RoomsApiTests.CreateRoom_DuplicateName_Returns409Conflict() in C:\Users\rolfe\git\own\Villa-Annunziata\hotelDroid\tests\HotelDroid.Api.Tests\Integration\RoomsApiTests.cs:line 552
--- End of stack trace from previous location ---
  Passed HotelDroid.Api.Services.Tests.FileKeyValueStoreFileSystemTests.DeleteAsync_UpdatesIndexFile [54 ms]
  Failed HotelDroid.Api.Tests.Integration.RoomsApiTests.DeleteRoom_Returns204NoContent [15 ms]
  Error Message:
   System.Text.Json.JsonException : 'S' is an invalid start of a value. Path: $ | LineNumber: 0 | BytePositionInLine: 0.
---- System.Text.Json.JsonReaderException : 'S' is an invalid start of a value. LineNumber: 0 | BytePositionInLine: 0.
  Stack Trace:
     at System.Text.Json.ThrowHelper.ReThrowWithPath(ReadStack& state, JsonReaderException ex)
   at System.Text.Json.Serialization.JsonConverter`1.ReadCore(Utf8JsonReader& reader, T& value, JsonSerializerOptions options, ReadStack& state)
   at System.Text.Json.Serialization.Metadata.JsonTypeInfo`1.Deserialize(Utf8JsonReader& reader, ReadStack& state)
   at System.Text.Json.JsonSerializer.ReadFromSpan[TValue](ReadOnlySpan`1 utf8Json, JsonTypeInfo`1 jsonTypeInfo, Nullable`1 actualByteCount)
   at System.Text.Json.JsonSerializer.ReadFromSpan[TValue](ReadOnlySpan`1 json, JsonTypeInfo`1 jsonTypeInfo)
   at System.Text.Json.JsonSerializer.Deserialize[TValue](String json, JsonSerializerOptions options)
   at HotelDroid.Api.Tests.Integration.RoomsApiTests.DeleteRoom_Returns204NoContent() in C:\Users\rolfe\git\own\Villa-Annunziata\hotelDroid\tests\HotelDroid.Api.Tests\Integration\RoomsApiTests.cs:line 283
--- End of stack trace from previous location ---
----- Inner Stack Trace -----
   at System.Text.Json.ThrowHelper.ThrowJsonReaderException(Utf8JsonReader& json, ExceptionResource resource, Byte nextByte, ReadOnlySpan`1 bytes)
   at System.Text.Json.Utf8JsonReader.ConsumeValue(Byte marker)
   at System.Text.Json.Utf8JsonReader.ReadFirstToken(Byte first)
   at System.Text.Json.Utf8JsonReader.ReadSingleSegment()
   at System.Text.Json.Utf8JsonReader.Read()
   at System.Text.Json.Serialization.JsonConverter`1.ReadCore(Utf8JsonReader& reader, T& value, JsonSerializerOptions options, ReadStack& state)
  Passed HotelDroid.Api.Services.Tests.FileKeyValueStoreTests.ConcurrentWrites_SerializeCorrectly [148 ms]
  Failed HotelDroid.Api.Tests.Integration.RoomsApiTests.UpdateRoom_WithPartialFields_PreservesOtherFields [14 ms]
  Error Message:
   System.Text.Json.JsonException : 'S' is an invalid start of a value. Path: $ | LineNumber: 0 | BytePositionInLine: 0.
---- System.Text.Json.JsonReaderException : 'S' is an invalid start of a value. LineNumber: 0 | BytePositionInLine: 0.
  Stack Trace:
     at System.Text.Json.ThrowHelper.ReThrowWithPath(ReadStack& state, JsonReaderException ex)
   at System.Text.Json.Serialization.JsonConverter`1.ReadCore(Utf8JsonReader& reader, T& value, JsonSerializerOptions options, ReadStack& state)
   at System.Text.Json.Serialization.Metadata.JsonTypeInfo`1.Deserialize(Utf8JsonReader& reader, ReadStack& state)
   at System.Text.Json.JsonSerializer.ReadFromSpan[TValue](ReadOnlySpan`1 utf8Json, JsonTypeInfo`1 jsonTypeInfo, Nullable`1 actualByteCount)
   at System.Text.Json.JsonSerializer.ReadFromSpan[TValue](ReadOnlySpan`1 json, JsonTypeInfo`1 jsonTypeInfo)
   at System.Text.Json.JsonSerializer.Deserialize[TValue](String json, JsonSerializerOptions options)
   at HotelDroid.Api.Tests.Integration.RoomsApiTests.UpdateRoom_WithPartialFields_PreservesOtherFields() in C:\Users\rolfe\git\own\Villa-Annunziata\hotelDroid\tests\HotelDroid.Api.Tests\Integration\RoomsApiTests.cs:line 465
--- End of stack trace from previous location ---
----- Inner Stack Trace -----
   at System.Text.Json.ThrowHelper.ThrowJsonReaderException(Utf8JsonReader& json, ExceptionResource resource, Byte nextByte, ReadOnlySpan`1 bytes)
   at System.Text.Json.Utf8JsonReader.ConsumeValue(Byte marker)
   at System.Text.Json.Utf8JsonReader.ReadFirstToken(Byte first)
   at System.Text.Json.Utf8JsonReader.ReadSingleSegment()
   at System.Text.Json.Utf8JsonReader.Read()
   at System.Text.Json.Serialization.JsonConverter`1.ReadCore(Utf8JsonReader& reader, T& value, JsonSerializerOptions options, ReadStack& state)
info: Microsoft.Hosting.Lifetime[0]
      Application started. Press Ctrl+C to shut down.
info: Microsoft.Hosting.Lifetime[0]
      Hosting environment: Development
info: Microsoft.Hosting.Lifetime[0]
      Content root path: C:\Users\rolfe\git\own\Villa-Annunziata\hotelDroid\src\HotelDroid.Api
fail: Microsoft.AspNetCore.Diagnostics.DeveloperExceptionPageMiddleware[1]
      An unhandled exception has occurred while executing the request.
      System.InvalidOperationException: Failure to infer one or more parameters.
      Below is the list of parameters that we found: 
      Parameter           | Source                        
      ---------------------------------------------------------------------------------
      request             | Body (Inferred)
      store               | UNKNOWN        
      Did you mean to register the "UNKNOWN" parameters as a Service?
         at Microsoft.AspNetCore.Http.RequestDelegateFactory.CreateArguments(ParameterInfo[] parameters, RequestDelegateFactoryContext factoryContext)
         at Microsoft.AspNetCore.Http.RequestDelegateFactory.CreateArgumentsAndInferMetadata(MethodInfo methodInfo, RequestDelegateFactoryContext factoryContext)
         at Microsoft.AspNetCore.Http.RequestDelegateFactory.InferMetadata(MethodInfo methodInfo, RequestDelegateFactoryOptions options)
         at Microsoft.AspNetCore.Routing.RouteEndpointDataSource.CreateRouteEndpointBuilder(RouteEntry entry, RoutePattern groupPrefix, IReadOnlyList`1 groupConventions, IReadOnlyList`1 groupFinallyConventions)
         at Microsoft.AspNetCore.Routing.RouteEndpointDataSource.get_Endpoints()
         at Microsoft.AspNetCore.Routing.CompositeEndpointDataSource.CreateEndpointsUnsynchronized()
         at Microsoft.AspNetCore.Routing.CompositeEndpointDataSource.EnsureEndpointsInitialized()
         at Microsoft.AspNetCore.Routing.CompositeEndpointDataSource.get_Endpoints()
         at Microsoft.AspNetCore.Routing.DataSourceDependentCache`1.Initialize()
         at System.Threading.LazyInitializer.EnsureInitializedCore[T](T& target, Boolean& initialized, Object& syncLock, Func`1 valueFactory)
         at Microsoft.AspNetCore.Routing.Matching.DataSourceDependentMatcher..ctor(EndpointDataSource dataSource, Lifetime lifetime, Func`1 matcherBuilderFactory)
         at Microsoft.AspNetCore.Routing.Matching.DfaMatcherFactory.CreateMatcher(EndpointDataSource dataSource)
         at Microsoft.AspNetCore.Routing.EndpointRoutingMiddleware.InitializeCoreAsync()
      --- End of stack trace from previous location ---
         at Microsoft.AspNetCore.Routing.EndpointRoutingMiddleware.<Invoke>g__AwaitMatcher|10_0(EndpointRoutingMiddleware middleware, HttpContext httpContext, Task`1 matcherTask)
         at Microsoft.AspNetCore.Diagnostics.DeveloperExceptionPageMiddlewareImpl.Invoke(HttpContext context)
info: Microsoft.Hosting.Lifetime[0]
      Application is shutting down...
[xUnit.net 00:00:00.97]     HotelDroid.Api.Tests.Integration.RoomsApiTests.CreateRoom_WithPriority_IsPreserved [FAIL]
[xUnit.net 00:00:00.97]       Assert.Equal() Failure: Values differ
[xUnit.net 00:00:00.97]       Expected: Created
[xUnit.net 00:00:00.97]       Actual:   InternalServerError
[xUnit.net 00:00:00.97]       Stack Trace:
[xUnit.net 00:00:00.97]         C:\Users\rolfe\git\own\Villa-Annunziata\hotelDroid\tests\HotelDroid.Api.Tests\Integration\RoomsApiTests.cs(346,0): at HotelDroid.Api.Tests.Integration.RoomsApiTests.CreateRoom_WithPriority_IsPreserved()
[xUnit.net 00:00:00.97]         --- End of stack trace from previous location ---
info: Microsoft.Hosting.Lifetime[0]
      Application started. Press Ctrl+C to shut down.
info: Microsoft.Hosting.Lifetime[0]
      Hosting environment: Development
info: Microsoft.Hosting.Lifetime[0]
      Content root path: C:\Users\rolfe\git\own\Villa-Annunziata\hotelDroid\src\HotelDroid.Api
fail: Microsoft.AspNetCore.Diagnostics.DeveloperExceptionPageMiddleware[1]
      An unhandled exception has occurred while executing the request.
      System.InvalidOperationException: Failure to infer one or more parameters.
      Below is the list of parameters that we found: 
      Parameter           | Source                        
      ---------------------------------------------------------------------------------
      request             | Body (Inferred)
      store               | UNKNOWN        
      Did you mean to register the "UNKNOWN" parameters as a Service?
         at Microsoft.AspNetCore.Http.RequestDelegateFactory.CreateArguments(ParameterInfo[] parameters, RequestDelegateFactoryContext factoryContext)
         at Microsoft.AspNetCore.Http.RequestDelegateFactory.CreateArgumentsAndInferMetadata(MethodInfo methodInfo, RequestDelegateFactoryContext factoryContext)
         at Microsoft.AspNetCore.Http.RequestDelegateFactory.InferMetadata(MethodInfo methodInfo, RequestDelegateFactoryOptions options)
         at Microsoft.AspNetCore.Routing.RouteEndpointDataSource.CreateRouteEndpointBuilder(RouteEntry entry, RoutePattern groupPrefix, IReadOnlyList`1 groupConventions, IReadOnlyList`1 groupFinallyConventions)
         at Microsoft.AspNetCore.Routing.RouteEndpointDataSource.get_Endpoints()
         at Microsoft.AspNetCore.Routing.CompositeEndpointDataSource.CreateEndpointsUnsynchronized()
         at Microsoft.AspNetCore.Routing.CompositeEndpointDataSource.EnsureEndpointsInitialized()
         at Microsoft.AspNetCore.Routing.CompositeEndpointDataSource.get_Endpoints()
         at Microsoft.AspNetCore.Routing.DataSourceDependentCache`1.Initialize()
         at System.Threading.LazyInitializer.EnsureInitializedCore[T](T& target, Boolean& initialized, Object& syncLock, Func`1 valueFactory)
         at Microsoft.AspNetCore.Routing.Matching.DataSourceDependentMatcher..ctor(EndpointDataSource dataSource, Lifetime lifetime, Func`1 matcherBuilderFactory)
         at Microsoft.AspNetCore.Routing.Matching.DfaMatcherFactory.CreateMatcher(EndpointDataSource dataSource)
         at Microsoft.AspNetCore.Routing.EndpointRoutingMiddleware.InitializeCoreAsync()
      --- End of stack trace from previous location ---
         at Microsoft.AspNetCore.Routing.EndpointRoutingMiddleware.<Invoke>g__AwaitMatcher|10_0(EndpointRoutingMiddleware middleware, HttpContext httpContext, Task`1 matcherTask)
         at Microsoft.AspNetCore.Diagnostics.DeveloperExceptionPageMiddlewareImpl.Invoke(HttpContext context)
info: Microsoft.Hosting.Lifetime[0]
      Application is shutting down...
[xUnit.net 00:00:01.01]     HotelDroid.Api.Tests.Integration.RoomsApiTests.CreateRoom_WithHouseNumber_IsPreserved [FAIL]
[xUnit.net 00:00:01.01]       Assert.Equal() Failure: Values differ
[xUnit.net 00:00:01.01]       Expected: Created
[xUnit.net 00:00:01.01]       Actual:   InternalServerError
[xUnit.net 00:00:01.01]       Stack Trace:
[xUnit.net 00:00:01.01]         C:\Users\rolfe\git\own\Villa-Annunziata\hotelDroid\tests\HotelDroid.Api.Tests\Integration\RoomsApiTests.cs(329,0): at HotelDroid.Api.Tests.Integration.RoomsApiTests.CreateRoom_WithHouseNumber_IsPreserved()
[xUnit.net 00:00:01.01]         --- End of stack trace from previous location ---
info: Microsoft.Hosting.Lifetime[0]
      Application started. Press Ctrl+C to shut down.
info: Microsoft.Hosting.Lifetime[0]
      Hosting environment: Development
info: Microsoft.Hosting.Lifetime[0]
      Content root path: C:\Users\rolfe\git\own\Villa-Annunziata\hotelDroid\src\HotelDroid.Api
fail: Microsoft.AspNetCore.Diagnostics.DeveloperExceptionPageMiddleware[1]
      An unhandled exception has occurred while executing the request.
      System.InvalidOperationException: Failure to infer one or more parameters.
      Below is the list of parameters that we found: 
      Parameter           | Source                        
      ---------------------------------------------------------------------------------
      request             | Body (Inferred)
      store               | UNKNOWN        
      Did you mean to register the "UNKNOWN" parameters as a Service?
         at Microsoft.AspNetCore.Http.RequestDelegateFactory.CreateArguments(ParameterInfo[] parameters, RequestDelegateFactoryContext factoryContext)
         at Microsoft.AspNetCore.Http.RequestDelegateFactory.CreateArgumentsAndInferMetadata(MethodInfo methodInfo, RequestDelegateFactoryContext factoryContext)
         at Microsoft.AspNetCore.Http.RequestDelegateFactory.InferMetadata(MethodInfo methodInfo, RequestDelegateFactoryOptions options)
         at Microsoft.AspNetCore.Routing.RouteEndpointDataSource.CreateRouteEndpointBuilder(RouteEntry entry, RoutePattern groupPrefix, IReadOnlyList`1 groupConventions, IReadOnlyList`1 groupFinallyConventions)
         at Microsoft.AspNetCore.Routing.RouteEndpointDataSource.get_Endpoints()
         at Microsoft.AspNetCore.Routing.CompositeEndpointDataSource.CreateEndpointsUnsynchronized()
         at Microsoft.AspNetCore.Routing.CompositeEndpointDataSource.EnsureEndpointsInitialized()
         at Microsoft.AspNetCore.Routing.CompositeEndpointDataSource.get_Endpoints()
         at Microsoft.AspNetCore.Routing.DataSourceDependentCache`1.Initialize()
         at System.Threading.LazyInitializer.EnsureInitializedCore[T](T& target, Boolean& initialized, Object& syncLock, Func`1 valueFactory)
         at Microsoft.AspNetCore.Routing.Matching.DataSourceDependentMatcher..ctor(EndpointDataSource dataSource, Lifetime lifetime, Func`1 matcherBuilderFactory)
         at Microsoft.AspNetCore.Routing.Matching.DfaMatcherFactory.CreateMatcher(EndpointDataSource dataSource)
         at Microsoft.AspNetCore.Routing.EndpointRoutingMiddleware.InitializeCoreAsync()
      --- End of stack trace from previous location ---
         at Microsoft.AspNetCore.Routing.EndpointRoutingMiddleware.<Invoke>g__AwaitMatcher|10_0(EndpointRoutingMiddleware middleware, HttpContext httpContext, Task`1 matcherTask)
         at Microsoft.AspNetCore.Diagnostics.DeveloperExceptionPageMiddlewareImpl.Invoke(HttpContext context)
info: Microsoft.Hosting.Lifetime[0]
      Application is shutting down...
[xUnit.net 00:00:01.04]     HotelDroid.Api.Tests.Integration.RoomsApiTests.CreateRoom_NegativeCapacity_Returns400BadRequest [FAIL]
[xUnit.net 00:00:01.04]       Assert.Equal() Failure: Values differ
[xUnit.net 00:00:01.04]       Expected: BadRequest
[xUnit.net 00:00:01.04]       Actual:   InternalServerError
[xUnit.net 00:00:01.04]       Stack Trace:
[xUnit.net 00:00:01.04]         C:\Users\rolfe\git\own\Villa-Annunziata\hotelDroid\tests\HotelDroid.Api.Tests\Integration\RoomsApiTests.cs(533,0): at HotelDroid.Api.Tests.Integration.RoomsApiTests.CreateRoom_NegativeCapacity_Returns400BadRequest()
[xUnit.net 00:00:01.04]         --- End of stack trace from previous location ---
info: Microsoft.Hosting.Lifetime[0]
      Application started. Press Ctrl+C to shut down.
info: Microsoft.Hosting.Lifetime[0]
      Hosting environment: Development
info: Microsoft.Hosting.Lifetime[0]
      Content root path: C:\Users\rolfe\git\own\Villa-Annunziata\hotelDroid\src\HotelDroid.Api
fail: Microsoft.AspNetCore.Diagnostics.DeveloperExceptionPageMiddleware[1]
      An unhandled exception has occurred while executing the request.
      System.InvalidOperationException: Failure to infer one or more parameters.
      Below is the list of parameters that we found: 
      Parameter           | Source                        
      ---------------------------------------------------------------------------------
      request             | Body (Inferred)
      store               | UNKNOWN        
      Did you mean to register the "UNKNOWN" parameters as a Service?
         at Microsoft.AspNetCore.Http.RequestDelegateFactory.CreateArguments(ParameterInfo[] parameters, RequestDelegateFactoryContext factoryContext)
         at Microsoft.AspNetCore.Http.RequestDelegateFactory.CreateArgumentsAndInferMetadata(MethodInfo methodInfo, RequestDelegateFactoryContext factoryContext)
         at Microsoft.AspNetCore.Http.RequestDelegateFactory.InferMetadata(MethodInfo methodInfo, RequestDelegateFactoryOptions options)
         at Microsoft.AspNetCore.Routing.RouteEndpointDataSource.CreateRouteEndpointBuilder(RouteEntry entry, RoutePattern groupPrefix, IReadOnlyList`1 groupConventions, IReadOnlyList`1 groupFinallyConventions)
         at Microsoft.AspNetCore.Routing.RouteEndpointDataSource.get_Endpoints()
         at Microsoft.AspNetCore.Routing.CompositeEndpointDataSource.CreateEndpointsUnsynchronized()
         at Microsoft.AspNetCore.Routing.CompositeEndpointDataSource.EnsureEndpointsInitialized()
         at Microsoft.AspNetCore.Routing.CompositeEndpointDataSource.get_Endpoints()
         at Microsoft.AspNetCore.Routing.DataSourceDependentCache`1.Initialize()
         at System.Threading.LazyInitializer.EnsureInitializedCore[T](T& target, Boolean& initialized, Object& syncLock, Func`1 valueFactory)
         at Microsoft.AspNetCore.Routing.Matching.DataSourceDependentMatcher..ctor(EndpointDataSource dataSource, Lifetime lifetime, Func`1 matcherBuilderFactory)
         at Microsoft.AspNetCore.Routing.Matching.DfaMatcherFactory.CreateMatcher(EndpointDataSource dataSource)
         at Microsoft.AspNetCore.Routing.EndpointRoutingMiddleware.InitializeCoreAsync()
      --- End of stack trace from previous location ---
         at Microsoft.AspNetCore.Routing.EndpointRoutingMiddleware.<Invoke>g__AwaitMatcher|10_0(EndpointRoutingMiddleware middleware, HttpContext httpContext, Task`1 matcherTask)
         at Microsoft.AspNetCore.Diagnostics.DeveloperExceptionPageMiddlewareImpl.Invoke(HttpContext context)
info: Microsoft.Hosting.Lifetime[0]
      Application is shutting down...
[xUnit.net 00:00:01.07]     HotelDroid.Api.Tests.Integration.RoomsApiTests.CreateRoom_WithComments_IsPreserved [FAIL]
[xUnit.net 00:00:01.07]       Assert.Equal() Failure: Values differ
[xUnit.net 00:00:01.07]       Expected: Created
[xUnit.net 00:00:01.07]       Actual:   InternalServerError
[xUnit.net 00:00:01.07]       Stack Trace:
[xUnit.net 00:00:01.07]         C:\Users\rolfe\git\own\Villa-Annunziata\hotelDroid\tests\HotelDroid.Api.Tests\Integration\RoomsApiTests.cs(414,0): at HotelDroid.Api.Tests.Integration.RoomsApiTests.CreateRoom_WithComments_IsPreserved()
[xUnit.net 00:00:01.07]         --- End of stack trace from previous location ---
info: Microsoft.Hosting.Lifetime[0]
      Application started. Press Ctrl+C to shut down.
info: Microsoft.Hosting.Lifetime[0]
      Hosting environment: Development
info: Microsoft.Hosting.Lifetime[0]
      Content root path: C:\Users\rolfe\git\own\Villa-Annunziata\hotelDroid\src\HotelDroid.Api
fail: Microsoft.AspNetCore.Diagnostics.DeveloperExceptionPageMiddleware[1]
      An unhandled exception has occurred while executing the request.
      System.InvalidOperationException: Failure to infer one or more parameters.
      Below is the list of parameters that we found: 
      Parameter           | Source                        
      ---------------------------------------------------------------------------------
      request             | Body (Inferred)
      store               | UNKNOWN        
      Did you mean to register the "UNKNOWN" parameters as a Service?
         at Microsoft.AspNetCore.Http.RequestDelegateFactory.CreateArguments(ParameterInfo[] parameters, RequestDelegateFactoryContext factoryContext)
         at Microsoft.AspNetCore.Http.RequestDelegateFactory.CreateArgumentsAndInferMetadata(MethodInfo methodInfo, RequestDelegateFactoryContext factoryContext)
         at Microsoft.AspNetCore.Http.RequestDelegateFactory.InferMetadata(MethodInfo methodInfo, RequestDelegateFactoryOptions options)
         at Microsoft.AspNetCore.Routing.RouteEndpointDataSource.CreateRouteEndpointBuilder(RouteEntry entry, RoutePattern groupPrefix, IReadOnlyList`1 groupConventions, IReadOnlyList`1 groupFinallyConventions)
         at Microsoft.AspNetCore.Routing.RouteEndpointDataSource.get_Endpoints()
         at Microsoft.AspNetCore.Routing.CompositeEndpointDataSource.CreateEndpointsUnsynchronized()
         at Microsoft.AspNetCore.Routing.CompositeEndpointDataSource.EnsureEndpointsInitialized()
         at Microsoft.AspNetCore.Routing.CompositeEndpointDataSource.get_Endpoints()
         at Microsoft.AspNetCore.Routing.DataSourceDependentCache`1.Initialize()
         at System.Threading.LazyInitializer.EnsureInitializedCore[T](T& target, Boolean& initialized, Object& syncLock, Func`1 valueFactory)
         at Microsoft.AspNetCore.Routing.Matching.DataSourceDependentMatcher..ctor(EndpointDataSource dataSource, Lifetime lifetime, Func`1 matcherBuilderFactory)
         at Microsoft.AspNetCore.Routing.Matching.DfaMatcherFactory.CreateMatcher(EndpointDataSource dataSource)
         at Microsoft.AspNetCore.Routing.EndpointRoutingMiddleware.InitializeCoreAsync()
      --- End of stack trace from previous location ---
         at Microsoft.AspNetCore.Routing.EndpointRoutingMiddleware.<Invoke>g__AwaitMatcher|10_0(EndpointRoutingMiddleware middleware, HttpContext httpContext, Task`1 matcherTask)
         at Microsoft.AspNetCore.Diagnostics.DeveloperExceptionPageMiddlewareImpl.Invoke(HttpContext context)
info: Microsoft.Hosting.Lifetime[0]
      Application is shutting down...
[xUnit.net 00:00:01.10]     HotelDroid.Api.Tests.Integration.RoomsApiTests.CreateRoom_WithoutOptionalFields_UsesDefaults [FAIL]
[xUnit.net 00:00:01.10]       Assert.Equal() Failure: Values differ
[xUnit.net 00:00:01.10]       Expected: Created
[xUnit.net 00:00:01.10]       Actual:   InternalServerError
[xUnit.net 00:00:01.10]       Stack Trace:
[xUnit.net 00:00:01.10]         C:\Users\rolfe\git\own\Villa-Annunziata\hotelDroid\tests\HotelDroid.Api.Tests\Integration\RoomsApiTests.cs(435,0): at HotelDroid.Api.Tests.Integration.RoomsApiTests.CreateRoom_WithoutOptionalFields_UsesDefaults()
[xUnit.net 00:00:01.10]         --- End of stack trace from previous location ---
  Passed HotelDroid.Api.Services.Tests.FileKeyValueStoreTests.UpdateAsync_ThrowsWhenNotFound [1 ms]
  Passed HotelDroid.Api.Services.Tests.FileKeyValueStoreTests.ConcurrentUpdates_PreventCorruption [35 ms]
  Failed HotelDroid.Api.Tests.Integration.RoomsApiTests.CreateRoom_WithPriority_IsPreserved [23 ms]
  Error Message:
   Assert.Equal() Failure: Values differ
Expected: Created
Actual:   InternalServerError
  Stack Trace:
     at HotelDroid.Api.Tests.Integration.RoomsApiTests.CreateRoom_WithPriority_IsPreserved() in C:\Users\rolfe\git\own\Villa-Annunziata\hotelDroid\tests\HotelDroid.Api.Tests\Integration\RoomsApiTests.cs:line 346
--- End of stack trace from previous location ---
  Passed HotelDroid.Api.Services.Tests.FileKeyValueStoreTests.CreateAsync_GeneratesUniqueId [21 ms]
  Passed HotelDroid.Api.Services.Tests.FileKeyValueStoreTests.ExistsAsync_ReturnsTrueForExistingDocument [6 ms]
  Failed HotelDroid.Api.Tests.Integration.RoomsApiTests.CreateRoom_WithHouseNumber_IsPreserved [15 ms]
  Error Message:
   Assert.Equal() Failure: Values differ
Expected: Created
Actual:   InternalServerError
  Stack Trace:
     at HotelDroid.Api.Tests.Integration.RoomsApiTests.CreateRoom_WithHouseNumber_IsPreserved() in C:\Users\rolfe\git\own\Villa-Annunziata\hotelDroid\tests\HotelDroid.Api.Tests\Integration\RoomsApiTests.cs:line 329
--- End of stack trace from previous location ---
  Failed HotelDroid.Api.Tests.Integration.RoomsApiTests.CreateRoom_NegativeCapacity_Returns400BadRequest [12 ms]
  Error Message:
   Assert.Equal() Failure: Values differ
Expected: BadRequest
Actual:   InternalServerError
  Stack Trace:
     at HotelDroid.Api.Tests.Integration.RoomsApiTests.CreateRoom_NegativeCapacity_Returns400BadRequest() in C:\Users\rolfe\git\own\Villa-Annunziata\hotelDroid\tests\HotelDroid.Api.Tests\Integration\RoomsApiTests.cs:line 533
--- End of stack trace from previous location ---
  Failed HotelDroid.Api.Tests.Integration.RoomsApiTests.CreateRoom_WithComments_IsPreserved [15 ms]
  Error Message:
   Assert.Equal() Failure: Values differ
Expected: Created
Actual:   InternalServerError
  Stack Trace:
     at HotelDroid.Api.Tests.Integration.RoomsApiTests.CreateRoom_WithComments_IsPreserved() in C:\Users\rolfe\git\own\Villa-Annunziata\hotelDroid\tests\HotelDroid.Api.Tests\Integration\RoomsApiTests.cs:line 414
--- End of stack trace from previous location ---
  Failed HotelDroid.Api.Tests.Integration.RoomsApiTests.CreateRoom_WithoutOptionalFields_UsesDefaults [16 ms]
  Error Message:
   Assert.Equal() Failure: Values differ
Expected: Created
Actual:   InternalServerError
  Stack Trace:
     at HotelDroid.Api.Tests.Integration.RoomsApiTests.CreateRoom_WithoutOptionalFields_UsesDefaults() in C:\Users\rolfe\git\own\Villa-Annunziata\hotelDroid\tests\HotelDroid.Api.Tests\Integration\RoomsApiTests.cs:line 435
--- End of stack trace from previous location ---
info: Microsoft.Hosting.Lifetime[0]
      Application started. Press Ctrl+C to shut down.
info: Microsoft.Hosting.Lifetime[0]
      Hosting environment: Development
info: Microsoft.Hosting.Lifetime[0]
      Content root path: C:\Users\rolfe\git\own\Villa-Annunziata\hotelDroid\src\HotelDroid.Api
fail: Microsoft.AspNetCore.Diagnostics.DeveloperExceptionPageMiddleware[1]
      An unhandled exception has occurred while executing the request.
      System.InvalidOperationException: Failure to infer one or more parameters.
      Below is the list of parameters that we found: 
      Parameter           | Source                        
      ---------------------------------------------------------------------------------
      request             | Body (Inferred)
      store               | UNKNOWN        
      Did you mean to register the "UNKNOWN" parameters as a Service?
         at Microsoft.AspNetCore.Http.RequestDelegateFactory.CreateArguments(ParameterInfo[] parameters, RequestDelegateFactoryContext factoryContext)
         at Microsoft.AspNetCore.Http.RequestDelegateFactory.CreateArgumentsAndInferMetadata(MethodInfo methodInfo, RequestDelegateFactoryContext factoryContext)
         at Microsoft.AspNetCore.Http.RequestDelegateFactory.InferMetadata(MethodInfo methodInfo, RequestDelegateFactoryOptions options)
         at Microsoft.AspNetCore.Routing.RouteEndpointDataSource.CreateRouteEndpointBuilder(RouteEntry entry, RoutePattern groupPrefix, IReadOnlyList`1 groupConventions, IReadOnlyList`1 groupFinallyConventions)
         at Microsoft.AspNetCore.Routing.RouteEndpointDataSource.get_Endpoints()
         at Microsoft.AspNetCore.Routing.CompositeEndpointDataSource.CreateEndpointsUnsynchronized()
         at Microsoft.AspNetCore.Routing.CompositeEndpointDataSource.EnsureEndpointsInitialized()
         at Microsoft.AspNetCore.Routing.CompositeEndpointDataSource.get_Endpoints()
         at Microsoft.AspNetCore.Routing.DataSourceDependentCache`1.Initialize()
         at System.Threading.LazyInitializer.EnsureInitializedCore[T](T& target, Boolean& initialized, Object& syncLock, Func`1 valueFactory)
         at Microsoft.AspNetCore.Routing.Matching.DataSourceDependentMatcher..ctor(EndpointDataSource dataSource, Lifetime lifetime, Func`1 matcherBuilderFactory)
         at Microsoft.AspNetCore.Routing.Matching.DfaMatcherFactory.CreateMatcher(EndpointDataSource dataSource)
         at Microsoft.AspNetCore.Routing.EndpointRoutingMiddleware.InitializeCoreAsync()
      --- End of stack trace from previous location ---
         at Microsoft.AspNetCore.Routing.EndpointRoutingMiddleware.<Invoke>g__AwaitMatcher|10_0(EndpointRoutingMiddleware middleware, HttpContext httpContext, Task`1 matcherTask)
         at Microsoft.AspNetCore.Diagnostics.DeveloperExceptionPageMiddlewareImpl.Invoke(HttpContext context)
info: Microsoft.Hosting.Lifetime[0]
      Application is shutting down...
[xUnit.net 00:00:01.13]     HotelDroid.Api.Tests.Integration.RoomsApiTests.CreateRoom_WithFloorNumber_IsPreserved [FAIL]
[xUnit.net 00:00:01.13]       Assert.Equal() Failure: Values differ
[xUnit.net 00:00:01.13]       Expected: Created
[xUnit.net 00:00:01.13]       Actual:   InternalServerError
[xUnit.net 00:00:01.13]       Stack Trace:
[xUnit.net 00:00:01.13]         C:\Users\rolfe\git\own\Villa-Annunziata\hotelDroid\tests\HotelDroid.Api.Tests\Integration\RoomsApiTests.cs(312,0): at HotelDroid.Api.Tests.Integration.RoomsApiTests.CreateRoom_WithFloorNumber_IsPreserved()
[xUnit.net 00:00:01.13]         --- End of stack trace from previous location ---
info: Microsoft.Hosting.Lifetime[0]
      Application started. Press Ctrl+C to shut down.
info: Microsoft.Hosting.Lifetime[0]
      Hosting environment: Development
info: Microsoft.Hosting.Lifetime[0]
      Content root path: C:\Users\rolfe\git\own\Villa-Annunziata\hotelDroid\src\HotelDroid.Api
fail: Microsoft.AspNetCore.Diagnostics.DeveloperExceptionPageMiddleware[1]
      An unhandled exception has occurred while executing the request.
      System.InvalidOperationException: Failure to infer one or more parameters.
      Below is the list of parameters that we found: 
      Parameter           | Source                        
      ---------------------------------------------------------------------------------
      request             | Body (Inferred)
      store               | UNKNOWN        
      Did you mean to register the "UNKNOWN" parameters as a Service?
         at Microsoft.AspNetCore.Http.RequestDelegateFactory.CreateArguments(ParameterInfo[] parameters, RequestDelegateFactoryContext factoryContext)
         at Microsoft.AspNetCore.Http.RequestDelegateFactory.CreateArgumentsAndInferMetadata(MethodInfo methodInfo, RequestDelegateFactoryContext factoryContext)
         at Microsoft.AspNetCore.Http.RequestDelegateFactory.InferMetadata(MethodInfo methodInfo, RequestDelegateFactoryOptions options)
         at Microsoft.AspNetCore.Routing.RouteEndpointDataSource.CreateRouteEndpointBuilder(RouteEntry entry, RoutePattern groupPrefix, IReadOnlyList`1 groupConventions, IReadOnlyList`1 groupFinallyConventions)
         at Microsoft.AspNetCore.Routing.RouteEndpointDataSource.get_Endpoints()
         at Microsoft.AspNetCore.Routing.CompositeEndpointDataSource.CreateEndpointsUnsynchronized()
         at Microsoft.AspNetCore.Routing.CompositeEndpointDataSource.EnsureEndpointsInitialized()
         at Microsoft.AspNetCore.Routing.CompositeEndpointDataSource.get_Endpoints()
         at Microsoft.AspNetCore.Routing.DataSourceDependentCache`1.Initialize()
         at System.Threading.LazyInitializer.EnsureInitializedCore[T](T& target, Boolean& initialized, Object& syncLock, Func`1 valueFactory)
         at Microsoft.AspNetCore.Routing.Matching.DataSourceDependentMatcher..ctor(EndpointDataSource dataSource, Lifetime lifetime, Func`1 matcherBuilderFactory)
         at Microsoft.AspNetCore.Routing.Matching.DfaMatcherFactory.CreateMatcher(EndpointDataSource dataSource)
         at Microsoft.AspNetCore.Routing.EndpointRoutingMiddleware.InitializeCoreAsync()
      --- End of stack trace from previous location ---
         at Microsoft.AspNetCore.Routing.EndpointRoutingMiddleware.<Invoke>g__AwaitMatcher|10_0(EndpointRoutingMiddleware middleware, HttpContext httpContext, Task`1 matcherTask)
         at Microsoft.AspNetCore.Diagnostics.DeveloperExceptionPageMiddlewareImpl.Invoke(HttpContext context)
info: Microsoft.Hosting.Lifetime[0]
      Application is shutting down...
[xUnit.net 00:00:01.16]     HotelDroid.Api.Tests.Integration.RoomsApiTests.CreateRoom_WithHasBedsFlag_IsPreserved [FAIL]
[xUnit.net 00:00:01.16]       Assert.Equal() Failure: Values differ
[xUnit.net 00:00:01.16]       Expected: Created
[xUnit.net 00:00:01.16]       Actual:   InternalServerError
[xUnit.net 00:00:01.16]       Stack Trace:
[xUnit.net 00:00:01.16]         C:\Users\rolfe\git\own\Villa-Annunziata\hotelDroid\tests\HotelDroid.Api.Tests\Integration\RoomsApiTests.cs(380,0): at HotelDroid.Api.Tests.Integration.RoomsApiTests.CreateRoom_WithHasBedsFlag_IsPreserved()
[xUnit.net 00:00:01.16]         --- End of stack trace from previous location ---
info: Microsoft.Hosting.Lifetime[0]
      Application started. Press Ctrl+C to shut down.
info: Microsoft.Hosting.Lifetime[0]
      Hosting environment: Development
info: Microsoft.Hosting.Lifetime[0]
      Content root path: C:\Users\rolfe\git\own\Villa-Annunziata\hotelDroid\src\HotelDroid.Api
fail: Microsoft.AspNetCore.Diagnostics.DeveloperExceptionPageMiddleware[1]
      An unhandled exception has occurred while executing the request.
      System.InvalidOperationException: Failure to infer one or more parameters.
      Below is the list of parameters that we found: 
      Parameter           | Source                        
      ---------------------------------------------------------------------------------
      request             | Body (Inferred)
      store               | UNKNOWN        
      Did you mean to register the "UNKNOWN" parameters as a Service?
         at Microsoft.AspNetCore.Http.RequestDelegateFactory.CreateArguments(ParameterInfo[] parameters, RequestDelegateFactoryContext factoryContext)
         at Microsoft.AspNetCore.Http.RequestDelegateFactory.CreateArgumentsAndInferMetadata(MethodInfo methodInfo, RequestDelegateFactoryContext factoryContext)
         at Microsoft.AspNetCore.Http.RequestDelegateFactory.InferMetadata(MethodInfo methodInfo, RequestDelegateFactoryOptions options)
         at Microsoft.AspNetCore.Routing.RouteEndpointDataSource.CreateRouteEndpointBuilder(RouteEntry entry, RoutePattern groupPrefix, IReadOnlyList`1 groupConventions, IReadOnlyList`1 groupFinallyConventions)
         at Microsoft.AspNetCore.Routing.RouteEndpointDataSource.get_Endpoints()
         at Microsoft.AspNetCore.Routing.CompositeEndpointDataSource.CreateEndpointsUnsynchronized()
         at Microsoft.AspNetCore.Routing.CompositeEndpointDataSource.EnsureEndpointsInitialized()
         at Microsoft.AspNetCore.Routing.CompositeEndpointDataSource.get_Endpoints()
         at Microsoft.AspNetCore.Routing.DataSourceDependentCache`1.Initialize()
         at System.Threading.LazyInitializer.EnsureInitializedCore[T](T& target, Boolean& initialized, Object& syncLock, Func`1 valueFactory)
         at Microsoft.AspNetCore.Routing.Matching.DataSourceDependentMatcher..ctor(EndpointDataSource dataSource, Lifetime lifetime, Func`1 matcherBuilderFactory)
         at Microsoft.AspNetCore.Routing.Matching.DfaMatcherFactory.CreateMatcher(EndpointDataSource dataSource)
         at Microsoft.AspNetCore.Routing.EndpointRoutingMiddleware.InitializeCoreAsync()
      --- End of stack trace from previous location ---
         at Microsoft.AspNetCore.Routing.EndpointRoutingMiddleware.<Invoke>g__AwaitMatcher|10_0(EndpointRoutingMiddleware middleware, HttpContext httpContext, Task`1 matcherTask)
         at Microsoft.AspNetCore.Diagnostics.DeveloperExceptionPageMiddlewareImpl.Invoke(HttpContext context)
info: Microsoft.Hosting.Lifetime[0]
      Application is shutting down...
[xUnit.net 00:00:01.20]     HotelDroid.Api.Tests.Integration.RoomsApiTests.CreateRoom_WithAllFields_Returns201CreatedAndPreservesAll [FAIL]
[xUnit.net 00:00:01.20]       Assert.Equal() Failure: Values differ
[xUnit.net 00:00:01.20]       Expected: Created
[xUnit.net 00:00:01.20]       Actual:   InternalServerError
[xUnit.net 00:00:01.20]       Stack Trace:
[xUnit.net 00:00:01.20]         C:\Users\rolfe\git\own\Villa-Annunziata\hotelDroid\tests\HotelDroid.Api.Tests\Integration\RoomsApiTests.cs(159,0): at HotelDroid.Api.Tests.Integration.RoomsApiTests.CreateRoom_WithAllFields_Returns201CreatedAndPreservesAll()
[xUnit.net 00:00:01.20]         --- End of stack trace from previous location ---
info: Microsoft.Hosting.Lifetime[0]
      Application started. Press Ctrl+C to shut down.
info: Microsoft.Hosting.Lifetime[0]
      Hosting environment: Development
info: Microsoft.Hosting.Lifetime[0]
      Content root path: C:\Users\rolfe\git\own\Villa-Annunziata\hotelDroid\src\HotelDroid.Api
fail: Microsoft.AspNetCore.Diagnostics.DeveloperExceptionPageMiddleware[1]
      An unhandled exception has occurred while executing the request.
      System.InvalidOperationException: Failure to infer one or more parameters.
      Below is the list of parameters that we found: 
      Parameter           | Source                        
      ---------------------------------------------------------------------------------
      request             | Body (Inferred)
      store               | UNKNOWN        
      Did you mean to register the "UNKNOWN" parameters as a Service?
         at Microsoft.AspNetCore.Http.RequestDelegateFactory.CreateArguments(ParameterInfo[] parameters, RequestDelegateFactoryContext factoryContext)
         at Microsoft.AspNetCore.Http.RequestDelegateFactory.CreateArgumentsAndInferMetadata(MethodInfo methodInfo, RequestDelegateFactoryContext factoryContext)
         at Microsoft.AspNetCore.Http.RequestDelegateFactory.InferMetadata(MethodInfo methodInfo, RequestDelegateFactoryOptions options)
         at Microsoft.AspNetCore.Routing.RouteEndpointDataSource.CreateRouteEndpointBuilder(RouteEntry entry, RoutePattern groupPrefix, IReadOnlyList`1 groupConventions, IReadOnlyList`1 groupFinallyConventions)
         at Microsoft.AspNetCore.Routing.RouteEndpointDataSource.get_Endpoints()
         at Microsoft.AspNetCore.Routing.CompositeEndpointDataSource.CreateEndpointsUnsynchronized()
         at Microsoft.AspNetCore.Routing.CompositeEndpointDataSource.EnsureEndpointsInitialized()
         at Microsoft.AspNetCore.Routing.CompositeEndpointDataSource.get_Endpoints()
         at Microsoft.AspNetCore.Routing.DataSourceDependentCache`1.Initialize()
         at System.Threading.LazyInitializer.EnsureInitializedCore[T](T& target, Boolean& initialized, Object& syncLock, Func`1 valueFactory)
         at Microsoft.AspNetCore.Routing.Matching.DataSourceDependentMatcher..ctor(EndpointDataSource dataSource, Lifetime lifetime, Func`1 matcherBuilderFactory)
         at Microsoft.AspNetCore.Routing.Matching.DfaMatcherFactory.CreateMatcher(EndpointDataSource dataSource)
         at Microsoft.AspNetCore.Routing.EndpointRoutingMiddleware.InitializeCoreAsync()
      --- End of stack trace from previous location ---
         at Microsoft.AspNetCore.Routing.EndpointRoutingMiddleware.<Invoke>g__AwaitMatcher|10_0(EndpointRoutingMiddleware middleware, HttpContext httpContext, Task`1 matcherTask)
         at Microsoft.AspNetCore.Diagnostics.DeveloperExceptionPageMiddlewareImpl.Invoke(HttpContext context)
info: Microsoft.Hosting.Lifetime[0]
      Application is shutting down...
[xUnit.net 00:00:01.23]     HotelDroid.Api.Tests.Integration.RoomsApiTests.UpdateRoom_NonExistent_Returns404NotFound [FAIL]
[xUnit.net 00:00:01.23]       Assert.Equal() Failure: Values differ
[xUnit.net 00:00:01.23]       Expected: NotFound
[xUnit.net 00:00:01.23]       Actual:   InternalServerError
[xUnit.net 00:00:01.23]       Stack Trace:
[xUnit.net 00:00:01.23]         C:\Users\rolfe\git\own\Villa-Annunziata\hotelDroid\tests\HotelDroid.Api.Tests\Integration\RoomsApiTests.cs(577,0): at HotelDroid.Api.Tests.Integration.RoomsApiTests.UpdateRoom_NonExistent_Returns404NotFound()
[xUnit.net 00:00:01.23]         --- End of stack trace from previous location ---
info: Microsoft.Hosting.Lifetime[0]
      Application started. Press Ctrl+C to shut down.
info: Microsoft.Hosting.Lifetime[0]
      Hosting environment: Development
info: Microsoft.Hosting.Lifetime[0]
      Content root path: C:\Users\rolfe\git\own\Villa-Annunziata\hotelDroid\src\HotelDroid.Api
fail: Microsoft.AspNetCore.Diagnostics.DeveloperExceptionPageMiddleware[1]
      An unhandled exception has occurred while executing the request.
      System.InvalidOperationException: Failure to infer one or more parameters.
      Below is the list of parameters that we found: 
      Parameter           | Source                        
      ---------------------------------------------------------------------------------
      request             | Body (Inferred)
      store               | UNKNOWN        
      Did you mean to register the "UNKNOWN" parameters as a Service?
         at Microsoft.AspNetCore.Http.RequestDelegateFactory.CreateArguments(ParameterInfo[] parameters, RequestDelegateFactoryContext factoryContext)
         at Microsoft.AspNetCore.Http.RequestDelegateFactory.CreateArgumentsAndInferMetadata(MethodInfo methodInfo, RequestDelegateFactoryContext factoryContext)
         at Microsoft.AspNetCore.Http.RequestDelegateFactory.InferMetadata(MethodInfo methodInfo, RequestDelegateFactoryOptions options)
         at Microsoft.AspNetCore.Routing.RouteEndpointDataSource.CreateRouteEndpointBuilder(RouteEntry entry, RoutePattern groupPrefix, IReadOnlyList`1 groupConventions, IReadOnlyList`1 groupFinallyConventions)
         at Microsoft.AspNetCore.Routing.RouteEndpointDataSource.get_Endpoints()
         at Microsoft.AspNetCore.Routing.CompositeEndpointDataSource.CreateEndpointsUnsynchronized()
         at Microsoft.AspNetCore.Routing.CompositeEndpointDataSource.EnsureEndpointsInitialized()
         at Microsoft.AspNetCore.Routing.CompositeEndpointDataSource.get_Endpoints()
         at Microsoft.AspNetCore.Routing.DataSourceDependentCache`1.Initialize()
         at System.Threading.LazyInitializer.EnsureInitializedCore[T](T& target, Boolean& initialized, Object& syncLock, Func`1 valueFactory)
         at Microsoft.AspNetCore.Routing.Matching.DataSourceDependentMatcher..ctor(EndpointDataSource dataSource, Lifetime lifetime, Func`1 matcherBuilderFactory)
         at Microsoft.AspNetCore.Routing.Matching.DfaMatcherFactory.CreateMatcher(EndpointDataSource dataSource)
         at Microsoft.AspNetCore.Routing.EndpointRoutingMiddleware.InitializeCoreAsync()
      --- End of stack trace from previous location ---
         at Microsoft.AspNetCore.Routing.EndpointRoutingMiddleware.<Invoke>g__AwaitMatcher|10_0(EndpointRoutingMiddleware middleware, HttpContext httpContext, Task`1 matcherTask)
         at Microsoft.AspNetCore.Diagnostics.DeveloperExceptionPageMiddlewareImpl.Invoke(HttpContext context)
info: Microsoft.Hosting.Lifetime[0]
      Application is shutting down...
[xUnit.net 00:00:01.25]     HotelDroid.Api.Tests.Integration.RoomsApiTests.CreateRoom_WithRequiredFields_Returns201Created [FAIL]
[xUnit.net 00:00:01.25]       Assert.Equal() Failure: Values differ
[xUnit.net 00:00:01.25]       Expected: Created
[xUnit.net 00:00:01.25]       Actual:   InternalServerError
[xUnit.net 00:00:01.25]       Stack Trace:
[xUnit.net 00:00:01.25]         C:\Users\rolfe\git\own\Villa-Annunziata\hotelDroid\tests\HotelDroid.Api.Tests\Integration\RoomsApiTests.cs(126,0): at HotelDroid.Api.Tests.Integration.RoomsApiTests.CreateRoom_WithRequiredFields_Returns201Created()
[xUnit.net 00:00:01.25]         --- End of stack trace from previous location ---
info: Microsoft.Hosting.Lifetime[0]
      Application started. Press Ctrl+C to shut down.
info: Microsoft.Hosting.Lifetime[0]
      Hosting environment: Development
info: Microsoft.Hosting.Lifetime[0]
      Content root path: C:\Users\rolfe\git\own\Villa-Annunziata\hotelDroid\src\HotelDroid.Api
fail: Microsoft.AspNetCore.Diagnostics.DeveloperExceptionPageMiddleware[1]
      An unhandled exception has occurred while executing the request.
      System.InvalidOperationException: Failure to infer one or more parameters.
      Below is the list of parameters that we found: 
      Parameter           | Source                        
      ---------------------------------------------------------------------------------
      request             | Body (Inferred)
      store               | UNKNOWN        
      Did you mean to register the "UNKNOWN" parameters as a Service?
         at Microsoft.AspNetCore.Http.RequestDelegateFactory.CreateArguments(ParameterInfo[] parameters, RequestDelegateFactoryContext factoryContext)
         at Microsoft.AspNetCore.Http.RequestDelegateFactory.CreateArgumentsAndInferMetadata(MethodInfo methodInfo, RequestDelegateFactoryContext factoryContext)
         at Microsoft.AspNetCore.Http.RequestDelegateFactory.InferMetadata(MethodInfo methodInfo, RequestDelegateFactoryOptions options)
         at Microsoft.AspNetCore.Routing.RouteEndpointDataSource.CreateRouteEndpointBuilder(RouteEntry entry, RoutePattern groupPrefix, IReadOnlyList`1 groupConventions, IReadOnlyList`1 groupFinallyConventions)
         at Microsoft.AspNetCore.Routing.RouteEndpointDataSource.get_Endpoints()
         at Microsoft.AspNetCore.Routing.CompositeEndpointDataSource.CreateEndpointsUnsynchronized()
         at Microsoft.AspNetCore.Routing.CompositeEndpointDataSource.EnsureEndpointsInitialized()
         at Microsoft.AspNetCore.Routing.CompositeEndpointDataSource.get_Endpoints()
         at Microsoft.AspNetCore.Routing.DataSourceDependentCache`1.Initialize()
         at System.Threading.LazyInitializer.EnsureInitializedCore[T](T& target, Boolean& initialized, Object& syncLock, Func`1 valueFactory)
         at Microsoft.AspNetCore.Routing.Matching.DataSourceDependentMatcher..ctor(EndpointDataSource dataSource, Lifetime lifetime, Func`1 matcherBuilderFactory)
         at Microsoft.AspNetCore.Routing.Matching.DfaMatcherFactory.CreateMatcher(EndpointDataSource dataSource)
         at Microsoft.AspNetCore.Routing.EndpointRoutingMiddleware.InitializeCoreAsync()
      --- End of stack trace from previous location ---
         at Microsoft.AspNetCore.Routing.EndpointRoutingMiddleware.<Invoke>g__AwaitMatcher|10_0(EndpointRoutingMiddleware middleware, HttpContext httpContext, Task`1 matcherTask)
         at Microsoft.AspNetCore.Diagnostics.DeveloperExceptionPageMiddlewareImpl.Invoke(HttpContext context)
fail: Microsoft.AspNetCore.Diagnostics.DeveloperExceptionPageMiddleware[1]
      An unhandled exception has occurred while executing the request.
      System.InvalidOperationException: Failure to infer one or more parameters.
      Below is the list of parameters that we found: 
      Parameter           | Source                        
      ---------------------------------------------------------------------------------
      request             | Body (Inferred)
      store               | UNKNOWN        
      Did you mean to register the "UNKNOWN" parameters as a Service?
         at Microsoft.AspNetCore.Http.RequestDelegateFactory.CreateArguments(ParameterInfo[] parameters, RequestDelegateFactoryContext factoryContext)
         at Microsoft.AspNetCore.Http.RequestDelegateFactory.CreateArgumentsAndInferMetadata(MethodInfo methodInfo, RequestDelegateFactoryContext factoryContext)
         at Microsoft.AspNetCore.Http.RequestDelegateFactory.InferMetadata(MethodInfo methodInfo, RequestDelegateFactoryOptions options)
         at Microsoft.AspNetCore.Routing.RouteEndpointDataSource.CreateRouteEndpointBuilder(RouteEntry entry, RoutePattern groupPrefix, IReadOnlyList`1 groupConventions, IReadOnlyList`1 groupFinallyConventions)
         at Microsoft.AspNetCore.Routing.RouteEndpointDataSource.get_Endpoints()
         at Microsoft.AspNetCore.Routing.CompositeEndpointDataSource.CreateEndpointsUnsynchronized()
         at Microsoft.AspNetCore.Routing.CompositeEndpointDataSource.EnsureEndpointsInitialized()
         at Microsoft.AspNetCore.Routing.CompositeEndpointDataSource.get_Endpoints()
         at Microsoft.AspNetCore.Routing.DataSourceDependentCache`1.Initialize()
         at System.Threading.LazyInitializer.EnsureInitializedCore[T](T& target, Boolean& initialized, Object& syncLock, Func`1 valueFactory)
         at Microsoft.AspNetCore.Routing.Matching.DataSourceDependentMatcher..ctor(EndpointDataSource dataSource, Lifetime lifetime, Func`1 matcherBuilderFactory)
         at Microsoft.AspNetCore.Routing.Matching.DfaMatcherFactory.CreateMatcher(EndpointDataSource dataSource)
         at Microsoft.AspNetCore.Routing.EndpointRoutingMiddleware.InitializeCoreAsync()
      --- End of stack trace from previous location ---
         at Microsoft.AspNetCore.Routing.EndpointRoutingMiddleware.<Invoke>g__AwaitMatcher|10_0(EndpointRoutingMiddleware middleware, HttpContext httpContext, Task`1 matcherTask)
         at Microsoft.AspNetCore.Diagnostics.DeveloperExceptionPageMiddlewareImpl.Invoke(HttpContext context)
fail: Microsoft.AspNetCore.Diagnostics.DeveloperExceptionPageMiddleware[1]
      An unhandled exception has occurred while executing the request.
      System.InvalidOperationException: Failure to infer one or more parameters.
      Below is the list of parameters that we found: 
      Parameter           | Source                        
      ---------------------------------------------------------------------------------
      request             | Body (Inferred)
      store               | UNKNOWN        
      Did you mean to register the "UNKNOWN" parameters as a Service?
         at Microsoft.AspNetCore.Http.RequestDelegateFactory.CreateArguments(ParameterInfo[] parameters, RequestDelegateFactoryContext factoryContext)
         at Microsoft.AspNetCore.Http.RequestDelegateFactory.CreateArgumentsAndInferMetadata(MethodInfo methodInfo, RequestDelegateFactoryContext factoryContext)
         at Microsoft.AspNetCore.Http.RequestDelegateFactory.InferMetadata(MethodInfo methodInfo, RequestDelegateFactoryOptions options)
         at Microsoft.AspNetCore.Routing.RouteEndpointDataSource.CreateRouteEndpointBuilder(RouteEntry entry, RoutePattern groupPrefix, IReadOnlyList`1 groupConventions, IReadOnlyList`1 groupFinallyConventions)
         at Microsoft.AspNetCore.Routing.RouteEndpointDataSource.get_Endpoints()
         at Microsoft.AspNetCore.Routing.CompositeEndpointDataSource.CreateEndpointsUnsynchronized()
         at Microsoft.AspNetCore.Routing.CompositeEndpointDataSource.EnsureEndpointsInitialized()
         at Microsoft.AspNetCore.Routing.CompositeEndpointDataSource.get_Endpoints()
         at Microsoft.AspNetCore.Routing.DataSourceDependentCache`1.Initialize()
         at System.Threading.LazyInitializer.EnsureInitializedCore[T](T& target, Boolean& initialized, Object& syncLock, Func`1 valueFactory)
         at Microsoft.AspNetCore.Routing.Matching.DataSourceDependentMatcher..ctor(EndpointDataSource dataSource, Lifetime lifetime, Func`1 matcherBuilderFactory)
         at Microsoft.AspNetCore.Routing.Matching.DfaMatcherFactory.CreateMatcher(EndpointDataSource dataSource)
         at Microsoft.AspNetCore.Routing.EndpointRoutingMiddleware.InitializeCoreAsync()
      --- End of stack trace from previous location ---
         at Microsoft.AspNetCore.Routing.EndpointRoutingMiddleware.<Invoke>g__AwaitMatcher|10_0(EndpointRoutingMiddleware middleware, HttpContext httpContext, Task`1 matcherTask)
         at Microsoft.AspNetCore.Diagnostics.DeveloperExceptionPageMiddlewareImpl.Invoke(HttpContext context)
fail: Microsoft.AspNetCore.Diagnostics.DeveloperExceptionPageMiddleware[1]
      An unhandled exception has occurred while executing the request.
      System.InvalidOperationException: Failure to infer one or more parameters.
      Below is the list of parameters that we found: 
      Parameter           | Source                        
      ---------------------------------------------------------------------------------
      request             | Body (Inferred)
      store               | UNKNOWN        
      Did you mean to register the "UNKNOWN" parameters as a Service?
         at Microsoft.AspNetCore.Http.RequestDelegateFactory.CreateArguments(ParameterInfo[] parameters, RequestDelegateFactoryContext factoryContext)
         at Microsoft.AspNetCore.Http.RequestDelegateFactory.CreateArgumentsAndInferMetadata(MethodInfo methodInfo, RequestDelegateFactoryContext factoryContext)
         at Microsoft.AspNetCore.Http.RequestDelegateFactory.InferMetadata(MethodInfo methodInfo, RequestDelegateFactoryOptions options)
         at Microsoft.AspNetCore.Routing.RouteEndpointDataSource.CreateRouteEndpointBuilder(RouteEntry entry, RoutePattern groupPrefix, IReadOnlyList`1 groupConventions, IReadOnlyList`1 groupFinallyConventions)
         at Microsoft.AspNetCore.Routing.RouteEndpointDataSource.get_Endpoints()
         at Microsoft.AspNetCore.Routing.CompositeEndpointDataSource.CreateEndpointsUnsynchronized()
         at Microsoft.AspNetCore.Routing.CompositeEndpointDataSource.EnsureEndpointsInitialized()
         at Microsoft.AspNetCore.Routing.CompositeEndpointDataSource.get_Endpoints()
         at Microsoft.AspNetCore.Routing.DataSourceDependentCache`1.Initialize()
         at System.Threading.LazyInitializer.EnsureInitializedCore[T](T& target, Boolean& initialized, Object& syncLock, Func`1 valueFactory)
         at Microsoft.AspNetCore.Routing.Matching.DataSourceDependentMatcher..ctor(EndpointDataSource dataSource, Lifetime lifetime, Func`1 matcherBuilderFactory)
         at Microsoft.AspNetCore.Routing.Matching.DfaMatcherFactory.CreateMatcher(EndpointDataSource dataSource)
         at Microsoft.AspNetCore.Routing.EndpointRoutingMiddleware.InitializeCoreAsync()
      --- End of stack trace from previous location ---
         at Microsoft.AspNetCore.Routing.EndpointRoutingMiddleware.<Invoke>g__AwaitMatcher|10_0(EndpointRoutingMiddleware middleware, HttpContext httpContext, Task`1 matcherTask)
         at Microsoft.AspNetCore.Diagnostics.DeveloperExceptionPageMiddlewareImpl.Invoke(HttpContext context)
info: Microsoft.Hosting.Lifetime[0]
      Application is shutting down...
[xUnit.net 00:00:01.31]     HotelDroid.Api.Tests.Integration.RoomsApiTests.PriorityOrder_MultipleRooms_AreDistinct [FAIL]
[xUnit.net 00:00:01.31]       Assert.Equal() Failure: Values differ
[xUnit.net 00:00:01.31]       Expected: OK
[xUnit.net 00:00:01.31]       Actual:   InternalServerError
[xUnit.net 00:00:01.31]       Stack Trace:
[xUnit.net 00:00:01.31]         C:\Users\rolfe\git\own\Villa-Annunziata\hotelDroid\tests\HotelDroid.Api.Tests\Integration\RoomsApiTests.cs(627,0): at HotelDroid.Api.Tests.Integration.RoomsApiTests.PriorityOrder_MultipleRooms_AreDistinct()
[xUnit.net 00:00:01.31]         --- End of stack trace from previous location ---
info: Microsoft.Hosting.Lifetime[0]
      Application started. Press Ctrl+C to shut down.
info: Microsoft.Hosting.Lifetime[0]
      Hosting environment: Development
info: Microsoft.Hosting.Lifetime[0]
      Content root path: C:\Users\rolfe\git\own\Villa-Annunziata\hotelDroid\src\HotelDroid.Api
fail: Microsoft.AspNetCore.Diagnostics.DeveloperExceptionPageMiddleware[1]
      An unhandled exception has occurred while executing the request.
      System.InvalidOperationException: Failure to infer one or more parameters.
      Below is the list of parameters that we found: 
      Parameter           | Source                        
      ---------------------------------------------------------------------------------
      request             | Body (Inferred)
      store               | UNKNOWN        
      Did you mean to register the "UNKNOWN" parameters as a Service?
         at Microsoft.AspNetCore.Http.RequestDelegateFactory.CreateArguments(ParameterInfo[] parameters, RequestDelegateFactoryContext factoryContext)
         at Microsoft.AspNetCore.Http.RequestDelegateFactory.CreateArgumentsAndInferMetadata(MethodInfo methodInfo, RequestDelegateFactoryContext factoryContext)
         at Microsoft.AspNetCore.Http.RequestDelegateFactory.InferMetadata(MethodInfo methodInfo, RequestDelegateFactoryOptions options)
         at Microsoft.AspNetCore.Routing.RouteEndpointDataSource.CreateRouteEndpointBuilder(RouteEntry entry, RoutePattern groupPrefix, IReadOnlyList`1 groupConventions, IReadOnlyList`1 groupFinallyConventions)
         at Microsoft.AspNetCore.Routing.RouteEndpointDataSource.get_Endpoints()
         at Microsoft.AspNetCore.Routing.CompositeEndpointDataSource.CreateEndpointsUnsynchronized()
         at Microsoft.AspNetCore.Routing.CompositeEndpointDataSource.EnsureEndpointsInitialized()
         at Microsoft.AspNetCore.Routing.CompositeEndpointDataSource.get_Endpoints()
         at Microsoft.AspNetCore.Routing.DataSourceDependentCache`1.Initialize()
         at System.Threading.LazyInitializer.EnsureInitializedCore[T](T& target, Boolean& initialized, Object& syncLock, Func`1 valueFactory)
         at Microsoft.AspNetCore.Routing.Matching.DataSourceDependentMatcher..ctor(EndpointDataSource dataSource, Lifetime lifetime, Func`1 matcherBuilderFactory)
         at Microsoft.AspNetCore.Routing.Matching.DfaMatcherFactory.CreateMatcher(EndpointDataSource dataSource)
         at Microsoft.AspNetCore.Routing.EndpointRoutingMiddleware.InitializeCoreAsync()
      --- End of stack trace from previous location ---
         at Microsoft.AspNetCore.Routing.EndpointRoutingMiddleware.<Invoke>g__AwaitMatcher|10_0(EndpointRoutingMiddleware middleware, HttpContext httpContext, Task`1 matcherTask)
         at Microsoft.AspNetCore.Diagnostics.DeveloperExceptionPageMiddlewareImpl.Invoke(HttpContext context)
info: Microsoft.Hosting.Lifetime[0]
      Application is shutting down...
[xUnit.net 00:00:01.34]     HotelDroid.Api.Tests.Integration.RoomsApiTests.RoomOperations_PreservesDataIntegrity [FAIL]
[xUnit.net 00:00:01.34]       System.Text.Json.JsonException : 'S' is an invalid start of a value. Path: $ | LineNumber: 0 | BytePositionInLine: 0.
[xUnit.net 00:00:01.34]       ---- System.Text.Json.JsonReaderException : 'S' is an invalid start of a value. LineNumber: 0 | BytePositionInLine: 0.
[xUnit.net 00:00:01.34]       Stack Trace:
[xUnit.net 00:00:01.34]            at System.Text.Json.ThrowHelper.ReThrowWithPath(ReadStack& state, JsonReaderException ex)
[xUnit.net 00:00:01.34]            at System.Text.Json.Serialization.JsonConverter`1.ReadCore(Utf8JsonReader& reader, T& value, JsonSerializerOptions options, ReadStack& state)
[xUnit.net 00:00:01.34]            at System.Text.Json.Serialization.Metadata.JsonTypeInfo`1.Deserialize(Utf8JsonReader& reader, ReadStack& state)
[xUnit.net 00:00:01.34]            at System.Text.Json.JsonSerializer.ReadFromSpan[TValue](ReadOnlySpan`1 utf8Json, JsonTypeInfo`1 jsonTypeInfo, Nullable`1 actualByteCount)
[xUnit.net 00:00:01.34]            at System.Text.Json.JsonSerializer.ReadFromSpan[TValue](ReadOnlySpan`1 json, JsonTypeInfo`1 jsonTypeInfo)
[xUnit.net 00:00:01.34]            at System.Text.Json.JsonSerializer.Deserialize[TValue](String json, JsonSerializerOptions options)
[xUnit.net 00:00:01.34]         C:\Users\rolfe\git\own\Villa-Annunziata\hotelDroid\tests\HotelDroid.Api.Tests\Integration\RoomsApiTests.cs(707,0): at HotelDroid.Api.Tests.Integration.RoomsApiTests.RoomOperations_PreservesDataIntegrity()
[xUnit.net 00:00:01.34]         --- End of stack trace from previous location ---
[xUnit.net 00:00:01.34]         ----- Inner Stack Trace -----
[xUnit.net 00:00:01.34]            at System.Text.Json.ThrowHelper.ThrowJsonReaderException(Utf8JsonReader& json, ExceptionResource resource, Byte nextByte, ReadOnlySpan`1 bytes)
[xUnit.net 00:00:01.34]            at System.Text.Json.Utf8JsonReader.ConsumeValue(Byte marker)
[xUnit.net 00:00:01.34]            at System.Text.Json.Utf8JsonReader.ReadFirstToken(Byte first)
[xUnit.net 00:00:01.34]            at System.Text.Json.Utf8JsonReader.ReadSingleSegment()
[xUnit.net 00:00:01.34]            at System.Text.Json.Utf8JsonReader.Read()
[xUnit.net 00:00:01.34]            at System.Text.Json.Serialization.JsonConverter`1.ReadCore(Utf8JsonReader& reader, T& value, JsonSerializerOptions options, ReadStack& state)
info: Microsoft.Hosting.Lifetime[0]
      Application started. Press Ctrl+C to shut down.
info: Microsoft.Hosting.Lifetime[0]
      Hosting environment: Development
info: Microsoft.Hosting.Lifetime[0]
      Content root path: C:\Users\rolfe\git\own\Villa-Annunziata\hotelDroid\src\HotelDroid.Api
fail: Microsoft.AspNetCore.Diagnostics.DeveloperExceptionPageMiddleware[1]
      An unhandled exception has occurred while executing the request.
      System.InvalidOperationException: Failure to infer one or more parameters.
      Below is the list of parameters that we found: 
      Parameter           | Source                        
      ---------------------------------------------------------------------------------
      request             | Body (Inferred)
      store               | UNKNOWN        
      Did you mean to register the "UNKNOWN" parameters as a Service?
         at Microsoft.AspNetCore.Http.RequestDelegateFactory.CreateArguments(ParameterInfo[] parameters, RequestDelegateFactoryContext factoryContext)
         at Microsoft.AspNetCore.Http.RequestDelegateFactory.CreateArgumentsAndInferMetadata(MethodInfo methodInfo, RequestDelegateFactoryContext factoryContext)
         at Microsoft.AspNetCore.Http.RequestDelegateFactory.InferMetadata(MethodInfo methodInfo, RequestDelegateFactoryOptions options)
         at Microsoft.AspNetCore.Routing.RouteEndpointDataSource.CreateRouteEndpointBuilder(RouteEntry entry, RoutePattern groupPrefix, IReadOnlyList`1 groupConventions, IReadOnlyList`1 groupFinallyConventions)
         at Microsoft.AspNetCore.Routing.RouteEndpointDataSource.get_Endpoints()
         at Microsoft.AspNetCore.Routing.CompositeEndpointDataSource.CreateEndpointsUnsynchronized()
         at Microsoft.AspNetCore.Routing.CompositeEndpointDataSource.EnsureEndpointsInitialized()
         at Microsoft.AspNetCore.Routing.CompositeEndpointDataSource.get_Endpoints()
         at Microsoft.AspNetCore.Routing.DataSourceDependentCache`1.Initialize()
         at System.Threading.LazyInitializer.EnsureInitializedCore[T](T& target, Boolean& initialized, Object& syncLock, Func`1 valueFactory)
         at Microsoft.AspNetCore.Routing.Matching.DataSourceDependentMatcher..ctor(EndpointDataSource dataSource, Lifetime lifetime, Func`1 matcherBuilderFactory)
         at Microsoft.AspNetCore.Routing.Matching.DfaMatcherFactory.CreateMatcher(EndpointDataSource dataSource)
         at Microsoft.AspNetCore.Routing.EndpointRoutingMiddleware.InitializeCoreAsync()
      --- End of stack trace from previous location ---
         at Microsoft.AspNetCore.Routing.EndpointRoutingMiddleware.<Invoke>g__AwaitMatcher|10_0(EndpointRoutingMiddleware middleware, HttpContext httpContext, Task`1 matcherTask)
         at Microsoft.AspNetCore.Diagnostics.DeveloperExceptionPageMiddlewareImpl.Invoke(HttpContext context)
fail: Microsoft.AspNetCore.Diagnostics.DeveloperExceptionPageMiddleware[1]
      An unhandled exception has occurred while executing the request.
      System.InvalidOperationException: Failure to infer one or more parameters.
      Below is the list of parameters that we found: 
      Parameter           | Source                        
      ---------------------------------------------------------------------------------
      request             | Body (Inferred)
      store               | UNKNOWN        
      Did you mean to register the "UNKNOWN" parameters as a Service?
         at Microsoft.AspNetCore.Http.RequestDelegateFactory.CreateArguments(ParameterInfo[] parameters, RequestDelegateFactoryContext factoryContext)
         at Microsoft.AspNetCore.Http.RequestDelegateFactory.CreateArgumentsAndInferMetadata(MethodInfo methodInfo, RequestDelegateFactoryContext factoryContext)
         at Microsoft.AspNetCore.Http.RequestDelegateFactory.InferMetadata(MethodInfo methodInfo, RequestDelegateFactoryOptions options)
         at Microsoft.AspNetCore.Routing.RouteEndpointDataSource.CreateRouteEndpointBuilder(RouteEntry entry, RoutePattern groupPrefix, IReadOnlyList`1 groupConventions, IReadOnlyList`1 groupFinallyConventions)
         at Microsoft.AspNetCore.Routing.RouteEndpointDataSource.get_Endpoints()
         at Microsoft.AspNetCore.Routing.CompositeEndpointDataSource.CreateEndpointsUnsynchronized()
         at Microsoft.AspNetCore.Routing.CompositeEndpointDataSource.EnsureEndpointsInitialized()
         at Microsoft.AspNetCore.Routing.CompositeEndpointDataSource.get_Endpoints()
         at Microsoft.AspNetCore.Routing.DataSourceDependentCache`1.Initialize()
         at System.Threading.LazyInitializer.EnsureInitializedCore[T](T& target, Boolean& initialized, Object& syncLock, Func`1 valueFactory)
         at Microsoft.AspNetCore.Routing.Matching.DataSourceDependentMatcher..ctor(EndpointDataSource dataSource, Lifetime lifetime, Func`1 matcherBuilderFactory)
         at Microsoft.AspNetCore.Routing.Matching.DfaMatcherFactory.CreateMatcher(EndpointDataSource dataSource)
         at Microsoft.AspNetCore.Routing.EndpointRoutingMiddleware.InitializeCoreAsync()
      --- End of stack trace from previous location ---
         at Microsoft.AspNetCore.Routing.EndpointRoutingMiddleware.<Invoke>g__AwaitMatcher|10_0(EndpointRoutingMiddleware middleware, HttpContext httpContext, Task`1 matcherTask)
         at Microsoft.AspNetCore.Diagnostics.DeveloperExceptionPageMiddlewareImpl.Invoke(HttpContext context)
fail: Microsoft.AspNetCore.Diagnostics.DeveloperExceptionPageMiddleware[1]
      An unhandled exception has occurred while executing the request.
      System.InvalidOperationException: Failure to infer one or more parameters.
      Below is the list of parameters that we found: 
      Parameter           | Source                        
      ---------------------------------------------------------------------------------
      request             | Body (Inferred)
      store               | UNKNOWN        
      Did you mean to register the "UNKNOWN" parameters as a Service?
         at Microsoft.AspNetCore.Http.RequestDelegateFactory.CreateArguments(ParameterInfo[] parameters, RequestDelegateFactoryContext factoryContext)
         at Microsoft.AspNetCore.Http.RequestDelegateFactory.CreateArgumentsAndInferMetadata(MethodInfo methodInfo, RequestDelegateFactoryContext factoryContext)
         at Microsoft.AspNetCore.Http.RequestDelegateFactory.InferMetadata(MethodInfo methodInfo, RequestDelegateFactoryOptions options)
         at Microsoft.AspNetCore.Routing.RouteEndpointDataSource.CreateRouteEndpointBuilder(RouteEntry entry, RoutePattern groupPrefix, IReadOnlyList`1 groupConventions, IReadOnlyList`1 groupFinallyConventions)
         at Microsoft.AspNetCore.Routing.RouteEndpointDataSource.get_Endpoints()
         at Microsoft.AspNetCore.Routing.CompositeEndpointDataSource.CreateEndpointsUnsynchronized()
         at Microsoft.AspNetCore.Routing.CompositeEndpointDataSource.EnsureEndpointsInitialized()
         at Microsoft.AspNetCore.Routing.CompositeEndpointDataSource.get_Endpoints()
         at Microsoft.AspNetCore.Routing.DataSourceDependentCache`1.Initialize()
         at System.Threading.LazyInitializer.EnsureInitializedCore[T](T& target, Boolean& initialized, Object& syncLock, Func`1 valueFactory)
         at Microsoft.AspNetCore.Routing.Matching.DataSourceDependentMatcher..ctor(EndpointDataSource dataSource, Lifetime lifetime, Func`1 matcherBuilderFactory)
         at Microsoft.AspNetCore.Routing.Matching.DfaMatcherFactory.CreateMatcher(EndpointDataSource dataSource)
         at Microsoft.AspNetCore.Routing.EndpointRoutingMiddleware.InitializeCoreAsync()
      --- End of stack trace from previous location ---
         at Microsoft.AspNetCore.Routing.EndpointRoutingMiddleware.<Invoke>g__AwaitMatcher|10_0(EndpointRoutingMiddleware middleware, HttpContext httpContext, Task`1 matcherTask)
         at Microsoft.AspNetCore.Diagnostics.DeveloperExceptionPageMiddlewareImpl.Invoke(HttpContext context)
fail: Microsoft.AspNetCore.Diagnostics.DeveloperExceptionPageMiddleware[1]
      An unhandled exception has occurred while executing the request.
      System.InvalidOperationException: Failure to infer one or more parameters.
      Below is the list of parameters that we found: 
      Parameter           | Source                        
      ---------------------------------------------------------------------------------
      request             | Body (Inferred)
      store               | UNKNOWN        
      Did you mean to register the "UNKNOWN" parameters as a Service?
         at Microsoft.AspNetCore.Http.RequestDelegateFactory.CreateArguments(ParameterInfo[] parameters, RequestDelegateFactoryContext factoryContext)
         at Microsoft.AspNetCore.Http.RequestDelegateFactory.CreateArgumentsAndInferMetadata(MethodInfo methodInfo, RequestDelegateFactoryContext factoryContext)
         at Microsoft.AspNetCore.Http.RequestDelegateFactory.InferMetadata(MethodInfo methodInfo, RequestDelegateFactoryOptions options)
         at Microsoft.AspNetCore.Routing.RouteEndpointDataSource.CreateRouteEndpointBuilder(RouteEntry entry, RoutePattern groupPrefix, IReadOnlyList`1 groupConventions, IReadOnlyList`1 groupFinallyConventions)
         at Microsoft.AspNetCore.Routing.RouteEndpointDataSource.get_Endpoints()
         at Microsoft.AspNetCore.Routing.CompositeEndpointDataSource.CreateEndpointsUnsynchronized()
         at Microsoft.AspNetCore.Routing.CompositeEndpointDataSource.EnsureEndpointsInitialized()
         at Microsoft.AspNetCore.Routing.CompositeEndpointDataSource.get_Endpoints()
         at Microsoft.AspNetCore.Routing.DataSourceDependentCache`1.Initialize()
         at System.Threading.LazyInitializer.EnsureInitializedCore[T](T& target, Boolean& initialized, Object& syncLock, Func`1 valueFactory)
         at Microsoft.AspNetCore.Routing.Matching.DataSourceDependentMatcher..ctor(EndpointDataSource dataSource, Lifetime lifetime, Func`1 matcherBuilderFactory)
         at Microsoft.AspNetCore.Routing.Matching.DfaMatcherFactory.CreateMatcher(EndpointDataSource dataSource)
         at Microsoft.AspNetCore.Routing.EndpointRoutingMiddleware.InitializeCoreAsync()
      --- End of stack trace from previous location ---
         at Microsoft.AspNetCore.Routing.EndpointRoutingMiddleware.<Invoke>g__AwaitMatcher|10_0(EndpointRoutingMiddleware middleware, HttpContext httpContext, Task`1 matcherTask)
         at Microsoft.AspNetCore.Diagnostics.DeveloperExceptionPageMiddlewareImpl.Invoke(HttpContext context)
fail: Microsoft.AspNetCore.Diagnostics.DeveloperExceptionPageMiddleware[1]
      An unhandled exception has occurred while executing the request.
      System.InvalidOperationException: Failure to infer one or more parameters.
      Below is the list of parameters that we found: 
      Parameter           | Source                        
      ---------------------------------------------------------------------------------
      request             | Body (Inferred)
      store               | UNKNOWN        
      Did you mean to register the "UNKNOWN" parameters as a Service?
         at Microsoft.AspNetCore.Http.RequestDelegateFactory.CreateArguments(ParameterInfo[] parameters, RequestDelegateFactoryContext factoryContext)
         at Microsoft.AspNetCore.Http.RequestDelegateFactory.CreateArgumentsAndInferMetadata(MethodInfo methodInfo, RequestDelegateFactoryContext factoryContext)
         at Microsoft.AspNetCore.Http.RequestDelegateFactory.InferMetadata(MethodInfo methodInfo, RequestDelegateFactoryOptions options)
         at Microsoft.AspNetCore.Routing.RouteEndpointDataSource.CreateRouteEndpointBuilder(RouteEntry entry, RoutePattern groupPrefix, IReadOnlyList`1 groupConventions, IReadOnlyList`1 groupFinallyConventions)
         at Microsoft.AspNetCore.Routing.RouteEndpointDataSource.get_Endpoints()
         at Microsoft.AspNetCore.Routing.CompositeEndpointDataSource.CreateEndpointsUnsynchronized()
         at Microsoft.AspNetCore.Routing.CompositeEndpointDataSource.EnsureEndpointsInitialized()
         at Microsoft.AspNetCore.Routing.CompositeEndpointDataSource.get_Endpoints()
         at Microsoft.AspNetCore.Routing.DataSourceDependentCache`1.Initialize()
         at System.Threading.LazyInitializer.EnsureInitializedCore[T](T& target, Boolean& initialized, Object& syncLock, Func`1 valueFactory)
         at Microsoft.AspNetCore.Routing.Matching.DataSourceDependentMatcher..ctor(EndpointDataSource dataSource, Lifetime lifetime, Func`1 matcherBuilderFactory)
         at Microsoft.AspNetCore.Routing.Matching.DfaMatcherFactory.CreateMatcher(EndpointDataSource dataSource)
         at Microsoft.AspNetCore.Routing.EndpointRoutingMiddleware.InitializeCoreAsync()
      --- End of stack trace from previous location ---
         at Microsoft.AspNetCore.Routing.EndpointRoutingMiddleware.<Invoke>g__AwaitMatcher|10_0(EndpointRoutingMiddleware middleware, HttpContext httpContext, Task`1 matcherTask)
         at Microsoft.AspNetCore.Diagnostics.DeveloperExceptionPageMiddlewareImpl.Invoke(HttpContext context)
info: Microsoft.Hosting.Lifetime[0]
      Application is shutting down...
[xUnit.net 00:00:01.40]     HotelDroid.Api.Tests.Integration.RoomsApiTests.ListRooms_Returns200Ok [FAIL]
[xUnit.net 00:00:01.40]       Assert.Equal() Failure: Values differ
[xUnit.net 00:00:01.40]       Expected: OK
[xUnit.net 00:00:01.40]       Actual:   InternalServerError
[xUnit.net 00:00:01.40]       Stack Trace:
[xUnit.net 00:00:01.40]         C:\Users\rolfe\git\own\Villa-Annunziata\hotelDroid\tests\HotelDroid.Api.Tests\Integration\RoomsApiTests.cs(233,0): at HotelDroid.Api.Tests.Integration.RoomsApiTests.ListRooms_Returns200Ok()
[xUnit.net 00:00:01.40]         --- End of stack trace from previous location ---
info: Microsoft.Hosting.Lifetime[0]
      Application started. Press Ctrl+C to shut down.
info: Microsoft.Hosting.Lifetime[0]
      Hosting environment: Development
info: Microsoft.Hosting.Lifetime[0]
      Content root path: C:\Users\rolfe\git\own\Villa-Annunziata\hotelDroid\src\HotelDroid.Api
fail: Microsoft.AspNetCore.Diagnostics.DeveloperExceptionPageMiddleware[1]
      An unhandled exception has occurred while executing the request.
      System.InvalidOperationException: Failure to infer one or more parameters.
      Below is the list of parameters that we found: 
      Parameter           | Source                        
      ---------------------------------------------------------------------------------
      request             | Body (Inferred)
      store               | UNKNOWN        
      Did you mean to register the "UNKNOWN" parameters as a Service?
         at Microsoft.AspNetCore.Http.RequestDelegateFactory.CreateArguments(ParameterInfo[] parameters, RequestDelegateFactoryContext factoryContext)
         at Microsoft.AspNetCore.Http.RequestDelegateFactory.CreateArgumentsAndInferMetadata(MethodInfo methodInfo, RequestDelegateFactoryContext factoryContext)
         at Microsoft.AspNetCore.Http.RequestDelegateFactory.InferMetadata(MethodInfo methodInfo, RequestDelegateFactoryOptions options)
         at Microsoft.AspNetCore.Routing.RouteEndpointDataSource.CreateRouteEndpointBuilder(RouteEntry entry, RoutePattern groupPrefix, IReadOnlyList`1 groupConventions, IReadOnlyList`1 groupFinallyConventions)
         at Microsoft.AspNetCore.Routing.RouteEndpointDataSource.get_Endpoints()
         at Microsoft.AspNetCore.Routing.CompositeEndpointDataSource.CreateEndpointsUnsynchronized()
         at Microsoft.AspNetCore.Routing.CompositeEndpointDataSource.EnsureEndpointsInitialized()
         at Microsoft.AspNetCore.Routing.CompositeEndpointDataSource.get_Endpoints()
         at Microsoft.AspNetCore.Routing.DataSourceDependentCache`1.Initialize()
         at System.Threading.LazyInitializer.EnsureInitializedCore[T](T& target, Boolean& initialized, Object& syncLock, Func`1 valueFactory)
         at Microsoft.AspNetCore.Routing.Matching.DataSourceDependentMatcher..ctor(EndpointDataSource dataSource, Lifetime lifetime, Func`1 matcherBuilderFactory)
         at Microsoft.AspNetCore.Routing.Matching.DfaMatcherFactory.CreateMatcher(EndpointDataSource dataSource)
         at Microsoft.AspNetCore.Routing.EndpointRoutingMiddleware.InitializeCoreAsync()
      --- End of stack trace from previous location ---
         at Microsoft.AspNetCore.Routing.EndpointRoutingMiddleware.<Invoke>g__AwaitMatcher|10_0(EndpointRoutingMiddleware middleware, HttpContext httpContext, Task`1 matcherTask)
         at Microsoft.AspNetCore.Diagnostics.DeveloperExceptionPageMiddlewareImpl.Invoke(HttpContext context)
fail: Microsoft.AspNetCore.Diagnostics.DeveloperExceptionPageMiddleware[1]
      An unhandled exception has occurred while executing the request.
      System.InvalidOperationException: Failure to infer one or more parameters.
      Below is the list of parameters that we found: 
      Parameter           | Source                        
      ---------------------------------------------------------------------------------
      request             | Body (Inferred)
      store               | UNKNOWN        
      Did you mean to register the "UNKNOWN" parameters as a Service?
         at Microsoft.AspNetCore.Http.RequestDelegateFactory.CreateArguments(ParameterInfo[] parameters, RequestDelegateFactoryContext factoryContext)
         at Microsoft.AspNetCore.Http.RequestDelegateFactory.CreateArgumentsAndInferMetadata(MethodInfo methodInfo, RequestDelegateFactoryContext factoryContext)
         at Microsoft.AspNetCore.Http.RequestDelegateFactory.InferMetadata(MethodInfo methodInfo, RequestDelegateFactoryOptions options)
         at Microsoft.AspNetCore.Routing.RouteEndpointDataSource.CreateRouteEndpointBuilder(RouteEntry entry, RoutePattern groupPrefix, IReadOnlyList`1 groupConventions, IReadOnlyList`1 groupFinallyConventions)
         at Microsoft.AspNetCore.Routing.RouteEndpointDataSource.get_Endpoints()
         at Microsoft.AspNetCore.Routing.CompositeEndpointDataSource.CreateEndpointsUnsynchronized()
         at Microsoft.AspNetCore.Routing.CompositeEndpointDataSource.EnsureEndpointsInitialized()
         at Microsoft.AspNetCore.Routing.CompositeEndpointDataSource.get_Endpoints()
         at Microsoft.AspNetCore.Routing.DataSourceDependentCache`1.Initialize()
         at System.Threading.LazyInitializer.EnsureInitializedCore[T](T& target, Boolean& initialized, Object& syncLock, Func`1 valueFactory)
         at Microsoft.AspNetCore.Routing.Matching.DataSourceDependentMatcher..ctor(EndpointDataSource dataSource, Lifetime lifetime, Func`1 matcherBuilderFactory)
         at Microsoft.AspNetCore.Routing.Matching.DfaMatcherFactory.CreateMatcher(EndpointDataSource dataSource)
         at Microsoft.AspNetCore.Routing.EndpointRoutingMiddleware.InitializeCoreAsync()
      --- End of stack trace from previous location ---
         at Microsoft.AspNetCore.Routing.EndpointRoutingMiddleware.<Invoke>g__AwaitMatcher|10_0(EndpointRoutingMiddleware middleware, HttpContext httpContext, Task`1 matcherTask)
         at Microsoft.AspNetCore.Diagnostics.DeveloperExceptionPageMiddlewareImpl.Invoke(HttpContext context)
info: Microsoft.Hosting.Lifetime[0]
      Application is shutting down...
[xUnit.net 00:00:01.45]     HotelDroid.Api.Tests.Integration.RoomsApiTests.GetRoom_ByName_Returns200Ok [FAIL]
[xUnit.net 00:00:01.45]       Assert.Equal() Failure: Values differ
[xUnit.net 00:00:01.45]       Expected: OK
[xUnit.net 00:00:01.45]       Actual:   InternalServerError
[xUnit.net 00:00:01.45]       Stack Trace:
[xUnit.net 00:00:01.45]         C:\Users\rolfe\git\own\Villa-Annunziata\hotelDroid\tests\HotelDroid.Api.Tests\Integration\RoomsApiTests.cs(209,0): at HotelDroid.Api.Tests.Integration.RoomsApiTests.GetRoom_ByName_Returns200Ok()
[xUnit.net 00:00:01.45]         --- End of stack trace from previous location ---
  Failed HotelDroid.Api.Tests.Integration.RoomsApiTests.CreateRoom_WithFloorNumber_IsPreserved [13 ms]
  Error Message:
   Assert.Equal() Failure: Values differ
Expected: Created
Actual:   InternalServerError
  Stack Trace:
     at HotelDroid.Api.Tests.Integration.RoomsApiTests.CreateRoom_WithFloorNumber_IsPreserved() in C:\Users\rolfe\git\own\Villa-Annunziata\hotelDroid\tests\HotelDroid.Api.Tests\Integration\RoomsApiTests.cs:line 312
--- End of stack trace from previous location ---
  Failed HotelDroid.Api.Tests.Integration.RoomsApiTests.CreateRoom_WithHasBedsFlag_IsPreserved [14 ms]
  Error Message:
   Assert.Equal() Failure: Values differ
Expected: Created
Actual:   InternalServerError
  Stack Trace:
     at HotelDroid.Api.Tests.Integration.RoomsApiTests.CreateRoom_WithHasBedsFlag_IsPreserved() in C:\Users\rolfe\git\own\Villa-Annunziata\hotelDroid\tests\HotelDroid.Api.Tests\Integration\RoomsApiTests.cs:line 380
--- End of stack trace from previous location ---
  Failed HotelDroid.Api.Tests.Integration.RoomsApiTests.CreateRoom_WithAllFields_Returns201CreatedAndPreservesAll [14 ms]
  Error Message:
   Assert.Equal() Failure: Values differ
Expected: Created
Actual:   InternalServerError
  Stack Trace:
     at HotelDroid.Api.Tests.Integration.RoomsApiTests.CreateRoom_WithAllFields_Returns201CreatedAndPreservesAll() in C:\Users\rolfe\git\own\Villa-Annunziata\hotelDroid\tests\HotelDroid.Api.Tests\Integration\RoomsApiTests.cs:line 159
--- End of stack trace from previous location ---
  Failed HotelDroid.Api.Tests.Integration.RoomsApiTests.UpdateRoom_NonExistent_Returns404NotFound [11 ms]
  Error Message:
   Assert.Equal() Failure: Values differ
Expected: NotFound
Actual:   InternalServerError
  Stack Trace:
     at HotelDroid.Api.Tests.Integration.RoomsApiTests.UpdateRoom_NonExistent_Returns404NotFound() in C:\Users\rolfe\git\own\Villa-Annunziata\hotelDroid\tests\HotelDroid.Api.Tests\Integration\RoomsApiTests.cs:line 577
--- End of stack trace from previous location ---
  Failed HotelDroid.Api.Tests.Integration.RoomsApiTests.CreateRoom_WithRequiredFields_Returns201Created [11 ms]
  Error Message:
   Assert.Equal() Failure: Values differ
Expected: Created
Actual:   InternalServerError
  Stack Trace:
     at HotelDroid.Api.Tests.Integration.RoomsApiTests.CreateRoom_WithRequiredFields_Returns201Created() in C:\Users\rolfe\git\own\Villa-Annunziata\hotelDroid\tests\HotelDroid.Api.Tests\Integration\RoomsApiTests.cs:line 126
--- End of stack trace from previous location ---
  Failed HotelDroid.Api.Tests.Integration.RoomsApiTests.PriorityOrder_MultipleRooms_AreDistinct [45 ms]
  Error Message:
   Assert.Equal() Failure: Values differ
Expected: OK
Actual:   InternalServerError
  Stack Trace:
     at HotelDroid.Api.Tests.Integration.RoomsApiTests.PriorityOrder_MultipleRooms_AreDistinct() in C:\Users\rolfe\git\own\Villa-Annunziata\hotelDroid\tests\HotelDroid.Api.Tests\Integration\RoomsApiTests.cs:line 627
--- End of stack trace from previous location ---
  Failed HotelDroid.Api.Tests.Integration.RoomsApiTests.RoomOperations_PreservesDataIntegrity [11 ms]
  Error Message:
   System.Text.Json.JsonException : 'S' is an invalid start of a value. Path: $ | LineNumber: 0 | BytePositionInLine: 0.
---- System.Text.Json.JsonReaderException : 'S' is an invalid start of a value. LineNumber: 0 | BytePositionInLine: 0.
  Stack Trace:
     at System.Text.Json.ThrowHelper.ReThrowWithPath(ReadStack& state, JsonReaderException ex)
   at System.Text.Json.Serialization.JsonConverter`1.ReadCore(Utf8JsonReader& reader, T& value, JsonSerializerOptions options, ReadStack& state)
   at System.Text.Json.Serialization.Metadata.JsonTypeInfo`1.Deserialize(Utf8JsonReader& reader, ReadStack& state)
   at System.Text.Json.JsonSerializer.ReadFromSpan[TValue](ReadOnlySpan`1 utf8Json, JsonTypeInfo`1 jsonTypeInfo, Nullable`1 actualByteCount)
   at System.Text.Json.JsonSerializer.ReadFromSpan[TValue](ReadOnlySpan`1 json, JsonTypeInfo`1 jsonTypeInfo)
   at System.Text.Json.JsonSerializer.Deserialize[TValue](String json, JsonSerializerOptions options)
   at HotelDroid.Api.Tests.Integration.RoomsApiTests.RoomOperations_PreservesDataIntegrity() in C:\Users\rolfe\git\own\Villa-Annunziata\hotelDroid\tests\HotelDroid.Api.Tests\Integration\RoomsApiTests.cs:line 707
--- End of stack trace from previous location ---
----- Inner Stack Trace -----
   at System.Text.Json.ThrowHelper.ThrowJsonReaderException(Utf8JsonReader& json, ExceptionResource resource, Byte nextByte, ReadOnlySpan`1 bytes)
   at System.Text.Json.Utf8JsonReader.ConsumeValue(Byte marker)
   at System.Text.Json.Utf8JsonReader.ReadFirstToken(Byte first)
   at System.Text.Json.Utf8JsonReader.ReadSingleSegment()
   at System.Text.Json.Utf8JsonReader.Read()
   at System.Text.Json.Serialization.JsonConverter`1.ReadCore(Utf8JsonReader& reader, T& value, JsonSerializerOptions options, ReadStack& state)
  Failed HotelDroid.Api.Tests.Integration.RoomsApiTests.ListRooms_Returns200Ok [51 ms]
  Error Message:
   Assert.Equal() Failure: Values differ
Expected: OK
Actual:   InternalServerError
  Stack Trace:
     at HotelDroid.Api.Tests.Integration.RoomsApiTests.ListRooms_Returns200Ok() in C:\Users\rolfe\git\own\Villa-Annunziata\hotelDroid\tests\HotelDroid.Api.Tests\Integration\RoomsApiTests.cs:line 233
--- End of stack trace from previous location ---
  Failed HotelDroid.Api.Tests.Integration.RoomsApiTests.GetRoom_ByName_Returns200Ok [33 ms]
  Error Message:
   Assert.Equal() Failure: Values differ
Expected: OK
Actual:   InternalServerError
  Stack Trace:
     at HotelDroid.Api.Tests.Integration.RoomsApiTests.GetRoom_ByName_Returns200Ok() in C:\Users\rolfe\git\own\Villa-Annunziata\hotelDroid\tests\HotelDroid.Api.Tests\Integration\RoomsApiTests.cs:line 209
--- End of stack trace from previous location ---
info: Microsoft.Hosting.Lifetime[0]
      Application started. Press Ctrl+C to shut down.
info: Microsoft.Hosting.Lifetime[0]
      Hosting environment: Development
info: Microsoft.Hosting.Lifetime[0]
      Content root path: C:\Users\rolfe\git\own\Villa-Annunziata\hotelDroid\src\HotelDroid.Api
fail: Microsoft.AspNetCore.Diagnostics.DeveloperExceptionPageMiddleware[1]
      An unhandled exception has occurred while executing the request.
      System.InvalidOperationException: Failure to infer one or more parameters.
      Below is the list of parameters that we found: 
      Parameter           | Source                        
      ---------------------------------------------------------------------------------
      request             | Body (Inferred)
      store               | UNKNOWN        
      Did you mean to register the "UNKNOWN" parameters as a Service?
         at Microsoft.AspNetCore.Http.RequestDelegateFactory.CreateArguments(ParameterInfo[] parameters, RequestDelegateFactoryContext factoryContext)
         at Microsoft.AspNetCore.Http.RequestDelegateFactory.CreateArgumentsAndInferMetadata(MethodInfo methodInfo, RequestDelegateFactoryContext factoryContext)
         at Microsoft.AspNetCore.Http.RequestDelegateFactory.InferMetadata(MethodInfo methodInfo, RequestDelegateFactoryOptions options)
         at Microsoft.AspNetCore.Routing.RouteEndpointDataSource.CreateRouteEndpointBuilder(RouteEntry entry, RoutePattern groupPrefix, IReadOnlyList`1 groupConventions, IReadOnlyList`1 groupFinallyConventions)
         at Microsoft.AspNetCore.Routing.RouteEndpointDataSource.get_Endpoints()
         at Microsoft.AspNetCore.Routing.CompositeEndpointDataSource.CreateEndpointsUnsynchronized()
         at Microsoft.AspNetCore.Routing.CompositeEndpointDataSource.EnsureEndpointsInitialized()
         at Microsoft.AspNetCore.Routing.CompositeEndpointDataSource.get_Endpoints()
         at Microsoft.AspNetCore.Routing.DataSourceDependentCache`1.Initialize()
         at System.Threading.LazyInitializer.EnsureInitializedCore[T](T& target, Boolean& initialized, Object& syncLock, Func`1 valueFactory)
         at Microsoft.AspNetCore.Routing.Matching.DataSourceDependentMatcher..ctor(EndpointDataSource dataSource, Lifetime lifetime, Func`1 matcherBuilderFactory)
         at Microsoft.AspNetCore.Routing.Matching.DfaMatcherFactory.CreateMatcher(EndpointDataSource dataSource)
         at Microsoft.AspNetCore.Routing.EndpointRoutingMiddleware.InitializeCoreAsync()
      --- End of stack trace from previous location ---
         at Microsoft.AspNetCore.Routing.EndpointRoutingMiddleware.<Invoke>g__AwaitMatcher|10_0(EndpointRoutingMiddleware middleware, HttpContext httpContext, Task`1 matcherTask)
         at Microsoft.AspNetCore.Diagnostics.DeveloperExceptionPageMiddlewareImpl.Invoke(HttpContext context)
info: Microsoft.Hosting.Lifetime[0]
      Application is shutting down...
[xUnit.net 00:00:01.48]     HotelDroid.Api.Tests.Integration.RoomsApiTests.UpdateRoom_WithNewData_Returns200Ok [FAIL]
[xUnit.net 00:00:01.48]       System.Text.Json.JsonException : 'S' is an invalid start of a value. Path: $ | LineNumber: 0 | BytePositionInLine: 0.
[xUnit.net 00:00:01.48]       ---- System.Text.Json.JsonReaderException : 'S' is an invalid start of a value. LineNumber: 0 | BytePositionInLine: 0.
[xUnit.net 00:00:01.48]       Stack Trace:
[xUnit.net 00:00:01.48]            at System.Text.Json.ThrowHelper.ReThrowWithPath(ReadStack& state, JsonReaderException ex)
[xUnit.net 00:00:01.48]            at System.Text.Json.Serialization.JsonConverter`1.ReadCore(Utf8JsonReader& reader, T& value, JsonSerializerOptions options, ReadStack& state)
[xUnit.net 00:00:01.48]            at System.Text.Json.Serialization.Metadata.JsonTypeInfo`1.Deserialize(Utf8JsonReader& reader, ReadStack& state)
[xUnit.net 00:00:01.48]            at System.Text.Json.JsonSerializer.ReadFromSpan[TValue](ReadOnlySpan`1 utf8Json, JsonTypeInfo`1 jsonTypeInfo, Nullable`1 actualByteCount)
[xUnit.net 00:00:01.48]            at System.Text.Json.JsonSerializer.ReadFromSpan[TValue](ReadOnlySpan`1 json, JsonTypeInfo`1 jsonTypeInfo)
[xUnit.net 00:00:01.48]            at System.Text.Json.JsonSerializer.Deserialize[TValue](String json, JsonSerializerOptions options)
[xUnit.net 00:00:01.48]         C:\Users\rolfe\git\own\Villa-Annunziata\hotelDroid\tests\HotelDroid.Api.Tests\Integration\RoomsApiTests.cs(247,0): at HotelDroid.Api.Tests.Integration.RoomsApiTests.UpdateRoom_WithNewData_Returns200Ok()
[xUnit.net 00:00:01.48]         --- End of stack trace from previous location ---
[xUnit.net 00:00:01.48]         ----- Inner Stack Trace -----
[xUnit.net 00:00:01.48]            at System.Text.Json.ThrowHelper.ThrowJsonReaderException(Utf8JsonReader& json, ExceptionResource resource, Byte nextByte, ReadOnlySpan`1 bytes)
[xUnit.net 00:00:01.48]            at System.Text.Json.Utf8JsonReader.ConsumeValue(Byte marker)
[xUnit.net 00:00:01.48]            at System.Text.Json.Utf8JsonReader.ReadFirstToken(Byte first)
[xUnit.net 00:00:01.49]            at System.Text.Json.Utf8JsonReader.ReadSingleSegment()
[xUnit.net 00:00:01.49]            at System.Text.Json.Utf8JsonReader.Read()
[xUnit.net 00:00:01.49]            at System.Text.Json.Serialization.JsonConverter`1.ReadCore(Utf8JsonReader& reader, T& value, JsonSerializerOptions options, ReadStack& state)
info: Microsoft.Hosting.Lifetime[0]
      Application started. Press Ctrl+C to shut down.
info: Microsoft.Hosting.Lifetime[0]
      Hosting environment: Development
info: Microsoft.Hosting.Lifetime[0]
      Content root path: C:\Users\rolfe\git\own\Villa-Annunziata\hotelDroid\src\HotelDroid.Api
fail: Microsoft.AspNetCore.Diagnostics.DeveloperExceptionPageMiddleware[1]
      An unhandled exception has occurred while executing the request.
      System.InvalidOperationException: Failure to infer one or more parameters.
      Below is the list of parameters that we found: 
      Parameter           | Source                        
      ---------------------------------------------------------------------------------
      request             | Body (Inferred)
      store               | UNKNOWN        
      Did you mean to register the "UNKNOWN" parameters as a Service?
         at Microsoft.AspNetCore.Http.RequestDelegateFactory.CreateArguments(ParameterInfo[] parameters, RequestDelegateFactoryContext factoryContext)
         at Microsoft.AspNetCore.Http.RequestDelegateFactory.CreateArgumentsAndInferMetadata(MethodInfo methodInfo, RequestDelegateFactoryContext factoryContext)
         at Microsoft.AspNetCore.Http.RequestDelegateFactory.InferMetadata(MethodInfo methodInfo, RequestDelegateFactoryOptions options)
         at Microsoft.AspNetCore.Routing.RouteEndpointDataSource.CreateRouteEndpointBuilder(RouteEntry entry, RoutePattern groupPrefix, IReadOnlyList`1 groupConventions, IReadOnlyList`1 groupFinallyConventions)
         at Microsoft.AspNetCore.Routing.RouteEndpointDataSource.get_Endpoints()
         at Microsoft.AspNetCore.Routing.CompositeEndpointDataSource.CreateEndpointsUnsynchronized()
         at Microsoft.AspNetCore.Routing.CompositeEndpointDataSource.EnsureEndpointsInitialized()
         at Microsoft.AspNetCore.Routing.CompositeEndpointDataSource.get_Endpoints()
         at Microsoft.AspNetCore.Routing.DataSourceDependentCache`1.Initialize()
         at System.Threading.LazyInitializer.EnsureInitializedCore[T](T& target, Boolean& initialized, Object& syncLock, Func`1 valueFactory)
         at Microsoft.AspNetCore.Routing.Matching.DataSourceDependentMatcher..ctor(EndpointDataSource dataSource, Lifetime lifetime, Func`1 matcherBuilderFactory)
         at Microsoft.AspNetCore.Routing.Matching.DfaMatcherFactory.CreateMatcher(EndpointDataSource dataSource)
         at Microsoft.AspNetCore.Routing.EndpointRoutingMiddleware.InitializeCoreAsync()
      --- End of stack trace from previous location ---
         at Microsoft.AspNetCore.Routing.EndpointRoutingMiddleware.<Invoke>g__AwaitMatcher|10_0(EndpointRoutingMiddleware middleware, HttpContext httpContext, Task`1 matcherTask)
         at Microsoft.AspNetCore.Diagnostics.DeveloperExceptionPageMiddlewareImpl.Invoke(HttpContext context)
fail: Microsoft.AspNetCore.Diagnostics.DeveloperExceptionPageMiddleware[1]
      An unhandled exception has occurred while executing the request.
      System.InvalidOperationException: Failure to infer one or more parameters.
      Below is the list of parameters that we found: 
      Parameter           | Source                        
      ---------------------------------------------------------------------------------
      request             | Body (Inferred)
      store               | UNKNOWN        
      Did you mean to register the "UNKNOWN" parameters as a Service?
         at Microsoft.AspNetCore.Http.RequestDelegateFactory.CreateArguments(ParameterInfo[] parameters, RequestDelegateFactoryContext factoryContext)
         at Microsoft.AspNetCore.Http.RequestDelegateFactory.CreateArgumentsAndInferMetadata(MethodInfo methodInfo, RequestDelegateFactoryContext factoryContext)
         at Microsoft.AspNetCore.Http.RequestDelegateFactory.InferMetadata(MethodInfo methodInfo, RequestDelegateFactoryOptions options)
         at Microsoft.AspNetCore.Routing.RouteEndpointDataSource.CreateRouteEndpointBuilder(RouteEntry entry, RoutePattern groupPrefix, IReadOnlyList`1 groupConventions, IReadOnlyList`1 groupFinallyConventions)
         at Microsoft.AspNetCore.Routing.RouteEndpointDataSource.get_Endpoints()
         at Microsoft.AspNetCore.Routing.CompositeEndpointDataSource.CreateEndpointsUnsynchronized()
         at Microsoft.AspNetCore.Routing.CompositeEndpointDataSource.EnsureEndpointsInitialized()
         at Microsoft.AspNetCore.Routing.CompositeEndpointDataSource.get_Endpoints()
         at Microsoft.AspNetCore.Routing.DataSourceDependentCache`1.Initialize()
         at System.Threading.LazyInitializer.EnsureInitializedCore[T](T& target, Boolean& initialized, Object& syncLock, Func`1 valueFactory)
         at Microsoft.AspNetCore.Routing.Matching.DataSourceDependentMatcher..ctor(EndpointDataSource dataSource, Lifetime lifetime, Func`1 matcherBuilderFactory)
         at Microsoft.AspNetCore.Routing.Matching.DfaMatcherFactory.CreateMatcher(EndpointDataSource dataSource)
         at Microsoft.AspNetCore.Routing.EndpointRoutingMiddleware.InitializeCoreAsync()
      --- End of stack trace from previous location ---
         at Microsoft.AspNetCore.Routing.EndpointRoutingMiddleware.<Invoke>g__AwaitMatcher|10_0(EndpointRoutingMiddleware middleware, HttpContext httpContext, Task`1 matcherTask)
         at Microsoft.AspNetCore.Diagnostics.DeveloperExceptionPageMiddlewareImpl.Invoke(HttpContext context)
fail: Microsoft.AspNetCore.Diagnostics.DeveloperExceptionPageMiddleware[1]
      An unhandled exception has occurred while executing the request.
      System.InvalidOperationException: Failure to infer one or more parameters.
      Below is the list of parameters that we found: 
      Parameter           | Source                        
      ---------------------------------------------------------------------------------
      request             | Body (Inferred)
      store               | UNKNOWN        
      Did you mean to register the "UNKNOWN" parameters as a Service?
         at Microsoft.AspNetCore.Http.RequestDelegateFactory.CreateArguments(ParameterInfo[] parameters, RequestDelegateFactoryContext factoryContext)
         at Microsoft.AspNetCore.Http.RequestDelegateFactory.CreateArgumentsAndInferMetadata(MethodInfo methodInfo, RequestDelegateFactoryContext factoryContext)
         at Microsoft.AspNetCore.Http.RequestDelegateFactory.InferMetadata(MethodInfo methodInfo, RequestDelegateFactoryOptions options)
         at Microsoft.AspNetCore.Routing.RouteEndpointDataSource.CreateRouteEndpointBuilder(RouteEntry entry, RoutePattern groupPrefix, IReadOnlyList`1 groupConventions, IReadOnlyList`1 groupFinallyConventions)
         at Microsoft.AspNetCore.Routing.RouteEndpointDataSource.get_Endpoints()
         at Microsoft.AspNetCore.Routing.CompositeEndpointDataSource.CreateEndpointsUnsynchronized()
         at Microsoft.AspNetCore.Routing.CompositeEndpointDataSource.EnsureEndpointsInitialized()
         at Microsoft.AspNetCore.Routing.CompositeEndpointDataSource.get_Endpoints()
         at Microsoft.AspNetCore.Routing.DataSourceDependentCache`1.Initialize()
         at System.Threading.LazyInitializer.EnsureInitializedCore[T](T& target, Boolean& initialized, Object& syncLock, Func`1 valueFactory)
         at Microsoft.AspNetCore.Routing.Matching.DataSourceDependentMatcher..ctor(EndpointDataSource dataSource, Lifetime lifetime, Func`1 matcherBuilderFactory)
         at Microsoft.AspNetCore.Routing.Matching.DfaMatcherFactory.CreateMatcher(EndpointDataSource dataSource)
         at Microsoft.AspNetCore.Routing.EndpointRoutingMiddleware.InitializeCoreAsync()
      --- End of stack trace from previous location ---
         at Microsoft.AspNetCore.Routing.EndpointRoutingMiddleware.<Invoke>g__AwaitMatcher|10_0(EndpointRoutingMiddleware middleware, HttpContext httpContext, Task`1 matcherTask)
         at Microsoft.AspNetCore.Diagnostics.DeveloperExceptionPageMiddlewareImpl.Invoke(HttpContext context)
info: Microsoft.Hosting.Lifetime[0]
      Application is shutting down...
[xUnit.net 00:00:01.53]     HotelDroid.Api.Tests.Integration.RoomsApiTests.SecondaryPriority_BedAssignment_Works [FAIL]
[xUnit.net 00:00:01.53]       Assert.Equal() Failure: Values differ
[xUnit.net 00:00:01.53]       Expected: OK
[xUnit.net 00:00:01.53]       Actual:   InternalServerError
[xUnit.net 00:00:01.53]       Stack Trace:
[xUnit.net 00:00:01.53]         C:\Users\rolfe\git\own\Villa-Annunziata\hotelDroid\tests\HotelDroid.Api.Tests\Integration\RoomsApiTests.cs(671,0): at HotelDroid.Api.Tests.Integration.RoomsApiTests.SecondaryPriority_BedAssignment_Works()
[xUnit.net 00:00:01.53]         --- End of stack trace from previous location ---
info: Microsoft.Hosting.Lifetime[0]
      Application started. Press Ctrl+C to shut down.
info: Microsoft.Hosting.Lifetime[0]
      Hosting environment: Development
info: Microsoft.Hosting.Lifetime[0]
      Content root path: C:\Users\rolfe\git\own\Villa-Annunziata\hotelDroid\src\HotelDroid.Api
fail: Microsoft.AspNetCore.Diagnostics.DeveloperExceptionPageMiddleware[1]
      An unhandled exception has occurred while executing the request.
      System.InvalidOperationException: Failure to infer one or more parameters.
      Below is the list of parameters that we found: 
      Parameter           | Source                        
      ---------------------------------------------------------------------------------
      request             | Body (Inferred)
      store               | UNKNOWN        
      Did you mean to register the "UNKNOWN" parameters as a Service?
         at Microsoft.AspNetCore.Http.RequestDelegateFactory.CreateArguments(ParameterInfo[] parameters, RequestDelegateFactoryContext factoryContext)
         at Microsoft.AspNetCore.Http.RequestDelegateFactory.CreateArgumentsAndInferMetadata(MethodInfo methodInfo, RequestDelegateFactoryContext factoryContext)
         at Microsoft.AspNetCore.Http.RequestDelegateFactory.InferMetadata(MethodInfo methodInfo, RequestDelegateFactoryOptions options)
         at Microsoft.AspNetCore.Routing.RouteEndpointDataSource.CreateRouteEndpointBuilder(RouteEntry entry, RoutePattern groupPrefix, IReadOnlyList`1 groupConventions, IReadOnlyList`1 groupFinallyConventions)
         at Microsoft.AspNetCore.Routing.RouteEndpointDataSource.get_Endpoints()
         at Microsoft.AspNetCore.Routing.CompositeEndpointDataSource.CreateEndpointsUnsynchronized()
         at Microsoft.AspNetCore.Routing.CompositeEndpointDataSource.EnsureEndpointsInitialized()
         at Microsoft.AspNetCore.Routing.CompositeEndpointDataSource.get_Endpoints()
         at Microsoft.AspNetCore.Routing.DataSourceDependentCache`1.Initialize()
         at System.Threading.LazyInitializer.EnsureInitializedCore[T](T& target, Boolean& initialized, Object& syncLock, Func`1 valueFactory)
         at Microsoft.AspNetCore.Routing.Matching.DataSourceDependentMatcher..ctor(EndpointDataSource dataSource, Lifetime lifetime, Func`1 matcherBuilderFactory)
         at Microsoft.AspNetCore.Routing.Matching.DfaMatcherFactory.CreateMatcher(EndpointDataSource dataSource)
         at Microsoft.AspNetCore.Routing.EndpointRoutingMiddleware.InitializeCoreAsync()
      --- End of stack trace from previous location ---
         at Microsoft.AspNetCore.Routing.EndpointRoutingMiddleware.<Invoke>g__AwaitMatcher|10_0(EndpointRoutingMiddleware middleware, HttpContext httpContext, Task`1 matcherTask)
         at Microsoft.AspNetCore.Diagnostics.DeveloperExceptionPageMiddlewareImpl.Invoke(HttpContext context)
info: Microsoft.Hosting.Lifetime[0]
      Application is shutting down...
[xUnit.net 00:00:01.56]     HotelDroid.Api.Tests.Integration.RoomsApiTests.CreateRoom_WithSecondaryPriority_IsPreserved [FAIL]
[xUnit.net 00:00:01.56]       Assert.Equal() Failure: Values differ
[xUnit.net 00:00:01.56]       Expected: Created
[xUnit.net 00:00:01.56]       Actual:   InternalServerError
[xUnit.net 00:00:01.56]       Stack Trace:
[xUnit.net 00:00:01.56]         C:\Users\rolfe\git\own\Villa-Annunziata\hotelDroid\tests\HotelDroid.Api.Tests\Integration\RoomsApiTests.cs(363,0): at HotelDroid.Api.Tests.Integration.RoomsApiTests.CreateRoom_WithSecondaryPriority_IsPreserved()
[xUnit.net 00:00:01.56]         --- End of stack trace from previous location ---
info: Microsoft.Hosting.Lifetime[0]
      Application started. Press Ctrl+C to shut down.
info: Microsoft.Hosting.Lifetime[0]
      Hosting environment: Development
info: Microsoft.Hosting.Lifetime[0]
      Content root path: C:\Users\rolfe\git\own\Villa-Annunziata\hotelDroid\src\HotelDroid.Api
fail: Microsoft.AspNetCore.Diagnostics.DeveloperExceptionPageMiddleware[1]
      An unhandled exception has occurred while executing the request.
      System.InvalidOperationException: Failure to infer one or more parameters.
      Below is the list of parameters that we found: 
      Parameter           | Source                        
      ---------------------------------------------------------------------------------
      request             | Body (Inferred)
      store               | UNKNOWN        
      Did you mean to register the "UNKNOWN" parameters as a Service?
         at Microsoft.AspNetCore.Http.RequestDelegateFactory.CreateArguments(ParameterInfo[] parameters, RequestDelegateFactoryContext factoryContext)
         at Microsoft.AspNetCore.Http.RequestDelegateFactory.CreateArgumentsAndInferMetadata(MethodInfo methodInfo, RequestDelegateFactoryContext factoryContext)
         at Microsoft.AspNetCore.Http.RequestDelegateFactory.InferMetadata(MethodInfo methodInfo, RequestDelegateFactoryOptions options)
         at Microsoft.AspNetCore.Routing.RouteEndpointDataSource.CreateRouteEndpointBuilder(RouteEntry entry, RoutePattern groupPrefix, IReadOnlyList`1 groupConventions, IReadOnlyList`1 groupFinallyConventions)
         at Microsoft.AspNetCore.Routing.RouteEndpointDataSource.get_Endpoints()
         at Microsoft.AspNetCore.Routing.CompositeEndpointDataSource.CreateEndpointsUnsynchronized()
         at Microsoft.AspNetCore.Routing.CompositeEndpointDataSource.EnsureEndpointsInitialized()
         at Microsoft.AspNetCore.Routing.CompositeEndpointDataSource.get_Endpoints()
         at Microsoft.AspNetCore.Routing.DataSourceDependentCache`1.Initialize()
         at System.Threading.LazyInitializer.EnsureInitializedCore[T](T& target, Boolean& initialized, Object& syncLock, Func`1 valueFactory)
         at Microsoft.AspNetCore.Routing.Matching.DataSourceDependentMatcher..ctor(EndpointDataSource dataSource, Lifetime lifetime, Func`1 matcherBuilderFactory)
         at Microsoft.AspNetCore.Routing.Matching.DfaMatcherFactory.CreateMatcher(EndpointDataSource dataSource)
         at Microsoft.AspNetCore.Routing.EndpointRoutingMiddleware.InitializeCoreAsync()
      --- End of stack trace from previous location ---
         at Microsoft.AspNetCore.Routing.EndpointRoutingMiddleware.<Invoke>g__AwaitMatcher|10_0(EndpointRoutingMiddleware middleware, HttpContext httpContext, Task`1 matcherTask)
         at Microsoft.AspNetCore.Diagnostics.DeveloperExceptionPageMiddlewareImpl.Invoke(HttpContext context)
info: Microsoft.Hosting.Lifetime[0]
      Application is shutting down...
[xUnit.net 00:00:01.60]     HotelDroid.Api.Tests.Integration.RoomsApiTests.CreateRoom_WithNeighboringRooms_IsPreserved [FAIL]
[xUnit.net 00:00:01.60]       Assert.Equal() Failure: Values differ
[xUnit.net 00:00:01.60]       Expected: Created
[xUnit.net 00:00:01.60]       Actual:   InternalServerError
[xUnit.net 00:00:01.60]       Stack Trace:
[xUnit.net 00:00:01.60]         C:\Users\rolfe\git\own\Villa-Annunziata\hotelDroid\tests\HotelDroid.Api.Tests\Integration\RoomsApiTests.cs(397,0): at HotelDroid.Api.Tests.Integration.RoomsApiTests.CreateRoom_WithNeighboringRooms_IsPreserved()
[xUnit.net 00:00:01.60]         --- End of stack trace from previous location ---
info: Microsoft.Hosting.Lifetime[0]
      Application started. Press Ctrl+C to shut down.
info: Microsoft.Hosting.Lifetime[0]
      Hosting environment: Development
info: Microsoft.Hosting.Lifetime[0]
      Content root path: C:\Users\rolfe\git\own\Villa-Annunziata\hotelDroid\src\HotelDroid.Api
fail: Microsoft.AspNetCore.Diagnostics.DeveloperExceptionPageMiddleware[1]
      An unhandled exception has occurred while executing the request.
      System.InvalidOperationException: Failure to infer one or more parameters.
      Below is the list of parameters that we found: 
      Parameter           | Source                        
      ---------------------------------------------------------------------------------
      request             | Body (Inferred)
      store               | UNKNOWN        
      Did you mean to register the "UNKNOWN" parameters as a Service?
         at Microsoft.AspNetCore.Http.RequestDelegateFactory.CreateArguments(ParameterInfo[] parameters, RequestDelegateFactoryContext factoryContext)
         at Microsoft.AspNetCore.Http.RequestDelegateFactory.CreateArgumentsAndInferMetadata(MethodInfo methodInfo, RequestDelegateFactoryContext factoryContext)
         at Microsoft.AspNetCore.Http.RequestDelegateFactory.InferMetadata(MethodInfo methodInfo, RequestDelegateFactoryOptions options)
         at Microsoft.AspNetCore.Routing.RouteEndpointDataSource.CreateRouteEndpointBuilder(RouteEntry entry, RoutePattern groupPrefix, IReadOnlyList`1 groupConventions, IReadOnlyList`1 groupFinallyConventions)
         at Microsoft.AspNetCore.Routing.RouteEndpointDataSource.get_Endpoints()
         at Microsoft.AspNetCore.Routing.CompositeEndpointDataSource.CreateEndpointsUnsynchronized()
         at Microsoft.AspNetCore.Routing.CompositeEndpointDataSource.EnsureEndpointsInitialized()
         at Microsoft.AspNetCore.Routing.CompositeEndpointDataSource.get_Endpoints()
         at Microsoft.AspNetCore.Routing.DataSourceDependentCache`1.Initialize()
         at System.Threading.LazyInitializer.EnsureInitializedCore[T](T& target, Boolean& initialized, Object& syncLock, Func`1 valueFactory)
         at Microsoft.AspNetCore.Routing.Matching.DataSourceDependentMatcher..ctor(EndpointDataSource dataSource, Lifetime lifetime, Func`1 matcherBuilderFactory)
         at Microsoft.AspNetCore.Routing.Matching.DfaMatcherFactory.CreateMatcher(EndpointDataSource dataSource)
         at Microsoft.AspNetCore.Routing.EndpointRoutingMiddleware.InitializeCoreAsync()
      --- End of stack trace from previous location ---
         at Microsoft.AspNetCore.Routing.EndpointRoutingMiddleware.<Invoke>g__AwaitMatcher|10_0(EndpointRoutingMiddleware middleware, HttpContext httpContext, Task`1 matcherTask)
         at Microsoft.AspNetCore.Diagnostics.DeveloperExceptionPageMiddlewareImpl.Invoke(HttpContext context)
fail: Microsoft.AspNetCore.Diagnostics.DeveloperExceptionPageMiddleware[1]
      An unhandled exception has occurred while executing the request.
      System.InvalidOperationException: Failure to infer one or more parameters.
      Below is the list of parameters that we found: 
      Parameter           | Source                        
      ---------------------------------------------------------------------------------
      request             | Body (Inferred)
      store               | UNKNOWN        
      Did you mean to register the "UNKNOWN" parameters as a Service?
         at Microsoft.AspNetCore.Http.RequestDelegateFactory.CreateArguments(ParameterInfo[] parameters, RequestDelegateFactoryContext factoryContext)
         at Microsoft.AspNetCore.Http.RequestDelegateFactory.CreateArgumentsAndInferMetadata(MethodInfo methodInfo, RequestDelegateFactoryContext factoryContext)
         at Microsoft.AspNetCore.Http.RequestDelegateFactory.InferMetadata(MethodInfo methodInfo, RequestDelegateFactoryOptions options)
         at Microsoft.AspNetCore.Routing.RouteEndpointDataSource.CreateRouteEndpointBuilder(RouteEntry entry, RoutePattern groupPrefix, IReadOnlyList`1 groupConventions, IReadOnlyList`1 groupFinallyConventions)
         at Microsoft.AspNetCore.Routing.RouteEndpointDataSource.get_Endpoints()
         at Microsoft.AspNetCore.Routing.CompositeEndpointDataSource.CreateEndpointsUnsynchronized()
         at Microsoft.AspNetCore.Routing.CompositeEndpointDataSource.EnsureEndpointsInitialized()
         at Microsoft.AspNetCore.Routing.CompositeEndpointDataSource.get_Endpoints()
         at Microsoft.AspNetCore.Routing.DataSourceDependentCache`1.Initialize()
         at System.Threading.LazyInitializer.EnsureInitializedCore[T](T& target, Boolean& initialized, Object& syncLock, Func`1 valueFactory)
         at Microsoft.AspNetCore.Routing.Matching.DataSourceDependentMatcher..ctor(EndpointDataSource dataSource, Lifetime lifetime, Func`1 matcherBuilderFactory)
         at Microsoft.AspNetCore.Routing.Matching.DfaMatcherFactory.CreateMatcher(EndpointDataSource dataSource)
         at Microsoft.AspNetCore.Routing.EndpointRoutingMiddleware.InitializeCoreAsync()
      --- End of stack trace from previous location ---
         at Microsoft.AspNetCore.Routing.EndpointRoutingMiddleware.<Invoke>g__AwaitMatcher|10_0(EndpointRoutingMiddleware middleware, HttpContext httpContext, Task`1 matcherTask)
         at Microsoft.AspNetCore.Diagnostics.DeveloperExceptionPageMiddlewareImpl.Invoke(HttpContext context)
fail: Microsoft.AspNetCore.Diagnostics.DeveloperExceptionPageMiddleware[1]
      An unhandled exception has occurred while executing the request.
      System.InvalidOperationException: Failure to infer one or more parameters.
      Below is the list of parameters that we found: 
      Parameter           | Source                        
      ---------------------------------------------------------------------------------
      request             | Body (Inferred)
      store               | UNKNOWN        
      Did you mean to register the "UNKNOWN" parameters as a Service?
         at Microsoft.AspNetCore.Http.RequestDelegateFactory.CreateArguments(ParameterInfo[] parameters, RequestDelegateFactoryContext factoryContext)
         at Microsoft.AspNetCore.Http.RequestDelegateFactory.CreateArgumentsAndInferMetadata(MethodInfo methodInfo, RequestDelegateFactoryContext factoryContext)
         at Microsoft.AspNetCore.Http.RequestDelegateFactory.InferMetadata(MethodInfo methodInfo, RequestDelegateFactoryOptions options)
         at Microsoft.AspNetCore.Routing.RouteEndpointDataSource.CreateRouteEndpointBuilder(RouteEntry entry, RoutePattern groupPrefix, IReadOnlyList`1 groupConventions, IReadOnlyList`1 groupFinallyConventions)
         at Microsoft.AspNetCore.Routing.RouteEndpointDataSource.get_Endpoints()
         at Microsoft.AspNetCore.Routing.CompositeEndpointDataSource.CreateEndpointsUnsynchronized()
         at Microsoft.AspNetCore.Routing.CompositeEndpointDataSource.EnsureEndpointsInitialized()
         at Microsoft.AspNetCore.Routing.CompositeEndpointDataSource.get_Endpoints()
         at Microsoft.AspNetCore.Routing.DataSourceDependentCache`1.Initialize()
         at System.Threading.LazyInitializer.EnsureInitializedCore[T](T& target, Boolean& initialized, Object& syncLock, Func`1 valueFactory)
         at Microsoft.AspNetCore.Routing.Matching.DataSourceDependentMatcher..ctor(EndpointDataSource dataSource, Lifetime lifetime, Func`1 matcherBuilderFactory)
         at Microsoft.AspNetCore.Routing.Matching.DfaMatcherFactory.CreateMatcher(EndpointDataSource dataSource)
         at Microsoft.AspNetCore.Routing.EndpointRoutingMiddleware.InitializeCoreAsync()
      --- End of stack trace from previous location ---
         at Microsoft.AspNetCore.Routing.EndpointRoutingMiddleware.<Invoke>g__AwaitMatcher|10_0(EndpointRoutingMiddleware middleware, HttpContext httpContext, Task`1 matcherTask)
         at Microsoft.AspNetCore.Diagnostics.DeveloperExceptionPageMiddlewareImpl.Invoke(HttpContext context)
fail: Microsoft.AspNetCore.Diagnostics.DeveloperExceptionPageMiddleware[1]
      An unhandled exception has occurred while executing the request.
      System.InvalidOperationException: Failure to infer one or more parameters.
      Below is the list of parameters that we found: 
      Parameter           | Source                        
      ---------------------------------------------------------------------------------
      request             | Body (Inferred)
      store               | UNKNOWN        
      Did you mean to register the "UNKNOWN" parameters as a Service?
         at Microsoft.AspNetCore.Http.RequestDelegateFactory.CreateArguments(ParameterInfo[] parameters, RequestDelegateFactoryContext factoryContext)
         at Microsoft.AspNetCore.Http.RequestDelegateFactory.CreateArgumentsAndInferMetadata(MethodInfo methodInfo, RequestDelegateFactoryContext factoryContext)
         at Microsoft.AspNetCore.Http.RequestDelegateFactory.InferMetadata(MethodInfo methodInfo, RequestDelegateFactoryOptions options)
         at Microsoft.AspNetCore.Routing.RouteEndpointDataSource.CreateRouteEndpointBuilder(RouteEntry entry, RoutePattern groupPrefix, IReadOnlyList`1 groupConventions, IReadOnlyList`1 groupFinallyConventions)
         at Microsoft.AspNetCore.Routing.RouteEndpointDataSource.get_Endpoints()
         at Microsoft.AspNetCore.Routing.CompositeEndpointDataSource.CreateEndpointsUnsynchronized()
         at Microsoft.AspNetCore.Routing.CompositeEndpointDataSource.EnsureEndpointsInitialized()
         at Microsoft.AspNetCore.Routing.CompositeEndpointDataSource.get_Endpoints()
         at Microsoft.AspNetCore.Routing.DataSourceDependentCache`1.Initialize()
         at System.Threading.LazyInitializer.EnsureInitializedCore[T](T& target, Boolean& initialized, Object& syncLock, Func`1 valueFactory)
         at Microsoft.AspNetCore.Routing.Matching.DataSourceDependentMatcher..ctor(EndpointDataSource dataSource, Lifetime lifetime, Func`1 matcherBuilderFactory)
         at Microsoft.AspNetCore.Routing.Matching.DfaMatcherFactory.CreateMatcher(EndpointDataSource dataSource)
         at Microsoft.AspNetCore.Routing.EndpointRoutingMiddleware.InitializeCoreAsync()
      --- End of stack trace from previous location ---
         at Microsoft.AspNetCore.Routing.EndpointRoutingMiddleware.<Invoke>g__AwaitMatcher|10_0(EndpointRoutingMiddleware middleware, HttpContext httpContext, Task`1 matcherTask)
         at Microsoft.AspNetCore.Diagnostics.DeveloperExceptionPageMiddlewareImpl.Invoke(HttpContext context)
fail: Microsoft.AspNetCore.Diagnostics.DeveloperExceptionPageMiddleware[1]
      An unhandled exception has occurred while executing the request.
      System.InvalidOperationException: Failure to infer one or more parameters.
      Below is the list of parameters that we found: 
      Parameter           | Source                        
      ---------------------------------------------------------------------------------
      request             | Body (Inferred)
      store               | UNKNOWN        
      Did you mean to register the "UNKNOWN" parameters as a Service?
         at Microsoft.AspNetCore.Http.RequestDelegateFactory.CreateArguments(ParameterInfo[] parameters, RequestDelegateFactoryContext factoryContext)
         at Microsoft.AspNetCore.Http.RequestDelegateFactory.CreateArgumentsAndInferMetadata(MethodInfo methodInfo, RequestDelegateFactoryContext factoryContext)
         at Microsoft.AspNetCore.Http.RequestDelegateFactory.InferMetadata(MethodInfo methodInfo, RequestDelegateFactoryOptions options)
         at Microsoft.AspNetCore.Routing.RouteEndpointDataSource.CreateRouteEndpointBuilder(RouteEntry entry, RoutePattern groupPrefix, IReadOnlyList`1 groupConventions, IReadOnlyList`1 groupFinallyConventions)
         at Microsoft.AspNetCore.Routing.RouteEndpointDataSource.get_Endpoints()
         at Microsoft.AspNetCore.Routing.CompositeEndpointDataSource.CreateEndpointsUnsynchronized()
         at Microsoft.AspNetCore.Routing.CompositeEndpointDataSource.EnsureEndpointsInitialized()
         at Microsoft.AspNetCore.Routing.CompositeEndpointDataSource.get_Endpoints()
         at Microsoft.AspNetCore.Routing.DataSourceDependentCache`1.Initialize()
         at System.Threading.LazyInitializer.EnsureInitializedCore[T](T& target, Boolean& initialized, Object& syncLock, Func`1 valueFactory)
         at Microsoft.AspNetCore.Routing.Matching.DataSourceDependentMatcher..ctor(EndpointDataSource dataSource, Lifetime lifetime, Func`1 matcherBuilderFactory)
         at Microsoft.AspNetCore.Routing.Matching.DfaMatcherFactory.CreateMatcher(EndpointDataSource dataSource)
         at Microsoft.AspNetCore.Routing.EndpointRoutingMiddleware.InitializeCoreAsync()
      --- End of stack trace from previous location ---
         at Microsoft.AspNetCore.Routing.EndpointRoutingMiddleware.<Invoke>g__AwaitMatcher|10_0(EndpointRoutingMiddleware middleware, HttpContext httpContext, Task`1 matcherTask)
         at Microsoft.AspNetCore.Diagnostics.DeveloperExceptionPageMiddlewareImpl.Invoke(HttpContext context)
info: Microsoft.Hosting.Lifetime[0]
      Application is shutting down...
[xUnit.net 00:00:01.67]     HotelDroid.Api.Tests.Integration.RoomsApiTests.MultipleRooms_AllFieldsPreserved_WhenListing [FAIL]
[xUnit.net 00:00:01.67]       System.Text.Json.JsonException : 'S' is an invalid start of a value. Path: $ | LineNumber: 0 | BytePositionInLine: 0.
[xUnit.net 00:00:01.67]       ---- System.Text.Json.JsonReaderException : 'S' is an invalid start of a value. LineNumber: 0 | BytePositionInLine: 0.
[xUnit.net 00:00:01.67]       Stack Trace:
[xUnit.net 00:00:01.67]            at System.Text.Json.ThrowHelper.ReThrowWithPath(ReadStack& state, JsonReaderException ex)
[xUnit.net 00:00:01.67]            at System.Text.Json.Serialization.JsonConverter`1.ReadCore(Utf8JsonReader& reader, T& value, JsonSerializerOptions options, ReadStack& state)
[xUnit.net 00:00:01.67]            at System.Text.Json.Serialization.Metadata.JsonTypeInfo`1.Deserialize(Utf8JsonReader& reader, ReadStack& state)
[xUnit.net 00:00:01.67]            at System.Text.Json.JsonSerializer.ReadFromSpan[TValue](ReadOnlySpan`1 utf8Json, JsonTypeInfo`1 jsonTypeInfo, Nullable`1 actualByteCount)
[xUnit.net 00:00:01.67]            at System.Text.Json.JsonSerializer.ReadFromSpan[TValue](ReadOnlySpan`1 json, JsonTypeInfo`1 jsonTypeInfo)
[xUnit.net 00:00:01.67]            at System.Text.Json.JsonSerializer.Deserialize[TValue](String json, JsonSerializerOptions options)
[xUnit.net 00:00:01.67]         C:\Users\rolfe\git\own\Villa-Annunziata\hotelDroid\tests\HotelDroid.Api.Tests\Integration\RoomsApiTests.cs(747,0): at HotelDroid.Api.Tests.Integration.RoomsApiTests.MultipleRooms_AllFieldsPreserved_WhenListing()
[xUnit.net 00:00:01.67]         --- End of stack trace from previous location ---
[xUnit.net 00:00:01.67]         ----- Inner Stack Trace -----
[xUnit.net 00:00:01.67]            at System.Text.Json.ThrowHelper.ThrowJsonReaderException(Utf8JsonReader& json, ExceptionResource resource, Byte nextByte, ReadOnlySpan`1 bytes)
[xUnit.net 00:00:01.67]            at System.Text.Json.Utf8JsonReader.ConsumeValue(Byte marker)
[xUnit.net 00:00:01.67]            at System.Text.Json.Utf8JsonReader.ReadFirstToken(Byte first)
[xUnit.net 00:00:01.67]            at System.Text.Json.Utf8JsonReader.ReadSingleSegment()
[xUnit.net 00:00:01.67]            at System.Text.Json.Utf8JsonReader.Read()
[xUnit.net 00:00:01.67]            at System.Text.Json.Serialization.JsonConverter`1.ReadCore(Utf8JsonReader& reader, T& value, JsonSerializerOptions options, ReadStack& state)
[xUnit.net 00:00:01.67]   Finished:    HotelDroid.Api.Tests
  Failed HotelDroid.Api.Tests.Integration.RoomsApiTests.UpdateRoom_WithNewData_Returns200Ok [17 ms]
  Error Message:
   System.Text.Json.JsonException : 'S' is an invalid start of a value. Path: $ | LineNumber: 0 | BytePositionInLine: 0.
---- System.Text.Json.JsonReaderException : 'S' is an invalid start of a value. LineNumber: 0 | BytePositionInLine: 0.
  Stack Trace:
     at System.Text.Json.ThrowHelper.ReThrowWithPath(ReadStack& state, JsonReaderException ex)
   at System.Text.Json.Serialization.JsonConverter`1.ReadCore(Utf8JsonReader& reader, T& value, JsonSerializerOptions options, ReadStack& state)
   at System.Text.Json.Serialization.Metadata.JsonTypeInfo`1.Deserialize(Utf8JsonReader& reader, ReadStack& state)
   at System.Text.Json.JsonSerializer.ReadFromSpan[TValue](ReadOnlySpan`1 utf8Json, JsonTypeInfo`1 jsonTypeInfo, Nullable`1 actualByteCount)
   at System.Text.Json.JsonSerializer.ReadFromSpan[TValue](ReadOnlySpan`1 json, JsonTypeInfo`1 jsonTypeInfo)
   at System.Text.Json.JsonSerializer.Deserialize[TValue](String json, JsonSerializerOptions options)
   at HotelDroid.Api.Tests.Integration.RoomsApiTests.UpdateRoom_WithNewData_Returns200Ok() in C:\Users\rolfe\git\own\Villa-Annunziata\hotelDroid\tests\HotelDroid.Api.Tests\Integration\RoomsApiTests.cs:line 247
--- End of stack trace from previous location ---
----- Inner Stack Trace -----
   at System.Text.Json.ThrowHelper.ThrowJsonReaderException(Utf8JsonReader& json, ExceptionResource resource, Byte nextByte, ReadOnlySpan`1 bytes)
   at System.Text.Json.Utf8JsonReader.ConsumeValue(Byte marker)
   at System.Text.Json.Utf8JsonReader.ReadFirstToken(Byte first)
   at System.Text.Json.Utf8JsonReader.ReadSingleSegment()
   at System.Text.Json.Utf8JsonReader.Read()
   at System.Text.Json.Serialization.JsonConverter`1.ReadCore(Utf8JsonReader& reader, T& value, JsonSerializerOptions options, ReadStack& state)
  Failed HotelDroid.Api.Tests.Integration.RoomsApiTests.SecondaryPriority_BedAssignment_Works [35 ms]
  Error Message:
   Assert.Equal() Failure: Values differ
Expected: OK
Actual:   InternalServerError
  Stack Trace:
     at HotelDroid.Api.Tests.Integration.RoomsApiTests.SecondaryPriority_BedAssignment_Works() in C:\Users\rolfe\git\own\Villa-Annunziata\hotelDroid\tests\HotelDroid.Api.Tests\Integration\RoomsApiTests.cs:line 671
--- End of stack trace from previous location ---
  Failed HotelDroid.Api.Tests.Integration.RoomsApiTests.CreateRoom_WithSecondaryPriority_IsPreserved [14 ms]
  Error Message:
   Assert.Equal() Failure: Values differ
Expected: Created
Actual:   InternalServerError
  Stack Trace:
     at HotelDroid.Api.Tests.Integration.RoomsApiTests.CreateRoom_WithSecondaryPriority_IsPreserved() in C:\Users\rolfe\git\own\Villa-Annunziata\hotelDroid\tests\HotelDroid.Api.Tests\Integration\RoomsApiTests.cs:line 363
--- End of stack trace from previous location ---
  Failed HotelDroid.Api.Tests.Integration.RoomsApiTests.CreateRoom_WithNeighboringRooms_IsPreserved [13 ms]
  Error Message:
   Assert.Equal() Failure: Values differ
Expected: Created
Actual:   InternalServerError
  Stack Trace:
     at HotelDroid.Api.Tests.Integration.RoomsApiTests.CreateRoom_WithNeighboringRooms_IsPreserved() in C:\Users\rolfe\git\own\Villa-Annunziata\hotelDroid\tests\HotelDroid.Api.Tests\Integration\RoomsApiTests.cs:line 397
--- End of stack trace from previous location ---
  Failed HotelDroid.Api.Tests.Integration.RoomsApiTests.MultipleRooms_AllFieldsPreserved_WhenListing [53 ms]
  Error Message:
   System.Text.Json.JsonException : 'S' is an invalid start of a value. Path: $ | LineNumber: 0 | BytePositionInLine: 0.
---- System.Text.Json.JsonReaderException : 'S' is an invalid start of a value. LineNumber: 0 | BytePositionInLine: 0.
  Stack Trace:
     at System.Text.Json.ThrowHelper.ReThrowWithPath(ReadStack& state, JsonReaderException ex)
   at System.Text.Json.Serialization.JsonConverter`1.ReadCore(Utf8JsonReader& reader, T& value, JsonSerializerOptions options, ReadStack& state)
   at System.Text.Json.Serialization.Metadata.JsonTypeInfo`1.Deserialize(Utf8JsonReader& reader, ReadStack& state)
   at System.Text.Json.JsonSerializer.ReadFromSpan[TValue](ReadOnlySpan`1 utf8Json, JsonTypeInfo`1 jsonTypeInfo, Nullable`1 actualByteCount)
   at System.Text.Json.JsonSerializer.ReadFromSpan[TValue](ReadOnlySpan`1 json, JsonTypeInfo`1 jsonTypeInfo)
   at System.Text.Json.JsonSerializer.Deserialize[TValue](String json, JsonSerializerOptions options)
   at HotelDroid.Api.Tests.Integration.RoomsApiTests.MultipleRooms_AllFieldsPreserved_WhenListing() in C:\Users\rolfe\git\own\Villa-Annunziata\hotelDroid\tests\HotelDroid.Api.Tests\Integration\RoomsApiTests.cs:line 747
--- End of stack trace from previous location ---
----- Inner Stack Trace -----
   at System.Text.Json.ThrowHelper.ThrowJsonReaderException(Utf8JsonReader& json, ExceptionResource resource, Byte nextByte, ReadOnlySpan`1 bytes)
   at System.Text.Json.Utf8JsonReader.ConsumeValue(Byte marker)
   at System.Text.Json.Utf8JsonReader.ReadFirstToken(Byte first)
   at System.Text.Json.Utf8JsonReader.ReadSingleSegment()
   at System.Text.Json.Utf8JsonReader.Read()
   at System.Text.Json.Serialization.JsonConverter`1.ReadCore(Utf8JsonReader& reader, T& value, JsonSerializerOptions options, ReadStack& state)

Test Run Failed.
Total tests: 94
     Passed: 63
     Failed: 31
 Total time: 2.1323 Seconds
     4>_VSTestConsole:
         MSB4181: The "VSTestTask" task returned false but did not log an error.
       Done executing task "VSTestTask" -- FAILED.
     4>Done building target "_VSTestConsole" in project "HotelDroid.Api.Tests.csproj" -- FAILED.
       Done executing task "CallTarget" -- FAILED.
     4>Done building target "VSTest" in project "HotelDroid.Api.Tests.csproj" -- FAILED.
     4>Done Building Project "C:\Users\rolfe\git\own\Villa-Annunziata\hotelDroid\tests\HotelDroid.Api.Tests\HotelDroid.Api.Tests.csproj" (VSTest target(s)) -- FAILED.
     1>Done executing task "MSBuild" -- FAILED.
     1>Done building target "VSTest" in project "HotelDroid.slnx" -- FAILED.
     1>Done Building Project "C:\Users\rolfe\git\own\Villa-Annunziata\hotelDroid\HotelDroid.slnx" (VSTest target(s)) -- FAILED.

Build FAILED.
    0 Warning(s)
    0 Error(s)

Time Elapsed 00:00:03.41
