Test run for C:\Users\rolfe\git\own\Villa-Annunziata\hotelDroid\tests\HotelDroid.Api.Tests\bin\Debug\net10.0\HotelDroid.Api.Tests.dll (.NETCoreApp,Version=v10.0)
VSTest version 18.0.1 (x64)

Starting test execution, please wait...
A total of 1 test files matched the specified pattern.
[xUnit.net 00:00:00.40]     HotelDroid.Api.Tests.Integration.RoomsApiTests.GetRoom_NonExistent_Returns404NotFound [FAIL]
[xUnit.net 00:00:00.41]     HotelDroid.Api.Tests.Integration.LedgerApiTests.GetLedgerEntries_Returns200Ok [FAIL]
  Failed HotelDroid.Api.Tests.Integration.LedgerApiTests.GetLedgerEntries_Returns200Ok [1 ms]
  Error Message:
   System.AggregateException : Some services are not able to be constructed (Error while validating the service descriptor 'ServiceType: HotelDroid.Api.Services.ExportImport.IApiDistributor Lifetime: Scoped ImplementationType: HotelDroid.Api.Services.ExportImport.ApiDistributor': Unable to resolve service for type 'HotelDroid.Api.Services.IKeyValueStore' while attempting to activate 'HotelDroid.Api.Services.ExportImport.ApiDistributor'.) (Error while validating the service descriptor 'ServiceType: HotelDroid.Api.Services.ExportImport.IExportService Lifetime: Scoped ImplementationType: HotelDroid.Api.Services.ExportImport.ExportService': Unable to resolve service for type 'HotelDroid.Api.Services.IKeyValueStore' while attempting to activate 'HotelDroid.Api.Services.ExportImport.ExportService'.) (Error while validating the service descriptor 'ServiceType: HotelDroid.Api.Services.ExportImport.IImportService Lifetime: Scoped ImplementationType: HotelDroid.Api.Services.ExportImport.ImportService': Unable to resolve service for type 'HotelDroid.Api.Services.IKeyValueStore' while attempting to activate 'HotelDroid.Api.Services.ExportImport.ApiDistributor'.)
---- System.InvalidOperationException : Error while validating the service descriptor 'ServiceType: HotelDroid.Api.Services.ExportImport.IApiDistributor Lifetime: Scoped ImplementationType: HotelDroid.Api.Services.ExportImport.ApiDistributor': Unable to resolve service for type 'HotelDroid.Api.Services.IKeyValueStore' while attempting to activate 'HotelDroid.Api.Services.ExportImport.ApiDistributor'.
-------- System.InvalidOperationException : Unable to resolve service for type 'HotelDroid.Api.Services.IKeyValueStore' while attempting to activate 'HotelDroid.Api.Services.ExportImport.ApiDistributor'.
---- System.InvalidOperationException : Error while validating the service descriptor 'ServiceType: HotelDroid.Api.Services.ExportImport.IExportService Lifetime: Scoped ImplementationType: HotelDroid.Api.Services.ExportImport.ExportService': Unable to resolve service for type 'HotelDroid.Api.Services.IKeyValueStore' while attempting to activate 'HotelDroid.Api.Services.ExportImport.ExportService'.
-------- System.InvalidOperationException : Unable to resolve service for type 'HotelDroid.Api.Services.IKeyValueStore' while attempting to activate 'HotelDroid.Api.Services.ExportImport.ExportService'.
---- System.InvalidOperationException : Error while validating the service descriptor 'ServiceType: HotelDroid.Api.Services.ExportImport.IImportService Lifetime: Scoped ImplementationType: HotelDroid.Api.Services.ExportImport.ImportService': Unable to resolve service for type 'HotelDroid.Api.Services.IKeyValueStore' while attempting to activate 'HotelDroid.Api.Services.ExportImport.ApiDistributor'.
-------- System.InvalidOperationException : Unable to resolve service for type 'HotelDroid.Api.Services.IKeyValueStore' while attempting to activate 'HotelDroid.Api.Services.ExportImport.ApiDistributor'.
  Stack Trace:
     at Microsoft.Extensions.DependencyInjection.ServiceProvider..ctor(ICollection`1 serviceDescriptors, ServiceProviderOptions options)
   at Microsoft.Extensions.DependencyInjection.ServiceCollectionContainerBuilderExtensions.BuildServiceProvider(IServiceCollection services, ServiceProviderOptions options)
   at Microsoft.Extensions.Hosting.HostApplicationBuilder.Build()
   at Microsoft.AspNetCore.Builder.WebApplicationBuilder.Build()
   at Program.<Main>$(String[] args) in C:\Users\rolfe\git\own\Villa-Annunziata\hotelDroid\src\HotelDroid.Api\Program.cs:line 108
   at InvokeStub_Program.<Main>$(Object, Span`1)
   at System.Reflection.MethodBaseInvoker.InvokeWithOneArg(Object obj, BindingFlags invokeAttr, Binder binder, Object[] parameters, CultureInfo culture)
--- End of stack trace from previous location ---
   at Microsoft.Extensions.Hosting.HostFactoryResolver.HostingListener.CreateHost()
   at Microsoft.Extensions.Hosting.HostFactoryResolver.<>c__DisplayClass10_0.<ResolveHostFactory>b__0(String[] args)
   at Microsoft.AspNetCore.Mvc.Testing.DeferredHostBuilder.Build()
   at Microsoft.AspNetCore.Mvc.Testing.WebApplicationFactory`1.CreateHost(IHostBuilder builder)
   at Microsoft.AspNetCore.Mvc.Testing.WebApplicationFactory`1.DelegatedWebApplicationFactory.CreateHost(IHostBuilder builder)
   at Microsoft.AspNetCore.Mvc.Testing.WebApplicationFactory`1.ConfigureHostBuilder(IHostBuilder hostBuilder)
   at Microsoft.AspNetCore.Mvc.Testing.WebApplicationFactory`1.StartServer()
   at Microsoft.AspNetCore.Mvc.Testing.WebApplicationFactory`1.CreateDefaultClient(DelegatingHandler[] handlers)
   at Microsoft.AspNetCore.Mvc.Testing.WebApplicationFactory`1.CreateDefaultClient(Uri baseAddress, DelegatingHandler[] handlers)
   at Microsoft.AspNetCore.Mvc.Testing.WebApplicationFactory`1.CreateClient(WebApplicationFactoryClientOptions options)
   at Microsoft.AspNetCore.Mvc.Testing.WebApplicationFactory`1.CreateClient()
   at HotelDroid.Api.Tests.Integration.LedgerApiTests.InitializeAsync() in C:\Users\rolfe\git\own\Villa-Annunziata\hotelDroid\tests\HotelDroid.Api.Tests\Integration\RoomsApiTests.cs:line 782
----- Inner Stack Trace #1 (System.InvalidOperationException) -----
   at Microsoft.Extensions.DependencyInjection.ServiceProvider.ValidateService(ServiceDescriptor descriptor)
   at Microsoft.Extensions.DependencyInjection.ServiceProvider..ctor(ICollection`1 serviceDescriptors, ServiceProviderOptions options)
----- Inner Stack Trace -----
   at Microsoft.Extensions.DependencyInjection.ServiceLookup.CallSiteFactory.CreateArgumentCallSites(ServiceIdentifier serviceIdentifier, Type implementationType, CallSiteChain callSiteChain, ParameterInfo[] parameters, Boolean throwIfCallSiteNotFound)
   at Microsoft.Extensions.DependencyInjection.ServiceLookup.CallSiteFactory.CreateConstructorCallSite(ResultCache lifetime, ServiceIdentifier serviceIdentifier, Type implementationType, CallSiteChain callSiteChain)
   at Microsoft.Extensions.DependencyInjection.ServiceLookup.CallSiteFactory.CreateExact(ServiceDescriptor descriptor, ServiceIdentifier serviceIdentifier, CallSiteChain callSiteChain, Int32 slot)
   at Microsoft.Extensions.DependencyInjection.ServiceLookup.CallSiteFactory.GetCallSite(ServiceDescriptor serviceDescriptor, CallSiteChain callSiteChain)
   at Microsoft.Extensions.DependencyInjection.ServiceProvider.ValidateService(ServiceDescriptor descriptor)
----- Inner Stack Trace #2 (System.InvalidOperationException) -----
   at Microsoft.Extensions.DependencyInjection.ServiceProvider.ValidateService(ServiceDescriptor descriptor)
   at Microsoft.Extensions.DependencyInjection.ServiceProvider..ctor(ICollection`1 serviceDescriptors, ServiceProviderOptions options)
----- Inner Stack Trace -----
   at Microsoft.Extensions.DependencyInjection.ServiceLookup.CallSiteFactory.CreateArgumentCallSites(ServiceIdentifier serviceIdentifier, Type implementationType, CallSiteChain callSiteChain, ParameterInfo[] parameters, Boolean throwIfCallSiteNotFound)
   at Microsoft.Extensions.DependencyInjection.ServiceLookup.CallSiteFactory.CreateConstructorCallSite(ResultCache lifetime, ServiceIdentifier serviceIdentifier, Type implementationType, CallSiteChain callSiteChain)
   at Microsoft.Extensions.DependencyInjection.ServiceLookup.CallSiteFactory.CreateExact(ServiceDescriptor descriptor, ServiceIdentifier serviceIdentifier, CallSiteChain callSiteChain, Int32 slot)
   at Microsoft.Extensions.DependencyInjection.ServiceLookup.CallSiteFactory.GetCallSite(ServiceDescriptor serviceDescriptor, CallSiteChain callSiteChain)
   at Microsoft.Extensions.DependencyInjection.ServiceProvider.ValidateService(ServiceDescriptor descriptor)
----- Inner Stack Trace #3 (System.InvalidOperationException) -----
   at Microsoft.Extensions.DependencyInjection.ServiceProvider.ValidateService(ServiceDescriptor descriptor)
   at Microsoft.Extensions.DependencyInjection.ServiceProvider..ctor(ICollection`1 serviceDescriptors, ServiceProviderOptions options)
----- Inner Stack Trace -----
   at Microsoft.Extensions.DependencyInjection.ServiceLookup.CallSiteFactory.CreateArgumentCallSites(ServiceIdentifier serviceIdentifier, Type implementationType, CallSiteChain callSiteChain, ParameterInfo[] parameters, Boolean throwIfCallSiteNotFound)
   at Microsoft.Extensions.DependencyInjection.ServiceLookup.CallSiteFactory.CreateConstructorCallSite(ResultCache lifetime, ServiceIdentifier serviceIdentifier, Type implementationType, CallSiteChain callSiteChain)
   at Microsoft.Extensions.DependencyInjection.ServiceLookup.CallSiteFactory.CreateExact(ServiceDescriptor descriptor, ServiceIdentifier serviceIdentifier, CallSiteChain callSiteChain, Int32 slot)
   at Microsoft.Extensions.DependencyInjection.ServiceLookup.CallSiteFactory.TryCreateExact(ServiceIdentifier serviceIdentifier, CallSiteChain callSiteChain)
   at Microsoft.Extensions.DependencyInjection.ServiceLookup.CallSiteFactory.CreateCallSite(ServiceIdentifier serviceIdentifier, CallSiteChain callSiteChain)
   at Microsoft.Extensions.DependencyInjection.ServiceLookup.CallSiteFactory.CreateArgumentCallSites(ServiceIdentifier serviceIdentifier, Type implementationType, CallSiteChain callSiteChain, ParameterInfo[] parameters, Boolean throwIfCallSiteNotFound)
   at Microsoft.Extensions.DependencyInjection.ServiceLookup.CallSiteFactory.CreateConstructorCallSite(ResultCache lifetime, ServiceIdentifier serviceIdentifier, Type implementationType, CallSiteChain callSiteChain)
   at Microsoft.Extensions.DependencyInjection.ServiceLookup.CallSiteFactory.CreateExact(ServiceDescriptor descriptor, ServiceIdentifier serviceIdentifier, CallSiteChain callSiteChain, Int32 slot)
   at Microsoft.Extensions.DependencyInjection.ServiceLookup.CallSiteFactory.GetCallSite(ServiceDescriptor serviceDescriptor, CallSiteChain callSiteChain)
   at Microsoft.Extensions.DependencyInjection.ServiceProvider.ValidateService(ServiceDescriptor descriptor)
  Failed HotelDroid.Api.Tests.Integration.RoomsApiTests.GetRoom_NonExistent_Returns404NotFound [1 ms]
  Error Message:
   System.AggregateException : Some services are not able to be constructed (Error while validating the service descriptor 'ServiceType: HotelDroid.Api.Services.ExportImport.IApiDistributor Lifetime: Scoped ImplementationType: HotelDroid.Api.Services.ExportImport.ApiDistributor': Unable to resolve service for type 'HotelDroid.Api.Services.IKeyValueStore' while attempting to activate 'HotelDroid.Api.Services.ExportImport.ApiDistributor'.) (Error while validating the service descriptor 'ServiceType: HotelDroid.Api.Services.ExportImport.IExportService Lifetime: Scoped ImplementationType: HotelDroid.Api.Services.ExportImport.ExportService': Unable to resolve service for type 'HotelDroid.Api.Services.IKeyValueStore' while attempting to activate 'HotelDroid.Api.Services.ExportImport.ExportService'.) (Error while validating the service descriptor 'ServiceType: HotelDroid.Api.Services.ExportImport.IImportService Lifetime: Scoped ImplementationType: HotelDroid.Api.Services.ExportImport.ImportService': Unable to resolve service for type 'HotelDroid.Api.Services.IKeyValueStore' while attempting to activate 'HotelDroid.Api.Services.ExportImport.ApiDistributor'.)
---- System.InvalidOperationException : Error while validating the service descriptor 'ServiceType: HotelDroid.Api.Services.ExportImport.IApiDistributor Lifetime: Scoped ImplementationType: HotelDroid.Api.Services.ExportImport.ApiDistributor': Unable to resolve service for type 'HotelDroid.Api.Services.IKeyValueStore' while attempting to activate 'HotelDroid.Api.Services.ExportImport.ApiDistributor'.
-------- System.InvalidOperationException : Unable to resolve service for type 'HotelDroid.Api.Services.IKeyValueStore' while attempting to activate 'HotelDroid.Api.Services.ExportImport.ApiDistributor'.
---- System.InvalidOperationException : Error while validating the service descriptor 'ServiceType: HotelDroid.Api.Services.ExportImport.IExportService Lifetime: Scoped ImplementationType: HotelDroid.Api.Services.ExportImport.ExportService': Unable to resolve service for type 'HotelDroid.Api.Services.IKeyValueStore' while attempting to activate 'HotelDroid.Api.Services.ExportImport.ExportService'.
-------- System.InvalidOperationException : Unable to resolve service for type 'HotelDroid.Api.Services.IKeyValueStore' while attempting to activate 'HotelDroid.Api.Services.ExportImport.ExportService'.
---- System.InvalidOperationException : Error while validating the service descriptor 'ServiceType: HotelDroid.Api.Services.ExportImport.IImportService Lifetime: Scoped ImplementationType: HotelDroid.Api.Services.ExportImport.ImportService': Unable to resolve service for type 'HotelDroid.Api.Services.IKeyValueStore' while attempting to activate 'HotelDroid.Api.Services.ExportImport.ApiDistributor'.
-------- System.InvalidOperationException : Unable to resolve service for type 'HotelDroid.Api.Services.IKeyValueStore' while attempting to activate 'HotelDroid.Api.Services.ExportImport.ApiDistributor'.
  Stack Trace:
     at Microsoft.Extensions.DependencyInjection.ServiceProvider..ctor(ICollection`1 serviceDescriptors, ServiceProviderOptions options)
   at Microsoft.Extensions.DependencyInjection.ServiceCollectionContainerBuilderExtensions.BuildServiceProvider(IServiceCollection services, ServiceProviderOptions options)
   at Microsoft.Extensions.Hosting.HostApplicationBuilder.Build()
   at Microsoft.AspNetCore.Builder.WebApplicationBuilder.Build()
   at Program.<Main>$(String[] args) in C:\Users\rolfe\git\own\Villa-Annunziata\hotelDroid\src\HotelDroid.Api\Program.cs:line 108
   at System.Reflection.MethodBaseInvoker.InterpretedInvoke_Method(Object obj, IntPtr* args)
   at System.Reflection.MethodBaseInvoker.InvokeDirectByRefWithFewArgs(Object obj, Span`1 copyOfArgs, BindingFlags invokeAttr)
--- End of stack trace from previous location ---
   at Microsoft.Extensions.Hosting.HostFactoryResolver.HostingListener.CreateHost()
   at Microsoft.Extensions.Hosting.HostFactoryResolver.<>c__DisplayClass10_0.<ResolveHostFactory>b__0(String[] args)
   at Microsoft.AspNetCore.Mvc.Testing.DeferredHostBuilder.Build()
   at Microsoft.AspNetCore.Mvc.Testing.WebApplicationFactory`1.CreateHost(IHostBuilder builder)
   at Microsoft.AspNetCore.Mvc.Testing.WebApplicationFactory`1.DelegatedWebApplicationFactory.CreateHost(IHostBuilder builder)
   at Microsoft.AspNetCore.Mvc.Testing.WebApplicationFactory`1.ConfigureHostBuilder(IHostBuilder hostBuilder)
   at Microsoft.AspNetCore.Mvc.Testing.WebApplicationFactory`1.StartServer()
   at Microsoft.AspNetCore.Mvc.Testing.WebApplicationFactory`1.CreateDefaultClient(DelegatingHandler[] handlers)
   at Microsoft.AspNetCore.Mvc.Testing.WebApplicationFactory`1.CreateDefaultClient(Uri baseAddress, DelegatingHandler[] handlers)
   at Microsoft.AspNetCore.Mvc.Testing.WebApplicationFactory`1.CreateClient(WebApplicationFactoryClientOptions options)
   at Microsoft.AspNetCore.Mvc.Testing.WebApplicationFactory`1.CreateClient()
   at HotelDroid.Api.Tests.Integration.RoomsApiTests.InitializeAsync() in C:\Users\rolfe\git\own\Villa-Annunziata\hotelDroid\tests\HotelDroid.Api.Tests\Integration\RoomsApiTests.cs:line 60
----- Inner Stack Trace #1 (System.InvalidOperationException) -----
   at Microsoft.Extensions.DependencyInjection.ServiceProvider.ValidateService(ServiceDescriptor descriptor)
   at Microsoft.Extensions.DependencyInjection.ServiceProvider..ctor(ICollection`1 serviceDescriptors, ServiceProviderOptions options)
----- Inner Stack Trace -----
   at Microsoft.Extensions.DependencyInjection.ServiceLookup.CallSiteFactory.CreateArgumentCallSites(ServiceIdentifier serviceIdentifier, Type implementationType, CallSiteChain callSiteChain, ParameterInfo[] parameters, Boolean throwIfCallSiteNotFound)
   at Microsoft.Extensions.DependencyInjection.ServiceLookup.CallSiteFactory.CreateConstructorCallSite(ResultCache lifetime, ServiceIdentifier serviceIdentifier, Type implementationType, CallSiteChain callSiteChain)
   at Microsoft.Extensions.DependencyInjection.ServiceLookup.CallSiteFactory.CreateExact(ServiceDescriptor descriptor, ServiceIdentifier serviceIdentifier, CallSiteChain callSiteChain, Int32 slot)
   at Microsoft.Extensions.DependencyInjection.ServiceLookup.CallSiteFactory.GetCallSite(ServiceDescriptor serviceDescriptor, CallSiteChain callSiteChain)
   at Microsoft.Extensions.DependencyInjection.ServiceProvider.ValidateService(ServiceDescriptor descriptor)
----- Inner Stack Trace #2 (System.InvalidOperationException) -----
   at Microsoft.Extensions.DependencyInjection.ServiceProvider.ValidateService(ServiceDescriptor descriptor)
   at Microsoft.Extensions.DependencyInjection.ServiceProvider..ctor(ICollection`1 serviceDescriptors, ServiceProviderOptions options)
----- Inner Stack Trace -----
   at Microsoft.Extensions.DependencyInjection.ServiceLookup.CallSiteFactory.CreateArgumentCallSites(ServiceIdentifier serviceIdentifier, Type implementationType, CallSiteChain callSiteChain, ParameterInfo[] parameters, Boolean throwIfCallSiteNotFound)
   at Microsoft.Extensions.DependencyInjection.ServiceLookup.CallSiteFactory.CreateConstructorCallSite(ResultCache lifetime, ServiceIdentifier serviceIdentifier, Type implementationType, CallSiteChain callSiteChain)
   at Microsoft.Extensions.DependencyInjection.ServiceLookup.CallSiteFactory.CreateExact(ServiceDescriptor descriptor, ServiceIdentifier serviceIdentifier, CallSiteChain callSiteChain, Int32 slot)
   at Microsoft.Extensions.DependencyInjection.ServiceLookup.CallSiteFactory.GetCallSite(ServiceDescriptor serviceDescriptor, CallSiteChain callSiteChain)
   at Microsoft.Extensions.DependencyInjection.ServiceProvider.ValidateService(ServiceDescriptor descriptor)
----- Inner Stack Trace #3 (System.InvalidOperationException) -----
   at Microsoft.Extensions.DependencyInjection.ServiceProvider.ValidateService(ServiceDescriptor descriptor)
   at Microsoft.Extensions.DependencyInjection.ServiceProvider..ctor(ICollection`1 serviceDescriptors, ServiceProviderOptions options)
----- Inner Stack Trace -----
   at Microsoft.Extensions.DependencyInjection.ServiceLookup.CallSiteFactory.CreateArgumentCallSites(ServiceIdentifier serviceIdentifier, Type implementationType, CallSiteChain callSiteChain, ParameterInfo[] parameters, Boolean throwIfCallSiteNotFound)
   at Microsoft.Extensions.DependencyInjection.ServiceLookup.CallSiteFactory.CreateConstructorCallSite(ResultCache lifetime, ServiceIdentifier serviceIdentifier, Type implementationType, CallSiteChain callSiteChain)
   at Microsoft.Extensions.DependencyInjection.ServiceLookup.CallSiteFactory.CreateExact(ServiceDescriptor descriptor, ServiceIdentifier serviceIdentifier, CallSiteChain callSiteChain, Int32 slot)
   at Microsoft.Extensions.DependencyInjection.ServiceLookup.CallSiteFactory.TryCreateExact(ServiceIdentifier serviceIdentifier, CallSiteChain callSiteChain)
   at Microsoft.Extensions.DependencyInjection.ServiceLookup.CallSiteFactory.CreateCallSite(ServiceIdentifier serviceIdentifier, CallSiteChain callSiteChain)
   at Microsoft.Extensions.DependencyInjection.ServiceLookup.CallSiteFactory.CreateArgumentCallSites(ServiceIdentifier serviceIdentifier, Type implementationType, CallSiteChain callSiteChain, ParameterInfo[] parameters, Boolean throwIfCallSiteNotFound)
   at Microsoft.Extensions.DependencyInjection.ServiceLookup.CallSiteFactory.CreateConstructorCallSite(ResultCache lifetime, ServiceIdentifier serviceIdentifier, Type implementationType, CallSiteChain callSiteChain)
   at Microsoft.Extensions.DependencyInjection.ServiceLookup.CallSiteFactory.CreateExact(ServiceDescriptor descriptor, ServiceIdentifier serviceIdentifier, CallSiteChain callSiteChain, Int32 slot)
   at Microsoft.Extensions.DependencyInjection.ServiceLookup.CallSiteFactory.GetCallSite(ServiceDescriptor serviceDescriptor, CallSiteChain callSiteChain)
   at Microsoft.Extensions.DependencyInjection.ServiceProvider.ValidateService(ServiceDescriptor descriptor)
[xUnit.net 00:00:00.42]     HotelDroid.Api.Tests.Integration.LedgerApiTests.GetLedgerSnapshot_Returns200Ok [FAIL]
[xUnit.net 00:00:00.43]     HotelDroid.Api.Tests.Integration.RoomsApiTests.CreateRoom_ZeroCapacity_Returns400BadRequest [FAIL]
[xUnit.net 00:00:00.45]     HotelDroid.Api.Tests.Integration.RoomsApiTests.GetRoom_ByIdReturns200Ok [FAIL]
[xUnit.net 00:00:00.46]     HotelDroid.Api.Tests.Integration.RoomsApiTests.NeighboringRooms_CanBeListed_AndRetrieved [FAIL]
  Failed HotelDroid.Api.Tests.Integration.LedgerApiTests.GetLedgerSnapshot_Returns200Ok [1 ms]
  Error Message:
   System.AggregateException : Some services are not able to be constructed (Error while validating the service descriptor 'ServiceType: HotelDroid.Api.Services.ExportImport.IApiDistributor Lifetime: Scoped ImplementationType: HotelDroid.Api.Services.ExportImport.ApiDistributor': Unable to resolve service for type 'HotelDroid.Api.Services.IKeyValueStore' while attempting to activate 'HotelDroid.Api.Services.ExportImport.ApiDistributor'.) (Error while validating the service descriptor 'ServiceType: HotelDroid.Api.Services.ExportImport.IExportService Lifetime: Scoped ImplementationType: HotelDroid.Api.Services.ExportImport.ExportService': Unable to resolve service for type 'HotelDroid.Api.Services.IKeyValueStore' while attempting to activate 'HotelDroid.Api.Services.ExportImport.ExportService'.) (Error while validating the service descriptor 'ServiceType: HotelDroid.Api.Services.ExportImport.IImportService Lifetime: Scoped ImplementationType: HotelDroid.Api.Services.ExportImport.ImportService': Unable to resolve service for type 'HotelDroid.Api.Services.IKeyValueStore' while attempting to activate 'HotelDroid.Api.Services.ExportImport.ApiDistributor'.)
---- System.InvalidOperationException : Error while validating the service descriptor 'ServiceType: HotelDroid.Api.Services.ExportImport.IApiDistributor Lifetime: Scoped ImplementationType: HotelDroid.Api.Services.ExportImport.ApiDistributor': Unable to resolve service for type 'HotelDroid.Api.Services.IKeyValueStore' while attempting to activate 'HotelDroid.Api.Services.ExportImport.ApiDistributor'.
-------- System.InvalidOperationException : Unable to resolve service for type 'HotelDroid.Api.Services.IKeyValueStore' while attempting to activate 'HotelDroid.Api.Services.ExportImport.ApiDistributor'.
---- System.InvalidOperationException : Error while validating the service descriptor 'ServiceType: HotelDroid.Api.Services.ExportImport.IExportService Lifetime: Scoped ImplementationType: HotelDroid.Api.Services.ExportImport.ExportService': Unable to resolve service for type 'HotelDroid.Api.Services.IKeyValueStore' while attempting to activate 'HotelDroid.Api.Services.ExportImport.ExportService'.
-------- System.InvalidOperationException : Unable to resolve service for type 'HotelDroid.Api.Services.IKeyValueStore' while attempting to activate 'HotelDroid.Api.Services.ExportImport.ExportService'.
---- System.InvalidOperationException : Error while validating the service descriptor 'ServiceType: HotelDroid.Api.Services.ExportImport.IImportService Lifetime: Scoped ImplementationType: HotelDroid.Api.Services.ExportImport.ImportService': Unable to resolve service for type 'HotelDroid.Api.Services.IKeyValueStore' while attempting to activate 'HotelDroid.Api.Services.ExportImport.ApiDistributor'.
-------- System.InvalidOperationException : Unable to resolve service for type 'HotelDroid.Api.Services.IKeyValueStore' while attempting to activate 'HotelDroid.Api.Services.ExportImport.ApiDistributor'.
  Stack Trace:
     at Microsoft.Extensions.DependencyInjection.ServiceProvider..ctor(ICollection`1 serviceDescriptors, ServiceProviderOptions options)
   at Microsoft.Extensions.DependencyInjection.ServiceCollectionContainerBuilderExtensions.BuildServiceProvider(IServiceCollection services, ServiceProviderOptions options)
   at Microsoft.Extensions.Hosting.HostApplicationBuilder.Build()
   at Microsoft.AspNetCore.Builder.WebApplicationBuilder.Build()
   at Program.<Main>$(String[] args) in C:\Users\rolfe\git\own\Villa-Annunziata\hotelDroid\src\HotelDroid.Api\Program.cs:line 108
   at InvokeStub_Program.<Main>$(Object, Span`1)
   at System.Reflection.MethodBaseInvoker.InvokeWithOneArg(Object obj, BindingFlags invokeAttr, Binder binder, Object[] parameters, CultureInfo culture)
--- End of stack trace from previous location ---
   at Microsoft.Extensions.Hosting.HostFactoryResolver.HostingListener.CreateHost()
   at Microsoft.Extensions.Hosting.HostFactoryResolver.<>c__DisplayClass10_0.<ResolveHostFactory>b__0(String[] args)
   at Microsoft.AspNetCore.Mvc.Testing.DeferredHostBuilder.Build()
   at Microsoft.AspNetCore.Mvc.Testing.WebApplicationFactory`1.CreateHost(IHostBuilder builder)
   at Microsoft.AspNetCore.Mvc.Testing.WebApplicationFactory`1.DelegatedWebApplicationFactory.CreateHost(IHostBuilder builder)
   at Microsoft.AspNetCore.Mvc.Testing.WebApplicationFactory`1.ConfigureHostBuilder(IHostBuilder hostBuilder)
   at Microsoft.AspNetCore.Mvc.Testing.WebApplicationFactory`1.StartServer()
   at Microsoft.AspNetCore.Mvc.Testing.WebApplicationFactory`1.CreateDefaultClient(DelegatingHandler[] handlers)
   at Microsoft.AspNetCore.Mvc.Testing.WebApplicationFactory`1.CreateDefaultClient(Uri baseAddress, DelegatingHandler[] handlers)
   at Microsoft.AspNetCore.Mvc.Testing.WebApplicationFactory`1.CreateClient(WebApplicationFactoryClientOptions options)
   at Microsoft.AspNetCore.Mvc.Testing.WebApplicationFactory`1.CreateClient()
   at HotelDroid.Api.Tests.Integration.LedgerApiTests.InitializeAsync() in C:\Users\rolfe\git\own\Villa-Annunziata\hotelDroid\tests\HotelDroid.Api.Tests\Integration\RoomsApiTests.cs:line 782
----- Inner Stack Trace #1 (System.InvalidOperationException) -----
   at Microsoft.Extensions.DependencyInjection.ServiceProvider.ValidateService(ServiceDescriptor descriptor)
   at Microsoft.Extensions.DependencyInjection.ServiceProvider..ctor(ICollection`1 serviceDescriptors, ServiceProviderOptions options)
----- Inner Stack Trace -----
   at Microsoft.Extensions.DependencyInjection.ServiceLookup.CallSiteFactory.CreateArgumentCallSites(ServiceIdentifier serviceIdentifier, Type implementationType, CallSiteChain callSiteChain, ParameterInfo[] parameters, Boolean throwIfCallSiteNotFound)
   at Microsoft.Extensions.DependencyInjection.ServiceLookup.CallSiteFactory.CreateConstructorCallSite(ResultCache lifetime, ServiceIdentifier serviceIdentifier, Type implementationType, CallSiteChain callSiteChain)
   at Microsoft.Extensions.DependencyInjection.ServiceLookup.CallSiteFactory.CreateExact(ServiceDescriptor descriptor, ServiceIdentifier serviceIdentifier, CallSiteChain callSiteChain, Int32 slot)
   at Microsoft.Extensions.DependencyInjection.ServiceLookup.CallSiteFactory.GetCallSite(ServiceDescriptor serviceDescriptor, CallSiteChain callSiteChain)
   at Microsoft.Extensions.DependencyInjection.ServiceProvider.ValidateService(ServiceDescriptor descriptor)
----- Inner Stack Trace #2 (System.InvalidOperationException) -----
   at Microsoft.Extensions.DependencyInjection.ServiceProvider.ValidateService(ServiceDescriptor descriptor)
   at Microsoft.Extensions.DependencyInjection.ServiceProvider..ctor(ICollection`1 serviceDescriptors, ServiceProviderOptions options)
----- Inner Stack Trace -----
   at Microsoft.Extensions.DependencyInjection.ServiceLookup.CallSiteFactory.CreateArgumentCallSites(ServiceIdentifier serviceIdentifier, Type implementationType, CallSiteChain callSiteChain, ParameterInfo[] parameters, Boolean throwIfCallSiteNotFound)
   at Microsoft.Extensions.DependencyInjection.ServiceLookup.CallSiteFactory.CreateConstructorCallSite(ResultCache lifetime, ServiceIdentifier serviceIdentifier, Type implementationType, CallSiteChain callSiteChain)
   at Microsoft.Extensions.DependencyInjection.ServiceLookup.CallSiteFactory.CreateExact(ServiceDescriptor descriptor, ServiceIdentifier serviceIdentifier, CallSiteChain callSiteChain, Int32 slot)
   at Microsoft.Extensions.DependencyInjection.ServiceLookup.CallSiteFactory.GetCallSite(ServiceDescriptor serviceDescriptor, CallSiteChain callSiteChain)
   at Microsoft.Extensions.DependencyInjection.ServiceProvider.ValidateService(ServiceDescriptor descriptor)
----- Inner Stack Trace #3 (System.InvalidOperationException) -----
   at Microsoft.Extensions.DependencyInjection.ServiceProvider.ValidateService(ServiceDescriptor descriptor)
   at Microsoft.Extensions.DependencyInjection.ServiceProvider..ctor(ICollection`1 serviceDescriptors, ServiceProviderOptions options)
----- Inner Stack Trace -----
   at Microsoft.Extensions.DependencyInjection.ServiceLookup.CallSiteFactory.CreateArgumentCallSites(ServiceIdentifier serviceIdentifier, Type implementationType, CallSiteChain callSiteChain, ParameterInfo[] parameters, Boolean throwIfCallSiteNotFound)
   at Microsoft.Extensions.DependencyInjection.ServiceLookup.CallSiteFactory.CreateConstructorCallSite(ResultCache lifetime, ServiceIdentifier serviceIdentifier, Type implementationType, CallSiteChain callSiteChain)
   at Microsoft.Extensions.DependencyInjection.ServiceLookup.CallSiteFactory.CreateExact(ServiceDescriptor descriptor, ServiceIdentifier serviceIdentifier, CallSiteChain callSiteChain, Int32 slot)
   at Microsoft.Extensions.DependencyInjection.ServiceLookup.CallSiteFactory.TryCreateExact(ServiceIdentifier serviceIdentifier, CallSiteChain callSiteChain)
   at Microsoft.Extensions.DependencyInjection.ServiceLookup.CallSiteFactory.CreateCallSite(ServiceIdentifier serviceIdentifier, CallSiteChain callSiteChain)
   at Microsoft.Extensions.DependencyInjection.ServiceLookup.CallSiteFactory.CreateArgumentCallSites(ServiceIdentifier serviceIdentifier, Type implementationType, CallSiteChain callSiteChain, ParameterInfo[] parameters, Boolean throwIfCallSiteNotFound)
   at Microsoft.Extensions.DependencyInjection.ServiceLookup.CallSiteFactory.CreateConstructorCallSite(ResultCache lifetime, ServiceIdentifier serviceIdentifier, Type implementationType, CallSiteChain callSiteChain)
   at Microsoft.Extensions.DependencyInjection.ServiceLookup.CallSiteFactory.CreateExact(ServiceDescriptor descriptor, ServiceIdentifier serviceIdentifier, CallSiteChain callSiteChain, Int32 slot)
   at Microsoft.Extensions.DependencyInjection.ServiceLookup.CallSiteFactory.GetCallSite(ServiceDescriptor serviceDescriptor, CallSiteChain callSiteChain)
   at Microsoft.Extensions.DependencyInjection.ServiceProvider.ValidateService(ServiceDescriptor descriptor)
  Failed HotelDroid.Api.Tests.Integration.RoomsApiTests.CreateRoom_ZeroCapacity_Returns400BadRequest [1 ms]
  Error Message:
   System.AggregateException : Some services are not able to be constructed (Error while validating the service descriptor 'ServiceType: HotelDroid.Api.Services.ExportImport.IApiDistributor Lifetime: Scoped ImplementationType: HotelDroid.Api.Services.ExportImport.ApiDistributor': Unable to resolve service for type 'HotelDroid.Api.Services.IKeyValueStore' while attempting to activate 'HotelDroid.Api.Services.ExportImport.ApiDistributor'.) (Error while validating the service descriptor 'ServiceType: HotelDroid.Api.Services.ExportImport.IExportService Lifetime: Scoped ImplementationType: HotelDroid.Api.Services.ExportImport.ExportService': Unable to resolve service for type 'HotelDroid.Api.Services.IKeyValueStore' while attempting to activate 'HotelDroid.Api.Services.ExportImport.ExportService'.) (Error while validating the service descriptor 'ServiceType: HotelDroid.Api.Services.ExportImport.IImportService Lifetime: Scoped ImplementationType: HotelDroid.Api.Services.ExportImport.ImportService': Unable to resolve service for type 'HotelDroid.Api.Services.IKeyValueStore' while attempting to activate 'HotelDroid.Api.Services.ExportImport.ApiDistributor'.)
---- System.InvalidOperationException : Error while validating the service descriptor 'ServiceType: HotelDroid.Api.Services.ExportImport.IApiDistributor Lifetime: Scoped ImplementationType: HotelDroid.Api.Services.ExportImport.ApiDistributor': Unable to resolve service for type 'HotelDroid.Api.Services.IKeyValueStore' while attempting to activate 'HotelDroid.Api.Services.ExportImport.ApiDistributor'.
-------- System.InvalidOperationException : Unable to resolve service for type 'HotelDroid.Api.Services.IKeyValueStore' while attempting to activate 'HotelDroid.Api.Services.ExportImport.ApiDistributor'.
---- System.InvalidOperationException : Error while validating the service descriptor 'ServiceType: HotelDroid.Api.Services.ExportImport.IExportService Lifetime: Scoped ImplementationType: HotelDroid.Api.Services.ExportImport.ExportService': Unable to resolve service for type 'HotelDroid.Api.Services.IKeyValueStore' while attempting to activate 'HotelDroid.Api.Services.ExportImport.ExportService'.
-------- System.InvalidOperationException : Unable to resolve service for type 'HotelDroid.Api.Services.IKeyValueStore' while attempting to activate 'HotelDroid.Api.Services.ExportImport.ExportService'.
---- System.InvalidOperationException : Error while validating the service descriptor 'ServiceType: HotelDroid.Api.Services.ExportImport.IImportService Lifetime: Scoped ImplementationType: HotelDroid.Api.Services.ExportImport.ImportService': Unable to resolve service for type 'HotelDroid.Api.Services.IKeyValueStore' while attempting to activate 'HotelDroid.Api.Services.ExportImport.ApiDistributor'.
-------- System.InvalidOperationException : Unable to resolve service for type 'HotelDroid.Api.Services.IKeyValueStore' while attempting to activate 'HotelDroid.Api.Services.ExportImport.ApiDistributor'.
  Stack Trace:
     at Microsoft.Extensions.DependencyInjection.ServiceProvider..ctor(ICollection`1 serviceDescriptors, ServiceProviderOptions options)
   at Microsoft.Extensions.DependencyInjection.ServiceCollectionContainerBuilderExtensions.BuildServiceProvider(IServiceCollection services, ServiceProviderOptions options)
   at Microsoft.Extensions.Hosting.HostApplicationBuilder.Build()
   at Microsoft.AspNetCore.Builder.WebApplicationBuilder.Build()
   at Program.<Main>$(String[] args) in C:\Users\rolfe\git\own\Villa-Annunziata\hotelDroid\src\HotelDroid.Api\Program.cs:line 108
   at InvokeStub_Program.<Main>$(Object, Span`1)
   at System.Reflection.MethodBaseInvoker.InvokeWithOneArg(Object obj, BindingFlags invokeAttr, Binder binder, Object[] parameters, CultureInfo culture)
--- End of stack trace from previous location ---
   at Microsoft.Extensions.Hosting.HostFactoryResolver.HostingListener.CreateHost()
   at Microsoft.Extensions.Hosting.HostFactoryResolver.<>c__DisplayClass10_0.<ResolveHostFactory>b__0(String[] args)
   at Microsoft.AspNetCore.Mvc.Testing.DeferredHostBuilder.Build()
   at Microsoft.AspNetCore.Mvc.Testing.WebApplicationFactory`1.CreateHost(IHostBuilder builder)
   at Microsoft.AspNetCore.Mvc.Testing.WebApplicationFactory`1.DelegatedWebApplicationFactory.CreateHost(IHostBuilder builder)
   at Microsoft.AspNetCore.Mvc.Testing.WebApplicationFactory`1.ConfigureHostBuilder(IHostBuilder hostBuilder)
   at Microsoft.AspNetCore.Mvc.Testing.WebApplicationFactory`1.StartServer()
   at Microsoft.AspNetCore.Mvc.Testing.WebApplicationFactory`1.CreateDefaultClient(DelegatingHandler[] handlers)
   at Microsoft.AspNetCore.Mvc.Testing.WebApplicationFactory`1.CreateDefaultClient(Uri baseAddress, DelegatingHandler[] handlers)
   at Microsoft.AspNetCore.Mvc.Testing.WebApplicationFactory`1.CreateClient(WebApplicationFactoryClientOptions options)
   at Microsoft.AspNetCore.Mvc.Testing.WebApplicationFactory`1.CreateClient()
   at HotelDroid.Api.Tests.Integration.RoomsApiTests.InitializeAsync() in C:\Users\rolfe\git\own\Villa-Annunziata\hotelDroid\tests\HotelDroid.Api.Tests\Integration\RoomsApiTests.cs:line 60
----- Inner Stack Trace #1 (System.InvalidOperationException) -----
   at Microsoft.Extensions.DependencyInjection.ServiceProvider.ValidateService(ServiceDescriptor descriptor)
   at Microsoft.Extensions.DependencyInjection.ServiceProvider..ctor(ICollection`1 serviceDescriptors, ServiceProviderOptions options)
----- Inner Stack Trace -----
   at Microsoft.Extensions.DependencyInjection.ServiceLookup.CallSiteFactory.CreateArgumentCallSites(ServiceIdentifier serviceIdentifier, Type implementationType, CallSiteChain callSiteChain, ParameterInfo[] parameters, Boolean throwIfCallSiteNotFound)
   at Microsoft.Extensions.DependencyInjection.ServiceLookup.CallSiteFactory.CreateConstructorCallSite(ResultCache lifetime, ServiceIdentifier serviceIdentifier, Type implementationType, CallSiteChain callSiteChain)
   at Microsoft.Extensions.DependencyInjection.ServiceLookup.CallSiteFactory.CreateExact(ServiceDescriptor descriptor, ServiceIdentifier serviceIdentifier, CallSiteChain callSiteChain, Int32 slot)
   at Microsoft.Extensions.DependencyInjection.ServiceLookup.CallSiteFactory.GetCallSite(ServiceDescriptor serviceDescriptor, CallSiteChain callSiteChain)
   at Microsoft.Extensions.DependencyInjection.ServiceProvider.ValidateService(ServiceDescriptor descriptor)
----- Inner Stack Trace #2 (System.InvalidOperationException) -----
   at Microsoft.Extensions.DependencyInjection.ServiceProvider.ValidateService(ServiceDescriptor descriptor)
   at Microsoft.Extensions.DependencyInjection.ServiceProvider..ctor(ICollection`1 serviceDescriptors, ServiceProviderOptions options)
----- Inner Stack Trace -----
   at Microsoft.Extensions.DependencyInjection.ServiceLookup.CallSiteFactory.CreateArgumentCallSites(ServiceIdentifier serviceIdentifier, Type implementationType, CallSiteChain callSiteChain, ParameterInfo[] parameters, Boolean throwIfCallSiteNotFound)
   at Microsoft.Extensions.DependencyInjection.ServiceLookup.CallSiteFactory.CreateConstructorCallSite(ResultCache lifetime, ServiceIdentifier serviceIdentifier, Type implementationType, CallSiteChain callSiteChain)
   at Microsoft.Extensions.DependencyInjection.ServiceLookup.CallSiteFactory.CreateExact(ServiceDescriptor descriptor, ServiceIdentifier serviceIdentifier, CallSiteChain callSiteChain, Int32 slot)
   at Microsoft.Extensions.DependencyInjection.ServiceLookup.CallSiteFactory.GetCallSite(ServiceDescriptor serviceDescriptor, CallSiteChain callSiteChain)
   at Microsoft.Extensions.DependencyInjection.ServiceProvider.ValidateService(ServiceDescriptor descriptor)
----- Inner Stack Trace #3 (System.InvalidOperationException) -----
   at Microsoft.Extensions.DependencyInjection.ServiceProvider.ValidateService(ServiceDescriptor descriptor)
   at Microsoft.Extensions.DependencyInjection.ServiceProvider..ctor(ICollection`1 serviceDescriptors, ServiceProviderOptions options)
----- Inner Stack Trace -----
   at Microsoft.Extensions.DependencyInjection.ServiceLookup.CallSiteFactory.CreateArgumentCallSites(ServiceIdentifier serviceIdentifier, Type implementationType, CallSiteChain callSiteChain, ParameterInfo[] parameters, Boolean throwIfCallSiteNotFound)
   at Microsoft.Extensions.DependencyInjection.ServiceLookup.CallSiteFactory.CreateConstructorCallSite(ResultCache lifetime, ServiceIdentifier serviceIdentifier, Type implementationType, CallSiteChain callSiteChain)
   at Microsoft.Extensions.DependencyInjection.ServiceLookup.CallSiteFactory.CreateExact(ServiceDescriptor descriptor, ServiceIdentifier serviceIdentifier, CallSiteChain callSiteChain, Int32 slot)
   at Microsoft.Extensions.DependencyInjection.ServiceLookup.CallSiteFactory.TryCreateExact(ServiceIdentifier serviceIdentifier, CallSiteChain callSiteChain)
   at Microsoft.Extensions.DependencyInjection.ServiceLookup.CallSiteFactory.CreateCallSite(ServiceIdentifier serviceIdentifier, CallSiteChain callSiteChain)
   at Microsoft.Extensions.DependencyInjection.ServiceLookup.CallSiteFactory.CreateArgumentCallSites(ServiceIdentifier serviceIdentifier, Type implementationType, CallSiteChain callSiteChain, ParameterInfo[] parameters, Boolean throwIfCallSiteNotFound)
   at Microsoft.Extensions.DependencyInjection.ServiceLookup.CallSiteFactory.CreateConstructorCallSite(ResultCache lifetime, ServiceIdentifier serviceIdentifier, Type implementationType, CallSiteChain callSiteChain)
   at Microsoft.Extensions.DependencyInjection.ServiceLookup.CallSiteFactory.CreateExact(ServiceDescriptor descriptor, ServiceIdentifier serviceIdentifier, CallSiteChain callSiteChain, Int32 slot)
   at Microsoft.Extensions.DependencyInjection.ServiceLookup.CallSiteFactory.GetCallSite(ServiceDescriptor serviceDescriptor, CallSiteChain callSiteChain)
   at Microsoft.Extensions.DependencyInjection.ServiceProvider.ValidateService(ServiceDescriptor descriptor)
  Failed HotelDroid.Api.Tests.Integration.RoomsApiTests.GetRoom_ByIdReturns200Ok [1 ms]
  Error Message:
   System.AggregateException : Some services are not able to be constructed (Error while validating the service descriptor 'ServiceType: HotelDroid.Api.Services.ExportImport.IApiDistributor Lifetime: Scoped ImplementationType: HotelDroid.Api.Services.ExportImport.ApiDistributor': Unable to resolve service for type 'HotelDroid.Api.Services.IKeyValueStore' while attempting to activate 'HotelDroid.Api.Services.ExportImport.ApiDistributor'.) (Error while validating the service descriptor 'ServiceType: HotelDroid.Api.Services.ExportImport.IExportService Lifetime: Scoped ImplementationType: HotelDroid.Api.Services.ExportImport.ExportService': Unable to resolve service for type 'HotelDroid.Api.Services.IKeyValueStore' while attempting to activate 'HotelDroid.Api.Services.ExportImport.ExportService'.) (Error while validating the service descriptor 'ServiceType: HotelDroid.Api.Services.ExportImport.IImportService Lifetime: Scoped ImplementationType: HotelDroid.Api.Services.ExportImport.ImportService': Unable to resolve service for type 'HotelDroid.Api.Services.IKeyValueStore' while attempting to activate 'HotelDroid.Api.Services.ExportImport.ApiDistributor'.)
---- System.InvalidOperationException : Error while validating the service descriptor 'ServiceType: HotelDroid.Api.Services.ExportImport.IApiDistributor Lifetime: Scoped ImplementationType: HotelDroid.Api.Services.ExportImport.ApiDistributor': Unable to resolve service for type 'HotelDroid.Api.Services.IKeyValueStore' while attempting to activate 'HotelDroid.Api.Services.ExportImport.ApiDistributor'.
-------- System.InvalidOperationException : Unable to resolve service for type 'HotelDroid.Api.Services.IKeyValueStore' while attempting to activate 'HotelDroid.Api.Services.ExportImport.ApiDistributor'.
---- System.InvalidOperationException : Error while validating the service descriptor 'ServiceType: HotelDroid.Api.Services.ExportImport.IExportService Lifetime: Scoped ImplementationType: HotelDroid.Api.Services.ExportImport.ExportService': Unable to resolve service for type 'HotelDroid.Api.Services.IKeyValueStore' while attempting to activate 'HotelDroid.Api.Services.ExportImport.ExportService'.
-------- System.InvalidOperationException : Unable to resolve service for type 'HotelDroid.Api.Services.IKeyValueStore' while attempting to activate 'HotelDroid.Api.Services.ExportImport.ExportService'.
---- System.InvalidOperationException : Error while validating the service descriptor 'ServiceType: HotelDroid.Api.Services.ExportImport.IImportService Lifetime: Scoped ImplementationType: HotelDroid.Api.Services.ExportImport.ImportService': Unable to resolve service for type 'HotelDroid.Api.Services.IKeyValueStore' while attempting to activate 'HotelDroid.Api.Services.ExportImport.ApiDistributor'.
-------- System.InvalidOperationException : Unable to resolve service for type 'HotelDroid.Api.Services.IKeyValueStore' while attempting to activate 'HotelDroid.Api.Services.ExportImport.ApiDistributor'.
  Stack Trace:
     at Microsoft.Extensions.DependencyInjection.ServiceProvider..ctor(ICollection`1 serviceDescriptors, ServiceProviderOptions options)
   at Microsoft.Extensions.DependencyInjection.ServiceCollectionContainerBuilderExtensions.BuildServiceProvider(IServiceCollection services, ServiceProviderOptions options)
   at Microsoft.Extensions.Hosting.HostApplicationBuilder.Build()
   at Microsoft.AspNetCore.Builder.WebApplicationBuilder.Build()
   at Program.<Main>$(String[] args) in C:\Users\rolfe\git\own\Villa-Annunziata\hotelDroid\src\HotelDroid.Api\Program.cs:line 108
   at InvokeStub_Program.<Main>$(Object, Span`1)
   at System.Reflection.MethodBaseInvoker.InvokeWithOneArg(Object obj, BindingFlags invokeAttr, Binder binder, Object[] parameters, CultureInfo culture)
--- End of stack trace from previous location ---
   at Microsoft.Extensions.Hosting.HostFactoryResolver.HostingListener.CreateHost()
   at Microsoft.Extensions.Hosting.HostFactoryResolver.<>c__DisplayClass10_0.<ResolveHostFactory>b__0(String[] args)
   at Microsoft.AspNetCore.Mvc.Testing.DeferredHostBuilder.Build()
   at Microsoft.AspNetCore.Mvc.Testing.WebApplicationFactory`1.CreateHost(IHostBuilder builder)
   at Microsoft.AspNetCore.Mvc.Testing.WebApplicationFactory`1.DelegatedWebApplicationFactory.CreateHost(IHostBuilder builder)
   at Microsoft.AspNetCore.Mvc.Testing.WebApplicationFactory`1.ConfigureHostBuilder(IHostBuilder hostBuilder)
   at Microsoft.AspNetCore.Mvc.Testing.WebApplicationFactory`1.StartServer()
   at Microsoft.AspNetCore.Mvc.Testing.WebApplicationFactory`1.CreateDefaultClient(DelegatingHandler[] handlers)
   at Microsoft.AspNetCore.Mvc.Testing.WebApplicationFactory`1.CreateDefaultClient(Uri baseAddress, DelegatingHandler[] handlers)
   at Microsoft.AspNetCore.Mvc.Testing.WebApplicationFactory`1.CreateClient(WebApplicationFactoryClientOptions options)
   at Microsoft.AspNetCore.Mvc.Testing.WebApplicationFactory`1.CreateClient()
   at HotelDroid.Api.Tests.Integration.RoomsApiTests.InitializeAsync() in C:\Users\rolfe\git\own\Villa-Annunziata\hotelDroid\tests\HotelDroid.Api.Tests\Integration\RoomsApiTests.cs:line 60
----- Inner Stack Trace #1 (System.InvalidOperationException) -----
   at Microsoft.Extensions.DependencyInjection.ServiceProvider.ValidateService(ServiceDescriptor descriptor)
   at Microsoft.Extensions.DependencyInjection.ServiceProvider..ctor(ICollection`1 serviceDescriptors, ServiceProviderOptions options)
----- Inner Stack Trace -----
   at Microsoft.Extensions.DependencyInjection.ServiceLookup.CallSiteFactory.CreateArgumentCallSites(ServiceIdentifier serviceIdentifier, Type implementationType, CallSiteChain callSiteChain, ParameterInfo[] parameters, Boolean throwIfCallSiteNotFound)
   at Microsoft.Extensions.DependencyInjection.ServiceLookup.CallSiteFactory.CreateConstructorCallSite(ResultCache lifetime, ServiceIdentifier serviceIdentifier, Type implementationType, CallSiteChain callSiteChain)
   at Microsoft.Extensions.DependencyInjection.ServiceLookup.CallSiteFactory.CreateExact(ServiceDescriptor descriptor, ServiceIdentifier serviceIdentifier, CallSiteChain callSiteChain, Int32 slot)
   at Microsoft.Extensions.DependencyInjection.ServiceLookup.CallSiteFactory.GetCallSite(ServiceDescriptor serviceDescriptor, CallSiteChain callSiteChain)
   at Microsoft.Extensions.DependencyInjection.ServiceProvider.ValidateService(ServiceDescriptor descriptor)
----- Inner Stack Trace #2 (System.InvalidOperationException) -----
   at Microsoft.Extensions.DependencyInjection.ServiceProvider.ValidateService(ServiceDescriptor descriptor)
   at Microsoft.Extensions.DependencyInjection.ServiceProvider..ctor(ICollection`1 serviceDescriptors, ServiceProviderOptions options)
----- Inner Stack Trace -----
   at Microsoft.Extensions.DependencyInjection.ServiceLookup.CallSiteFactory.CreateArgumentCallSites(ServiceIdentifier serviceIdentifier, Type implementationType, CallSiteChain callSiteChain, ParameterInfo[] parameters, Boolean throwIfCallSiteNotFound)
   at Microsoft.Extensions.DependencyInjection.ServiceLookup.CallSiteFactory.CreateConstructorCallSite(ResultCache lifetime, ServiceIdentifier serviceIdentifier, Type implementationType, CallSiteChain callSiteChain)
   at Microsoft.Extensions.DependencyInjection.ServiceLookup.CallSiteFactory.CreateExact(ServiceDescriptor descriptor, ServiceIdentifier serviceIdentifier, CallSiteChain callSiteChain, Int32 slot)
   at Microsoft.Extensions.DependencyInjection.ServiceLookup.CallSiteFactory.GetCallSite(ServiceDescriptor serviceDescriptor, CallSiteChain callSiteChain)
   at Microsoft.Extensions.DependencyInjection.ServiceProvider.ValidateService(ServiceDescriptor descriptor)
----- Inner Stack Trace #3 (System.InvalidOperationException) -----
   at Microsoft.Extensions.DependencyInjection.ServiceProvider.ValidateService(ServiceDescriptor descriptor)
   at Microsoft.Extensions.DependencyInjection.ServiceProvider..ctor(ICollection`1 serviceDescriptors, ServiceProviderOptions options)
----- Inner Stack Trace -----
   at Microsoft.Extensions.DependencyInjection.ServiceLookup.CallSiteFactory.CreateArgumentCallSites(ServiceIdentifier serviceIdentifier, Type implementationType, CallSiteChain callSiteChain, ParameterInfo[] parameters, Boolean throwIfCallSiteNotFound)
   at Microsoft.Extensions.DependencyInjection.ServiceLookup.CallSiteFactory.CreateConstructorCallSite(ResultCache lifetime, ServiceIdentifier serviceIdentifier, Type implementationType, CallSiteChain callSiteChain)
   at Microsoft.Extensions.DependencyInjection.ServiceLookup.CallSiteFactory.CreateExact(ServiceDescriptor descriptor, ServiceIdentifier serviceIdentifier, CallSiteChain callSiteChain, Int32 slot)
   at Microsoft.Extensions.DependencyInjection.ServiceLookup.CallSiteFactory.TryCreateExact(ServiceIdentifier serviceIdentifier, CallSiteChain callSiteChain)
   at Microsoft.Extensions.DependencyInjection.ServiceLookup.CallSiteFactory.CreateCallSite(ServiceIdentifier serviceIdentifier, CallSiteChain callSiteChain)
   at Microsoft.Extensions.DependencyInjection.ServiceLookup.CallSiteFactory.CreateArgumentCallSites(ServiceIdentifier serviceIdentifier, Type implementationType, CallSiteChain callSiteChain, ParameterInfo[] parameters, Boolean throwIfCallSiteNotFound)
   at Microsoft.Extensions.DependencyInjection.ServiceLookup.CallSiteFactory.CreateConstructorCallSite(ResultCache lifetime, ServiceIdentifier serviceIdentifier, Type implementationType, CallSiteChain callSiteChain)
   at Microsoft.Extensions.DependencyInjection.ServiceLookup.CallSiteFactory.CreateExact(ServiceDescriptor descriptor, ServiceIdentifier serviceIdentifier, CallSiteChain callSiteChain, Int32 slot)
   at Microsoft.Extensions.DependencyInjection.ServiceLookup.CallSiteFactory.GetCallSite(ServiceDescriptor serviceDescriptor, CallSiteChain callSiteChain)
   at Microsoft.Extensions.DependencyInjection.ServiceProvider.ValidateService(ServiceDescriptor descriptor)
  Failed HotelDroid.Api.Tests.Integration.RoomsApiTests.NeighboringRooms_CanBeListed_AndRetrieved [1 ms]
  Error Message:
   System.AggregateException : Some services are not able to be constructed (Error while validating the service descriptor 'ServiceType: HotelDroid.Api.Services.ExportImport.IApiDistributor Lifetime: Scoped ImplementationType: HotelDroid.Api.Services.ExportImport.ApiDistributor': Unable to resolve service for type 'HotelDroid.Api.Services.IKeyValueStore' while attempting to activate 'HotelDroid.Api.Services.ExportImport.ApiDistributor'.) (Error while validating the service descriptor 'ServiceType: HotelDroid.Api.Services.ExportImport.IExportService Lifetime: Scoped ImplementationType: HotelDroid.Api.Services.ExportImport.ExportService': Unable to resolve service for type 'HotelDroid.Api.Services.IKeyValueStore' while attempting to activate 'HotelDroid.Api.Services.ExportImport.ExportService'.) (Error while validating the service descriptor 'ServiceType: HotelDroid.Api.Services.ExportImport.IImportService Lifetime: Scoped ImplementationType: HotelDroid.Api.Services.ExportImport.ImportService': Unable to resolve service for type 'HotelDroid.Api.Services.IKeyValueStore' while attempting to activate 'HotelDroid.Api.Services.ExportImport.ApiDistributor'.)
---- System.InvalidOperationException : Error while validating the service descriptor 'ServiceType: HotelDroid.Api.Services.ExportImport.IApiDistributor Lifetime: Scoped ImplementationType: HotelDroid.Api.Services.ExportImport.ApiDistributor': Unable to resolve service for type 'HotelDroid.Api.Services.IKeyValueStore' while attempting to activate 'HotelDroid.Api.Services.ExportImport.ApiDistributor'.
-------- System.InvalidOperationException : Unable to resolve service for type 'HotelDroid.Api.Services.IKeyValueStore' while attempting to activate 'HotelDroid.Api.Services.ExportImport.ApiDistributor'.
---- System.InvalidOperationException : Error while validating the service descriptor 'ServiceType: HotelDroid.Api.Services.ExportImport.IExportService Lifetime: Scoped ImplementationType: HotelDroid.Api.Services.ExportImport.ExportService': Unable to resolve service for type 'HotelDroid.Api.Services.IKeyValueStore' while attempting to activate 'HotelDroid.Api.Services.ExportImport.ExportService'.
-------- System.InvalidOperationException : Unable to resolve service for type 'HotelDroid.Api.Services.IKeyValueStore' while attempting to activate 'HotelDroid.Api.Services.ExportImport.ExportService'.
---- System.InvalidOperationException : Error while validating the service descriptor 'ServiceType: HotelDroid.Api.Services.ExportImport.IImportService Lifetime: Scoped ImplementationType: HotelDroid.Api.Services.ExportImport.ImportService': Unable to resolve service for type 'HotelDroid.Api.Services.IKeyValueStore' while attempting to activate 'HotelDroid.Api.Services.ExportImport.ApiDistributor'.
-------- System.InvalidOperationException : Unable to resolve service for type 'HotelDroid.Api.Services.IKeyValueStore' while attempting to activate 'HotelDroid.Api.Services.ExportImport.ApiDistributor'.
  Stack Trace:
     at Microsoft.Extensions.DependencyInjection.ServiceProvider..ctor(ICollection`1 serviceDescriptors, ServiceProviderOptions options)
   at Microsoft.Extensions.DependencyInjection.ServiceCollectionContainerBuilderExtensions.BuildServiceProvider(IServiceCollection services, ServiceProviderOptions options)
   at Microsoft.Extensions.Hosting.HostApplicationBuilder.Build()
   at Microsoft.AspNetCore.Builder.WebApplicationBuilder.Build()
   at Program.<Main>$(String[] args) in C:\Users\rolfe\git\own\Villa-Annunziata\hotelDroid\src\HotelDroid.Api\Program.cs:line 108
   at InvokeStub_Program.<Main>$(Object, Span`1)
   at System.Reflection.MethodBaseInvoker.InvokeWithOneArg(Object obj, BindingFlags invokeAttr, Binder binder, Object[] parameters, CultureInfo culture)
--- End of stack trace from previous location ---
   at Microsoft.Extensions.Hosting.HostFactoryResolver.HostingListener.CreateHost()
   at Microsoft.Extensions.Hosting.HostFactoryResolver.<>c__DisplayClass10_0.<ResolveHostFactory>b__0(String[] args)
   at Microsoft.AspNetCore.Mvc.Testing.DeferredHostBuilder.Build()
   at Microsoft.AspNetCore.Mvc.Testing.WebApplicationFactory`1.CreateHost(IHostBuilder builder)
   at Microsoft.AspNetCore.Mvc.Testing.WebApplicationFactory`1.DelegatedWebApplicationFactory.CreateHost(IHostBuilder builder)
   at Microsoft.AspNetCore.Mvc.Testing.WebApplicationFactory`1.ConfigureHostBuilder(IHostBuilder hostBuilder)
   at Microsoft.AspNetCore.Mvc.Testing.WebApplicationFactory`1.StartServer()
   at Microsoft.AspNetCore.Mvc.Testing.WebApplicationFactory`1.CreateDefaultClient(DelegatingHandler[] handlers)
   at Microsoft.AspNetCore.Mvc.Testing.WebApplicationFactory`1.CreateDefaultClient(Uri baseAddress, DelegatingHandler[] handlers)
   at Microsoft.AspNetCore.Mvc.Testing.WebApplicationFactory`1.CreateClient(WebApplicationFactoryClientOptions options)
   at Microsoft.AspNetCore.Mvc.Testing.WebApplicationFactory`1.CreateClient()
   at HotelDroid.Api.Tests.Integration.RoomsApiTests.InitializeAsync() in C:\Users\rolfe\git\own\Villa-Annunziata\hotelDroid\tests\HotelDroid.Api.Tests\Integration\RoomsApiTests.cs:line 60
----- Inner Stack Trace #1 (System.InvalidOperationException) -----
   at Microsoft.Extensions.DependencyInjection.ServiceProvider.ValidateService(ServiceDescriptor descriptor)
   at Microsoft.Extensions.DependencyInjection.ServiceProvider..ctor(ICollection`1 serviceDescriptors, ServiceProviderOptions options)
----- Inner Stack Trace -----
   at Microsoft.Extensions.DependencyInjection.ServiceLookup.CallSiteFactory.CreateArgumentCallSites(ServiceIdentifier serviceIdentifier, Type implementationType, CallSiteChain callSiteChain, ParameterInfo[] parameters, Boolean throwIfCallSiteNotFound)
   at Microsoft.Extensions.DependencyInjection.ServiceLookup.CallSiteFactory.CreateConstructorCallSite(ResultCache lifetime, ServiceIdentifier serviceIdentifier, Type implementationType, CallSiteChain callSiteChain)
   at Microsoft.Extensions.DependencyInjection.ServiceLookup.CallSiteFactory.CreateExact(ServiceDescriptor descriptor, ServiceIdentifier serviceIdentifier, CallSiteChain callSiteChain, Int32 slot)
   at Microsoft.Extensions.DependencyInjection.ServiceLookup.CallSiteFactory.GetCallSite(ServiceDescriptor serviceDescriptor, CallSiteChain callSiteChain)
   at Microsoft.Extensions.DependencyInjection.ServiceProvider.ValidateService(ServiceDescriptor descriptor)
----- Inner Stack Trace #2 (System.InvalidOperationException) -----
   at Microsoft.Extensions.DependencyInjection.ServiceProvider.ValidateService(ServiceDescriptor descriptor)
   at Microsoft.Extensions.DependencyInjection.ServiceProvider..ctor(ICollection`1 serviceDescriptors, ServiceProviderOptions options)
----- Inner Stack Trace -----
   at Microsoft.Extensions.DependencyInjection.ServiceLookup.CallSiteFactory.CreateArgumentCallSites(ServiceIdentifier serviceIdentifier, Type implementationType, CallSiteChain callSiteChain, ParameterInfo[] parameters, Boolean throwIfCallSiteNotFound)
   at Microsoft.Extensions.DependencyInjection.ServiceLookup.CallSiteFactory.CreateConstructorCallSite(ResultCache lifetime, ServiceIdentifier serviceIdentifier, Type implementationType, CallSiteChain callSiteChain)
   at Microsoft.Extensions.DependencyInjection.ServiceLookup.CallSiteFactory.CreateExact(ServiceDescriptor descriptor, ServiceIdentifier serviceIdentifier, CallSiteChain callSiteChain, Int32 slot)
   at Microsoft.Extensions.DependencyInjection.ServiceLookup.CallSiteFactory.GetCallSite(ServiceDescriptor serviceDescriptor, CallSiteChain callSiteChain)
   at Microsoft.Extensions.DependencyInjection.ServiceProvider.ValidateService(ServiceDescriptor descriptor)
----- Inner Stack Trace #3 (System.InvalidOperationException) -----
   at Microsoft.Extensions.DependencyInjection.ServiceProvider.ValidateService(ServiceDescriptor descriptor)
   at Microsoft.Extensions.DependencyInjection.ServiceProvider..ctor(ICollection`1 serviceDescriptors, ServiceProviderOptions options)
----- Inner Stack Trace -----
   at Microsoft.Extensions.DependencyInjection.ServiceLookup.CallSiteFactory.CreateArgumentCallSites(ServiceIdentifier serviceIdentifier, Type implementationType, CallSiteChain callSiteChain, ParameterInfo[] parameters, Boolean throwIfCallSiteNotFound)
   at Microsoft.Extensions.DependencyInjection.ServiceLookup.CallSiteFactory.CreateConstructorCallSite(ResultCache lifetime, ServiceIdentifier serviceIdentifier, Type implementationType, CallSiteChain callSiteChain)
   at Microsoft.Extensions.DependencyInjection.ServiceLookup.CallSiteFactory.CreateExact(ServiceDescriptor descriptor, ServiceIdentifier serviceIdentifier, CallSiteChain callSiteChain, Int32 slot)
   at Microsoft.Extensions.DependencyInjection.ServiceLookup.CallSiteFactory.TryCreateExact(ServiceIdentifier serviceIdentifier, CallSiteChain callSiteChain)
   at Microsoft.Extensions.DependencyInjection.ServiceLookup.CallSiteFactory.CreateCallSite(ServiceIdentifier serviceIdentifier, CallSiteChain callSiteChain)
   at Microsoft.Extensions.DependencyInjection.ServiceLookup.CallSiteFactory.CreateArgumentCallSites(ServiceIdentifier serviceIdentifier, Type implementationType, CallSiteChain callSiteChain, ParameterInfo[] parameters, Boolean throwIfCallSiteNotFound)
   at Microsoft.Extensions.DependencyInjection.ServiceLookup.CallSiteFactory.CreateConstructorCallSite(ResultCache lifetime, ServiceIdentifier serviceIdentifier, Type implementationType, CallSiteChain callSiteChain)
   at Microsoft.Extensions.DependencyInjection.ServiceLookup.CallSiteFactory.CreateExact(ServiceDescriptor descriptor, ServiceIdentifier serviceIdentifier, CallSiteChain callSiteChain, Int32 slot)
   at Microsoft.Extensions.DependencyInjection.ServiceLookup.CallSiteFactory.GetCallSite(ServiceDescriptor serviceDescriptor, CallSiteChain callSiteChain)
   at Microsoft.Extensions.DependencyInjection.ServiceProvider.ValidateService(ServiceDescriptor descriptor)
[xUnit.net 00:00:00.47]     HotelDroid.Api.Tests.Integration.ExportImport.ExportImportIntegrationTests.ExportThenImport_PreservesAllRoomData [FAIL]
[xUnit.net 00:00:00.47]     HotelDroid.Api.Tests.Integration.RoomsApiTests.CreateRoom_MissingName_Returns400BadRequest [FAIL]
[xUnit.net 00:00:00.49]     HotelDroid.Api.Tests.Integration.RoomsApiTests.CreateRoom_DuplicateName_Returns409Conflict [FAIL]
[xUnit.net 00:00:00.51]     HotelDroid.Api.Tests.Integration.RoomsApiTests.DeleteRoom_Returns204NoContent [FAIL]
  Failed HotelDroid.Api.Tests.Integration.ExportImport.ExportImportIntegrationTests.ExportThenImport_PreservesAllRoomData [178 ms]
  Error Message:
   System.InvalidOperationException : Cannot map table '' to rooms API. Expected 'rooms', 'apartments', or 'appartamenti'.
  Stack Trace:
     at HotelDroid.Api.Services.ExportImport.CanonicalMapper.FromCanonical(CanonicalData data) in C:\Users\rolfe\git\own\Villa-Annunziata\hotelDroid\src\HotelDroid.Api\Services\ExportImport\CanonicalMapper.cs:line 181
   at HotelDroid.Api.Tests.Integration.ExportImport.ExportImportIntegrationTests.ExportThenImport_PreservesAllRoomData() in C:\Users\rolfe\git\own\Villa-Annunziata\hotelDroid\tests\HotelDroid.Api.Tests\Integration\ExportImport\ExportImportIntegrationTests.cs:line 119
--- End of stack trace from previous location ---
  Failed HotelDroid.Api.Tests.Integration.RoomsApiTests.CreateRoom_MissingName_Returns400BadRequest [1 ms]
  Error Message:
   System.AggregateException : Some services are not able to be constructed (Error while validating the service descriptor 'ServiceType: HotelDroid.Api.Services.ExportImport.IApiDistributor Lifetime: Scoped ImplementationType: HotelDroid.Api.Services.ExportImport.ApiDistributor': Unable to resolve service for type 'HotelDroid.Api.Services.IKeyValueStore' while attempting to activate 'HotelDroid.Api.Services.ExportImport.ApiDistributor'.) (Error while validating the service descriptor 'ServiceType: HotelDroid.Api.Services.ExportImport.IExportService Lifetime: Scoped ImplementationType: HotelDroid.Api.Services.ExportImport.ExportService': Unable to resolve service for type 'HotelDroid.Api.Services.IKeyValueStore' while attempting to activate 'HotelDroid.Api.Services.ExportImport.ExportService'.) (Error while validating the service descriptor 'ServiceType: HotelDroid.Api.Services.ExportImport.IImportService Lifetime: Scoped ImplementationType: HotelDroid.Api.Services.ExportImport.ImportService': Unable to resolve service for type 'HotelDroid.Api.Services.IKeyValueStore' while attempting to activate 'HotelDroid.Api.Services.ExportImport.ApiDistributor'.)
---- System.InvalidOperationException : Error while validating the service descriptor 'ServiceType: HotelDroid.Api.Services.ExportImport.IApiDistributor Lifetime: Scoped ImplementationType: HotelDroid.Api.Services.ExportImport.ApiDistributor': Unable to resolve service for type 'HotelDroid.Api.Services.IKeyValueStore' while attempting to activate 'HotelDroid.Api.Services.ExportImport.ApiDistributor'.
-------- System.InvalidOperationException : Unable to resolve service for type 'HotelDroid.Api.Services.IKeyValueStore' while attempting to activate 'HotelDroid.Api.Services.ExportImport.ApiDistributor'.
---- System.InvalidOperationException : Error while validating the service descriptor 'ServiceType: HotelDroid.Api.Services.ExportImport.IExportService Lifetime: Scoped ImplementationType: HotelDroid.Api.Services.ExportImport.ExportService': Unable to resolve service for type 'HotelDroid.Api.Services.IKeyValueStore' while attempting to activate 'HotelDroid.Api.Services.ExportImport.ExportService'.
-------- System.InvalidOperationException : Unable to resolve service for type 'HotelDroid.Api.Services.IKeyValueStore' while attempting to activate 'HotelDroid.Api.Services.ExportImport.ExportService'.
---- System.InvalidOperationException : Error while validating the service descriptor 'ServiceType: HotelDroid.Api.Services.ExportImport.IImportService Lifetime: Scoped ImplementationType: HotelDroid.Api.Services.ExportImport.ImportService': Unable to resolve service for type 'HotelDroid.Api.Services.IKeyValueStore' while attempting to activate 'HotelDroid.Api.Services.ExportImport.ApiDistributor'.
-------- System.InvalidOperationException : Unable to resolve service for type 'HotelDroid.Api.Services.IKeyValueStore' while attempting to activate 'HotelDroid.Api.Services.ExportImport.ApiDistributor'.
  Stack Trace:
     at Microsoft.Extensions.DependencyInjection.ServiceProvider..ctor(ICollection`1 serviceDescriptors, ServiceProviderOptions options)
   at Microsoft.Extensions.DependencyInjection.ServiceCollectionContainerBuilderExtensions.BuildServiceProvider(IServiceCollection services, ServiceProviderOptions options)
   at Microsoft.Extensions.Hosting.HostApplicationBuilder.Build()
   at Microsoft.AspNetCore.Builder.WebApplicationBuilder.Build()
   at Program.<Main>$(String[] args) in C:\Users\rolfe\git\own\Villa-Annunziata\hotelDroid\src\HotelDroid.Api\Program.cs:line 108
   at InvokeStub_Program.<Main>$(Object, Span`1)
   at System.Reflection.MethodBaseInvoker.InvokeWithOneArg(Object obj, BindingFlags invokeAttr, Binder binder, Object[] parameters, CultureInfo culture)
--- End of stack trace from previous location ---
   at Microsoft.Extensions.Hosting.HostFactoryResolver.HostingListener.CreateHost()
   at Microsoft.Extensions.Hosting.HostFactoryResolver.<>c__DisplayClass10_0.<ResolveHostFactory>b__0(String[] args)
   at Microsoft.AspNetCore.Mvc.Testing.DeferredHostBuilder.Build()
   at Microsoft.AspNetCore.Mvc.Testing.WebApplicationFactory`1.CreateHost(IHostBuilder builder)
   at Microsoft.AspNetCore.Mvc.Testing.WebApplicationFactory`1.DelegatedWebApplicationFactory.CreateHost(IHostBuilder builder)
   at Microsoft.AspNetCore.Mvc.Testing.WebApplicationFactory`1.ConfigureHostBuilder(IHostBuilder hostBuilder)
   at Microsoft.AspNetCore.Mvc.Testing.WebApplicationFactory`1.StartServer()
   at Microsoft.AspNetCore.Mvc.Testing.WebApplicationFactory`1.CreateDefaultClient(DelegatingHandler[] handlers)
   at Microsoft.AspNetCore.Mvc.Testing.WebApplicationFactory`1.CreateDefaultClient(Uri baseAddress, DelegatingHandler[] handlers)
   at Microsoft.AspNetCore.Mvc.Testing.WebApplicationFactory`1.CreateClient(WebApplicationFactoryClientOptions options)
   at Microsoft.AspNetCore.Mvc.Testing.WebApplicationFactory`1.CreateClient()
   at HotelDroid.Api.Tests.Integration.RoomsApiTests.InitializeAsync() in C:\Users\rolfe\git\own\Villa-Annunziata\hotelDroid\tests\HotelDroid.Api.Tests\Integration\RoomsApiTests.cs:line 60
----- Inner Stack Trace #1 (System.InvalidOperationException) -----
   at Microsoft.Extensions.DependencyInjection.ServiceProvider.ValidateService(ServiceDescriptor descriptor)
   at Microsoft.Extensions.DependencyInjection.ServiceProvider..ctor(ICollection`1 serviceDescriptors, ServiceProviderOptions options)
----- Inner Stack Trace -----
   at Microsoft.Extensions.DependencyInjection.ServiceLookup.CallSiteFactory.CreateArgumentCallSites(ServiceIdentifier serviceIdentifier, Type implementationType, CallSiteChain callSiteChain, ParameterInfo[] parameters, Boolean throwIfCallSiteNotFound)
   at Microsoft.Extensions.DependencyInjection.ServiceLookup.CallSiteFactory.CreateConstructorCallSite(ResultCache lifetime, ServiceIdentifier serviceIdentifier, Type implementationType, CallSiteChain callSiteChain)
   at Microsoft.Extensions.DependencyInjection.ServiceLookup.CallSiteFactory.CreateExact(ServiceDescriptor descriptor, ServiceIdentifier serviceIdentifier, CallSiteChain callSiteChain, Int32 slot)
   at Microsoft.Extensions.DependencyInjection.ServiceLookup.CallSiteFactory.GetCallSite(ServiceDescriptor serviceDescriptor, CallSiteChain callSiteChain)
   at Microsoft.Extensions.DependencyInjection.ServiceProvider.ValidateService(ServiceDescriptor descriptor)
----- Inner Stack Trace #2 (System.InvalidOperationException) -----
   at Microsoft.Extensions.DependencyInjection.ServiceProvider.ValidateService(ServiceDescriptor descriptor)
   at Microsoft.Extensions.DependencyInjection.ServiceProvider..ctor(ICollection`1 serviceDescriptors, ServiceProviderOptions options)
----- Inner Stack Trace -----
   at Microsoft.Extensions.DependencyInjection.ServiceLookup.CallSiteFactory.CreateArgumentCallSites(ServiceIdentifier serviceIdentifier, Type implementationType, CallSiteChain callSiteChain, ParameterInfo[] parameters, Boolean throwIfCallSiteNotFound)
   at Microsoft.Extensions.DependencyInjection.ServiceLookup.CallSiteFactory.CreateConstructorCallSite(ResultCache lifetime, ServiceIdentifier serviceIdentifier, Type implementationType, CallSiteChain callSiteChain)
   at Microsoft.Extensions.DependencyInjection.ServiceLookup.CallSiteFactory.CreateExact(ServiceDescriptor descriptor, ServiceIdentifier serviceIdentifier, CallSiteChain callSiteChain, Int32 slot)
   at Microsoft.Extensions.DependencyInjection.ServiceLookup.CallSiteFactory.GetCallSite(ServiceDescriptor serviceDescriptor, CallSiteChain callSiteChain)
   at Microsoft.Extensions.DependencyInjection.ServiceProvider.ValidateService(ServiceDescriptor descriptor)
----- Inner Stack Trace #3 (System.InvalidOperationException) -----
   at Microsoft.Extensions.DependencyInjection.ServiceProvider.ValidateService(ServiceDescriptor descriptor)
   at Microsoft.Extensions.DependencyInjection.ServiceProvider..ctor(ICollection`1 serviceDescriptors, ServiceProviderOptions options)
----- Inner Stack Trace -----
   at Microsoft.Extensions.DependencyInjection.ServiceLookup.CallSiteFactory.CreateArgumentCallSites(ServiceIdentifier serviceIdentifier, Type implementationType, CallSiteChain callSiteChain, ParameterInfo[] parameters, Boolean throwIfCallSiteNotFound)
   at Microsoft.Extensions.DependencyInjection.ServiceLookup.CallSiteFactory.CreateConstructorCallSite(ResultCache lifetime, ServiceIdentifier serviceIdentifier, Type implementationType, CallSiteChain callSiteChain)
   at Microsoft.Extensions.DependencyInjection.ServiceLookup.CallSiteFactory.CreateExact(ServiceDescriptor descriptor, ServiceIdentifier serviceIdentifier, CallSiteChain callSiteChain, Int32 slot)
   at Microsoft.Extensions.DependencyInjection.ServiceLookup.CallSiteFactory.TryCreateExact(ServiceIdentifier serviceIdentifier, CallSiteChain callSiteChain)
   at Microsoft.Extensions.DependencyInjection.ServiceLookup.CallSiteFactory.CreateCallSite(ServiceIdentifier serviceIdentifier, CallSiteChain callSiteChain)
   at Microsoft.Extensions.DependencyInjection.ServiceLookup.CallSiteFactory.CreateArgumentCallSites(ServiceIdentifier serviceIdentifier, Type implementationType, CallSiteChain callSiteChain, ParameterInfo[] parameters, Boolean throwIfCallSiteNotFound)
   at Microsoft.Extensions.DependencyInjection.ServiceLookup.CallSiteFactory.CreateConstructorCallSite(ResultCache lifetime, ServiceIdentifier serviceIdentifier, Type implementationType, CallSiteChain callSiteChain)
   at Microsoft.Extensions.DependencyInjection.ServiceLookup.CallSiteFactory.CreateExact(ServiceDescriptor descriptor, ServiceIdentifier serviceIdentifier, CallSiteChain callSiteChain, Int32 slot)
   at Microsoft.Extensions.DependencyInjection.ServiceLookup.CallSiteFactory.GetCallSite(ServiceDescriptor serviceDescriptor, CallSiteChain callSiteChain)
   at Microsoft.Extensions.DependencyInjection.ServiceProvider.ValidateService(ServiceDescriptor descriptor)
  Failed HotelDroid.Api.Tests.Integration.RoomsApiTests.CreateRoom_DuplicateName_Returns409Conflict [1 ms]
  Error Message:
   System.AggregateException : Some services are not able to be constructed (Error while validating the service descriptor 'ServiceType: HotelDroid.Api.Services.ExportImport.IApiDistributor Lifetime: Scoped ImplementationType: HotelDroid.Api.Services.ExportImport.ApiDistributor': Unable to resolve service for type 'HotelDroid.Api.Services.IKeyValueStore' while attempting to activate 'HotelDroid.Api.Services.ExportImport.ApiDistributor'.) (Error while validating the service descriptor 'ServiceType: HotelDroid.Api.Services.ExportImport.IExportService Lifetime: Scoped ImplementationType: HotelDroid.Api.Services.ExportImport.ExportService': Unable to resolve service for type 'HotelDroid.Api.Services.IKeyValueStore' while attempting to activate 'HotelDroid.Api.Services.ExportImport.ExportService'.) (Error while validating the service descriptor 'ServiceType: HotelDroid.Api.Services.ExportImport.IImportService Lifetime: Scoped ImplementationType: HotelDroid.Api.Services.ExportImport.ImportService': Unable to resolve service for type 'HotelDroid.Api.Services.IKeyValueStore' while attempting to activate 'HotelDroid.Api.Services.ExportImport.ApiDistributor'.)
---- System.InvalidOperationException : Error while validating the service descriptor 'ServiceType: HotelDroid.Api.Services.ExportImport.IApiDistributor Lifetime: Scoped ImplementationType: HotelDroid.Api.Services.ExportImport.ApiDistributor': Unable to resolve service for type 'HotelDroid.Api.Services.IKeyValueStore' while attempting to activate 'HotelDroid.Api.Services.ExportImport.ApiDistributor'.
-------- System.InvalidOperationException : Unable to resolve service for type 'HotelDroid.Api.Services.IKeyValueStore' while attempting to activate 'HotelDroid.Api.Services.ExportImport.ApiDistributor'.
---- System.InvalidOperationException : Error while validating the service descriptor 'ServiceType: HotelDroid.Api.Services.ExportImport.IExportService Lifetime: Scoped ImplementationType: HotelDroid.Api.Services.ExportImport.ExportService': Unable to resolve service for type 'HotelDroid.Api.Services.IKeyValueStore' while attempting to activate 'HotelDroid.Api.Services.ExportImport.ExportService'.
-------- System.InvalidOperationException : Unable to resolve service for type 'HotelDroid.Api.Services.IKeyValueStore' while attempting to activate 'HotelDroid.Api.Services.ExportImport.ExportService'.
---- System.InvalidOperationException : Error while validating the service descriptor 'ServiceType: HotelDroid.Api.Services.ExportImport.IImportService Lifetime: Scoped ImplementationType: HotelDroid.Api.Services.ExportImport.ImportService': Unable to resolve service for type 'HotelDroid.Api.Services.IKeyValueStore' while attempting to activate 'HotelDroid.Api.Services.ExportImport.ApiDistributor'.
-------- System.InvalidOperationException : Unable to resolve service for type 'HotelDroid.Api.Services.IKeyValueStore' while attempting to activate 'HotelDroid.Api.Services.ExportImport.ApiDistributor'.
  Stack Trace:
     at Microsoft.Extensions.DependencyInjection.ServiceProvider..ctor(ICollection`1 serviceDescriptors, ServiceProviderOptions options)
   at Microsoft.Extensions.DependencyInjection.ServiceCollectionContainerBuilderExtensions.BuildServiceProvider(IServiceCollection services, ServiceProviderOptions options)
   at Microsoft.Extensions.Hosting.HostApplicationBuilder.Build()
   at Microsoft.AspNetCore.Builder.WebApplicationBuilder.Build()
   at Program.<Main>$(String[] args) in C:\Users\rolfe\git\own\Villa-Annunziata\hotelDroid\src\HotelDroid.Api\Program.cs:line 108
   at InvokeStub_Program.<Main>$(Object, Span`1)
   at System.Reflection.MethodBaseInvoker.InvokeWithOneArg(Object obj, BindingFlags invokeAttr, Binder binder, Object[] parameters, CultureInfo culture)
--- End of stack trace from previous location ---
   at Microsoft.Extensions.Hosting.HostFactoryResolver.HostingListener.CreateHost()
   at Microsoft.Extensions.Hosting.HostFactoryResolver.<>c__DisplayClass10_0.<ResolveHostFactory>b__0(String[] args)
   at Microsoft.AspNetCore.Mvc.Testing.DeferredHostBuilder.Build()
   at Microsoft.AspNetCore.Mvc.Testing.WebApplicationFactory`1.CreateHost(IHostBuilder builder)
   at Microsoft.AspNetCore.Mvc.Testing.WebApplicationFactory`1.DelegatedWebApplicationFactory.CreateHost(IHostBuilder builder)
   at Microsoft.AspNetCore.Mvc.Testing.WebApplicationFactory`1.ConfigureHostBuilder(IHostBuilder hostBuilder)
   at Microsoft.AspNetCore.Mvc.Testing.WebApplicationFactory`1.StartServer()
   at Microsoft.AspNetCore.Mvc.Testing.WebApplicationFactory`1.CreateDefaultClient(DelegatingHandler[] handlers)
   at Microsoft.AspNetCore.Mvc.Testing.WebApplicationFactory`1.CreateDefaultClient(Uri baseAddress, DelegatingHandler[] handlers)
   at Microsoft.AspNetCore.Mvc.Testing.WebApplicationFactory`1.CreateClient(WebApplicationFactoryClientOptions options)
   at Microsoft.AspNetCore.Mvc.Testing.WebApplicationFactory`1.CreateClient()
   at HotelDroid.Api.Tests.Integration.RoomsApiTests.InitializeAsync() in C:\Users\rolfe\git\own\Villa-Annunziata\hotelDroid\tests\HotelDroid.Api.Tests\Integration\RoomsApiTests.cs:line 60
----- Inner Stack Trace #1 (System.InvalidOperationException) -----
   at Microsoft.Extensions.DependencyInjection.ServiceProvider.ValidateService(ServiceDescriptor descriptor)
   at Microsoft.Extensions.DependencyInjection.ServiceProvider..ctor(ICollection`1 serviceDescriptors, ServiceProviderOptions options)
----- Inner Stack Trace -----
   at Microsoft.Extensions.DependencyInjection.ServiceLookup.CallSiteFactory.CreateArgumentCallSites(ServiceIdentifier serviceIdentifier, Type implementationType, CallSiteChain callSiteChain, ParameterInfo[] parameters, Boolean throwIfCallSiteNotFound)
   at Microsoft.Extensions.DependencyInjection.ServiceLookup.CallSiteFactory.CreateConstructorCallSite(ResultCache lifetime, ServiceIdentifier serviceIdentifier, Type implementationType, CallSiteChain callSiteChain)
   at Microsoft.Extensions.DependencyInjection.ServiceLookup.CallSiteFactory.CreateExact(ServiceDescriptor descriptor, ServiceIdentifier serviceIdentifier, CallSiteChain callSiteChain, Int32 slot)
   at Microsoft.Extensions.DependencyInjection.ServiceLookup.CallSiteFactory.GetCallSite(ServiceDescriptor serviceDescriptor, CallSiteChain callSiteChain)
   at Microsoft.Extensions.DependencyInjection.ServiceProvider.ValidateService(ServiceDescriptor descriptor)
----- Inner Stack Trace #2 (System.InvalidOperationException) -----
   at Microsoft.Extensions.DependencyInjection.ServiceProvider.ValidateService(ServiceDescriptor descriptor)
   at Microsoft.Extensions.DependencyInjection.ServiceProvider..ctor(ICollection`1 serviceDescriptors, ServiceProviderOptions options)
----- Inner Stack Trace -----
   at Microsoft.Extensions.DependencyInjection.ServiceLookup.CallSiteFactory.CreateArgumentCallSites(ServiceIdentifier serviceIdentifier, Type implementationType, CallSiteChain callSiteChain, ParameterInfo[] parameters, Boolean throwIfCallSiteNotFound)
   at Microsoft.Extensions.DependencyInjection.ServiceLookup.CallSiteFactory.CreateConstructorCallSite(ResultCache lifetime, ServiceIdentifier serviceIdentifier, Type implementationType, CallSiteChain callSiteChain)
   at Microsoft.Extensions.DependencyInjection.ServiceLookup.CallSiteFactory.CreateExact(ServiceDescriptor descriptor, ServiceIdentifier serviceIdentifier, CallSiteChain callSiteChain, Int32 slot)
   at Microsoft.Extensions.DependencyInjection.ServiceLookup.CallSiteFactory.GetCallSite(ServiceDescriptor serviceDescriptor, CallSiteChain callSiteChain)
   at Microsoft.Extensions.DependencyInjection.ServiceProvider.ValidateService(ServiceDescriptor descriptor)
----- Inner Stack Trace #3 (System.InvalidOperationException) -----
   at Microsoft.Extensions.DependencyInjection.ServiceProvider.ValidateService(ServiceDescriptor descriptor)
   at Microsoft.Extensions.DependencyInjection.ServiceProvider..ctor(ICollection`1 serviceDescriptors, ServiceProviderOptions options)
----- Inner Stack Trace -----
   at Microsoft.Extensions.DependencyInjection.ServiceLookup.CallSiteFactory.CreateArgumentCallSites(ServiceIdentifier serviceIdentifier, Type implementationType, CallSiteChain callSiteChain, ParameterInfo[] parameters, Boolean throwIfCallSiteNotFound)
   at Microsoft.Extensions.DependencyInjection.ServiceLookup.CallSiteFactory.CreateConstructorCallSite(ResultCache lifetime, ServiceIdentifier serviceIdentifier, Type implementationType, CallSiteChain callSiteChain)
   at Microsoft.Extensions.DependencyInjection.ServiceLookup.CallSiteFactory.CreateExact(ServiceDescriptor descriptor, ServiceIdentifier serviceIdentifier, CallSiteChain callSiteChain, Int32 slot)
   at Microsoft.Extensions.DependencyInjection.ServiceLookup.CallSiteFactory.TryCreateExact(ServiceIdentifier serviceIdentifier, CallSiteChain callSiteChain)
   at Microsoft.Extensions.DependencyInjection.ServiceLookup.CallSiteFactory.CreateCallSite(ServiceIdentifier serviceIdentifier, CallSiteChain callSiteChain)
   at Microsoft.Extensions.DependencyInjection.ServiceLookup.CallSiteFactory.CreateArgumentCallSites(ServiceIdentifier serviceIdentifier, Type implementationType, CallSiteChain callSiteChain, ParameterInfo[] parameters, Boolean throwIfCallSiteNotFound)
   at Microsoft.Extensions.DependencyInjection.ServiceLookup.CallSiteFactory.CreateConstructorCallSite(ResultCache lifetime, ServiceIdentifier serviceIdentifier, Type implementationType, CallSiteChain callSiteChain)
   at Microsoft.Extensions.DependencyInjection.ServiceLookup.CallSiteFactory.CreateExact(ServiceDescriptor descriptor, ServiceIdentifier serviceIdentifier, CallSiteChain callSiteChain, Int32 slot)
   at Microsoft.Extensions.DependencyInjection.ServiceLookup.CallSiteFactory.GetCallSite(ServiceDescriptor serviceDescriptor, CallSiteChain callSiteChain)
   at Microsoft.Extensions.DependencyInjection.ServiceProvider.ValidateService(ServiceDescriptor descriptor)
  Failed HotelDroid.Api.Tests.Integration.RoomsApiTests.DeleteRoom_Returns204NoContent [1 ms]
  Error Message:
   System.AggregateException : Some services are not able to be constructed (Error while validating the service descriptor 'ServiceType: HotelDroid.Api.Services.ExportImport.IApiDistributor Lifetime: Scoped ImplementationType: HotelDroid.Api.Services.ExportImport.ApiDistributor': Unable to resolve service for type 'HotelDroid.Api.Services.IKeyValueStore' while attempting to activate 'HotelDroid.Api.Services.ExportImport.ApiDistributor'.) (Error while validating the service descriptor 'ServiceType: HotelDroid.Api.Services.ExportImport.IExportService Lifetime: Scoped ImplementationType: HotelDroid.Api.Services.ExportImport.ExportService': Unable to resolve service for type 'HotelDroid.Api.Services.IKeyValueStore' while attempting to activate 'HotelDroid.Api.Services.ExportImport.ExportService'.) (Error while validating the service descriptor 'ServiceType: HotelDroid.Api.Services.ExportImport.IImportService Lifetime: Scoped ImplementationType: HotelDroid.Api.Services.ExportImport.ImportService': Unable to resolve service for type 'HotelDroid.Api.Services.IKeyValueStore' while attempting to activate 'HotelDroid.Api.Services.ExportImport.ApiDistributor'.)
---- System.InvalidOperationException : Error while validating the service descriptor 'ServiceType: HotelDroid.Api.Services.ExportImport.IApiDistributor Lifetime: Scoped ImplementationType: HotelDroid.Api.Services.ExportImport.ApiDistributor': Unable to resolve service for type 'HotelDroid.Api.Services.IKeyValueStore' while attempting to activate 'HotelDroid.Api.Services.ExportImport.ApiDistributor'.
-------- System.InvalidOperationException : Unable to resolve service for type 'HotelDroid.Api.Services.IKeyValueStore' while attempting to activate 'HotelDroid.Api.Services.ExportImport.ApiDistributor'.
---- System.InvalidOperationException : Error while validating the service descriptor 'ServiceType: HotelDroid.Api.Services.ExportImport.IExportService Lifetime: Scoped ImplementationType: HotelDroid.Api.Services.ExportImport.ExportService': Unable to resolve service for type 'HotelDroid.Api.Services.IKeyValueStore' while attempting to activate 'HotelDroid.Api.Services.ExportImport.ExportService'.
-------- System.InvalidOperationException : Unable to resolve service for type 'HotelDroid.Api.Services.IKeyValueStore' while attempting to activate 'HotelDroid.Api.Services.ExportImport.ExportService'.
---- System.InvalidOperationException : Error while validating the service descriptor 'ServiceType: HotelDroid.Api.Services.ExportImport.IImportService Lifetime: Scoped ImplementationType: HotelDroid.Api.Services.ExportImport.ImportService': Unable to resolve service for type 'HotelDroid.Api.Services.IKeyValueStore' while attempting to activate 'HotelDroid.Api.Services.ExportImport.ApiDistributor'.
-------- System.InvalidOperationException : Unable to resolve service for type 'HotelDroid.Api.Services.IKeyValueStore' while attempting to activate 'HotelDroid.Api.Services.ExportImport.ApiDistributor'.
  Stack Trace:
     at Microsoft.Extensions.DependencyInjection.ServiceProvider..ctor(ICollection`1 serviceDescriptors, ServiceProviderOptions options)
   at Microsoft.Extensions.DependencyInjection.ServiceCollectionContainerBuilderExtensions.BuildServiceProvider(IServiceCollection services, ServiceProviderOptions options)
   at Microsoft.Extensions.Hosting.HostApplicationBuilder.Build()
   at Microsoft.AspNetCore.Builder.WebApplicationBuilder.Build()
   at Program.<Main>$(String[] args) in C:\Users\rolfe\git\own\Villa-Annunziata\hotelDroid\src\HotelDroid.Api\Program.cs:line 108
   at InvokeStub_Program.<Main>$(Object, Span`1)
   at System.Reflection.MethodBaseInvoker.InvokeWithOneArg(Object obj, BindingFlags invokeAttr, Binder binder, Object[] parameters, CultureInfo culture)
--- End of stack trace from previous location ---
   at Microsoft.Extensions.Hosting.HostFactoryResolver.HostingListener.CreateHost()
   at Microsoft.Extensions.Hosting.HostFactoryResolver.<>c__DisplayClass10_0.<ResolveHostFactory>b__0(String[] args)
   at Microsoft.AspNetCore.Mvc.Testing.DeferredHostBuilder.Build()
   at Microsoft.AspNetCore.Mvc.Testing.WebApplicationFactory`1.CreateHost(IHostBuilder builder)
   at Microsoft.AspNetCore.Mvc.Testing.WebApplicationFactory`1.DelegatedWebApplicationFactory.CreateHost(IHostBuilder builder)
   at Microsoft.AspNetCore.Mvc.Testing.WebApplicationFactory`1.ConfigureHostBuilder(IHostBuilder hostBuilder)
   at Microsoft.AspNetCore.Mvc.Testing.WebApplicationFactory`1.StartServer()
   at Microsoft.AspNetCore.Mvc.Testing.WebApplicationFactory`1.CreateDefaultClient(DelegatingHandler[] handlers)
   at Microsoft.AspNetCore.Mvc.Testing.WebApplicationFactory`1.CreateDefaultClient(Uri baseAddress, DelegatingHandler[] handlers)
   at Microsoft.AspNetCore.Mvc.Testing.WebApplicationFactory`1.CreateClient(WebApplicationFactoryClientOptions options)
   at Microsoft.AspNetCore.Mvc.Testing.WebApplicationFactory`1.CreateClient()
   at HotelDroid.Api.Tests.Integration.RoomsApiTests.InitializeAsync() in C:\Users\rolfe\git\own\Villa-Annunziata\hotelDroid\tests\HotelDroid.Api.Tests\Integration\RoomsApiTests.cs:line 60
----- Inner Stack Trace #1 (System.InvalidOperationException) -----
   at Microsoft.Extensions.DependencyInjection.ServiceProvider.ValidateService(ServiceDescriptor descriptor)
   at Microsoft.Extensions.DependencyInjection.ServiceProvider..ctor(ICollection`1 serviceDescriptors, ServiceProviderOptions options)
----- Inner Stack Trace -----
   at Microsoft.Extensions.DependencyInjection.ServiceLookup.CallSiteFactory.CreateArgumentCallSites(ServiceIdentifier serviceIdentifier, Type implementationType, CallSiteChain callSiteChain, ParameterInfo[] parameters, Boolean throwIfCallSiteNotFound)
   at Microsoft.Extensions.DependencyInjection.ServiceLookup.CallSiteFactory.CreateConstructorCallSite(ResultCache lifetime, ServiceIdentifier serviceIdentifier, Type implementationType, CallSiteChain callSiteChain)
   at Microsoft.Extensions.DependencyInjection.ServiceLookup.CallSiteFactory.CreateExact(ServiceDescriptor descriptor, ServiceIdentifier serviceIdentifier, CallSiteChain callSiteChain, Int32 slot)
   at Microsoft.Extensions.DependencyInjection.ServiceLookup.CallSiteFactory.GetCallSite(ServiceDescriptor serviceDescriptor, CallSiteChain callSiteChain)
   at Microsoft.Extensions.DependencyInjection.ServiceProvider.ValidateService(ServiceDescriptor descriptor)
----- Inner Stack Trace #2 (System.InvalidOperationException) -----
   at Microsoft.Extensions.DependencyInjection.ServiceProvider.ValidateService(ServiceDescriptor descriptor)
   at Microsoft.Extensions.DependencyInjection.ServiceProvider..ctor(ICollection`1 serviceDescriptors, ServiceProviderOptions options)
----- Inner Stack Trace -----
   at Microsoft.Extensions.DependencyInjection.ServiceLookup.CallSiteFactory.CreateArgumentCallSites(ServiceIdentifier serviceIdentifier, Type implementationType, CallSiteChain callSiteChain, ParameterInfo[] parameters, Boolean throwIfCallSiteNotFound)
   at Microsoft.Extensions.DependencyInjection.ServiceLookup.CallSiteFactory.CreateConstructorCallSite(ResultCache lifetime, ServiceIdentifier serviceIdentifier, Type implementationType, CallSiteChain callSiteChain)
   at Microsoft.Extensions.DependencyInjection.ServiceLookup.CallSiteFactory.CreateExact(ServiceDescriptor descriptor, ServiceIdentifier serviceIdentifier, CallSiteChain callSiteChain, Int32 slot)
   at Microsoft.Extensions.DependencyInjection.ServiceLookup.CallSiteFactory.GetCallSite(ServiceDescriptor serviceDescriptor, CallSiteChain callSiteChain)
   at Microsoft.Extensions.DependencyInjection.ServiceProvider.ValidateService(ServiceDescriptor descriptor)
----- Inner Stack Trace #3 (System.InvalidOperationException) -----
   at Microsoft.Extensions.DependencyInjection.ServiceProvider.ValidateService(ServiceDescriptor descriptor)
   at Microsoft.Extensions.DependencyInjection.ServiceProvider..ctor(ICollection`1 serviceDescriptors, ServiceProviderOptions options)
----- Inner Stack Trace -----
   at Microsoft.Extensions.DependencyInjection.ServiceLookup.CallSiteFactory.CreateArgumentCallSites(ServiceIdentifier serviceIdentifier, Type implementationType, CallSiteChain callSiteChain, ParameterInfo[] parameters, Boolean throwIfCallSiteNotFound)
   at Microsoft.Extensions.DependencyInjection.ServiceLookup.CallSiteFactory.CreateConstructorCallSite(ResultCache lifetime, ServiceIdentifier serviceIdentifier, Type implementationType, CallSiteChain callSiteChain)
   at Microsoft.Extensions.DependencyInjection.ServiceLookup.CallSiteFactory.CreateExact(ServiceDescriptor descriptor, ServiceIdentifier serviceIdentifier, CallSiteChain callSiteChain, Int32 slot)
   at Microsoft.Extensions.DependencyInjection.ServiceLookup.CallSiteFactory.TryCreateExact(ServiceIdentifier serviceIdentifier, CallSiteChain callSiteChain)
   at Microsoft.Extensions.DependencyInjection.ServiceLookup.CallSiteFactory.CreateCallSite(ServiceIdentifier serviceIdentifier, CallSiteChain callSiteChain)
   at Microsoft.Extensions.DependencyInjection.ServiceLookup.CallSiteFactory.CreateArgumentCallSites(ServiceIdentifier serviceIdentifier, Type implementationType, CallSiteChain callSiteChain, ParameterInfo[] parameters, Boolean throwIfCallSiteNotFound)
   at Microsoft.Extensions.DependencyInjection.ServiceLookup.CallSiteFactory.CreateConstructorCallSite(ResultCache lifetime, ServiceIdentifier serviceIdentifier, Type implementationType, CallSiteChain callSiteChain)
   at Microsoft.Extensions.DependencyInjection.ServiceLookup.CallSiteFactory.CreateExact(ServiceDescriptor descriptor, ServiceIdentifier serviceIdentifier, CallSiteChain callSiteChain, Int32 slot)
   at Microsoft.Extensions.DependencyInjection.ServiceLookup.CallSiteFactory.GetCallSite(ServiceDescriptor serviceDescriptor, CallSiteChain callSiteChain)
   at Microsoft.Extensions.DependencyInjection.ServiceProvider.ValidateService(ServiceDescriptor descriptor)
[xUnit.net 00:00:00.54]     HotelDroid.Api.Tests.Integration.RoomsApiTests.UpdateRoom_WithPartialFields_PreservesOtherFields [FAIL]
[xUnit.net 00:00:00.56]     HotelDroid.Api.Tests.Integration.RoomsApiTests.CreateRoom_WithPriority_IsPreserved [FAIL]
  Failed HotelDroid.Api.Tests.Integration.RoomsApiTests.UpdateRoom_WithPartialFields_PreservesOtherFields [1 ms]
  Error Message:
   System.AggregateException : Some services are not able to be constructed (Error while validating the service descriptor 'ServiceType: HotelDroid.Api.Services.ExportImport.IApiDistributor Lifetime: Scoped ImplementationType: HotelDroid.Api.Services.ExportImport.ApiDistributor': Unable to resolve service for type 'HotelDroid.Api.Services.IKeyValueStore' while attempting to activate 'HotelDroid.Api.Services.ExportImport.ApiDistributor'.) (Error while validating the service descriptor 'ServiceType: HotelDroid.Api.Services.ExportImport.IExportService Lifetime: Scoped ImplementationType: HotelDroid.Api.Services.ExportImport.ExportService': Unable to resolve service for type 'HotelDroid.Api.Services.IKeyValueStore' while attempting to activate 'HotelDroid.Api.Services.ExportImport.ExportService'.) (Error while validating the service descriptor 'ServiceType: HotelDroid.Api.Services.ExportImport.IImportService Lifetime: Scoped ImplementationType: HotelDroid.Api.Services.ExportImport.ImportService': Unable to resolve service for type 'HotelDroid.Api.Services.IKeyValueStore' while attempting to activate 'HotelDroid.Api.Services.ExportImport.ApiDistributor'.)
---- System.InvalidOperationException : Error while validating the service descriptor 'ServiceType: HotelDroid.Api.Services.ExportImport.IApiDistributor Lifetime: Scoped ImplementationType: HotelDroid.Api.Services.ExportImport.ApiDistributor': Unable to resolve service for type 'HotelDroid.Api.Services.IKeyValueStore' while attempting to activate 'HotelDroid.Api.Services.ExportImport.ApiDistributor'.
-------- System.InvalidOperationException : Unable to resolve service for type 'HotelDroid.Api.Services.IKeyValueStore' while attempting to activate 'HotelDroid.Api.Services.ExportImport.ApiDistributor'.
---- System.InvalidOperationException : Error while validating the service descriptor 'ServiceType: HotelDroid.Api.Services.ExportImport.IExportService Lifetime: Scoped ImplementationType: HotelDroid.Api.Services.ExportImport.ExportService': Unable to resolve service for type 'HotelDroid.Api.Services.IKeyValueStore' while attempting to activate 'HotelDroid.Api.Services.ExportImport.ExportService'.
-------- System.InvalidOperationException : Unable to resolve service for type 'HotelDroid.Api.Services.IKeyValueStore' while attempting to activate 'HotelDroid.Api.Services.ExportImport.ExportService'.
---- System.InvalidOperationException : Error while validating the service descriptor 'ServiceType: HotelDroid.Api.Services.ExportImport.IImportService Lifetime: Scoped ImplementationType: HotelDroid.Api.Services.ExportImport.ImportService': Unable to resolve service for type 'HotelDroid.Api.Services.IKeyValueStore' while attempting to activate 'HotelDroid.Api.Services.ExportImport.ApiDistributor'.
-------- System.InvalidOperationException : Unable to resolve service for type 'HotelDroid.Api.Services.IKeyValueStore' while attempting to activate 'HotelDroid.Api.Services.ExportImport.ApiDistributor'.
  Stack Trace:
     at Microsoft.Extensions.DependencyInjection.ServiceProvider..ctor(ICollection`1 serviceDescriptors, ServiceProviderOptions options)
   at Microsoft.Extensions.DependencyInjection.ServiceCollectionContainerBuilderExtensions.BuildServiceProvider(IServiceCollection services, ServiceProviderOptions options)
   at Microsoft.Extensions.Hosting.HostApplicationBuilder.Build()
   at Microsoft.AspNetCore.Builder.WebApplicationBuilder.Build()
   at Program.<Main>$(String[] args) in C:\Users\rolfe\git\own\Villa-Annunziata\hotelDroid\src\HotelDroid.Api\Program.cs:line 108
   at InvokeStub_Program.<Main>$(Object, Span`1)
   at System.Reflection.MethodBaseInvoker.InvokeWithOneArg(Object obj, BindingFlags invokeAttr, Binder binder, Object[] parameters, CultureInfo culture)
--- End of stack trace from previous location ---
   at Microsoft.Extensions.Hosting.HostFactoryResolver.HostingListener.CreateHost()
   at Microsoft.Extensions.Hosting.HostFactoryResolver.<>c__DisplayClass10_0.<ResolveHostFactory>b__0(String[] args)
   at Microsoft.AspNetCore.Mvc.Testing.DeferredHostBuilder.Build()
   at Microsoft.AspNetCore.Mvc.Testing.WebApplicationFactory`1.CreateHost(IHostBuilder builder)
   at Microsoft.AspNetCore.Mvc.Testing.WebApplicationFactory`1.DelegatedWebApplicationFactory.CreateHost(IHostBuilder builder)
   at Microsoft.AspNetCore.Mvc.Testing.WebApplicationFactory`1.ConfigureHostBuilder(IHostBuilder hostBuilder)
   at Microsoft.AspNetCore.Mvc.Testing.WebApplicationFactory`1.StartServer()
   at Microsoft.AspNetCore.Mvc.Testing.WebApplicationFactory`1.CreateDefaultClient(DelegatingHandler[] handlers)
   at Microsoft.AspNetCore.Mvc.Testing.WebApplicationFactory`1.CreateDefaultClient(Uri baseAddress, DelegatingHandler[] handlers)
   at Microsoft.AspNetCore.Mvc.Testing.WebApplicationFactory`1.CreateClient(WebApplicationFactoryClientOptions options)
   at Microsoft.AspNetCore.Mvc.Testing.WebApplicationFactory`1.CreateClient()
   at HotelDroid.Api.Tests.Integration.RoomsApiTests.InitializeAsync() in C:\Users\rolfe\git\own\Villa-Annunziata\hotelDroid\tests\HotelDroid.Api.Tests\Integration\RoomsApiTests.cs:line 60
----- Inner Stack Trace #1 (System.InvalidOperationException) -----
   at Microsoft.Extensions.DependencyInjection.ServiceProvider.ValidateService(ServiceDescriptor descriptor)
   at Microsoft.Extensions.DependencyInjection.ServiceProvider..ctor(ICollection`1 serviceDescriptors, ServiceProviderOptions options)
----- Inner Stack Trace -----
   at Microsoft.Extensions.DependencyInjection.ServiceLookup.CallSiteFactory.CreateArgumentCallSites(ServiceIdentifier serviceIdentifier, Type implementationType, CallSiteChain callSiteChain, ParameterInfo[] parameters, Boolean throwIfCallSiteNotFound)
   at Microsoft.Extensions.DependencyInjection.ServiceLookup.CallSiteFactory.CreateConstructorCallSite(ResultCache lifetime, ServiceIdentifier serviceIdentifier, Type implementationType, CallSiteChain callSiteChain)
   at Microsoft.Extensions.DependencyInjection.ServiceLookup.CallSiteFactory.CreateExact(ServiceDescriptor descriptor, ServiceIdentifier serviceIdentifier, CallSiteChain callSiteChain, Int32 slot)
   at Microsoft.Extensions.DependencyInjection.ServiceLookup.CallSiteFactory.GetCallSite(ServiceDescriptor serviceDescriptor, CallSiteChain callSiteChain)
   at Microsoft.Extensions.DependencyInjection.ServiceProvider.ValidateService(ServiceDescriptor descriptor)
----- Inner Stack Trace #2 (System.InvalidOperationException) -----
   at Microsoft.Extensions.DependencyInjection.ServiceProvider.ValidateService(ServiceDescriptor descriptor)
   at Microsoft.Extensions.DependencyInjection.ServiceProvider..ctor(ICollection`1 serviceDescriptors, ServiceProviderOptions options)
----- Inner Stack Trace -----
   at Microsoft.Extensions.DependencyInjection.ServiceLookup.CallSiteFactory.CreateArgumentCallSites(ServiceIdentifier serviceIdentifier, Type implementationType, CallSiteChain callSiteChain, ParameterInfo[] parameters, Boolean throwIfCallSiteNotFound)
   at Microsoft.Extensions.DependencyInjection.ServiceLookup.CallSiteFactory.CreateConstructorCallSite(ResultCache lifetime, ServiceIdentifier serviceIdentifier, Type implementationType, CallSiteChain callSiteChain)
   at Microsoft.Extensions.DependencyInjection.ServiceLookup.CallSiteFactory.CreateExact(ServiceDescriptor descriptor, ServiceIdentifier serviceIdentifier, CallSiteChain callSiteChain, Int32 slot)
   at Microsoft.Extensions.DependencyInjection.ServiceLookup.CallSiteFactory.GetCallSite(ServiceDescriptor serviceDescriptor, CallSiteChain callSiteChain)
   at Microsoft.Extensions.DependencyInjection.ServiceProvider.ValidateService(ServiceDescriptor descriptor)
----- Inner Stack Trace #3 (System.InvalidOperationException) -----
   at Microsoft.Extensions.DependencyInjection.ServiceProvider.ValidateService(ServiceDescriptor descriptor)
   at Microsoft.Extensions.DependencyInjection.ServiceProvider..ctor(ICollection`1 serviceDescriptors, ServiceProviderOptions options)
----- Inner Stack Trace -----
   at Microsoft.Extensions.DependencyInjection.ServiceLookup.CallSiteFactory.CreateArgumentCallSites(ServiceIdentifier serviceIdentifier, Type implementationType, CallSiteChain callSiteChain, ParameterInfo[] parameters, Boolean throwIfCallSiteNotFound)
   at Microsoft.Extensions.DependencyInjection.ServiceLookup.CallSiteFactory.CreateConstructorCallSite(ResultCache lifetime, ServiceIdentifier serviceIdentifier, Type implementationType, CallSiteChain callSiteChain)
   at Microsoft.Extensions.DependencyInjection.ServiceLookup.CallSiteFactory.CreateExact(ServiceDescriptor descriptor, ServiceIdentifier serviceIdentifier, CallSiteChain callSiteChain, Int32 slot)
   at Microsoft.Extensions.DependencyInjection.ServiceLookup.CallSiteFactory.TryCreateExact(ServiceIdentifier serviceIdentifier, CallSiteChain callSiteChain)
   at Microsoft.Extensions.DependencyInjection.ServiceLookup.CallSiteFactory.CreateCallSite(ServiceIdentifier serviceIdentifier, CallSiteChain callSiteChain)
   at Microsoft.Extensions.DependencyInjection.ServiceLookup.CallSiteFactory.CreateArgumentCallSites(ServiceIdentifier serviceIdentifier, Type implementationType, CallSiteChain callSiteChain, ParameterInfo[] parameters, Boolean throwIfCallSiteNotFound)
   at Microsoft.Extensions.DependencyInjection.ServiceLookup.CallSiteFactory.CreateConstructorCallSite(ResultCache lifetime, ServiceIdentifier serviceIdentifier, Type implementationType, CallSiteChain callSiteChain)
   at Microsoft.Extensions.DependencyInjection.ServiceLookup.CallSiteFactory.CreateExact(ServiceDescriptor descriptor, ServiceIdentifier serviceIdentifier, CallSiteChain callSiteChain, Int32 slot)
   at Microsoft.Extensions.DependencyInjection.ServiceLookup.CallSiteFactory.GetCallSite(ServiceDescriptor serviceDescriptor, CallSiteChain callSiteChain)
   at Microsoft.Extensions.DependencyInjection.ServiceProvider.ValidateService(ServiceDescriptor descriptor)
  Failed HotelDroid.Api.Tests.Integration.RoomsApiTests.CreateRoom_WithPriority_IsPreserved [1 ms]
  Error Message:
   System.AggregateException : Some services are not able to be constructed (Error while validating the service descriptor 'ServiceType: HotelDroid.Api.Services.ExportImport.IApiDistributor Lifetime: Scoped ImplementationType: HotelDroid.Api.Services.ExportImport.ApiDistributor': Unable to resolve service for type 'HotelDroid.Api.Services.IKeyValueStore' while attempting to activate 'HotelDroid.Api.Services.ExportImport.ApiDistributor'.) (Error while validating the service descriptor 'ServiceType: HotelDroid.Api.Services.ExportImport.IExportService Lifetime: Scoped ImplementationType: HotelDroid.Api.Services.ExportImport.ExportService': Unable to resolve service for type 'HotelDroid.Api.Services.IKeyValueStore' while attempting to activate 'HotelDroid.Api.Services.ExportImport.ExportService'.) (Error while validating the service descriptor 'ServiceType: HotelDroid.Api.Services.ExportImport.IImportService Lifetime: Scoped ImplementationType: HotelDroid.Api.Services.ExportImport.ImportService': Unable to resolve service for type 'HotelDroid.Api.Services.IKeyValueStore' while attempting to activate 'HotelDroid.Api.Services.ExportImport.ApiDistributor'.)
---- System.InvalidOperationException : Error while validating the service descriptor 'ServiceType: HotelDroid.Api.Services.ExportImport.IApiDistributor Lifetime: Scoped ImplementationType: HotelDroid.Api.Services.ExportImport.ApiDistributor': Unable to resolve service for type 'HotelDroid.Api.Services.IKeyValueStore' while attempting to activate 'HotelDroid.Api.Services.ExportImport.ApiDistributor'.
-------- System.InvalidOperationException : Unable to resolve service for type 'HotelDroid.Api.Services.IKeyValueStore' while attempting to activate 'HotelDroid.Api.Services.ExportImport.ApiDistributor'.
---- System.InvalidOperationException : Error while validating the service descriptor 'ServiceType: HotelDroid.Api.Services.ExportImport.IExportService Lifetime: Scoped ImplementationType: HotelDroid.Api.Services.ExportImport.ExportService': Unable to resolve service for type 'HotelDroid.Api.Services.IKeyValueStore' while attempting to activate 'HotelDroid.Api.Services.ExportImport.ExportService'.
-------- System.InvalidOperationException : Unable to resolve service for type 'HotelDroid.Api.Services.IKeyValueStore' while attempting to activate 'HotelDroid.Api.Services.ExportImport.ExportService'.
---- System.InvalidOperationException : Error while validating the service descriptor 'ServiceType: HotelDroid.Api.Services.ExportImport.IImportService Lifetime: Scoped ImplementationType: HotelDroid.Api.Services.ExportImport.ImportService': Unable to resolve service for type 'HotelDroid.Api.Services.IKeyValueStore' while attempting to activate 'HotelDroid.Api.Services.ExportImport.ApiDistributor'.
-------- System.InvalidOperationException : Unable to resolve service for type 'HotelDroid.Api.Services.IKeyValueStore' while attempting to activate 'HotelDroid.Api.Services.ExportImport.ApiDistributor'.
  Stack Trace:
     at Microsoft.Extensions.DependencyInjection.ServiceProvider..ctor(ICollection`1 serviceDescriptors, ServiceProviderOptions options)
   at Microsoft.Extensions.DependencyInjection.ServiceCollectionContainerBuilderExtensions.BuildServiceProvider(IServiceCollection services, ServiceProviderOptions options)
   at Microsoft.Extensions.Hosting.HostApplicationBuilder.Build()
   at Microsoft.AspNetCore.Builder.WebApplicationBuilder.Build()
   at Program.<Main>$(String[] args) in C:\Users\rolfe\git\own\Villa-Annunziata\hotelDroid\src\HotelDroid.Api\Program.cs:line 108
   at InvokeStub_Program.<Main>$(Object, Span`1)
   at System.Reflection.MethodBaseInvoker.InvokeWithOneArg(Object obj, BindingFlags invokeAttr, Binder binder, Object[] parameters, CultureInfo culture)
--- End of stack trace from previous location ---
   at Microsoft.Extensions.Hosting.HostFactoryResolver.HostingListener.CreateHost()
   at Microsoft.Extensions.Hosting.HostFactoryResolver.<>c__DisplayClass10_0.<ResolveHostFactory>b__0(String[] args)
   at Microsoft.AspNetCore.Mvc.Testing.DeferredHostBuilder.Build()
   at Microsoft.AspNetCore.Mvc.Testing.WebApplicationFactory`1.CreateHost(IHostBuilder builder)
   at Microsoft.AspNetCore.Mvc.Testing.WebApplicationFactory`1.DelegatedWebApplicationFactory.CreateHost(IHostBuilder builder)
   at Microsoft.AspNetCore.Mvc.Testing.WebApplicationFactory`1.ConfigureHostBuilder(IHostBuilder hostBuilder)
   at Microsoft.AspNetCore.Mvc.Testing.WebApplicationFactory`1.StartServer()
   at Microsoft.AspNetCore.Mvc.Testing.WebApplicationFactory`1.CreateDefaultClient(DelegatingHandler[] handlers)
   at Microsoft.AspNetCore.Mvc.Testing.WebApplicationFactory`1.CreateDefaultClient(Uri baseAddress, DelegatingHandler[] handlers)
   at Microsoft.AspNetCore.Mvc.Testing.WebApplicationFactory`1.CreateClient(WebApplicationFactoryClientOptions options)
   at Microsoft.AspNetCore.Mvc.Testing.WebApplicationFactory`1.CreateClient()
   at HotelDroid.Api.Tests.Integration.RoomsApiTests.InitializeAsync() in C:\Users\rolfe\git\own\Villa-Annunziata\hotelDroid\tests\HotelDroid.Api.Tests\Integration\RoomsApiTests.cs:line 60
----- Inner Stack Trace #1 (System.InvalidOperationException) -----
   at Microsoft.Extensions.DependencyInjection.ServiceProvider.ValidateService(ServiceDescriptor descriptor)
   at Microsoft.Extensions.DependencyInjection.ServiceProvider..ctor(ICollection`1 serviceDescriptors, ServiceProviderOptions options)
----- Inner Stack Trace -----
   at Microsoft.Extensions.DependencyInjection.ServiceLookup.CallSiteFactory.CreateArgumentCallSites(ServiceIdentifier serviceIdentifier, Type implementationType, CallSiteChain callSiteChain, ParameterInfo[] parameters, Boolean throwIfCallSiteNotFound)
   at Microsoft.Extensions.DependencyInjection.ServiceLookup.CallSiteFactory.CreateConstructorCallSite(ResultCache lifetime, ServiceIdentifier serviceIdentifier, Type implementationType, CallSiteChain callSiteChain)
   at Microsoft.Extensions.DependencyInjection.ServiceLookup.CallSiteFactory.CreateExact(ServiceDescriptor descriptor, ServiceIdentifier serviceIdentifier, CallSiteChain callSiteChain, Int32 slot)
   at Microsoft.Extensions.DependencyInjection.ServiceLookup.CallSiteFactory.GetCallSite(ServiceDescriptor serviceDescriptor, CallSiteChain callSiteChain)
   at Microsoft.Extensions.DependencyInjection.ServiceProvider.ValidateService(ServiceDescriptor descriptor)
----- Inner Stack Trace #2 (System.InvalidOperationException) -----
   at Microsoft.Extensions.DependencyInjection.ServiceProvider.ValidateService(ServiceDescriptor descriptor)
   at Microsoft.Extensions.DependencyInjection.ServiceProvider..ctor(ICollection`1 serviceDescriptors, ServiceProviderOptions options)
----- Inner Stack Trace -----
   at Microsoft.Extensions.DependencyInjection.ServiceLookup.CallSiteFactory.CreateArgumentCallSites(ServiceIdentifier serviceIdentifier, Type implementationType, CallSiteChain callSiteChain, ParameterInfo[] parameters, Boolean throwIfCallSiteNotFound)
   at Microsoft.Extensions.DependencyInjection.ServiceLookup.CallSiteFactory.CreateConstructorCallSite(ResultCache lifetime, ServiceIdentifier serviceIdentifier, Type implementationType, CallSiteChain callSiteChain)
   at Microsoft.Extensions.DependencyInjection.ServiceLookup.CallSiteFactory.CreateExact(ServiceDescriptor descriptor, ServiceIdentifier serviceIdentifier, CallSiteChain callSiteChain, Int32 slot)
   at Microsoft.Extensions.DependencyInjection.ServiceLookup.CallSiteFactory.GetCallSite(ServiceDescriptor serviceDescriptor, CallSiteChain callSiteChain)
   at Microsoft.Extensions.DependencyInjection.ServiceProvider.ValidateService(ServiceDescriptor descriptor)
----- Inner Stack Trace #3 (System.InvalidOperationException) -----
   at Microsoft.Extensions.DependencyInjection.ServiceProvider.ValidateService(ServiceDescriptor descriptor)
   at Microsoft.Extensions.DependencyInjection.ServiceProvider..ctor(ICollection`1 serviceDescriptors, ServiceProviderOptions options)
----- Inner Stack Trace -----
   at Microsoft.Extensions.DependencyInjection.ServiceLookup.CallSiteFactory.CreateArgumentCallSites(ServiceIdentifier serviceIdentifier, Type implementationType, CallSiteChain callSiteChain, ParameterInfo[] parameters, Boolean throwIfCallSiteNotFound)
   at Microsoft.Extensions.DependencyInjection.ServiceLookup.CallSiteFactory.CreateConstructorCallSite(ResultCache lifetime, ServiceIdentifier serviceIdentifier, Type implementationType, CallSiteChain callSiteChain)
   at Microsoft.Extensions.DependencyInjection.ServiceLookup.CallSiteFactory.CreateExact(ServiceDescriptor descriptor, ServiceIdentifier serviceIdentifier, CallSiteChain callSiteChain, Int32 slot)
   at Microsoft.Extensions.DependencyInjection.ServiceLookup.CallSiteFactory.TryCreateExact(ServiceIdentifier serviceIdentifier, CallSiteChain callSiteChain)
   at Microsoft.Extensions.DependencyInjection.ServiceLookup.CallSiteFactory.CreateCallSite(ServiceIdentifier serviceIdentifier, CallSiteChain callSiteChain)
   at Microsoft.Extensions.DependencyInjection.ServiceLookup.CallSiteFactory.CreateArgumentCallSites(ServiceIdentifier serviceIdentifier, Type implementationType, CallSiteChain callSiteChain, ParameterInfo[] parameters, Boolean throwIfCallSiteNotFound)
   at Microsoft.Extensions.DependencyInjection.ServiceLookup.CallSiteFactory.CreateConstructorCallSite(ResultCache lifetime, ServiceIdentifier serviceIdentifier, Type implementationType, CallSiteChain callSiteChain)
   at Microsoft.Extensions.DependencyInjection.ServiceLookup.CallSiteFactory.CreateExact(ServiceDescriptor descriptor, ServiceIdentifier serviceIdentifier, CallSiteChain callSiteChain, Int32 slot)
   at Microsoft.Extensions.DependencyInjection.ServiceLookup.CallSiteFactory.GetCallSite(ServiceDescriptor serviceDescriptor, CallSiteChain callSiteChain)
   at Microsoft.Extensions.DependencyInjection.ServiceProvider.ValidateService(ServiceDescriptor descriptor)
[xUnit.net 00:00:00.57]     HotelDroid.Api.Tests.Integration.RoomsApiTests.CreateRoom_WithHouseNumber_IsPreserved [FAIL]
[xUnit.net 00:00:00.59]     HotelDroid.Api.Tests.Integration.RoomsApiTests.CreateRoom_NegativeCapacity_Returns400BadRequest [FAIL]
  Failed HotelDroid.Api.Tests.Integration.RoomsApiTests.CreateRoom_WithHouseNumber_IsPreserved [1 ms]
  Error Message:
   System.AggregateException : Some services are not able to be constructed (Error while validating the service descriptor 'ServiceType: HotelDroid.Api.Services.ExportImport.IApiDistributor Lifetime: Scoped ImplementationType: HotelDroid.Api.Services.ExportImport.ApiDistributor': Unable to resolve service for type 'HotelDroid.Api.Services.IKeyValueStore' while attempting to activate 'HotelDroid.Api.Services.ExportImport.ApiDistributor'.) (Error while validating the service descriptor 'ServiceType: HotelDroid.Api.Services.ExportImport.IExportService Lifetime: Scoped ImplementationType: HotelDroid.Api.Services.ExportImport.ExportService': Unable to resolve service for type 'HotelDroid.Api.Services.IKeyValueStore' while attempting to activate 'HotelDroid.Api.Services.ExportImport.ExportService'.) (Error while validating the service descriptor 'ServiceType: HotelDroid.Api.Services.ExportImport.IImportService Lifetime: Scoped ImplementationType: HotelDroid.Api.Services.ExportImport.ImportService': Unable to resolve service for type 'HotelDroid.Api.Services.IKeyValueStore' while attempting to activate 'HotelDroid.Api.Services.ExportImport.ApiDistributor'.)
---- System.InvalidOperationException : Error while validating the service descriptor 'ServiceType: HotelDroid.Api.Services.ExportImport.IApiDistributor Lifetime: Scoped ImplementationType: HotelDroid.Api.Services.ExportImport.ApiDistributor': Unable to resolve service for type 'HotelDroid.Api.Services.IKeyValueStore' while attempting to activate 'HotelDroid.Api.Services.ExportImport.ApiDistributor'.
-------- System.InvalidOperationException : Unable to resolve service for type 'HotelDroid.Api.Services.IKeyValueStore' while attempting to activate 'HotelDroid.Api.Services.ExportImport.ApiDistributor'.
---- System.InvalidOperationException : Error while validating the service descriptor 'ServiceType: HotelDroid.Api.Services.ExportImport.IExportService Lifetime: Scoped ImplementationType: HotelDroid.Api.Services.ExportImport.ExportService': Unable to resolve service for type 'HotelDroid.Api.Services.IKeyValueStore' while attempting to activate 'HotelDroid.Api.Services.ExportImport.ExportService'.
-------- System.InvalidOperationException : Unable to resolve service for type 'HotelDroid.Api.Services.IKeyValueStore' while attempting to activate 'HotelDroid.Api.Services.ExportImport.ExportService'.
---- System.InvalidOperationException : Error while validating the service descriptor 'ServiceType: HotelDroid.Api.Services.ExportImport.IImportService Lifetime: Scoped ImplementationType: HotelDroid.Api.Services.ExportImport.ImportService': Unable to resolve service for type 'HotelDroid.Api.Services.IKeyValueStore' while attempting to activate 'HotelDroid.Api.Services.ExportImport.ApiDistributor'.
-------- System.InvalidOperationException : Unable to resolve service for type 'HotelDroid.Api.Services.IKeyValueStore' while attempting to activate 'HotelDroid.Api.Services.ExportImport.ApiDistributor'.
  Stack Trace:
     at Microsoft.Extensions.DependencyInjection.ServiceProvider..ctor(ICollection`1 serviceDescriptors, ServiceProviderOptions options)
   at Microsoft.Extensions.DependencyInjection.ServiceCollectionContainerBuilderExtensions.BuildServiceProvider(IServiceCollection services, ServiceProviderOptions options)
   at Microsoft.Extensions.Hosting.HostApplicationBuilder.Build()
   at Microsoft.AspNetCore.Builder.WebApplicationBuilder.Build()
   at Program.<Main>$(String[] args) in C:\Users\rolfe\git\own\Villa-Annunziata\hotelDroid\src\HotelDroid.Api\Program.cs:line 108
   at InvokeStub_Program.<Main>$(Object, Span`1)
   at System.Reflection.MethodBaseInvoker.InvokeWithOneArg(Object obj, BindingFlags invokeAttr, Binder binder, Object[] parameters, CultureInfo culture)
--- End of stack trace from previous location ---
   at Microsoft.Extensions.Hosting.HostFactoryResolver.HostingListener.CreateHost()
   at Microsoft.Extensions.Hosting.HostFactoryResolver.<>c__DisplayClass10_0.<ResolveHostFactory>b__0(String[] args)
   at Microsoft.AspNetCore.Mvc.Testing.DeferredHostBuilder.Build()
   at Microsoft.AspNetCore.Mvc.Testing.WebApplicationFactory`1.CreateHost(IHostBuilder builder)
   at Microsoft.AspNetCore.Mvc.Testing.WebApplicationFactory`1.DelegatedWebApplicationFactory.CreateHost(IHostBuilder builder)
   at Microsoft.AspNetCore.Mvc.Testing.WebApplicationFactory`1.ConfigureHostBuilder(IHostBuilder hostBuilder)
   at Microsoft.AspNetCore.Mvc.Testing.WebApplicationFactory`1.StartServer()
   at Microsoft.AspNetCore.Mvc.Testing.WebApplicationFactory`1.CreateDefaultClient(DelegatingHandler[] handlers)
   at Microsoft.AspNetCore.Mvc.Testing.WebApplicationFactory`1.CreateDefaultClient(Uri baseAddress, DelegatingHandler[] handlers)
   at Microsoft.AspNetCore.Mvc.Testing.WebApplicationFactory`1.CreateClient(WebApplicationFactoryClientOptions options)
   at Microsoft.AspNetCore.Mvc.Testing.WebApplicationFactory`1.CreateClient()
   at HotelDroid.Api.Tests.Integration.RoomsApiTests.InitializeAsync() in C:\Users\rolfe\git\own\Villa-Annunziata\hotelDroid\tests\HotelDroid.Api.Tests\Integration\RoomsApiTests.cs:line 60
----- Inner Stack Trace #1 (System.InvalidOperationException) -----
   at Microsoft.Extensions.DependencyInjection.ServiceProvider.ValidateService(ServiceDescriptor descriptor)
   at Microsoft.Extensions.DependencyInjection.ServiceProvider..ctor(ICollection`1 serviceDescriptors, ServiceProviderOptions options)
----- Inner Stack Trace -----
   at Microsoft.Extensions.DependencyInjection.ServiceLookup.CallSiteFactory.CreateArgumentCallSites(ServiceIdentifier serviceIdentifier, Type implementationType, CallSiteChain callSiteChain, ParameterInfo[] parameters, Boolean throwIfCallSiteNotFound)
   at Microsoft.Extensions.DependencyInjection.ServiceLookup.CallSiteFactory.CreateConstructorCallSite(ResultCache lifetime, ServiceIdentifier serviceIdentifier, Type implementationType, CallSiteChain callSiteChain)
   at Microsoft.Extensions.DependencyInjection.ServiceLookup.CallSiteFactory.CreateExact(ServiceDescriptor descriptor, ServiceIdentifier serviceIdentifier, CallSiteChain callSiteChain, Int32 slot)
   at Microsoft.Extensions.DependencyInjection.ServiceLookup.CallSiteFactory.GetCallSite(ServiceDescriptor serviceDescriptor, CallSiteChain callSiteChain)
   at Microsoft.Extensions.DependencyInjection.ServiceProvider.ValidateService(ServiceDescriptor descriptor)
----- Inner Stack Trace #2 (System.InvalidOperationException) -----
   at Microsoft.Extensions.DependencyInjection.ServiceProvider.ValidateService(ServiceDescriptor descriptor)
   at Microsoft.Extensions.DependencyInjection.ServiceProvider..ctor(ICollection`1 serviceDescriptors, ServiceProviderOptions options)
----- Inner Stack Trace -----
   at Microsoft.Extensions.DependencyInjection.ServiceLookup.CallSiteFactory.CreateArgumentCallSites(ServiceIdentifier serviceIdentifier, Type implementationType, CallSiteChain callSiteChain, ParameterInfo[] parameters, Boolean throwIfCallSiteNotFound)
   at Microsoft.Extensions.DependencyInjection.ServiceLookup.CallSiteFactory.CreateConstructorCallSite(ResultCache lifetime, ServiceIdentifier serviceIdentifier, Type implementationType, CallSiteChain callSiteChain)
   at Microsoft.Extensions.DependencyInjection.ServiceLookup.CallSiteFactory.CreateExact(ServiceDescriptor descriptor, ServiceIdentifier serviceIdentifier, CallSiteChain callSiteChain, Int32 slot)
   at Microsoft.Extensions.DependencyInjection.ServiceLookup.CallSiteFactory.GetCallSite(ServiceDescriptor serviceDescriptor, CallSiteChain callSiteChain)
   at Microsoft.Extensions.DependencyInjection.ServiceProvider.ValidateService(ServiceDescriptor descriptor)
----- Inner Stack Trace #3 (System.InvalidOperationException) -----
   at Microsoft.Extensions.DependencyInjection.ServiceProvider.ValidateService(ServiceDescriptor descriptor)
   at Microsoft.Extensions.DependencyInjection.ServiceProvider..ctor(ICollection`1 serviceDescriptors, ServiceProviderOptions options)
----- Inner Stack Trace -----
   at Microsoft.Extensions.DependencyInjection.ServiceLookup.CallSiteFactory.CreateArgumentCallSites(ServiceIdentifier serviceIdentifier, Type implementationType, CallSiteChain callSiteChain, ParameterInfo[] parameters, Boolean throwIfCallSiteNotFound)
   at Microsoft.Extensions.DependencyInjection.ServiceLookup.CallSiteFactory.CreateConstructorCallSite(ResultCache lifetime, ServiceIdentifier serviceIdentifier, Type implementationType, CallSiteChain callSiteChain)
   at Microsoft.Extensions.DependencyInjection.ServiceLookup.CallSiteFactory.CreateExact(ServiceDescriptor descriptor, ServiceIdentifier serviceIdentifier, CallSiteChain callSiteChain, Int32 slot)
   at Microsoft.Extensions.DependencyInjection.ServiceLookup.CallSiteFactory.TryCreateExact(ServiceIdentifier serviceIdentifier, CallSiteChain callSiteChain)
   at Microsoft.Extensions.DependencyInjection.ServiceLookup.CallSiteFactory.CreateCallSite(ServiceIdentifier serviceIdentifier, CallSiteChain callSiteChain)
   at Microsoft.Extensions.DependencyInjection.ServiceLookup.CallSiteFactory.CreateArgumentCallSites(ServiceIdentifier serviceIdentifier, Type implementationType, CallSiteChain callSiteChain, ParameterInfo[] parameters, Boolean throwIfCallSiteNotFound)
   at Microsoft.Extensions.DependencyInjection.ServiceLookup.CallSiteFactory.CreateConstructorCallSite(ResultCache lifetime, ServiceIdentifier serviceIdentifier, Type implementationType, CallSiteChain callSiteChain)
   at Microsoft.Extensions.DependencyInjection.ServiceLookup.CallSiteFactory.CreateExact(ServiceDescriptor descriptor, ServiceIdentifier serviceIdentifier, CallSiteChain callSiteChain, Int32 slot)
   at Microsoft.Extensions.DependencyInjection.ServiceLookup.CallSiteFactory.GetCallSite(ServiceDescriptor serviceDescriptor, CallSiteChain callSiteChain)
   at Microsoft.Extensions.DependencyInjection.ServiceProvider.ValidateService(ServiceDescriptor descriptor)
  Failed HotelDroid.Api.Tests.Integration.RoomsApiTests.CreateRoom_NegativeCapacity_Returns400BadRequest [1 ms]
  Error Message:
   System.AggregateException : Some services are not able to be constructed (Error while validating the service descriptor 'ServiceType: HotelDroid.Api.Services.ExportImport.IApiDistributor Lifetime: Scoped ImplementationType: HotelDroid.Api.Services.ExportImport.ApiDistributor': Unable to resolve service for type 'HotelDroid.Api.Services.IKeyValueStore' while attempting to activate 'HotelDroid.Api.Services.ExportImport.ApiDistributor'.) (Error while validating the service descriptor 'ServiceType: HotelDroid.Api.Services.ExportImport.IExportService Lifetime: Scoped ImplementationType: HotelDroid.Api.Services.ExportImport.ExportService': Unable to resolve service for type 'HotelDroid.Api.Services.IKeyValueStore' while attempting to activate 'HotelDroid.Api.Services.ExportImport.ExportService'.) (Error while validating the service descriptor 'ServiceType: HotelDroid.Api.Services.ExportImport.IImportService Lifetime: Scoped ImplementationType: HotelDroid.Api.Services.ExportImport.ImportService': Unable to resolve service for type 'HotelDroid.Api.Services.IKeyValueStore' while attempting to activate 'HotelDroid.Api.Services.ExportImport.ApiDistributor'.)
---- System.InvalidOperationException : Error while validating the service descriptor 'ServiceType: HotelDroid.Api.Services.ExportImport.IApiDistributor Lifetime: Scoped ImplementationType: HotelDroid.Api.Services.ExportImport.ApiDistributor': Unable to resolve service for type 'HotelDroid.Api.Services.IKeyValueStore' while attempting to activate 'HotelDroid.Api.Services.ExportImport.ApiDistributor'.
-------- System.InvalidOperationException : Unable to resolve service for type 'HotelDroid.Api.Services.IKeyValueStore' while attempting to activate 'HotelDroid.Api.Services.ExportImport.ApiDistributor'.
---- System.InvalidOperationException : Error while validating the service descriptor 'ServiceType: HotelDroid.Api.Services.ExportImport.IExportService Lifetime: Scoped ImplementationType: HotelDroid.Api.Services.ExportImport.ExportService': Unable to resolve service for type 'HotelDroid.Api.Services.IKeyValueStore' while attempting to activate 'HotelDroid.Api.Services.ExportImport.ExportService'.
-------- System.InvalidOperationException : Unable to resolve service for type 'HotelDroid.Api.Services.IKeyValueStore' while attempting to activate 'HotelDroid.Api.Services.ExportImport.ExportService'.
---- System.InvalidOperationException : Error while validating the service descriptor 'ServiceType: HotelDroid.Api.Services.ExportImport.IImportService Lifetime: Scoped ImplementationType: HotelDroid.Api.Services.ExportImport.ImportService': Unable to resolve service for type 'HotelDroid.Api.Services.IKeyValueStore' while attempting to activate 'HotelDroid.Api.Services.ExportImport.ApiDistributor'.
-------- System.InvalidOperationException : Unable to resolve service for type 'HotelDroid.Api.Services.IKeyValueStore' while attempting to activate 'HotelDroid.Api.Services.ExportImport.ApiDistributor'.
  Stack Trace:
     at Microsoft.Extensions.DependencyInjection.ServiceProvider..ctor(ICollection`1 serviceDescriptors, ServiceProviderOptions options)
   at Microsoft.Extensions.DependencyInjection.ServiceCollectionContainerBuilderExtensions.BuildServiceProvider(IServiceCollection services, ServiceProviderOptions options)
   at Microsoft.Extensions.Hosting.HostApplicationBuilder.Build()
   at Microsoft.AspNetCore.Builder.WebApplicationBuilder.Build()
   at Program.<Main>$(String[] args) in C:\Users\rolfe\git\own\Villa-Annunziata\hotelDroid\src\HotelDroid.Api\Program.cs:line 108
   at InvokeStub_Program.<Main>$(Object, Span`1)
   at System.Reflection.MethodBaseInvoker.InvokeWithOneArg(Object obj, BindingFlags invokeAttr, Binder binder, Object[] parameters, CultureInfo culture)
--- End of stack trace from previous location ---
   at Microsoft.Extensions.Hosting.HostFactoryResolver.HostingListener.CreateHost()
   at Microsoft.Extensions.Hosting.HostFactoryResolver.<>c__DisplayClass10_0.<ResolveHostFactory>b__0(String[] args)
   at Microsoft.AspNetCore.Mvc.Testing.DeferredHostBuilder.Build()
   at Microsoft.AspNetCore.Mvc.Testing.WebApplicationFactory`1.CreateHost(IHostBuilder builder)
   at Microsoft.AspNetCore.Mvc.Testing.WebApplicationFactory`1.DelegatedWebApplicationFactory.CreateHost(IHostBuilder builder)
   at Microsoft.AspNetCore.Mvc.Testing.WebApplicationFactory`1.ConfigureHostBuilder(IHostBuilder hostBuilder)
   at Microsoft.AspNetCore.Mvc.Testing.WebApplicationFactory`1.StartServer()
   at Microsoft.AspNetCore.Mvc.Testing.WebApplicationFactory`1.CreateDefaultClient(DelegatingHandler[] handlers)
   at Microsoft.AspNetCore.Mvc.Testing.WebApplicationFactory`1.CreateDefaultClient(Uri baseAddress, DelegatingHandler[] handlers)
   at Microsoft.AspNetCore.Mvc.Testing.WebApplicationFactory`1.CreateClient(WebApplicationFactoryClientOptions options)
   at Microsoft.AspNetCore.Mvc.Testing.WebApplicationFactory`1.CreateClient()
   at HotelDroid.Api.Tests.Integration.RoomsApiTests.InitializeAsync() in C:\Users\rolfe\git\own\Villa-Annunziata\hotelDroid\tests\HotelDroid.Api.Tests\Integration\RoomsApiTests.cs:line 60
----- Inner Stack Trace #1 (System.InvalidOperationException) -----
   at Microsoft.Extensions.DependencyInjection.ServiceProvider.ValidateService(ServiceDescriptor descriptor)
   at Microsoft.Extensions.DependencyInjection.ServiceProvider..ctor(ICollection`1 serviceDescriptors, ServiceProviderOptions options)
----- Inner Stack Trace -----
   at Microsoft.Extensions.DependencyInjection.ServiceLookup.CallSiteFactory.CreateArgumentCallSites(ServiceIdentifier serviceIdentifier, Type implementationType, CallSiteChain callSiteChain, ParameterInfo[] parameters, Boolean throwIfCallSiteNotFound)
   at Microsoft.Extensions.DependencyInjection.ServiceLookup.CallSiteFactory.CreateConstructorCallSite(ResultCache lifetime, ServiceIdentifier serviceIdentifier, Type implementationType, CallSiteChain callSiteChain)
   at Microsoft.Extensions.DependencyInjection.ServiceLookup.CallSiteFactory.CreateExact(ServiceDescriptor descriptor, ServiceIdentifier serviceIdentifier, CallSiteChain callSiteChain, Int32 slot)
   at Microsoft.Extensions.DependencyInjection.ServiceLookup.CallSiteFactory.GetCallSite(ServiceDescriptor serviceDescriptor, CallSiteChain callSiteChain)
   at Microsoft.Extensions.DependencyInjection.ServiceProvider.ValidateService(ServiceDescriptor descriptor)
----- Inner Stack Trace #2 (System.InvalidOperationException) -----
   at Microsoft.Extensions.DependencyInjection.ServiceProvider.ValidateService(ServiceDescriptor descriptor)
   at Microsoft.Extensions.DependencyInjection.ServiceProvider..ctor(ICollection`1 serviceDescriptors, ServiceProviderOptions options)
----- Inner Stack Trace -----
   at Microsoft.Extensions.DependencyInjection.ServiceLookup.CallSiteFactory.CreateArgumentCallSites(ServiceIdentifier serviceIdentifier, Type implementationType, CallSiteChain callSiteChain, ParameterInfo[] parameters, Boolean throwIfCallSiteNotFound)
   at Microsoft.Extensions.DependencyInjection.ServiceLookup.CallSiteFactory.CreateConstructorCallSite(ResultCache lifetime, ServiceIdentifier serviceIdentifier, Type implementationType, CallSiteChain callSiteChain)
   at Microsoft.Extensions.DependencyInjection.ServiceLookup.CallSiteFactory.CreateExact(ServiceDescriptor descriptor, ServiceIdentifier serviceIdentifier, CallSiteChain callSiteChain, Int32 slot)
   at Microsoft.Extensions.DependencyInjection.ServiceLookup.CallSiteFactory.GetCallSite(ServiceDescriptor serviceDescriptor, CallSiteChain callSiteChain)
   at Microsoft.Extensions.DependencyInjection.ServiceProvider.ValidateService(ServiceDescriptor descriptor)
----- Inner Stack Trace #3 (System.InvalidOperationException) -----
   at Microsoft.Extensions.DependencyInjection.ServiceProvider.ValidateService(ServiceDescriptor descriptor)
   at Microsoft.Extensions.DependencyInjection.ServiceProvider..ctor(ICollection`1 serviceDescriptors, ServiceProviderOptions options)
----- Inner Stack Trace -----
   at Microsoft.Extensions.DependencyInjection.ServiceLookup.CallSiteFactory.CreateArgumentCallSites(ServiceIdentifier serviceIdentifier, Type implementationType, CallSiteChain callSiteChain, ParameterInfo[] parameters, Boolean throwIfCallSiteNotFound)
   at Microsoft.Extensions.DependencyInjection.ServiceLookup.CallSiteFactory.CreateConstructorCallSite(ResultCache lifetime, ServiceIdentifier serviceIdentifier, Type implementationType, CallSiteChain callSiteChain)
   at Microsoft.Extensions.DependencyInjection.ServiceLookup.CallSiteFactory.CreateExact(ServiceDescriptor descriptor, ServiceIdentifier serviceIdentifier, CallSiteChain callSiteChain, Int32 slot)
   at Microsoft.Extensions.DependencyInjection.ServiceLookup.CallSiteFactory.TryCreateExact(ServiceIdentifier serviceIdentifier, CallSiteChain callSiteChain)
   at Microsoft.Extensions.DependencyInjection.ServiceLookup.CallSiteFactory.CreateCallSite(ServiceIdentifier serviceIdentifier, CallSiteChain callSiteChain)
   at Microsoft.Extensions.DependencyInjection.ServiceLookup.CallSiteFactory.CreateArgumentCallSites(ServiceIdentifier serviceIdentifier, Type implementationType, CallSiteChain callSiteChain, ParameterInfo[] parameters, Boolean throwIfCallSiteNotFound)
   at Microsoft.Extensions.DependencyInjection.ServiceLookup.CallSiteFactory.CreateConstructorCallSite(ResultCache lifetime, ServiceIdentifier serviceIdentifier, Type implementationType, CallSiteChain callSiteChain)
   at Microsoft.Extensions.DependencyInjection.ServiceLookup.CallSiteFactory.CreateExact(ServiceDescriptor descriptor, ServiceIdentifier serviceIdentifier, CallSiteChain callSiteChain, Int32 slot)
   at Microsoft.Extensions.DependencyInjection.ServiceLookup.CallSiteFactory.GetCallSite(ServiceDescriptor serviceDescriptor, CallSiteChain callSiteChain)
   at Microsoft.Extensions.DependencyInjection.ServiceProvider.ValidateService(ServiceDescriptor descriptor)
[xUnit.net 00:00:00.60]     HotelDroid.Api.Tests.Integration.RoomsApiTests.CreateRoom_WithComments_IsPreserved [FAIL]
[xUnit.net 00:00:00.62]     HotelDroid.Api.Tests.Integration.RoomsApiTests.CreateRoom_WithoutOptionalFields_UsesDefaults [FAIL]
[xUnit.net 00:00:00.64]     HotelDroid.Api.Tests.Integration.RoomsApiTests.CreateRoom_WithFloorNumber_IsPreserved [FAIL]
  Failed HotelDroid.Api.Tests.Integration.RoomsApiTests.CreateRoom_WithComments_IsPreserved [1 ms]
  Error Message:
   System.AggregateException : Some services are not able to be constructed (Error while validating the service descriptor 'ServiceType: HotelDroid.Api.Services.ExportImport.IApiDistributor Lifetime: Scoped ImplementationType: HotelDroid.Api.Services.ExportImport.ApiDistributor': Unable to resolve service for type 'HotelDroid.Api.Services.IKeyValueStore' while attempting to activate 'HotelDroid.Api.Services.ExportImport.ApiDistributor'.) (Error while validating the service descriptor 'ServiceType: HotelDroid.Api.Services.ExportImport.IExportService Lifetime: Scoped ImplementationType: HotelDroid.Api.Services.ExportImport.ExportService': Unable to resolve service for type 'HotelDroid.Api.Services.IKeyValueStore' while attempting to activate 'HotelDroid.Api.Services.ExportImport.ExportService'.) (Error while validating the service descriptor 'ServiceType: HotelDroid.Api.Services.ExportImport.IImportService Lifetime: Scoped ImplementationType: HotelDroid.Api.Services.ExportImport.ImportService': Unable to resolve service for type 'HotelDroid.Api.Services.IKeyValueStore' while attempting to activate 'HotelDroid.Api.Services.ExportImport.ApiDistributor'.)
---- System.InvalidOperationException : Error while validating the service descriptor 'ServiceType: HotelDroid.Api.Services.ExportImport.IApiDistributor Lifetime: Scoped ImplementationType: HotelDroid.Api.Services.ExportImport.ApiDistributor': Unable to resolve service for type 'HotelDroid.Api.Services.IKeyValueStore' while attempting to activate 'HotelDroid.Api.Services.ExportImport.ApiDistributor'.
-------- System.InvalidOperationException : Unable to resolve service for type 'HotelDroid.Api.Services.IKeyValueStore' while attempting to activate 'HotelDroid.Api.Services.ExportImport.ApiDistributor'.
---- System.InvalidOperationException : Error while validating the service descriptor 'ServiceType: HotelDroid.Api.Services.ExportImport.IExportService Lifetime: Scoped ImplementationType: HotelDroid.Api.Services.ExportImport.ExportService': Unable to resolve service for type 'HotelDroid.Api.Services.IKeyValueStore' while attempting to activate 'HotelDroid.Api.Services.ExportImport.ExportService'.
-------- System.InvalidOperationException : Unable to resolve service for type 'HotelDroid.Api.Services.IKeyValueStore' while attempting to activate 'HotelDroid.Api.Services.ExportImport.ExportService'.
---- System.InvalidOperationException : Error while validating the service descriptor 'ServiceType: HotelDroid.Api.Services.ExportImport.IImportService Lifetime: Scoped ImplementationType: HotelDroid.Api.Services.ExportImport.ImportService': Unable to resolve service for type 'HotelDroid.Api.Services.IKeyValueStore' while attempting to activate 'HotelDroid.Api.Services.ExportImport.ApiDistributor'.
-------- System.InvalidOperationException : Unable to resolve service for type 'HotelDroid.Api.Services.IKeyValueStore' while attempting to activate 'HotelDroid.Api.Services.ExportImport.ApiDistributor'.
  Stack Trace:
     at Microsoft.Extensions.DependencyInjection.ServiceProvider..ctor(ICollection`1 serviceDescriptors, ServiceProviderOptions options)
   at Microsoft.Extensions.DependencyInjection.ServiceCollectionContainerBuilderExtensions.BuildServiceProvider(IServiceCollection services, ServiceProviderOptions options)
   at Microsoft.Extensions.Hosting.HostApplicationBuilder.Build()
   at Microsoft.AspNetCore.Builder.WebApplicationBuilder.Build()
   at Program.<Main>$(String[] args) in C:\Users\rolfe\git\own\Villa-Annunziata\hotelDroid\src\HotelDroid.Api\Program.cs:line 108
   at InvokeStub_Program.<Main>$(Object, Span`1)
   at System.Reflection.MethodBaseInvoker.InvokeWithOneArg(Object obj, BindingFlags invokeAttr, Binder binder, Object[] parameters, CultureInfo culture)
--- End of stack trace from previous location ---
   at Microsoft.Extensions.Hosting.HostFactoryResolver.HostingListener.CreateHost()
   at Microsoft.Extensions.Hosting.HostFactoryResolver.<>c__DisplayClass10_0.<ResolveHostFactory>b__0(String[] args)
   at Microsoft.AspNetCore.Mvc.Testing.DeferredHostBuilder.Build()
   at Microsoft.AspNetCore.Mvc.Testing.WebApplicationFactory`1.CreateHost(IHostBuilder builder)
   at Microsoft.AspNetCore.Mvc.Testing.WebApplicationFactory`1.DelegatedWebApplicationFactory.CreateHost(IHostBuilder builder)
   at Microsoft.AspNetCore.Mvc.Testing.WebApplicationFactory`1.ConfigureHostBuilder(IHostBuilder hostBuilder)
   at Microsoft.AspNetCore.Mvc.Testing.WebApplicationFactory`1.StartServer()
   at Microsoft.AspNetCore.Mvc.Testing.WebApplicationFactory`1.CreateDefaultClient(DelegatingHandler[] handlers)
   at Microsoft.AspNetCore.Mvc.Testing.WebApplicationFactory`1.CreateDefaultClient(Uri baseAddress, DelegatingHandler[] handlers)
   at Microsoft.AspNetCore.Mvc.Testing.WebApplicationFactory`1.CreateClient(WebApplicationFactoryClientOptions options)
   at Microsoft.AspNetCore.Mvc.Testing.WebApplicationFactory`1.CreateClient()
   at HotelDroid.Api.Tests.Integration.RoomsApiTests.InitializeAsync() in C:\Users\rolfe\git\own\Villa-Annunziata\hotelDroid\tests\HotelDroid.Api.Tests\Integration\RoomsApiTests.cs:line 60
----- Inner Stack Trace #1 (System.InvalidOperationException) -----
   at Microsoft.Extensions.DependencyInjection.ServiceProvider.ValidateService(ServiceDescriptor descriptor)
   at Microsoft.Extensions.DependencyInjection.ServiceProvider..ctor(ICollection`1 serviceDescriptors, ServiceProviderOptions options)
----- Inner Stack Trace -----
   at Microsoft.Extensions.DependencyInjection.ServiceLookup.CallSiteFactory.CreateArgumentCallSites(ServiceIdentifier serviceIdentifier, Type implementationType, CallSiteChain callSiteChain, ParameterInfo[] parameters, Boolean throwIfCallSiteNotFound)
   at Microsoft.Extensions.DependencyInjection.ServiceLookup.CallSiteFactory.CreateConstructorCallSite(ResultCache lifetime, ServiceIdentifier serviceIdentifier, Type implementationType, CallSiteChain callSiteChain)
   at Microsoft.Extensions.DependencyInjection.ServiceLookup.CallSiteFactory.CreateExact(ServiceDescriptor descriptor, ServiceIdentifier serviceIdentifier, CallSiteChain callSiteChain, Int32 slot)
   at Microsoft.Extensions.DependencyInjection.ServiceLookup.CallSiteFactory.GetCallSite(ServiceDescriptor serviceDescriptor, CallSiteChain callSiteChain)
   at Microsoft.Extensions.DependencyInjection.ServiceProvider.ValidateService(ServiceDescriptor descriptor)
----- Inner Stack Trace #2 (System.InvalidOperationException) -----
   at Microsoft.Extensions.DependencyInjection.ServiceProvider.ValidateService(ServiceDescriptor descriptor)
   at Microsoft.Extensions.DependencyInjection.ServiceProvider..ctor(ICollection`1 serviceDescriptors, ServiceProviderOptions options)
----- Inner Stack Trace -----
   at Microsoft.Extensions.DependencyInjection.ServiceLookup.CallSiteFactory.CreateArgumentCallSites(ServiceIdentifier serviceIdentifier, Type implementationType, CallSiteChain callSiteChain, ParameterInfo[] parameters, Boolean throwIfCallSiteNotFound)
   at Microsoft.Extensions.DependencyInjection.ServiceLookup.CallSiteFactory.CreateConstructorCallSite(ResultCache lifetime, ServiceIdentifier serviceIdentifier, Type implementationType, CallSiteChain callSiteChain)
   at Microsoft.Extensions.DependencyInjection.ServiceLookup.CallSiteFactory.CreateExact(ServiceDescriptor descriptor, ServiceIdentifier serviceIdentifier, CallSiteChain callSiteChain, Int32 slot)
   at Microsoft.Extensions.DependencyInjection.ServiceLookup.CallSiteFactory.GetCallSite(ServiceDescriptor serviceDescriptor, CallSiteChain callSiteChain)
   at Microsoft.Extensions.DependencyInjection.ServiceProvider.ValidateService(ServiceDescriptor descriptor)
----- Inner Stack Trace #3 (System.InvalidOperationException) -----
   at Microsoft.Extensions.DependencyInjection.ServiceProvider.ValidateService(ServiceDescriptor descriptor)
   at Microsoft.Extensions.DependencyInjection.ServiceProvider..ctor(ICollection`1 serviceDescriptors, ServiceProviderOptions options)
----- Inner Stack Trace -----
   at Microsoft.Extensions.DependencyInjection.ServiceLookup.CallSiteFactory.CreateArgumentCallSites(ServiceIdentifier serviceIdentifier, Type implementationType, CallSiteChain callSiteChain, ParameterInfo[] parameters, Boolean throwIfCallSiteNotFound)
   at Microsoft.Extensions.DependencyInjection.ServiceLookup.CallSiteFactory.CreateConstructorCallSite(ResultCache lifetime, ServiceIdentifier serviceIdentifier, Type implementationType, CallSiteChain callSiteChain)
   at Microsoft.Extensions.DependencyInjection.ServiceLookup.CallSiteFactory.CreateExact(ServiceDescriptor descriptor, ServiceIdentifier serviceIdentifier, CallSiteChain callSiteChain, Int32 slot)
   at Microsoft.Extensions.DependencyInjection.ServiceLookup.CallSiteFactory.TryCreateExact(ServiceIdentifier serviceIdentifier, CallSiteChain callSiteChain)
   at Microsoft.Extensions.DependencyInjection.ServiceLookup.CallSiteFactory.CreateCallSite(ServiceIdentifier serviceIdentifier, CallSiteChain callSiteChain)
   at Microsoft.Extensions.DependencyInjection.ServiceLookup.CallSiteFactory.CreateArgumentCallSites(ServiceIdentifier serviceIdentifier, Type implementationType, CallSiteChain callSiteChain, ParameterInfo[] parameters, Boolean throwIfCallSiteNotFound)
   at Microsoft.Extensions.DependencyInjection.ServiceLookup.CallSiteFactory.CreateConstructorCallSite(ResultCache lifetime, ServiceIdentifier serviceIdentifier, Type implementationType, CallSiteChain callSiteChain)
   at Microsoft.Extensions.DependencyInjection.ServiceLookup.CallSiteFactory.CreateExact(ServiceDescriptor descriptor, ServiceIdentifier serviceIdentifier, CallSiteChain callSiteChain, Int32 slot)
   at Microsoft.Extensions.DependencyInjection.ServiceLookup.CallSiteFactory.GetCallSite(ServiceDescriptor serviceDescriptor, CallSiteChain callSiteChain)
   at Microsoft.Extensions.DependencyInjection.ServiceProvider.ValidateService(ServiceDescriptor descriptor)
  Failed HotelDroid.Api.Tests.Integration.RoomsApiTests.CreateRoom_WithoutOptionalFields_UsesDefaults [1 ms]
  Error Message:
   System.AggregateException : Some services are not able to be constructed (Error while validating the service descriptor 'ServiceType: HotelDroid.Api.Services.ExportImport.IApiDistributor Lifetime: Scoped ImplementationType: HotelDroid.Api.Services.ExportImport.ApiDistributor': Unable to resolve service for type 'HotelDroid.Api.Services.IKeyValueStore' while attempting to activate 'HotelDroid.Api.Services.ExportImport.ApiDistributor'.) (Error while validating the service descriptor 'ServiceType: HotelDroid.Api.Services.ExportImport.IExportService Lifetime: Scoped ImplementationType: HotelDroid.Api.Services.ExportImport.ExportService': Unable to resolve service for type 'HotelDroid.Api.Services.IKeyValueStore' while attempting to activate 'HotelDroid.Api.Services.ExportImport.ExportService'.) (Error while validating the service descriptor 'ServiceType: HotelDroid.Api.Services.ExportImport.IImportService Lifetime: Scoped ImplementationType: HotelDroid.Api.Services.ExportImport.ImportService': Unable to resolve service for type 'HotelDroid.Api.Services.IKeyValueStore' while attempting to activate 'HotelDroid.Api.Services.ExportImport.ApiDistributor'.)
---- System.InvalidOperationException : Error while validating the service descriptor 'ServiceType: HotelDroid.Api.Services.ExportImport.IApiDistributor Lifetime: Scoped ImplementationType: HotelDroid.Api.Services.ExportImport.ApiDistributor': Unable to resolve service for type 'HotelDroid.Api.Services.IKeyValueStore' while attempting to activate 'HotelDroid.Api.Services.ExportImport.ApiDistributor'.
-------- System.InvalidOperationException : Unable to resolve service for type 'HotelDroid.Api.Services.IKeyValueStore' while attempting to activate 'HotelDroid.Api.Services.ExportImport.ApiDistributor'.
---- System.InvalidOperationException : Error while validating the service descriptor 'ServiceType: HotelDroid.Api.Services.ExportImport.IExportService Lifetime: Scoped ImplementationType: HotelDroid.Api.Services.ExportImport.ExportService': Unable to resolve service for type 'HotelDroid.Api.Services.IKeyValueStore' while attempting to activate 'HotelDroid.Api.Services.ExportImport.ExportService'.
-------- System.InvalidOperationException : Unable to resolve service for type 'HotelDroid.Api.Services.IKeyValueStore' while attempting to activate 'HotelDroid.Api.Services.ExportImport.ExportService'.
---- System.InvalidOperationException : Error while validating the service descriptor 'ServiceType: HotelDroid.Api.Services.ExportImport.IImportService Lifetime: Scoped ImplementationType: HotelDroid.Api.Services.ExportImport.ImportService': Unable to resolve service for type 'HotelDroid.Api.Services.IKeyValueStore' while attempting to activate 'HotelDroid.Api.Services.ExportImport.ApiDistributor'.
-------- System.InvalidOperationException : Unable to resolve service for type 'HotelDroid.Api.Services.IKeyValueStore' while attempting to activate 'HotelDroid.Api.Services.ExportImport.ApiDistributor'.
  Stack Trace:
     at Microsoft.Extensions.DependencyInjection.ServiceProvider..ctor(ICollection`1 serviceDescriptors, ServiceProviderOptions options)
   at Microsoft.Extensions.DependencyInjection.ServiceCollectionContainerBuilderExtensions.BuildServiceProvider(IServiceCollection services, ServiceProviderOptions options)
   at Microsoft.Extensions.Hosting.HostApplicationBuilder.Build()
   at Microsoft.AspNetCore.Builder.WebApplicationBuilder.Build()
   at Program.<Main>$(String[] args) in C:\Users\rolfe\git\own\Villa-Annunziata\hotelDroid\src\HotelDroid.Api\Program.cs:line 108
   at InvokeStub_Program.<Main>$(Object, Span`1)
   at System.Reflection.MethodBaseInvoker.InvokeWithOneArg(Object obj, BindingFlags invokeAttr, Binder binder, Object[] parameters, CultureInfo culture)
--- End of stack trace from previous location ---
   at Microsoft.Extensions.Hosting.HostFactoryResolver.HostingListener.CreateHost()
   at Microsoft.Extensions.Hosting.HostFactoryResolver.<>c__DisplayClass10_0.<ResolveHostFactory>b__0(String[] args)
   at Microsoft.AspNetCore.Mvc.Testing.DeferredHostBuilder.Build()
   at Microsoft.AspNetCore.Mvc.Testing.WebApplicationFactory`1.CreateHost(IHostBuilder builder)
   at Microsoft.AspNetCore.Mvc.Testing.WebApplicationFactory`1.DelegatedWebApplicationFactory.CreateHost(IHostBuilder builder)
   at Microsoft.AspNetCore.Mvc.Testing.WebApplicationFactory`1.ConfigureHostBuilder(IHostBuilder hostBuilder)
   at Microsoft.AspNetCore.Mvc.Testing.WebApplicationFactory`1.StartServer()
   at Microsoft.AspNetCore.Mvc.Testing.WebApplicationFactory`1.CreateDefaultClient(DelegatingHandler[] handlers)
   at Microsoft.AspNetCore.Mvc.Testing.WebApplicationFactory`1.CreateDefaultClient(Uri baseAddress, DelegatingHandler[] handlers)
   at Microsoft.AspNetCore.Mvc.Testing.WebApplicationFactory`1.CreateClient(WebApplicationFactoryClientOptions options)
   at Microsoft.AspNetCore.Mvc.Testing.WebApplicationFactory`1.CreateClient()
   at HotelDroid.Api.Tests.Integration.RoomsApiTests.InitializeAsync() in C:\Users\rolfe\git\own\Villa-Annunziata\hotelDroid\tests\HotelDroid.Api.Tests\Integration\RoomsApiTests.cs:line 60
----- Inner Stack Trace #1 (System.InvalidOperationException) -----
   at Microsoft.Extensions.DependencyInjection.ServiceProvider.ValidateService(ServiceDescriptor descriptor)
   at Microsoft.Extensions.DependencyInjection.ServiceProvider..ctor(ICollection`1 serviceDescriptors, ServiceProviderOptions options)
----- Inner Stack Trace -----
   at Microsoft.Extensions.DependencyInjection.ServiceLookup.CallSiteFactory.CreateArgumentCallSites(ServiceIdentifier serviceIdentifier, Type implementationType, CallSiteChain callSiteChain, ParameterInfo[] parameters, Boolean throwIfCallSiteNotFound)
   at Microsoft.Extensions.DependencyInjection.ServiceLookup.CallSiteFactory.CreateConstructorCallSite(ResultCache lifetime, ServiceIdentifier serviceIdentifier, Type implementationType, CallSiteChain callSiteChain)
   at Microsoft.Extensions.DependencyInjection.ServiceLookup.CallSiteFactory.CreateExact(ServiceDescriptor descriptor, ServiceIdentifier serviceIdentifier, CallSiteChain callSiteChain, Int32 slot)
   at Microsoft.Extensions.DependencyInjection.ServiceLookup.CallSiteFactory.GetCallSite(ServiceDescriptor serviceDescriptor, CallSiteChain callSiteChain)
   at Microsoft.Extensions.DependencyInjection.ServiceProvider.ValidateService(ServiceDescriptor descriptor)
----- Inner Stack Trace #2 (System.InvalidOperationException) -----
   at Microsoft.Extensions.DependencyInjection.ServiceProvider.ValidateService(ServiceDescriptor descriptor)
   at Microsoft.Extensions.DependencyInjection.ServiceProvider..ctor(ICollection`1 serviceDescriptors, ServiceProviderOptions options)
----- Inner Stack Trace -----
   at Microsoft.Extensions.DependencyInjection.ServiceLookup.CallSiteFactory.CreateArgumentCallSites(ServiceIdentifier serviceIdentifier, Type implementationType, CallSiteChain callSiteChain, ParameterInfo[] parameters, Boolean throwIfCallSiteNotFound)
   at Microsoft.Extensions.DependencyInjection.ServiceLookup.CallSiteFactory.CreateConstructorCallSite(ResultCache lifetime, ServiceIdentifier serviceIdentifier, Type implementationType, CallSiteChain callSiteChain)
   at Microsoft.Extensions.DependencyInjection.ServiceLookup.CallSiteFactory.CreateExact(ServiceDescriptor descriptor, ServiceIdentifier serviceIdentifier, CallSiteChain callSiteChain, Int32 slot)
   at Microsoft.Extensions.DependencyInjection.ServiceLookup.CallSiteFactory.GetCallSite(ServiceDescriptor serviceDescriptor, CallSiteChain callSiteChain)
   at Microsoft.Extensions.DependencyInjection.ServiceProvider.ValidateService(ServiceDescriptor descriptor)
----- Inner Stack Trace #3 (System.InvalidOperationException) -----
   at Microsoft.Extensions.DependencyInjection.ServiceProvider.ValidateService(ServiceDescriptor descriptor)
   at Microsoft.Extensions.DependencyInjection.ServiceProvider..ctor(ICollection`1 serviceDescriptors, ServiceProviderOptions options)
----- Inner Stack Trace -----
   at Microsoft.Extensions.DependencyInjection.ServiceLookup.CallSiteFactory.CreateArgumentCallSites(ServiceIdentifier serviceIdentifier, Type implementationType, CallSiteChain callSiteChain, ParameterInfo[] parameters, Boolean throwIfCallSiteNotFound)
   at Microsoft.Extensions.DependencyInjection.ServiceLookup.CallSiteFactory.CreateConstructorCallSite(ResultCache lifetime, ServiceIdentifier serviceIdentifier, Type implementationType, CallSiteChain callSiteChain)
   at Microsoft.Extensions.DependencyInjection.ServiceLookup.CallSiteFactory.CreateExact(ServiceDescriptor descriptor, ServiceIdentifier serviceIdentifier, CallSiteChain callSiteChain, Int32 slot)
   at Microsoft.Extensions.DependencyInjection.ServiceLookup.CallSiteFactory.TryCreateExact(ServiceIdentifier serviceIdentifier, CallSiteChain callSiteChain)
   at Microsoft.Extensions.DependencyInjection.ServiceLookup.CallSiteFactory.CreateCallSite(ServiceIdentifier serviceIdentifier, CallSiteChain callSiteChain)
   at Microsoft.Extensions.DependencyInjection.ServiceLookup.CallSiteFactory.CreateArgumentCallSites(ServiceIdentifier serviceIdentifier, Type implementationType, CallSiteChain callSiteChain, ParameterInfo[] parameters, Boolean throwIfCallSiteNotFound)
   at Microsoft.Extensions.DependencyInjection.ServiceLookup.CallSiteFactory.CreateConstructorCallSite(ResultCache lifetime, ServiceIdentifier serviceIdentifier, Type implementationType, CallSiteChain callSiteChain)
   at Microsoft.Extensions.DependencyInjection.ServiceLookup.CallSiteFactory.CreateExact(ServiceDescriptor descriptor, ServiceIdentifier serviceIdentifier, CallSiteChain callSiteChain, Int32 slot)
   at Microsoft.Extensions.DependencyInjection.ServiceLookup.CallSiteFactory.GetCallSite(ServiceDescriptor serviceDescriptor, CallSiteChain callSiteChain)
   at Microsoft.Extensions.DependencyInjection.ServiceProvider.ValidateService(ServiceDescriptor descriptor)
  Failed HotelDroid.Api.Tests.Integration.RoomsApiTests.CreateRoom_WithFloorNumber_IsPreserved [1 ms]
  Error Message:
   System.AggregateException : Some services are not able to be constructed (Error while validating the service descriptor 'ServiceType: HotelDroid.Api.Services.ExportImport.IApiDistributor Lifetime: Scoped ImplementationType: HotelDroid.Api.Services.ExportImport.ApiDistributor': Unable to resolve service for type 'HotelDroid.Api.Services.IKeyValueStore' while attempting to activate 'HotelDroid.Api.Services.ExportImport.ApiDistributor'.) (Error while validating the service descriptor 'ServiceType: HotelDroid.Api.Services.ExportImport.IExportService Lifetime: Scoped ImplementationType: HotelDroid.Api.Services.ExportImport.ExportService': Unable to resolve service for type 'HotelDroid.Api.Services.IKeyValueStore' while attempting to activate 'HotelDroid.Api.Services.ExportImport.ExportService'.) (Error while validating the service descriptor 'ServiceType: HotelDroid.Api.Services.ExportImport.IImportService Lifetime: Scoped ImplementationType: HotelDroid.Api.Services.ExportImport.ImportService': Unable to resolve service for type 'HotelDroid.Api.Services.IKeyValueStore' while attempting to activate 'HotelDroid.Api.Services.ExportImport.ApiDistributor'.)
---- System.InvalidOperationException : Error while validating the service descriptor 'ServiceType: HotelDroid.Api.Services.ExportImport.IApiDistributor Lifetime: Scoped ImplementationType: HotelDroid.Api.Services.ExportImport.ApiDistributor': Unable to resolve service for type 'HotelDroid.Api.Services.IKeyValueStore' while attempting to activate 'HotelDroid.Api.Services.ExportImport.ApiDistributor'.
-------- System.InvalidOperationException : Unable to resolve service for type 'HotelDroid.Api.Services.IKeyValueStore' while attempting to activate 'HotelDroid.Api.Services.ExportImport.ApiDistributor'.
---- System.InvalidOperationException : Error while validating the service descriptor 'ServiceType: HotelDroid.Api.Services.ExportImport.IExportService Lifetime: Scoped ImplementationType: HotelDroid.Api.Services.ExportImport.ExportService': Unable to resolve service for type 'HotelDroid.Api.Services.IKeyValueStore' while attempting to activate 'HotelDroid.Api.Services.ExportImport.ExportService'.
-------- System.InvalidOperationException : Unable to resolve service for type 'HotelDroid.Api.Services.IKeyValueStore' while attempting to activate 'HotelDroid.Api.Services.ExportImport.ExportService'.
---- System.InvalidOperationException : Error while validating the service descriptor 'ServiceType: HotelDroid.Api.Services.ExportImport.IImportService Lifetime: Scoped ImplementationType: HotelDroid.Api.Services.ExportImport.ImportService': Unable to resolve service for type 'HotelDroid.Api.Services.IKeyValueStore' while attempting to activate 'HotelDroid.Api.Services.ExportImport.ApiDistributor'.
-------- System.InvalidOperationException : Unable to resolve service for type 'HotelDroid.Api.Services.IKeyValueStore' while attempting to activate 'HotelDroid.Api.Services.ExportImport.ApiDistributor'.
  Stack Trace:
     at Microsoft.Extensions.DependencyInjection.ServiceProvider..ctor(ICollection`1 serviceDescriptors, ServiceProviderOptions options)
   at Microsoft.Extensions.DependencyInjection.ServiceCollectionContainerBuilderExtensions.BuildServiceProvider(IServiceCollection services, ServiceProviderOptions options)
   at Microsoft.Extensions.Hosting.HostApplicationBuilder.Build()
   at Microsoft.AspNetCore.Builder.WebApplicationBuilder.Build()
   at Program.<Main>$(String[] args) in C:\Users\rolfe\git\own\Villa-Annunziata\hotelDroid\src\HotelDroid.Api\Program.cs:line 108
   at InvokeStub_Program.<Main>$(Object, Span`1)
   at System.Reflection.MethodBaseInvoker.InvokeWithOneArg(Object obj, BindingFlags invokeAttr, Binder binder, Object[] parameters, CultureInfo culture)
--- End of stack trace from previous location ---
   at Microsoft.Extensions.Hosting.HostFactoryResolver.HostingListener.CreateHost()
   at Microsoft.Extensions.Hosting.HostFactoryResolver.<>c__DisplayClass10_0.<ResolveHostFactory>b__0(String[] args)
   at Microsoft.AspNetCore.Mvc.Testing.DeferredHostBuilder.Build()
   at Microsoft.AspNetCore.Mvc.Testing.WebApplicationFactory`1.CreateHost(IHostBuilder builder)
   at Microsoft.AspNetCore.Mvc.Testing.WebApplicationFactory`1.DelegatedWebApplicationFactory.CreateHost(IHostBuilder builder)
   at Microsoft.AspNetCore.Mvc.Testing.WebApplicationFactory`1.ConfigureHostBuilder(IHostBuilder hostBuilder)
   at Microsoft.AspNetCore.Mvc.Testing.WebApplicationFactory`1.StartServer()
   at Microsoft.AspNetCore.Mvc.Testing.WebApplicationFactory`1.CreateDefaultClient(DelegatingHandler[] handlers)
   at Microsoft.AspNetCore.Mvc.Testing.WebApplicationFactory`1.CreateDefaultClient(Uri baseAddress, DelegatingHandler[] handlers)
   at Microsoft.AspNetCore.Mvc.Testing.WebApplicationFactory`1.CreateClient(WebApplicationFactoryClientOptions options)
   at Microsoft.AspNetCore.Mvc.Testing.WebApplicationFactory`1.CreateClient()
   at HotelDroid.Api.Tests.Integration.RoomsApiTests.InitializeAsync() in C:\Users\rolfe\git\own\Villa-Annunziata\hotelDroid\tests\HotelDroid.Api.Tests\Integration\RoomsApiTests.cs:line 60
----- Inner Stack Trace #1 (System.InvalidOperationException) -----
   at Microsoft.Extensions.DependencyInjection.ServiceProvider.ValidateService(ServiceDescriptor descriptor)
   at Microsoft.Extensions.DependencyInjection.ServiceProvider..ctor(ICollection`1 serviceDescriptors, ServiceProviderOptions options)
----- Inner Stack Trace -----
   at Microsoft.Extensions.DependencyInjection.ServiceLookup.CallSiteFactory.CreateArgumentCallSites(ServiceIdentifier serviceIdentifier, Type implementationType, CallSiteChain callSiteChain, ParameterInfo[] parameters, Boolean throwIfCallSiteNotFound)
   at Microsoft.Extensions.DependencyInjection.ServiceLookup.CallSiteFactory.CreateConstructorCallSite(ResultCache lifetime, ServiceIdentifier serviceIdentifier, Type implementationType, CallSiteChain callSiteChain)
   at Microsoft.Extensions.DependencyInjection.ServiceLookup.CallSiteFactory.CreateExact(ServiceDescriptor descriptor, ServiceIdentifier serviceIdentifier, CallSiteChain callSiteChain, Int32 slot)
   at Microsoft.Extensions.DependencyInjection.ServiceLookup.CallSiteFactory.GetCallSite(ServiceDescriptor serviceDescriptor, CallSiteChain callSiteChain)
   at Microsoft.Extensions.DependencyInjection.ServiceProvider.ValidateService(ServiceDescriptor descriptor)
----- Inner Stack Trace #2 (System.InvalidOperationException) -----
   at Microsoft.Extensions.DependencyInjection.ServiceProvider.ValidateService(ServiceDescriptor descriptor)
   at Microsoft.Extensions.DependencyInjection.ServiceProvider..ctor(ICollection`1 serviceDescriptors, ServiceProviderOptions options)
----- Inner Stack Trace -----
   at Microsoft.Extensions.DependencyInjection.ServiceLookup.CallSiteFactory.CreateArgumentCallSites(ServiceIdentifier serviceIdentifier, Type implementationType, CallSiteChain callSiteChain, ParameterInfo[] parameters, Boolean throwIfCallSiteNotFound)
   at Microsoft.Extensions.DependencyInjection.ServiceLookup.CallSiteFactory.CreateConstructorCallSite(ResultCache lifetime, ServiceIdentifier serviceIdentifier, Type implementationType, CallSiteChain callSiteChain)
   at Microsoft.Extensions.DependencyInjection.ServiceLookup.CallSiteFactory.CreateExact(ServiceDescriptor descriptor, ServiceIdentifier serviceIdentifier, CallSiteChain callSiteChain, Int32 slot)
   at Microsoft.Extensions.DependencyInjection.ServiceLookup.CallSiteFactory.GetCallSite(ServiceDescriptor serviceDescriptor, CallSiteChain callSiteChain)
   at Microsoft.Extensions.DependencyInjection.ServiceProvider.ValidateService(ServiceDescriptor descriptor)
----- Inner Stack Trace #3 (System.InvalidOperationException) -----
   at Microsoft.Extensions.DependencyInjection.ServiceProvider.ValidateService(ServiceDescriptor descriptor)
   at Microsoft.Extensions.DependencyInjection.ServiceProvider..ctor(ICollection`1 serviceDescriptors, ServiceProviderOptions options)
----- Inner Stack Trace -----
   at Microsoft.Extensions.DependencyInjection.ServiceLookup.CallSiteFactory.CreateArgumentCallSites(ServiceIdentifier serviceIdentifier, Type implementationType, CallSiteChain callSiteChain, ParameterInfo[] parameters, Boolean throwIfCallSiteNotFound)
   at Microsoft.Extensions.DependencyInjection.ServiceLookup.CallSiteFactory.CreateConstructorCallSite(ResultCache lifetime, ServiceIdentifier serviceIdentifier, Type implementationType, CallSiteChain callSiteChain)
   at Microsoft.Extensions.DependencyInjection.ServiceLookup.CallSiteFactory.CreateExact(ServiceDescriptor descriptor, ServiceIdentifier serviceIdentifier, CallSiteChain callSiteChain, Int32 slot)
   at Microsoft.Extensions.DependencyInjection.ServiceLookup.CallSiteFactory.TryCreateExact(ServiceIdentifier serviceIdentifier, CallSiteChain callSiteChain)
   at Microsoft.Extensions.DependencyInjection.ServiceLookup.CallSiteFactory.CreateCallSite(ServiceIdentifier serviceIdentifier, CallSiteChain callSiteChain)
   at Microsoft.Extensions.DependencyInjection.ServiceLookup.CallSiteFactory.CreateArgumentCallSites(ServiceIdentifier serviceIdentifier, Type implementationType, CallSiteChain callSiteChain, ParameterInfo[] parameters, Boolean throwIfCallSiteNotFound)
   at Microsoft.Extensions.DependencyInjection.ServiceLookup.CallSiteFactory.CreateConstructorCallSite(ResultCache lifetime, ServiceIdentifier serviceIdentifier, Type implementationType, CallSiteChain callSiteChain)
   at Microsoft.Extensions.DependencyInjection.ServiceLookup.CallSiteFactory.CreateExact(ServiceDescriptor descriptor, ServiceIdentifier serviceIdentifier, CallSiteChain callSiteChain, Int32 slot)
   at Microsoft.Extensions.DependencyInjection.ServiceLookup.CallSiteFactory.GetCallSite(ServiceDescriptor serviceDescriptor, CallSiteChain callSiteChain)
   at Microsoft.Extensions.DependencyInjection.ServiceProvider.ValidateService(ServiceDescriptor descriptor)
[xUnit.net 00:00:00.65]     HotelDroid.Api.Tests.Integration.ExportImport.ExportImportIntegrationTests.ValidateImportPackage_DetectsTableStructure [FAIL]
[xUnit.net 00:00:00.65]     HotelDroid.Api.Tests.Integration.RoomsApiTests.CreateRoom_WithHasBedsFlag_IsPreserved [FAIL]
[xUnit.net 00:00:00.67]     HotelDroid.Api.Tests.Integration.RoomsApiTests.CreateRoom_WithAllFields_Returns201CreatedAndPreservesAll [FAIL]
[xUnit.net 00:00:00.68]     HotelDroid.Api.Tests.Integration.RoomsApiTests.UpdateRoom_NonExistent_Returns404NotFound [FAIL]
[xUnit.net 00:00:00.69]     HotelDroid.Api.Tests.Integration.RoomsApiTests.CreateRoom_WithRequiredFields_Returns201Created [FAIL]
[xUnit.net 00:00:00.71]     HotelDroid.Api.Tests.Integration.RoomsApiTests.PriorityOrder_MultipleRooms_AreDistinct [FAIL]
  Failed HotelDroid.Api.Tests.Integration.ExportImport.ExportImportIntegrationTests.ValidateImportPackage_DetectsTableStructure [63 ms]
  Error Message:
   Assert.True() Failure
Expected: True
Actual:   False
  Stack Trace:
     at HotelDroid.Api.Tests.Integration.ExportImport.ExportImportIntegrationTests.ValidateImportPackage_DetectsTableStructure() in C:\Users\rolfe\git\own\Villa-Annunziata\hotelDroid\tests\HotelDroid.Api.Tests\Integration\ExportImport\ExportImportIntegrationTests.cs:line 230
--- End of stack trace from previous location ---
  Failed HotelDroid.Api.Tests.Integration.RoomsApiTests.CreateRoom_WithHasBedsFlag_IsPreserved [1 ms]
  Error Message:
   System.AggregateException : Some services are not able to be constructed (Error while validating the service descriptor 'ServiceType: HotelDroid.Api.Services.ExportImport.IApiDistributor Lifetime: Scoped ImplementationType: HotelDroid.Api.Services.ExportImport.ApiDistributor': Unable to resolve service for type 'HotelDroid.Api.Services.IKeyValueStore' while attempting to activate 'HotelDroid.Api.Services.ExportImport.ApiDistributor'.) (Error while validating the service descriptor 'ServiceType: HotelDroid.Api.Services.ExportImport.IExportService Lifetime: Scoped ImplementationType: HotelDroid.Api.Services.ExportImport.ExportService': Unable to resolve service for type 'HotelDroid.Api.Services.IKeyValueStore' while attempting to activate 'HotelDroid.Api.Services.ExportImport.ExportService'.) (Error while validating the service descriptor 'ServiceType: HotelDroid.Api.Services.ExportImport.IImportService Lifetime: Scoped ImplementationType: HotelDroid.Api.Services.ExportImport.ImportService': Unable to resolve service for type 'HotelDroid.Api.Services.IKeyValueStore' while attempting to activate 'HotelDroid.Api.Services.ExportImport.ApiDistributor'.)
---- System.InvalidOperationException : Error while validating the service descriptor 'ServiceType: HotelDroid.Api.Services.ExportImport.IApiDistributor Lifetime: Scoped ImplementationType: HotelDroid.Api.Services.ExportImport.ApiDistributor': Unable to resolve service for type 'HotelDroid.Api.Services.IKeyValueStore' while attempting to activate 'HotelDroid.Api.Services.ExportImport.ApiDistributor'.
-------- System.InvalidOperationException : Unable to resolve service for type 'HotelDroid.Api.Services.IKeyValueStore' while attempting to activate 'HotelDroid.Api.Services.ExportImport.ApiDistributor'.
---- System.InvalidOperationException : Error while validating the service descriptor 'ServiceType: HotelDroid.Api.Services.ExportImport.IExportService Lifetime: Scoped ImplementationType: HotelDroid.Api.Services.ExportImport.ExportService': Unable to resolve service for type 'HotelDroid.Api.Services.IKeyValueStore' while attempting to activate 'HotelDroid.Api.Services.ExportImport.ExportService'.
-------- System.InvalidOperationException : Unable to resolve service for type 'HotelDroid.Api.Services.IKeyValueStore' while attempting to activate 'HotelDroid.Api.Services.ExportImport.ExportService'.
---- System.InvalidOperationException : Error while validating the service descriptor 'ServiceType: HotelDroid.Api.Services.ExportImport.IImportService Lifetime: Scoped ImplementationType: HotelDroid.Api.Services.ExportImport.ImportService': Unable to resolve service for type 'HotelDroid.Api.Services.IKeyValueStore' while attempting to activate 'HotelDroid.Api.Services.ExportImport.ApiDistributor'.
-------- System.InvalidOperationException : Unable to resolve service for type 'HotelDroid.Api.Services.IKeyValueStore' while attempting to activate 'HotelDroid.Api.Services.ExportImport.ApiDistributor'.
  Stack Trace:
     at Microsoft.Extensions.DependencyInjection.ServiceProvider..ctor(ICollection`1 serviceDescriptors, ServiceProviderOptions options)
   at Microsoft.Extensions.DependencyInjection.ServiceCollectionContainerBuilderExtensions.BuildServiceProvider(IServiceCollection services, ServiceProviderOptions options)
   at Microsoft.Extensions.Hosting.HostApplicationBuilder.Build()
   at Microsoft.AspNetCore.Builder.WebApplicationBuilder.Build()
   at Program.<Main>$(String[] args) in C:\Users\rolfe\git\own\Villa-Annunziata\hotelDroid\src\HotelDroid.Api\Program.cs:line 108
   at InvokeStub_Program.<Main>$(Object, Span`1)
   at System.Reflection.MethodBaseInvoker.InvokeWithOneArg(Object obj, BindingFlags invokeAttr, Binder binder, Object[] parameters, CultureInfo culture)
--- End of stack trace from previous location ---
   at Microsoft.Extensions.Hosting.HostFactoryResolver.HostingListener.CreateHost()
   at Microsoft.Extensions.Hosting.HostFactoryResolver.<>c__DisplayClass10_0.<ResolveHostFactory>b__0(String[] args)
   at Microsoft.AspNetCore.Mvc.Testing.DeferredHostBuilder.Build()
   at Microsoft.AspNetCore.Mvc.Testing.WebApplicationFactory`1.CreateHost(IHostBuilder builder)
   at Microsoft.AspNetCore.Mvc.Testing.WebApplicationFactory`1.DelegatedWebApplicationFactory.CreateHost(IHostBuilder builder)
   at Microsoft.AspNetCore.Mvc.Testing.WebApplicationFactory`1.ConfigureHostBuilder(IHostBuilder hostBuilder)
   at Microsoft.AspNetCore.Mvc.Testing.WebApplicationFactory`1.StartServer()
   at Microsoft.AspNetCore.Mvc.Testing.WebApplicationFactory`1.CreateDefaultClient(DelegatingHandler[] handlers)
   at Microsoft.AspNetCore.Mvc.Testing.WebApplicationFactory`1.CreateDefaultClient(Uri baseAddress, DelegatingHandler[] handlers)
   at Microsoft.AspNetCore.Mvc.Testing.WebApplicationFactory`1.CreateClient(WebApplicationFactoryClientOptions options)
   at Microsoft.AspNetCore.Mvc.Testing.WebApplicationFactory`1.CreateClient()
   at HotelDroid.Api.Tests.Integration.RoomsApiTests.InitializeAsync() in C:\Users\rolfe\git\own\Villa-Annunziata\hotelDroid\tests\HotelDroid.Api.Tests\Integration\RoomsApiTests.cs:line 60
----- Inner Stack Trace #1 (System.InvalidOperationException) -----
   at Microsoft.Extensions.DependencyInjection.ServiceProvider.ValidateService(ServiceDescriptor descriptor)
   at Microsoft.Extensions.DependencyInjection.ServiceProvider..ctor(ICollection`1 serviceDescriptors, ServiceProviderOptions options)
----- Inner Stack Trace -----
   at Microsoft.Extensions.DependencyInjection.ServiceLookup.CallSiteFactory.CreateArgumentCallSites(ServiceIdentifier serviceIdentifier, Type implementationType, CallSiteChain callSiteChain, ParameterInfo[] parameters, Boolean throwIfCallSiteNotFound)
   at Microsoft.Extensions.DependencyInjection.ServiceLookup.CallSiteFactory.CreateConstructorCallSite(ResultCache lifetime, ServiceIdentifier serviceIdentifier, Type implementationType, CallSiteChain callSiteChain)
   at Microsoft.Extensions.DependencyInjection.ServiceLookup.CallSiteFactory.CreateExact(ServiceDescriptor descriptor, ServiceIdentifier serviceIdentifier, CallSiteChain callSiteChain, Int32 slot)
   at Microsoft.Extensions.DependencyInjection.ServiceLookup.CallSiteFactory.GetCallSite(ServiceDescriptor serviceDescriptor, CallSiteChain callSiteChain)
   at Microsoft.Extensions.DependencyInjection.ServiceProvider.ValidateService(ServiceDescriptor descriptor)
----- Inner Stack Trace #2 (System.InvalidOperationException) -----
   at Microsoft.Extensions.DependencyInjection.ServiceProvider.ValidateService(ServiceDescriptor descriptor)
   at Microsoft.Extensions.DependencyInjection.ServiceProvider..ctor(ICollection`1 serviceDescriptors, ServiceProviderOptions options)
----- Inner Stack Trace -----
   at Microsoft.Extensions.DependencyInjection.ServiceLookup.CallSiteFactory.CreateArgumentCallSites(ServiceIdentifier serviceIdentifier, Type implementationType, CallSiteChain callSiteChain, ParameterInfo[] parameters, Boolean throwIfCallSiteNotFound)
   at Microsoft.Extensions.DependencyInjection.ServiceLookup.CallSiteFactory.CreateConstructorCallSite(ResultCache lifetime, ServiceIdentifier serviceIdentifier, Type implementationType, CallSiteChain callSiteChain)
   at Microsoft.Extensions.DependencyInjection.ServiceLookup.CallSiteFactory.CreateExact(ServiceDescriptor descriptor, ServiceIdentifier serviceIdentifier, CallSiteChain callSiteChain, Int32 slot)
   at Microsoft.Extensions.DependencyInjection.ServiceLookup.CallSiteFactory.GetCallSite(ServiceDescriptor serviceDescriptor, CallSiteChain callSiteChain)
   at Microsoft.Extensions.DependencyInjection.ServiceProvider.ValidateService(ServiceDescriptor descriptor)
----- Inner Stack Trace #3 (System.InvalidOperationException) -----
   at Microsoft.Extensions.DependencyInjection.ServiceProvider.ValidateService(ServiceDescriptor descriptor)
   at Microsoft.Extensions.DependencyInjection.ServiceProvider..ctor(ICollection`1 serviceDescriptors, ServiceProviderOptions options)
----- Inner Stack Trace -----
   at Microsoft.Extensions.DependencyInjection.ServiceLookup.CallSiteFactory.CreateArgumentCallSites(ServiceIdentifier serviceIdentifier, Type implementationType, CallSiteChain callSiteChain, ParameterInfo[] parameters, Boolean throwIfCallSiteNotFound)
   at Microsoft.Extensions.DependencyInjection.ServiceLookup.CallSiteFactory.CreateConstructorCallSite(ResultCache lifetime, ServiceIdentifier serviceIdentifier, Type implementationType, CallSiteChain callSiteChain)
   at Microsoft.Extensions.DependencyInjection.ServiceLookup.CallSiteFactory.CreateExact(ServiceDescriptor descriptor, ServiceIdentifier serviceIdentifier, CallSiteChain callSiteChain, Int32 slot)
   at Microsoft.Extensions.DependencyInjection.ServiceLookup.CallSiteFactory.TryCreateExact(ServiceIdentifier serviceIdentifier, CallSiteChain callSiteChain)
   at Microsoft.Extensions.DependencyInjection.ServiceLookup.CallSiteFactory.CreateCallSite(ServiceIdentifier serviceIdentifier, CallSiteChain callSiteChain)
   at Microsoft.Extensions.DependencyInjection.ServiceLookup.CallSiteFactory.CreateArgumentCallSites(ServiceIdentifier serviceIdentifier, Type implementationType, CallSiteChain callSiteChain, ParameterInfo[] parameters, Boolean throwIfCallSiteNotFound)
   at Microsoft.Extensions.DependencyInjection.ServiceLookup.CallSiteFactory.CreateConstructorCallSite(ResultCache lifetime, ServiceIdentifier serviceIdentifier, Type implementationType, CallSiteChain callSiteChain)
   at Microsoft.Extensions.DependencyInjection.ServiceLookup.CallSiteFactory.CreateExact(ServiceDescriptor descriptor, ServiceIdentifier serviceIdentifier, CallSiteChain callSiteChain, Int32 slot)
   at Microsoft.Extensions.DependencyInjection.ServiceLookup.CallSiteFactory.GetCallSite(ServiceDescriptor serviceDescriptor, CallSiteChain callSiteChain)
   at Microsoft.Extensions.DependencyInjection.ServiceProvider.ValidateService(ServiceDescriptor descriptor)
  Failed HotelDroid.Api.Tests.Integration.RoomsApiTests.CreateRoom_WithAllFields_Returns201CreatedAndPreservesAll [1 ms]
  Error Message:
   System.AggregateException : Some services are not able to be constructed (Error while validating the service descriptor 'ServiceType: HotelDroid.Api.Services.ExportImport.IApiDistributor Lifetime: Scoped ImplementationType: HotelDroid.Api.Services.ExportImport.ApiDistributor': Unable to resolve service for type 'HotelDroid.Api.Services.IKeyValueStore' while attempting to activate 'HotelDroid.Api.Services.ExportImport.ApiDistributor'.) (Error while validating the service descriptor 'ServiceType: HotelDroid.Api.Services.ExportImport.IExportService Lifetime: Scoped ImplementationType: HotelDroid.Api.Services.ExportImport.ExportService': Unable to resolve service for type 'HotelDroid.Api.Services.IKeyValueStore' while attempting to activate 'HotelDroid.Api.Services.ExportImport.ExportService'.) (Error while validating the service descriptor 'ServiceType: HotelDroid.Api.Services.ExportImport.IImportService Lifetime: Scoped ImplementationType: HotelDroid.Api.Services.ExportImport.ImportService': Unable to resolve service for type 'HotelDroid.Api.Services.IKeyValueStore' while attempting to activate 'HotelDroid.Api.Services.ExportImport.ApiDistributor'.)
---- System.InvalidOperationException : Error while validating the service descriptor 'ServiceType: HotelDroid.Api.Services.ExportImport.IApiDistributor Lifetime: Scoped ImplementationType: HotelDroid.Api.Services.ExportImport.ApiDistributor': Unable to resolve service for type 'HotelDroid.Api.Services.IKeyValueStore' while attempting to activate 'HotelDroid.Api.Services.ExportImport.ApiDistributor'.
-------- System.InvalidOperationException : Unable to resolve service for type 'HotelDroid.Api.Services.IKeyValueStore' while attempting to activate 'HotelDroid.Api.Services.ExportImport.ApiDistributor'.
---- System.InvalidOperationException : Error while validating the service descriptor 'ServiceType: HotelDroid.Api.Services.ExportImport.IExportService Lifetime: Scoped ImplementationType: HotelDroid.Api.Services.ExportImport.ExportService': Unable to resolve service for type 'HotelDroid.Api.Services.IKeyValueStore' while attempting to activate 'HotelDroid.Api.Services.ExportImport.ExportService'.
-------- System.InvalidOperationException : Unable to resolve service for type 'HotelDroid.Api.Services.IKeyValueStore' while attempting to activate 'HotelDroid.Api.Services.ExportImport.ExportService'.
---- System.InvalidOperationException : Error while validating the service descriptor 'ServiceType: HotelDroid.Api.Services.ExportImport.IImportService Lifetime: Scoped ImplementationType: HotelDroid.Api.Services.ExportImport.ImportService': Unable to resolve service for type 'HotelDroid.Api.Services.IKeyValueStore' while attempting to activate 'HotelDroid.Api.Services.ExportImport.ApiDistributor'.
-------- System.InvalidOperationException : Unable to resolve service for type 'HotelDroid.Api.Services.IKeyValueStore' while attempting to activate 'HotelDroid.Api.Services.ExportImport.ApiDistributor'.
  Stack Trace:
     at Microsoft.Extensions.DependencyInjection.ServiceProvider..ctor(ICollection`1 serviceDescriptors, ServiceProviderOptions options)
   at Microsoft.Extensions.DependencyInjection.ServiceCollectionContainerBuilderExtensions.BuildServiceProvider(IServiceCollection services, ServiceProviderOptions options)
   at Microsoft.Extensions.Hosting.HostApplicationBuilder.Build()
   at Microsoft.AspNetCore.Builder.WebApplicationBuilder.Build()
   at Program.<Main>$(String[] args) in C:\Users\rolfe\git\own\Villa-Annunziata\hotelDroid\src\HotelDroid.Api\Program.cs:line 108
   at InvokeStub_Program.<Main>$(Object, Span`1)
   at System.Reflection.MethodBaseInvoker.InvokeWithOneArg(Object obj, BindingFlags invokeAttr, Binder binder, Object[] parameters, CultureInfo culture)
--- End of stack trace from previous location ---
   at Microsoft.Extensions.Hosting.HostFactoryResolver.HostingListener.CreateHost()
   at Microsoft.Extensions.Hosting.HostFactoryResolver.<>c__DisplayClass10_0.<ResolveHostFactory>b__0(String[] args)
   at Microsoft.AspNetCore.Mvc.Testing.DeferredHostBuilder.Build()
   at Microsoft.AspNetCore.Mvc.Testing.WebApplicationFactory`1.CreateHost(IHostBuilder builder)
   at Microsoft.AspNetCore.Mvc.Testing.WebApplicationFactory`1.DelegatedWebApplicationFactory.CreateHost(IHostBuilder builder)
   at Microsoft.AspNetCore.Mvc.Testing.WebApplicationFactory`1.ConfigureHostBuilder(IHostBuilder hostBuilder)
   at Microsoft.AspNetCore.Mvc.Testing.WebApplicationFactory`1.StartServer()
   at Microsoft.AspNetCore.Mvc.Testing.WebApplicationFactory`1.CreateDefaultClient(DelegatingHandler[] handlers)
   at Microsoft.AspNetCore.Mvc.Testing.WebApplicationFactory`1.CreateDefaultClient(Uri baseAddress, DelegatingHandler[] handlers)
   at Microsoft.AspNetCore.Mvc.Testing.WebApplicationFactory`1.CreateClient(WebApplicationFactoryClientOptions options)
   at Microsoft.AspNetCore.Mvc.Testing.WebApplicationFactory`1.CreateClient()
   at HotelDroid.Api.Tests.Integration.RoomsApiTests.InitializeAsync() in C:\Users\rolfe\git\own\Villa-Annunziata\hotelDroid\tests\HotelDroid.Api.Tests\Integration\RoomsApiTests.cs:line 60
----- Inner Stack Trace #1 (System.InvalidOperationException) -----
   at Microsoft.Extensions.DependencyInjection.ServiceProvider.ValidateService(ServiceDescriptor descriptor)
   at Microsoft.Extensions.DependencyInjection.ServiceProvider..ctor(ICollection`1 serviceDescriptors, ServiceProviderOptions options)
----- Inner Stack Trace -----
   at Microsoft.Extensions.DependencyInjection.ServiceLookup.CallSiteFactory.CreateArgumentCallSites(ServiceIdentifier serviceIdentifier, Type implementationType, CallSiteChain callSiteChain, ParameterInfo[] parameters, Boolean throwIfCallSiteNotFound)
   at Microsoft.Extensions.DependencyInjection.ServiceLookup.CallSiteFactory.CreateConstructorCallSite(ResultCache lifetime, ServiceIdentifier serviceIdentifier, Type implementationType, CallSiteChain callSiteChain)
   at Microsoft.Extensions.DependencyInjection.ServiceLookup.CallSiteFactory.CreateExact(ServiceDescriptor descriptor, ServiceIdentifier serviceIdentifier, CallSiteChain callSiteChain, Int32 slot)
   at Microsoft.Extensions.DependencyInjection.ServiceLookup.CallSiteFactory.GetCallSite(ServiceDescriptor serviceDescriptor, CallSiteChain callSiteChain)
   at Microsoft.Extensions.DependencyInjection.ServiceProvider.ValidateService(ServiceDescriptor descriptor)
----- Inner Stack Trace #2 (System.InvalidOperationException) -----
   at Microsoft.Extensions.DependencyInjection.ServiceProvider.ValidateService(ServiceDescriptor descriptor)
   at Microsoft.Extensions.DependencyInjection.ServiceProvider..ctor(ICollection`1 serviceDescriptors, ServiceProviderOptions options)
----- Inner Stack Trace -----
   at Microsoft.Extensions.DependencyInjection.ServiceLookup.CallSiteFactory.CreateArgumentCallSites(ServiceIdentifier serviceIdentifier, Type implementationType, CallSiteChain callSiteChain, ParameterInfo[] parameters, Boolean throwIfCallSiteNotFound)
   at Microsoft.Extensions.DependencyInjection.ServiceLookup.CallSiteFactory.CreateConstructorCallSite(ResultCache lifetime, ServiceIdentifier serviceIdentifier, Type implementationType, CallSiteChain callSiteChain)
   at Microsoft.Extensions.DependencyInjection.ServiceLookup.CallSiteFactory.CreateExact(ServiceDescriptor descriptor, ServiceIdentifier serviceIdentifier, CallSiteChain callSiteChain, Int32 slot)
   at Microsoft.Extensions.DependencyInjection.ServiceLookup.CallSiteFactory.GetCallSite(ServiceDescriptor serviceDescriptor, CallSiteChain callSiteChain)
   at Microsoft.Extensions.DependencyInjection.ServiceProvider.ValidateService(ServiceDescriptor descriptor)
----- Inner Stack Trace #3 (System.InvalidOperationException) -----
   at Microsoft.Extensions.DependencyInjection.ServiceProvider.ValidateService(ServiceDescriptor descriptor)
   at Microsoft.Extensions.DependencyInjection.ServiceProvider..ctor(ICollection`1 serviceDescriptors, ServiceProviderOptions options)
----- Inner Stack Trace -----
   at Microsoft.Extensions.DependencyInjection.ServiceLookup.CallSiteFactory.CreateArgumentCallSites(ServiceIdentifier serviceIdentifier, Type implementationType, CallSiteChain callSiteChain, ParameterInfo[] parameters, Boolean throwIfCallSiteNotFound)
   at Microsoft.Extensions.DependencyInjection.ServiceLookup.CallSiteFactory.CreateConstructorCallSite(ResultCache lifetime, ServiceIdentifier serviceIdentifier, Type implementationType, CallSiteChain callSiteChain)
   at Microsoft.Extensions.DependencyInjection.ServiceLookup.CallSiteFactory.CreateExact(ServiceDescriptor descriptor, ServiceIdentifier serviceIdentifier, CallSiteChain callSiteChain, Int32 slot)
   at Microsoft.Extensions.DependencyInjection.ServiceLookup.CallSiteFactory.TryCreateExact(ServiceIdentifier serviceIdentifier, CallSiteChain callSiteChain)
   at Microsoft.Extensions.DependencyInjection.ServiceLookup.CallSiteFactory.CreateCallSite(ServiceIdentifier serviceIdentifier, CallSiteChain callSiteChain)
   at Microsoft.Extensions.DependencyInjection.ServiceLookup.CallSiteFactory.CreateArgumentCallSites(ServiceIdentifier serviceIdentifier, Type implementationType, CallSiteChain callSiteChain, ParameterInfo[] parameters, Boolean throwIfCallSiteNotFound)
   at Microsoft.Extensions.DependencyInjection.ServiceLookup.CallSiteFactory.CreateConstructorCallSite(ResultCache lifetime, ServiceIdentifier serviceIdentifier, Type implementationType, CallSiteChain callSiteChain)
   at Microsoft.Extensions.DependencyInjection.ServiceLookup.CallSiteFactory.CreateExact(ServiceDescriptor descriptor, ServiceIdentifier serviceIdentifier, CallSiteChain callSiteChain, Int32 slot)
   at Microsoft.Extensions.DependencyInjection.ServiceLookup.CallSiteFactory.GetCallSite(ServiceDescriptor serviceDescriptor, CallSiteChain callSiteChain)
   at Microsoft.Extensions.DependencyInjection.ServiceProvider.ValidateService(ServiceDescriptor descriptor)
  Failed HotelDroid.Api.Tests.Integration.RoomsApiTests.UpdateRoom_NonExistent_Returns404NotFound [1 ms]
  Error Message:
   System.AggregateException : Some services are not able to be constructed (Error while validating the service descriptor 'ServiceType: HotelDroid.Api.Services.ExportImport.IApiDistributor Lifetime: Scoped ImplementationType: HotelDroid.Api.Services.ExportImport.ApiDistributor': Unable to resolve service for type 'HotelDroid.Api.Services.IKeyValueStore' while attempting to activate 'HotelDroid.Api.Services.ExportImport.ApiDistributor'.) (Error while validating the service descriptor 'ServiceType: HotelDroid.Api.Services.ExportImport.IExportService Lifetime: Scoped ImplementationType: HotelDroid.Api.Services.ExportImport.ExportService': Unable to resolve service for type 'HotelDroid.Api.Services.IKeyValueStore' while attempting to activate 'HotelDroid.Api.Services.ExportImport.ExportService'.) (Error while validating the service descriptor 'ServiceType: HotelDroid.Api.Services.ExportImport.IImportService Lifetime: Scoped ImplementationType: HotelDroid.Api.Services.ExportImport.ImportService': Unable to resolve service for type 'HotelDroid.Api.Services.IKeyValueStore' while attempting to activate 'HotelDroid.Api.Services.ExportImport.ApiDistributor'.)
---- System.InvalidOperationException : Error while validating the service descriptor 'ServiceType: HotelDroid.Api.Services.ExportImport.IApiDistributor Lifetime: Scoped ImplementationType: HotelDroid.Api.Services.ExportImport.ApiDistributor': Unable to resolve service for type 'HotelDroid.Api.Services.IKeyValueStore' while attempting to activate 'HotelDroid.Api.Services.ExportImport.ApiDistributor'.
-------- System.InvalidOperationException : Unable to resolve service for type 'HotelDroid.Api.Services.IKeyValueStore' while attempting to activate 'HotelDroid.Api.Services.ExportImport.ApiDistributor'.
---- System.InvalidOperationException : Error while validating the service descriptor 'ServiceType: HotelDroid.Api.Services.ExportImport.IExportService Lifetime: Scoped ImplementationType: HotelDroid.Api.Services.ExportImport.ExportService': Unable to resolve service for type 'HotelDroid.Api.Services.IKeyValueStore' while attempting to activate 'HotelDroid.Api.Services.ExportImport.ExportService'.
-------- System.InvalidOperationException : Unable to resolve service for type 'HotelDroid.Api.Services.IKeyValueStore' while attempting to activate 'HotelDroid.Api.Services.ExportImport.ExportService'.
---- System.InvalidOperationException : Error while validating the service descriptor 'ServiceType: HotelDroid.Api.Services.ExportImport.IImportService Lifetime: Scoped ImplementationType: HotelDroid.Api.Services.ExportImport.ImportService': Unable to resolve service for type 'HotelDroid.Api.Services.IKeyValueStore' while attempting to activate 'HotelDroid.Api.Services.ExportImport.ApiDistributor'.
-------- System.InvalidOperationException : Unable to resolve service for type 'HotelDroid.Api.Services.IKeyValueStore' while attempting to activate 'HotelDroid.Api.Services.ExportImport.ApiDistributor'.
  Stack Trace:
     at Microsoft.Extensions.DependencyInjection.ServiceProvider..ctor(ICollection`1 serviceDescriptors, ServiceProviderOptions options)
   at Microsoft.Extensions.DependencyInjection.ServiceCollectionContainerBuilderExtensions.BuildServiceProvider(IServiceCollection services, ServiceProviderOptions options)
   at Microsoft.Extensions.Hosting.HostApplicationBuilder.Build()
   at Microsoft.AspNetCore.Builder.WebApplicationBuilder.Build()
   at Program.<Main>$(String[] args) in C:\Users\rolfe\git\own\Villa-Annunziata\hotelDroid\src\HotelDroid.Api\Program.cs:line 108
   at InvokeStub_Program.<Main>$(Object, Span`1)
   at System.Reflection.MethodBaseInvoker.InvokeWithOneArg(Object obj, BindingFlags invokeAttr, Binder binder, Object[] parameters, CultureInfo culture)
--- End of stack trace from previous location ---
   at Microsoft.Extensions.Hosting.HostFactoryResolver.HostingListener.CreateHost()
   at Microsoft.Extensions.Hosting.HostFactoryResolver.<>c__DisplayClass10_0.<ResolveHostFactory>b__0(String[] args)
   at Microsoft.AspNetCore.Mvc.Testing.DeferredHostBuilder.Build()
   at Microsoft.AspNetCore.Mvc.Testing.WebApplicationFactory`1.CreateHost(IHostBuilder builder)
   at Microsoft.AspNetCore.Mvc.Testing.WebApplicationFactory`1.DelegatedWebApplicationFactory.CreateHost(IHostBuilder builder)
   at Microsoft.AspNetCore.Mvc.Testing.WebApplicationFactory`1.ConfigureHostBuilder(IHostBuilder hostBuilder)
   at Microsoft.AspNetCore.Mvc.Testing.WebApplicationFactory`1.StartServer()
   at Microsoft.AspNetCore.Mvc.Testing.WebApplicationFactory`1.CreateDefaultClient(DelegatingHandler[] handlers)
   at Microsoft.AspNetCore.Mvc.Testing.WebApplicationFactory`1.CreateDefaultClient(Uri baseAddress, DelegatingHandler[] handlers)
   at Microsoft.AspNetCore.Mvc.Testing.WebApplicationFactory`1.CreateClient(WebApplicationFactoryClientOptions options)
   at Microsoft.AspNetCore.Mvc.Testing.WebApplicationFactory`1.CreateClient()
   at HotelDroid.Api.Tests.Integration.RoomsApiTests.InitializeAsync() in C:\Users\rolfe\git\own\Villa-Annunziata\hotelDroid\tests\HotelDroid.Api.Tests\Integration\RoomsApiTests.cs:line 60
----- Inner Stack Trace #1 (System.InvalidOperationException) -----
   at Microsoft.Extensions.DependencyInjection.ServiceProvider.ValidateService(ServiceDescriptor descriptor)
   at Microsoft.Extensions.DependencyInjection.ServiceProvider..ctor(ICollection`1 serviceDescriptors, ServiceProviderOptions options)
----- Inner Stack Trace -----
   at Microsoft.Extensions.DependencyInjection.ServiceLookup.CallSiteFactory.CreateArgumentCallSites(ServiceIdentifier serviceIdentifier, Type implementationType, CallSiteChain callSiteChain, ParameterInfo[] parameters, Boolean throwIfCallSiteNotFound)
   at Microsoft.Extensions.DependencyInjection.ServiceLookup.CallSiteFactory.CreateConstructorCallSite(ResultCache lifetime, ServiceIdentifier serviceIdentifier, Type implementationType, CallSiteChain callSiteChain)
   at Microsoft.Extensions.DependencyInjection.ServiceLookup.CallSiteFactory.CreateExact(ServiceDescriptor descriptor, ServiceIdentifier serviceIdentifier, CallSiteChain callSiteChain, Int32 slot)
   at Microsoft.Extensions.DependencyInjection.ServiceLookup.CallSiteFactory.GetCallSite(ServiceDescriptor serviceDescriptor, CallSiteChain callSiteChain)
   at Microsoft.Extensions.DependencyInjection.ServiceProvider.ValidateService(ServiceDescriptor descriptor)
----- Inner Stack Trace #2 (System.InvalidOperationException) -----
   at Microsoft.Extensions.DependencyInjection.ServiceProvider.ValidateService(ServiceDescriptor descriptor)
   at Microsoft.Extensions.DependencyInjection.ServiceProvider..ctor(ICollection`1 serviceDescriptors, ServiceProviderOptions options)
----- Inner Stack Trace -----
   at Microsoft.Extensions.DependencyInjection.ServiceLookup.CallSiteFactory.CreateArgumentCallSites(ServiceIdentifier serviceIdentifier, Type implementationType, CallSiteChain callSiteChain, ParameterInfo[] parameters, Boolean throwIfCallSiteNotFound)
   at Microsoft.Extensions.DependencyInjection.ServiceLookup.CallSiteFactory.CreateConstructorCallSite(ResultCache lifetime, ServiceIdentifier serviceIdentifier, Type implementationType, CallSiteChain callSiteChain)
   at Microsoft.Extensions.DependencyInjection.ServiceLookup.CallSiteFactory.CreateExact(ServiceDescriptor descriptor, ServiceIdentifier serviceIdentifier, CallSiteChain callSiteChain, Int32 slot)
   at Microsoft.Extensions.DependencyInjection.ServiceLookup.CallSiteFactory.GetCallSite(ServiceDescriptor serviceDescriptor, CallSiteChain callSiteChain)
   at Microsoft.Extensions.DependencyInjection.ServiceProvider.ValidateService(ServiceDescriptor descriptor)
----- Inner Stack Trace #3 (System.InvalidOperationException) -----
   at Microsoft.Extensions.DependencyInjection.ServiceProvider.ValidateService(ServiceDescriptor descriptor)
   at Microsoft.Extensions.DependencyInjection.ServiceProvider..ctor(ICollection`1 serviceDescriptors, ServiceProviderOptions options)
----- Inner Stack Trace -----
   at Microsoft.Extensions.DependencyInjection.ServiceLookup.CallSiteFactory.CreateArgumentCallSites(ServiceIdentifier serviceIdentifier, Type implementationType, CallSiteChain callSiteChain, ParameterInfo[] parameters, Boolean throwIfCallSiteNotFound)
   at Microsoft.Extensions.DependencyInjection.ServiceLookup.CallSiteFactory.CreateConstructorCallSite(ResultCache lifetime, ServiceIdentifier serviceIdentifier, Type implementationType, CallSiteChain callSiteChain)
   at Microsoft.Extensions.DependencyInjection.ServiceLookup.CallSiteFactory.CreateExact(ServiceDescriptor descriptor, ServiceIdentifier serviceIdentifier, CallSiteChain callSiteChain, Int32 slot)
   at Microsoft.Extensions.DependencyInjection.ServiceLookup.CallSiteFactory.TryCreateExact(ServiceIdentifier serviceIdentifier, CallSiteChain callSiteChain)
   at Microsoft.Extensions.DependencyInjection.ServiceLookup.CallSiteFactory.CreateCallSite(ServiceIdentifier serviceIdentifier, CallSiteChain callSiteChain)
   at Microsoft.Extensions.DependencyInjection.ServiceLookup.CallSiteFactory.CreateArgumentCallSites(ServiceIdentifier serviceIdentifier, Type implementationType, CallSiteChain callSiteChain, ParameterInfo[] parameters, Boolean throwIfCallSiteNotFound)
   at Microsoft.Extensions.DependencyInjection.ServiceLookup.CallSiteFactory.CreateConstructorCallSite(ResultCache lifetime, ServiceIdentifier serviceIdentifier, Type implementationType, CallSiteChain callSiteChain)
   at Microsoft.Extensions.DependencyInjection.ServiceLookup.CallSiteFactory.CreateExact(ServiceDescriptor descriptor, ServiceIdentifier serviceIdentifier, CallSiteChain callSiteChain, Int32 slot)
   at Microsoft.Extensions.DependencyInjection.ServiceLookup.CallSiteFactory.GetCallSite(ServiceDescriptor serviceDescriptor, CallSiteChain callSiteChain)
   at Microsoft.Extensions.DependencyInjection.ServiceProvider.ValidateService(ServiceDescriptor descriptor)
  Failed HotelDroid.Api.Tests.Integration.RoomsApiTests.CreateRoom_WithRequiredFields_Returns201Created [1 ms]
  Error Message:
   System.AggregateException : Some services are not able to be constructed (Error while validating the service descriptor 'ServiceType: HotelDroid.Api.Services.ExportImport.IApiDistributor Lifetime: Scoped ImplementationType: HotelDroid.Api.Services.ExportImport.ApiDistributor': Unable to resolve service for type 'HotelDroid.Api.Services.IKeyValueStore' while attempting to activate 'HotelDroid.Api.Services.ExportImport.ApiDistributor'.) (Error while validating the service descriptor 'ServiceType: HotelDroid.Api.Services.ExportImport.IExportService Lifetime: Scoped ImplementationType: HotelDroid.Api.Services.ExportImport.ExportService': Unable to resolve service for type 'HotelDroid.Api.Services.IKeyValueStore' while attempting to activate 'HotelDroid.Api.Services.ExportImport.ExportService'.) (Error while validating the service descriptor 'ServiceType: HotelDroid.Api.Services.ExportImport.IImportService Lifetime: Scoped ImplementationType: HotelDroid.Api.Services.ExportImport.ImportService': Unable to resolve service for type 'HotelDroid.Api.Services.IKeyValueStore' while attempting to activate 'HotelDroid.Api.Services.ExportImport.ApiDistributor'.)
---- System.InvalidOperationException : Error while validating the service descriptor 'ServiceType: HotelDroid.Api.Services.ExportImport.IApiDistributor Lifetime: Scoped ImplementationType: HotelDroid.Api.Services.ExportImport.ApiDistributor': Unable to resolve service for type 'HotelDroid.Api.Services.IKeyValueStore' while attempting to activate 'HotelDroid.Api.Services.ExportImport.ApiDistributor'.
-------- System.InvalidOperationException : Unable to resolve service for type 'HotelDroid.Api.Services.IKeyValueStore' while attempting to activate 'HotelDroid.Api.Services.ExportImport.ApiDistributor'.
---- System.InvalidOperationException : Error while validating the service descriptor 'ServiceType: HotelDroid.Api.Services.ExportImport.IExportService Lifetime: Scoped ImplementationType: HotelDroid.Api.Services.ExportImport.ExportService': Unable to resolve service for type 'HotelDroid.Api.Services.IKeyValueStore' while attempting to activate 'HotelDroid.Api.Services.ExportImport.ExportService'.
-------- System.InvalidOperationException : Unable to resolve service for type 'HotelDroid.Api.Services.IKeyValueStore' while attempting to activate 'HotelDroid.Api.Services.ExportImport.ExportService'.
---- System.InvalidOperationException : Error while validating the service descriptor 'ServiceType: HotelDroid.Api.Services.ExportImport.IImportService Lifetime: Scoped ImplementationType: HotelDroid.Api.Services.ExportImport.ImportService': Unable to resolve service for type 'HotelDroid.Api.Services.IKeyValueStore' while attempting to activate 'HotelDroid.Api.Services.ExportImport.ApiDistributor'.
-------- System.InvalidOperationException : Unable to resolve service for type 'HotelDroid.Api.Services.IKeyValueStore' while attempting to activate 'HotelDroid.Api.Services.ExportImport.ApiDistributor'.
  Stack Trace:
     at Microsoft.Extensions.DependencyInjection.ServiceProvider..ctor(ICollection`1 serviceDescriptors, ServiceProviderOptions options)
   at Microsoft.Extensions.DependencyInjection.ServiceCollectionContainerBuilderExtensions.BuildServiceProvider(IServiceCollection services, ServiceProviderOptions options)
   at Microsoft.Extensions.Hosting.HostApplicationBuilder.Build()
   at Microsoft.AspNetCore.Builder.WebApplicationBuilder.Build()
   at Program.<Main>$(String[] args) in C:\Users\rolfe\git\own\Villa-Annunziata\hotelDroid\src\HotelDroid.Api\Program.cs:line 108
   at InvokeStub_Program.<Main>$(Object, Span`1)
   at System.Reflection.MethodBaseInvoker.InvokeWithOneArg(Object obj, BindingFlags invokeAttr, Binder binder, Object[] parameters, CultureInfo culture)
--- End of stack trace from previous location ---
   at Microsoft.Extensions.Hosting.HostFactoryResolver.HostingListener.CreateHost()
   at Microsoft.Extensions.Hosting.HostFactoryResolver.<>c__DisplayClass10_0.<ResolveHostFactory>b__0(String[] args)
   at Microsoft.AspNetCore.Mvc.Testing.DeferredHostBuilder.Build()
   at Microsoft.AspNetCore.Mvc.Testing.WebApplicationFactory`1.CreateHost(IHostBuilder builder)
   at Microsoft.AspNetCore.Mvc.Testing.WebApplicationFactory`1.DelegatedWebApplicationFactory.CreateHost(IHostBuilder builder)
   at Microsoft.AspNetCore.Mvc.Testing.WebApplicationFactory`1.ConfigureHostBuilder(IHostBuilder hostBuilder)
   at Microsoft.AspNetCore.Mvc.Testing.WebApplicationFactory`1.StartServer()
   at Microsoft.AspNetCore.Mvc.Testing.WebApplicationFactory`1.CreateDefaultClient(DelegatingHandler[] handlers)
   at Microsoft.AspNetCore.Mvc.Testing.WebApplicationFactory`1.CreateDefaultClient(Uri baseAddress, DelegatingHandler[] handlers)
   at Microsoft.AspNetCore.Mvc.Testing.WebApplicationFactory`1.CreateClient(WebApplicationFactoryClientOptions options)
   at Microsoft.AspNetCore.Mvc.Testing.WebApplicationFactory`1.CreateClient()
   at HotelDroid.Api.Tests.Integration.RoomsApiTests.InitializeAsync() in C:\Users\rolfe\git\own\Villa-Annunziata\hotelDroid\tests\HotelDroid.Api.Tests\Integration\RoomsApiTests.cs:line 60
----- Inner Stack Trace #1 (System.InvalidOperationException) -----
   at Microsoft.Extensions.DependencyInjection.ServiceProvider.ValidateService(ServiceDescriptor descriptor)
   at Microsoft.Extensions.DependencyInjection.ServiceProvider..ctor(ICollection`1 serviceDescriptors, ServiceProviderOptions options)
----- Inner Stack Trace -----
   at Microsoft.Extensions.DependencyInjection.ServiceLookup.CallSiteFactory.CreateArgumentCallSites(ServiceIdentifier serviceIdentifier, Type implementationType, CallSiteChain callSiteChain, ParameterInfo[] parameters, Boolean throwIfCallSiteNotFound)
   at Microsoft.Extensions.DependencyInjection.ServiceLookup.CallSiteFactory.CreateConstructorCallSite(ResultCache lifetime, ServiceIdentifier serviceIdentifier, Type implementationType, CallSiteChain callSiteChain)
   at Microsoft.Extensions.DependencyInjection.ServiceLookup.CallSiteFactory.CreateExact(ServiceDescriptor descriptor, ServiceIdentifier serviceIdentifier, CallSiteChain callSiteChain, Int32 slot)
   at Microsoft.Extensions.DependencyInjection.ServiceLookup.CallSiteFactory.GetCallSite(ServiceDescriptor serviceDescriptor, CallSiteChain callSiteChain)
   at Microsoft.Extensions.DependencyInjection.ServiceProvider.ValidateService(ServiceDescriptor descriptor)
----- Inner Stack Trace #2 (System.InvalidOperationException) -----
   at Microsoft.Extensions.DependencyInjection.ServiceProvider.ValidateService(ServiceDescriptor descriptor)
   at Microsoft.Extensions.DependencyInjection.ServiceProvider..ctor(ICollection`1 serviceDescriptors, ServiceProviderOptions options)
----- Inner Stack Trace -----
   at Microsoft.Extensions.DependencyInjection.ServiceLookup.CallSiteFactory.CreateArgumentCallSites(ServiceIdentifier serviceIdentifier, Type implementationType, CallSiteChain callSiteChain, ParameterInfo[] parameters, Boolean throwIfCallSiteNotFound)
   at Microsoft.Extensions.DependencyInjection.ServiceLookup.CallSiteFactory.CreateConstructorCallSite(ResultCache lifetime, ServiceIdentifier serviceIdentifier, Type implementationType, CallSiteChain callSiteChain)
   at Microsoft.Extensions.DependencyInjection.ServiceLookup.CallSiteFactory.CreateExact(ServiceDescriptor descriptor, ServiceIdentifier serviceIdentifier, CallSiteChain callSiteChain, Int32 slot)
   at Microsoft.Extensions.DependencyInjection.ServiceLookup.CallSiteFactory.GetCallSite(ServiceDescriptor serviceDescriptor, CallSiteChain callSiteChain)
   at Microsoft.Extensions.DependencyInjection.ServiceProvider.ValidateService(ServiceDescriptor descriptor)
----- Inner Stack Trace #3 (System.InvalidOperationException) -----
   at Microsoft.Extensions.DependencyInjection.ServiceProvider.ValidateService(ServiceDescriptor descriptor)
   at Microsoft.Extensions.DependencyInjection.ServiceProvider..ctor(ICollection`1 serviceDescriptors, ServiceProviderOptions options)
----- Inner Stack Trace -----
   at Microsoft.Extensions.DependencyInjection.ServiceLookup.CallSiteFactory.CreateArgumentCallSites(ServiceIdentifier serviceIdentifier, Type implementationType, CallSiteChain callSiteChain, ParameterInfo[] parameters, Boolean throwIfCallSiteNotFound)
   at Microsoft.Extensions.DependencyInjection.ServiceLookup.CallSiteFactory.CreateConstructorCallSite(ResultCache lifetime, ServiceIdentifier serviceIdentifier, Type implementationType, CallSiteChain callSiteChain)
   at Microsoft.Extensions.DependencyInjection.ServiceLookup.CallSiteFactory.CreateExact(ServiceDescriptor descriptor, ServiceIdentifier serviceIdentifier, CallSiteChain callSiteChain, Int32 slot)
   at Microsoft.Extensions.DependencyInjection.ServiceLookup.CallSiteFactory.TryCreateExact(ServiceIdentifier serviceIdentifier, CallSiteChain callSiteChain)
   at Microsoft.Extensions.DependencyInjection.ServiceLookup.CallSiteFactory.CreateCallSite(ServiceIdentifier serviceIdentifier, CallSiteChain callSiteChain)
   at Microsoft.Extensions.DependencyInjection.ServiceLookup.CallSiteFactory.CreateArgumentCallSites(ServiceIdentifier serviceIdentifier, Type implementationType, CallSiteChain callSiteChain, ParameterInfo[] parameters, Boolean throwIfCallSiteNotFound)
   at Microsoft.Extensions.DependencyInjection.ServiceLookup.CallSiteFactory.CreateConstructorCallSite(ResultCache lifetime, ServiceIdentifier serviceIdentifier, Type implementationType, CallSiteChain callSiteChain)
   at Microsoft.Extensions.DependencyInjection.ServiceLookup.CallSiteFactory.CreateExact(ServiceDescriptor descriptor, ServiceIdentifier serviceIdentifier, CallSiteChain callSiteChain, Int32 slot)
   at Microsoft.Extensions.DependencyInjection.ServiceLookup.CallSiteFactory.GetCallSite(ServiceDescriptor serviceDescriptor, CallSiteChain callSiteChain)
   at Microsoft.Extensions.DependencyInjection.ServiceProvider.ValidateService(ServiceDescriptor descriptor)
  Failed HotelDroid.Api.Tests.Integration.RoomsApiTests.PriorityOrder_MultipleRooms_AreDistinct [1 ms]
  Error Message:
   System.AggregateException : Some services are not able to be constructed (Error while validating the service descriptor 'ServiceType: HotelDroid.Api.Services.ExportImport.IApiDistributor Lifetime: Scoped ImplementationType: HotelDroid.Api.Services.ExportImport.ApiDistributor': Unable to resolve service for type 'HotelDroid.Api.Services.IKeyValueStore' while attempting to activate 'HotelDroid.Api.Services.ExportImport.ApiDistributor'.) (Error while validating the service descriptor 'ServiceType: HotelDroid.Api.Services.ExportImport.IExportService Lifetime: Scoped ImplementationType: HotelDroid.Api.Services.ExportImport.ExportService': Unable to resolve service for type 'HotelDroid.Api.Services.IKeyValueStore' while attempting to activate 'HotelDroid.Api.Services.ExportImport.ExportService'.) (Error while validating the service descriptor 'ServiceType: HotelDroid.Api.Services.ExportImport.IImportService Lifetime: Scoped ImplementationType: HotelDroid.Api.Services.ExportImport.ImportService': Unable to resolve service for type 'HotelDroid.Api.Services.IKeyValueStore' while attempting to activate 'HotelDroid.Api.Services.ExportImport.ApiDistributor'.)
---- System.InvalidOperationException : Error while validating the service descriptor 'ServiceType: HotelDroid.Api.Services.ExportImport.IApiDistributor Lifetime: Scoped ImplementationType: HotelDroid.Api.Services.ExportImport.ApiDistributor': Unable to resolve service for type 'HotelDroid.Api.Services.IKeyValueStore' while attempting to activate 'HotelDroid.Api.Services.ExportImport.ApiDistributor'.
-------- System.InvalidOperationException : Unable to resolve service for type 'HotelDroid.Api.Services.IKeyValueStore' while attempting to activate 'HotelDroid.Api.Services.ExportImport.ApiDistributor'.
---- System.InvalidOperationException : Error while validating the service descriptor 'ServiceType: HotelDroid.Api.Services.ExportImport.IExportService Lifetime: Scoped ImplementationType: HotelDroid.Api.Services.ExportImport.ExportService': Unable to resolve service for type 'HotelDroid.Api.Services.IKeyValueStore' while attempting to activate 'HotelDroid.Api.Services.ExportImport.ExportService'.
-------- System.InvalidOperationException : Unable to resolve service for type 'HotelDroid.Api.Services.IKeyValueStore' while attempting to activate 'HotelDroid.Api.Services.ExportImport.ExportService'.
---- System.InvalidOperationException : Error while validating the service descriptor 'ServiceType: HotelDroid.Api.Services.ExportImport.IImportService Lifetime: Scoped ImplementationType: HotelDroid.Api.Services.ExportImport.ImportService': Unable to resolve service for type 'HotelDroid.Api.Services.IKeyValueStore' while attempting to activate 'HotelDroid.Api.Services.ExportImport.ApiDistributor'.
-------- System.InvalidOperationException : Unable to resolve service for type 'HotelDroid.Api.Services.IKeyValueStore' while attempting to activate 'HotelDroid.Api.Services.ExportImport.ApiDistributor'.
  Stack Trace:
     at Microsoft.Extensions.DependencyInjection.ServiceProvider..ctor(ICollection`1 serviceDescriptors, ServiceProviderOptions options)
   at Microsoft.Extensions.DependencyInjection.ServiceCollectionContainerBuilderExtensions.BuildServiceProvider(IServiceCollection services, ServiceProviderOptions options)
   at Microsoft.Extensions.Hosting.HostApplicationBuilder.Build()
   at Microsoft.AspNetCore.Builder.WebApplicationBuilder.Build()
   at Program.<Main>$(String[] args) in C:\Users\rolfe\git\own\Villa-Annunziata\hotelDroid\src\HotelDroid.Api\Program.cs:line 108
   at InvokeStub_Program.<Main>$(Object, Span`1)
   at System.Reflection.MethodBaseInvoker.InvokeWithOneArg(Object obj, BindingFlags invokeAttr, Binder binder, Object[] parameters, CultureInfo culture)
--- End of stack trace from previous location ---
   at Microsoft.Extensions.Hosting.HostFactoryResolver.HostingListener.CreateHost()
   at Microsoft.Extensions.Hosting.HostFactoryResolver.<>c__DisplayClass10_0.<ResolveHostFactory>b__0(String[] args)
   at Microsoft.AspNetCore.Mvc.Testing.DeferredHostBuilder.Build()
   at Microsoft.AspNetCore.Mvc.Testing.WebApplicationFactory`1.CreateHost(IHostBuilder builder)
   at Microsoft.AspNetCore.Mvc.Testing.WebApplicationFactory`1.DelegatedWebApplicationFactory.CreateHost(IHostBuilder builder)
   at Microsoft.AspNetCore.Mvc.Testing.WebApplicationFactory`1.ConfigureHostBuilder(IHostBuilder hostBuilder)
   at Microsoft.AspNetCore.Mvc.Testing.WebApplicationFactory`1.StartServer()
   at Microsoft.AspNetCore.Mvc.Testing.WebApplicationFactory`1.CreateDefaultClient(DelegatingHandler[] handlers)
   at Microsoft.AspNetCore.Mvc.Testing.WebApplicationFactory`1.CreateDefaultClient(Uri baseAddress, DelegatingHandler[] handlers)
   at Microsoft.AspNetCore.Mvc.Testing.WebApplicationFactory`1.CreateClient(WebApplicationFactoryClientOptions options)
   at Microsoft.AspNetCore.Mvc.Testing.WebApplicationFactory`1.CreateClient()
   at HotelDroid.Api.Tests.Integration.RoomsApiTests.InitializeAsync() in C:\Users\rolfe\git\own\Villa-Annunziata\hotelDroid\tests\HotelDroid.Api.Tests\Integration\RoomsApiTests.cs:line 60
----- Inner Stack Trace #1 (System.InvalidOperationException) -----
   at Microsoft.Extensions.DependencyInjection.ServiceProvider.ValidateService(ServiceDescriptor descriptor)
   at Microsoft.Extensions.DependencyInjection.ServiceProvider..ctor(ICollection`1 serviceDescriptors, ServiceProviderOptions options)
----- Inner Stack Trace -----
   at Microsoft.Extensions.DependencyInjection.ServiceLookup.CallSiteFactory.CreateArgumentCallSites(ServiceIdentifier serviceIdentifier, Type implementationType, CallSiteChain callSiteChain, ParameterInfo[] parameters, Boolean throwIfCallSiteNotFound)
   at Microsoft.Extensions.DependencyInjection.ServiceLookup.CallSiteFactory.CreateConstructorCallSite(ResultCache lifetime, ServiceIdentifier serviceIdentifier, Type implementationType, CallSiteChain callSiteChain)
   at Microsoft.Extensions.DependencyInjection.ServiceLookup.CallSiteFactory.CreateExact(ServiceDescriptor descriptor, ServiceIdentifier serviceIdentifier, CallSiteChain callSiteChain, Int32 slot)
   at Microsoft.Extensions.DependencyInjection.ServiceLookup.CallSiteFactory.GetCallSite(ServiceDescriptor serviceDescriptor, CallSiteChain callSiteChain)
   at Microsoft.Extensions.DependencyInjection.ServiceProvider.ValidateService(ServiceDescriptor descriptor)
----- Inner Stack Trace #2 (System.InvalidOperationException) -----
   at Microsoft.Extensions.DependencyInjection.ServiceProvider.ValidateService(ServiceDescriptor descriptor)
   at Microsoft.Extensions.DependencyInjection.ServiceProvider..ctor(ICollection`1 serviceDescriptors, ServiceProviderOptions options)
----- Inner Stack Trace -----
   at Microsoft.Extensions.DependencyInjection.ServiceLookup.CallSiteFactory.CreateArgumentCallSites(ServiceIdentifier serviceIdentifier, Type implementationType, CallSiteChain callSiteChain, ParameterInfo[] parameters, Boolean throwIfCallSiteNotFound)
   at Microsoft.Extensions.DependencyInjection.ServiceLookup.CallSiteFactory.CreateConstructorCallSite(ResultCache lifetime, ServiceIdentifier serviceIdentifier, Type implementationType, CallSiteChain callSiteChain)
   at Microsoft.Extensions.DependencyInjection.ServiceLookup.CallSiteFactory.CreateExact(ServiceDescriptor descriptor, ServiceIdentifier serviceIdentifier, CallSiteChain callSiteChain, Int32 slot)
   at Microsoft.Extensions.DependencyInjection.ServiceLookup.CallSiteFactory.GetCallSite(ServiceDescriptor serviceDescriptor, CallSiteChain callSiteChain)
   at Microsoft.Extensions.DependencyInjection.ServiceProvider.ValidateService(ServiceDescriptor descriptor)
----- Inner Stack Trace #3 (System.InvalidOperationException) -----
   at Microsoft.Extensions.DependencyInjection.ServiceProvider.ValidateService(ServiceDescriptor descriptor)
   at Microsoft.Extensions.DependencyInjection.ServiceProvider..ctor(ICollection`1 serviceDescriptors, ServiceProviderOptions options)
----- Inner Stack Trace -----
   at Microsoft.Extensions.DependencyInjection.ServiceLookup.CallSiteFactory.CreateArgumentCallSites(ServiceIdentifier serviceIdentifier, Type implementationType, CallSiteChain callSiteChain, ParameterInfo[] parameters, Boolean throwIfCallSiteNotFound)
   at Microsoft.Extensions.DependencyInjection.ServiceLookup.CallSiteFactory.CreateConstructorCallSite(ResultCache lifetime, ServiceIdentifier serviceIdentifier, Type implementationType, CallSiteChain callSiteChain)
   at Microsoft.Extensions.DependencyInjection.ServiceLookup.CallSiteFactory.CreateExact(ServiceDescriptor descriptor, ServiceIdentifier serviceIdentifier, CallSiteChain callSiteChain, Int32 slot)
   at Microsoft.Extensions.DependencyInjection.ServiceLookup.CallSiteFactory.TryCreateExact(ServiceIdentifier serviceIdentifier, CallSiteChain callSiteChain)
   at Microsoft.Extensions.DependencyInjection.ServiceLookup.CallSiteFactory.CreateCallSite(ServiceIdentifier serviceIdentifier, CallSiteChain callSiteChain)
   at Microsoft.Extensions.DependencyInjection.ServiceLookup.CallSiteFactory.CreateArgumentCallSites(ServiceIdentifier serviceIdentifier, Type implementationType, CallSiteChain callSiteChain, ParameterInfo[] parameters, Boolean throwIfCallSiteNotFound)
   at Microsoft.Extensions.DependencyInjection.ServiceLookup.CallSiteFactory.CreateConstructorCallSite(ResultCache lifetime, ServiceIdentifier serviceIdentifier, Type implementationType, CallSiteChain callSiteChain)
   at Microsoft.Extensions.DependencyInjection.ServiceLookup.CallSiteFactory.CreateExact(ServiceDescriptor descriptor, ServiceIdentifier serviceIdentifier, CallSiteChain callSiteChain, Int32 slot)
   at Microsoft.Extensions.DependencyInjection.ServiceLookup.CallSiteFactory.GetCallSite(ServiceDescriptor serviceDescriptor, CallSiteChain callSiteChain)
   at Microsoft.Extensions.DependencyInjection.ServiceProvider.ValidateService(ServiceDescriptor descriptor)
[xUnit.net 00:00:00.74]     HotelDroid.Api.Tests.Integration.RoomsApiTests.RoomOperations_PreservesDataIntegrity [FAIL]
[xUnit.net 00:00:00.75]     HotelDroid.Api.Tests.Integration.RoomsApiTests.ListRooms_Returns200Ok [FAIL]
[xUnit.net 00:00:00.76]     HotelDroid.Api.Tests.Integration.RoomsApiTests.GetRoom_ByName_Returns200Ok [FAIL]
[xUnit.net 00:00:00.78]     HotelDroid.Api.Tests.Integration.RoomsApiTests.UpdateRoom_WithNewData_Returns200Ok [FAIL]
[xUnit.net 00:00:00.80]     HotelDroid.Api.Tests.Integration.RoomsApiTests.SecondaryPriority_BedAssignment_Works [FAIL]
  Failed HotelDroid.Api.Tests.Integration.RoomsApiTests.RoomOperations_PreservesDataIntegrity [1 ms]
  Error Message:
   System.AggregateException : Some services are not able to be constructed (Error while validating the service descriptor 'ServiceType: HotelDroid.Api.Services.ExportImport.IApiDistributor Lifetime: Scoped ImplementationType: HotelDroid.Api.Services.ExportImport.ApiDistributor': Unable to resolve service for type 'HotelDroid.Api.Services.IKeyValueStore' while attempting to activate 'HotelDroid.Api.Services.ExportImport.ApiDistributor'.) (Error while validating the service descriptor 'ServiceType: HotelDroid.Api.Services.ExportImport.IExportService Lifetime: Scoped ImplementationType: HotelDroid.Api.Services.ExportImport.ExportService': Unable to resolve service for type 'HotelDroid.Api.Services.IKeyValueStore' while attempting to activate 'HotelDroid.Api.Services.ExportImport.ExportService'.) (Error while validating the service descriptor 'ServiceType: HotelDroid.Api.Services.ExportImport.IImportService Lifetime: Scoped ImplementationType: HotelDroid.Api.Services.ExportImport.ImportService': Unable to resolve service for type 'HotelDroid.Api.Services.IKeyValueStore' while attempting to activate 'HotelDroid.Api.Services.ExportImport.ApiDistributor'.)
---- System.InvalidOperationException : Error while validating the service descriptor 'ServiceType: HotelDroid.Api.Services.ExportImport.IApiDistributor Lifetime: Scoped ImplementationType: HotelDroid.Api.Services.ExportImport.ApiDistributor': Unable to resolve service for type 'HotelDroid.Api.Services.IKeyValueStore' while attempting to activate 'HotelDroid.Api.Services.ExportImport.ApiDistributor'.
-------- System.InvalidOperationException : Unable to resolve service for type 'HotelDroid.Api.Services.IKeyValueStore' while attempting to activate 'HotelDroid.Api.Services.ExportImport.ApiDistributor'.
---- System.InvalidOperationException : Error while validating the service descriptor 'ServiceType: HotelDroid.Api.Services.ExportImport.IExportService Lifetime: Scoped ImplementationType: HotelDroid.Api.Services.ExportImport.ExportService': Unable to resolve service for type 'HotelDroid.Api.Services.IKeyValueStore' while attempting to activate 'HotelDroid.Api.Services.ExportImport.ExportService'.
-------- System.InvalidOperationException : Unable to resolve service for type 'HotelDroid.Api.Services.IKeyValueStore' while attempting to activate 'HotelDroid.Api.Services.ExportImport.ExportService'.
---- System.InvalidOperationException : Error while validating the service descriptor 'ServiceType: HotelDroid.Api.Services.ExportImport.IImportService Lifetime: Scoped ImplementationType: HotelDroid.Api.Services.ExportImport.ImportService': Unable to resolve service for type 'HotelDroid.Api.Services.IKeyValueStore' while attempting to activate 'HotelDroid.Api.Services.ExportImport.ApiDistributor'.
-------- System.InvalidOperationException : Unable to resolve service for type 'HotelDroid.Api.Services.IKeyValueStore' while attempting to activate 'HotelDroid.Api.Services.ExportImport.ApiDistributor'.
  Stack Trace:
     at Microsoft.Extensions.DependencyInjection.ServiceProvider..ctor(ICollection`1 serviceDescriptors, ServiceProviderOptions options)
   at Microsoft.Extensions.DependencyInjection.ServiceCollectionContainerBuilderExtensions.BuildServiceProvider(IServiceCollection services, ServiceProviderOptions options)
   at Microsoft.Extensions.Hosting.HostApplicationBuilder.Build()
   at Microsoft.AspNetCore.Builder.WebApplicationBuilder.Build()
   at Program.<Main>$(String[] args) in C:\Users\rolfe\git\own\Villa-Annunziata\hotelDroid\src\HotelDroid.Api\Program.cs:line 108
   at InvokeStub_Program.<Main>$(Object, Span`1)
   at System.Reflection.MethodBaseInvoker.InvokeWithOneArg(Object obj, BindingFlags invokeAttr, Binder binder, Object[] parameters, CultureInfo culture)
--- End of stack trace from previous location ---
   at Microsoft.Extensions.Hosting.HostFactoryResolver.HostingListener.CreateHost()
   at Microsoft.Extensions.Hosting.HostFactoryResolver.<>c__DisplayClass10_0.<ResolveHostFactory>b__0(String[] args)
   at Microsoft.AspNetCore.Mvc.Testing.DeferredHostBuilder.Build()
   at Microsoft.AspNetCore.Mvc.Testing.WebApplicationFactory`1.CreateHost(IHostBuilder builder)
   at Microsoft.AspNetCore.Mvc.Testing.WebApplicationFactory`1.DelegatedWebApplicationFactory.CreateHost(IHostBuilder builder)
   at Microsoft.AspNetCore.Mvc.Testing.WebApplicationFactory`1.ConfigureHostBuilder(IHostBuilder hostBuilder)
   at Microsoft.AspNetCore.Mvc.Testing.WebApplicationFactory`1.StartServer()
   at Microsoft.AspNetCore.Mvc.Testing.WebApplicationFactory`1.CreateDefaultClient(DelegatingHandler[] handlers)
   at Microsoft.AspNetCore.Mvc.Testing.WebApplicationFactory`1.CreateDefaultClient(Uri baseAddress, DelegatingHandler[] handlers)
   at Microsoft.AspNetCore.Mvc.Testing.WebApplicationFactory`1.CreateClient(WebApplicationFactoryClientOptions options)
   at Microsoft.AspNetCore.Mvc.Testing.WebApplicationFactory`1.CreateClient()
   at HotelDroid.Api.Tests.Integration.RoomsApiTests.InitializeAsync() in C:\Users\rolfe\git\own\Villa-Annunziata\hotelDroid\tests\HotelDroid.Api.Tests\Integration\RoomsApiTests.cs:line 60
----- Inner Stack Trace #1 (System.InvalidOperationException) -----
   at Microsoft.Extensions.DependencyInjection.ServiceProvider.ValidateService(ServiceDescriptor descriptor)
   at Microsoft.Extensions.DependencyInjection.ServiceProvider..ctor(ICollection`1 serviceDescriptors, ServiceProviderOptions options)
----- Inner Stack Trace -----
   at Microsoft.Extensions.DependencyInjection.ServiceLookup.CallSiteFactory.CreateArgumentCallSites(ServiceIdentifier serviceIdentifier, Type implementationType, CallSiteChain callSiteChain, ParameterInfo[] parameters, Boolean throwIfCallSiteNotFound)
   at Microsoft.Extensions.DependencyInjection.ServiceLookup.CallSiteFactory.CreateConstructorCallSite(ResultCache lifetime, ServiceIdentifier serviceIdentifier, Type implementationType, CallSiteChain callSiteChain)
   at Microsoft.Extensions.DependencyInjection.ServiceLookup.CallSiteFactory.CreateExact(ServiceDescriptor descriptor, ServiceIdentifier serviceIdentifier, CallSiteChain callSiteChain, Int32 slot)
   at Microsoft.Extensions.DependencyInjection.ServiceLookup.CallSiteFactory.GetCallSite(ServiceDescriptor serviceDescriptor, CallSiteChain callSiteChain)
   at Microsoft.Extensions.DependencyInjection.ServiceProvider.ValidateService(ServiceDescriptor descriptor)
----- Inner Stack Trace #2 (System.InvalidOperationException) -----
   at Microsoft.Extensions.DependencyInjection.ServiceProvider.ValidateService(ServiceDescriptor descriptor)
   at Microsoft.Extensions.DependencyInjection.ServiceProvider..ctor(ICollection`1 serviceDescriptors, ServiceProviderOptions options)
----- Inner Stack Trace -----
   at Microsoft.Extensions.DependencyInjection.ServiceLookup.CallSiteFactory.CreateArgumentCallSites(ServiceIdentifier serviceIdentifier, Type implementationType, CallSiteChain callSiteChain, ParameterInfo[] parameters, Boolean throwIfCallSiteNotFound)
   at Microsoft.Extensions.DependencyInjection.ServiceLookup.CallSiteFactory.CreateConstructorCallSite(ResultCache lifetime, ServiceIdentifier serviceIdentifier, Type implementationType, CallSiteChain callSiteChain)
   at Microsoft.Extensions.DependencyInjection.ServiceLookup.CallSiteFactory.CreateExact(ServiceDescriptor descriptor, ServiceIdentifier serviceIdentifier, CallSiteChain callSiteChain, Int32 slot)
   at Microsoft.Extensions.DependencyInjection.ServiceLookup.CallSiteFactory.GetCallSite(ServiceDescriptor serviceDescriptor, CallSiteChain callSiteChain)
   at Microsoft.Extensions.DependencyInjection.ServiceProvider.ValidateService(ServiceDescriptor descriptor)
----- Inner Stack Trace #3 (System.InvalidOperationException) -----
   at Microsoft.Extensions.DependencyInjection.ServiceProvider.ValidateService(ServiceDescriptor descriptor)
   at Microsoft.Extensions.DependencyInjection.ServiceProvider..ctor(ICollection`1 serviceDescriptors, ServiceProviderOptions options)
----- Inner Stack Trace -----
   at Microsoft.Extensions.DependencyInjection.ServiceLookup.CallSiteFactory.CreateArgumentCallSites(ServiceIdentifier serviceIdentifier, Type implementationType, CallSiteChain callSiteChain, ParameterInfo[] parameters, Boolean throwIfCallSiteNotFound)
   at Microsoft.Extensions.DependencyInjection.ServiceLookup.CallSiteFactory.CreateConstructorCallSite(ResultCache lifetime, ServiceIdentifier serviceIdentifier, Type implementationType, CallSiteChain callSiteChain)
   at Microsoft.Extensions.DependencyInjection.ServiceLookup.CallSiteFactory.CreateExact(ServiceDescriptor descriptor, ServiceIdentifier serviceIdentifier, CallSiteChain callSiteChain, Int32 slot)
   at Microsoft.Extensions.DependencyInjection.ServiceLookup.CallSiteFactory.TryCreateExact(ServiceIdentifier serviceIdentifier, CallSiteChain callSiteChain)
   at Microsoft.Extensions.DependencyInjection.ServiceLookup.CallSiteFactory.CreateCallSite(ServiceIdentifier serviceIdentifier, CallSiteChain callSiteChain)
   at Microsoft.Extensions.DependencyInjection.ServiceLookup.CallSiteFactory.CreateArgumentCallSites(ServiceIdentifier serviceIdentifier, Type implementationType, CallSiteChain callSiteChain, ParameterInfo[] parameters, Boolean throwIfCallSiteNotFound)
   at Microsoft.Extensions.DependencyInjection.ServiceLookup.CallSiteFactory.CreateConstructorCallSite(ResultCache lifetime, ServiceIdentifier serviceIdentifier, Type implementationType, CallSiteChain callSiteChain)
   at Microsoft.Extensions.DependencyInjection.ServiceLookup.CallSiteFactory.CreateExact(ServiceDescriptor descriptor, ServiceIdentifier serviceIdentifier, CallSiteChain callSiteChain, Int32 slot)
   at Microsoft.Extensions.DependencyInjection.ServiceLookup.CallSiteFactory.GetCallSite(ServiceDescriptor serviceDescriptor, CallSiteChain callSiteChain)
   at Microsoft.Extensions.DependencyInjection.ServiceProvider.ValidateService(ServiceDescriptor descriptor)
  Failed HotelDroid.Api.Tests.Integration.RoomsApiTests.ListRooms_Returns200Ok [1 ms]
  Error Message:
   System.AggregateException : Some services are not able to be constructed (Error while validating the service descriptor 'ServiceType: HotelDroid.Api.Services.ExportImport.IApiDistributor Lifetime: Scoped ImplementationType: HotelDroid.Api.Services.ExportImport.ApiDistributor': Unable to resolve service for type 'HotelDroid.Api.Services.IKeyValueStore' while attempting to activate 'HotelDroid.Api.Services.ExportImport.ApiDistributor'.) (Error while validating the service descriptor 'ServiceType: HotelDroid.Api.Services.ExportImport.IExportService Lifetime: Scoped ImplementationType: HotelDroid.Api.Services.ExportImport.ExportService': Unable to resolve service for type 'HotelDroid.Api.Services.IKeyValueStore' while attempting to activate 'HotelDroid.Api.Services.ExportImport.ExportService'.) (Error while validating the service descriptor 'ServiceType: HotelDroid.Api.Services.ExportImport.IImportService Lifetime: Scoped ImplementationType: HotelDroid.Api.Services.ExportImport.ImportService': Unable to resolve service for type 'HotelDroid.Api.Services.IKeyValueStore' while attempting to activate 'HotelDroid.Api.Services.ExportImport.ApiDistributor'.)
---- System.InvalidOperationException : Error while validating the service descriptor 'ServiceType: HotelDroid.Api.Services.ExportImport.IApiDistributor Lifetime: Scoped ImplementationType: HotelDroid.Api.Services.ExportImport.ApiDistributor': Unable to resolve service for type 'HotelDroid.Api.Services.IKeyValueStore' while attempting to activate 'HotelDroid.Api.Services.ExportImport.ApiDistributor'.
-------- System.InvalidOperationException : Unable to resolve service for type 'HotelDroid.Api.Services.IKeyValueStore' while attempting to activate 'HotelDroid.Api.Services.ExportImport.ApiDistributor'.
---- System.InvalidOperationException : Error while validating the service descriptor 'ServiceType: HotelDroid.Api.Services.ExportImport.IExportService Lifetime: Scoped ImplementationType: HotelDroid.Api.Services.ExportImport.ExportService': Unable to resolve service for type 'HotelDroid.Api.Services.IKeyValueStore' while attempting to activate 'HotelDroid.Api.Services.ExportImport.ExportService'.
-------- System.InvalidOperationException : Unable to resolve service for type 'HotelDroid.Api.Services.IKeyValueStore' while attempting to activate 'HotelDroid.Api.Services.ExportImport.ExportService'.
---- System.InvalidOperationException : Error while validating the service descriptor 'ServiceType: HotelDroid.Api.Services.ExportImport.IImportService Lifetime: Scoped ImplementationType: HotelDroid.Api.Services.ExportImport.ImportService': Unable to resolve service for type 'HotelDroid.Api.Services.IKeyValueStore' while attempting to activate 'HotelDroid.Api.Services.ExportImport.ApiDistributor'.
-------- System.InvalidOperationException : Unable to resolve service for type 'HotelDroid.Api.Services.IKeyValueStore' while attempting to activate 'HotelDroid.Api.Services.ExportImport.ApiDistributor'.
  Stack Trace:
     at Microsoft.Extensions.DependencyInjection.ServiceProvider..ctor(ICollection`1 serviceDescriptors, ServiceProviderOptions options)
   at Microsoft.Extensions.DependencyInjection.ServiceCollectionContainerBuilderExtensions.BuildServiceProvider(IServiceCollection services, ServiceProviderOptions options)
   at Microsoft.Extensions.Hosting.HostApplicationBuilder.Build()
   at Microsoft.AspNetCore.Builder.WebApplicationBuilder.Build()
   at Program.<Main>$(String[] args) in C:\Users\rolfe\git\own\Villa-Annunziata\hotelDroid\src\HotelDroid.Api\Program.cs:line 108
   at InvokeStub_Program.<Main>$(Object, Span`1)
   at System.Reflection.MethodBaseInvoker.InvokeWithOneArg(Object obj, BindingFlags invokeAttr, Binder binder, Object[] parameters, CultureInfo culture)
--- End of stack trace from previous location ---
   at Microsoft.Extensions.Hosting.HostFactoryResolver.HostingListener.CreateHost()
   at Microsoft.Extensions.Hosting.HostFactoryResolver.<>c__DisplayClass10_0.<ResolveHostFactory>b__0(String[] args)
   at Microsoft.AspNetCore.Mvc.Testing.DeferredHostBuilder.Build()
   at Microsoft.AspNetCore.Mvc.Testing.WebApplicationFactory`1.CreateHost(IHostBuilder builder)
   at Microsoft.AspNetCore.Mvc.Testing.WebApplicationFactory`1.DelegatedWebApplicationFactory.CreateHost(IHostBuilder builder)
   at Microsoft.AspNetCore.Mvc.Testing.WebApplicationFactory`1.ConfigureHostBuilder(IHostBuilder hostBuilder)
   at Microsoft.AspNetCore.Mvc.Testing.WebApplicationFactory`1.StartServer()
   at Microsoft.AspNetCore.Mvc.Testing.WebApplicationFactory`1.CreateDefaultClient(DelegatingHandler[] handlers)
   at Microsoft.AspNetCore.Mvc.Testing.WebApplicationFactory`1.CreateDefaultClient(Uri baseAddress, DelegatingHandler[] handlers)
   at Microsoft.AspNetCore.Mvc.Testing.WebApplicationFactory`1.CreateClient(WebApplicationFactoryClientOptions options)
   at Microsoft.AspNetCore.Mvc.Testing.WebApplicationFactory`1.CreateClient()
   at HotelDroid.Api.Tests.Integration.RoomsApiTests.InitializeAsync() in C:\Users\rolfe\git\own\Villa-Annunziata\hotelDroid\tests\HotelDroid.Api.Tests\Integration\RoomsApiTests.cs:line 60
----- Inner Stack Trace #1 (System.InvalidOperationException) -----
   at Microsoft.Extensions.DependencyInjection.ServiceProvider.ValidateService(ServiceDescriptor descriptor)
   at Microsoft.Extensions.DependencyInjection.ServiceProvider..ctor(ICollection`1 serviceDescriptors, ServiceProviderOptions options)
----- Inner Stack Trace -----
   at Microsoft.Extensions.DependencyInjection.ServiceLookup.CallSiteFactory.CreateArgumentCallSites(ServiceIdentifier serviceIdentifier, Type implementationType, CallSiteChain callSiteChain, ParameterInfo[] parameters, Boolean throwIfCallSiteNotFound)
   at Microsoft.Extensions.DependencyInjection.ServiceLookup.CallSiteFactory.CreateConstructorCallSite(ResultCache lifetime, ServiceIdentifier serviceIdentifier, Type implementationType, CallSiteChain callSiteChain)
   at Microsoft.Extensions.DependencyInjection.ServiceLookup.CallSiteFactory.CreateExact(ServiceDescriptor descriptor, ServiceIdentifier serviceIdentifier, CallSiteChain callSiteChain, Int32 slot)
   at Microsoft.Extensions.DependencyInjection.ServiceLookup.CallSiteFactory.GetCallSite(ServiceDescriptor serviceDescriptor, CallSiteChain callSiteChain)
   at Microsoft.Extensions.DependencyInjection.ServiceProvider.ValidateService(ServiceDescriptor descriptor)
----- Inner Stack Trace #2 (System.InvalidOperationException) -----
   at Microsoft.Extensions.DependencyInjection.ServiceProvider.ValidateService(ServiceDescriptor descriptor)
   at Microsoft.Extensions.DependencyInjection.ServiceProvider..ctor(ICollection`1 serviceDescriptors, ServiceProviderOptions options)
----- Inner Stack Trace -----
   at Microsoft.Extensions.DependencyInjection.ServiceLookup.CallSiteFactory.CreateArgumentCallSites(ServiceIdentifier serviceIdentifier, Type implementationType, CallSiteChain callSiteChain, ParameterInfo[] parameters, Boolean throwIfCallSiteNotFound)
   at Microsoft.Extensions.DependencyInjection.ServiceLookup.CallSiteFactory.CreateConstructorCallSite(ResultCache lifetime, ServiceIdentifier serviceIdentifier, Type implementationType, CallSiteChain callSiteChain)
   at Microsoft.Extensions.DependencyInjection.ServiceLookup.CallSiteFactory.CreateExact(ServiceDescriptor descriptor, ServiceIdentifier serviceIdentifier, CallSiteChain callSiteChain, Int32 slot)
   at Microsoft.Extensions.DependencyInjection.ServiceLookup.CallSiteFactory.GetCallSite(ServiceDescriptor serviceDescriptor, CallSiteChain callSiteChain)
   at Microsoft.Extensions.DependencyInjection.ServiceProvider.ValidateService(ServiceDescriptor descriptor)
----- Inner Stack Trace #3 (System.InvalidOperationException) -----
   at Microsoft.Extensions.DependencyInjection.ServiceProvider.ValidateService(ServiceDescriptor descriptor)
   at Microsoft.Extensions.DependencyInjection.ServiceProvider..ctor(ICollection`1 serviceDescriptors, ServiceProviderOptions options)
----- Inner Stack Trace -----
   at Microsoft.Extensions.DependencyInjection.ServiceLookup.CallSiteFactory.CreateArgumentCallSites(ServiceIdentifier serviceIdentifier, Type implementationType, CallSiteChain callSiteChain, ParameterInfo[] parameters, Boolean throwIfCallSiteNotFound)
   at Microsoft.Extensions.DependencyInjection.ServiceLookup.CallSiteFactory.CreateConstructorCallSite(ResultCache lifetime, ServiceIdentifier serviceIdentifier, Type implementationType, CallSiteChain callSiteChain)
   at Microsoft.Extensions.DependencyInjection.ServiceLookup.CallSiteFactory.CreateExact(ServiceDescriptor descriptor, ServiceIdentifier serviceIdentifier, CallSiteChain callSiteChain, Int32 slot)
   at Microsoft.Extensions.DependencyInjection.ServiceLookup.CallSiteFactory.TryCreateExact(ServiceIdentifier serviceIdentifier, CallSiteChain callSiteChain)
   at Microsoft.Extensions.DependencyInjection.ServiceLookup.CallSiteFactory.CreateCallSite(ServiceIdentifier serviceIdentifier, CallSiteChain callSiteChain)
   at Microsoft.Extensions.DependencyInjection.ServiceLookup.CallSiteFactory.CreateArgumentCallSites(ServiceIdentifier serviceIdentifier, Type implementationType, CallSiteChain callSiteChain, ParameterInfo[] parameters, Boolean throwIfCallSiteNotFound)
   at Microsoft.Extensions.DependencyInjection.ServiceLookup.CallSiteFactory.CreateConstructorCallSite(ResultCache lifetime, ServiceIdentifier serviceIdentifier, Type implementationType, CallSiteChain callSiteChain)
   at Microsoft.Extensions.DependencyInjection.ServiceLookup.CallSiteFactory.CreateExact(ServiceDescriptor descriptor, ServiceIdentifier serviceIdentifier, CallSiteChain callSiteChain, Int32 slot)
   at Microsoft.Extensions.DependencyInjection.ServiceLookup.CallSiteFactory.GetCallSite(ServiceDescriptor serviceDescriptor, CallSiteChain callSiteChain)
   at Microsoft.Extensions.DependencyInjection.ServiceProvider.ValidateService(ServiceDescriptor descriptor)
  Failed HotelDroid.Api.Tests.Integration.RoomsApiTests.GetRoom_ByName_Returns200Ok [1 ms]
  Error Message:
   System.AggregateException : Some services are not able to be constructed (Error while validating the service descriptor 'ServiceType: HotelDroid.Api.Services.ExportImport.IApiDistributor Lifetime: Scoped ImplementationType: HotelDroid.Api.Services.ExportImport.ApiDistributor': Unable to resolve service for type 'HotelDroid.Api.Services.IKeyValueStore' while attempting to activate 'HotelDroid.Api.Services.ExportImport.ApiDistributor'.) (Error while validating the service descriptor 'ServiceType: HotelDroid.Api.Services.ExportImport.IExportService Lifetime: Scoped ImplementationType: HotelDroid.Api.Services.ExportImport.ExportService': Unable to resolve service for type 'HotelDroid.Api.Services.IKeyValueStore' while attempting to activate 'HotelDroid.Api.Services.ExportImport.ExportService'.) (Error while validating the service descriptor 'ServiceType: HotelDroid.Api.Services.ExportImport.IImportService Lifetime: Scoped ImplementationType: HotelDroid.Api.Services.ExportImport.ImportService': Unable to resolve service for type 'HotelDroid.Api.Services.IKeyValueStore' while attempting to activate 'HotelDroid.Api.Services.ExportImport.ApiDistributor'.)
---- System.InvalidOperationException : Error while validating the service descriptor 'ServiceType: HotelDroid.Api.Services.ExportImport.IApiDistributor Lifetime: Scoped ImplementationType: HotelDroid.Api.Services.ExportImport.ApiDistributor': Unable to resolve service for type 'HotelDroid.Api.Services.IKeyValueStore' while attempting to activate 'HotelDroid.Api.Services.ExportImport.ApiDistributor'.
-------- System.InvalidOperationException : Unable to resolve service for type 'HotelDroid.Api.Services.IKeyValueStore' while attempting to activate 'HotelDroid.Api.Services.ExportImport.ApiDistributor'.
---- System.InvalidOperationException : Error while validating the service descriptor 'ServiceType: HotelDroid.Api.Services.ExportImport.IExportService Lifetime: Scoped ImplementationType: HotelDroid.Api.Services.ExportImport.ExportService': Unable to resolve service for type 'HotelDroid.Api.Services.IKeyValueStore' while attempting to activate 'HotelDroid.Api.Services.ExportImport.ExportService'.
-------- System.InvalidOperationException : Unable to resolve service for type 'HotelDroid.Api.Services.IKeyValueStore' while attempting to activate 'HotelDroid.Api.Services.ExportImport.ExportService'.
---- System.InvalidOperationException : Error while validating the service descriptor 'ServiceType: HotelDroid.Api.Services.ExportImport.IImportService Lifetime: Scoped ImplementationType: HotelDroid.Api.Services.ExportImport.ImportService': Unable to resolve service for type 'HotelDroid.Api.Services.IKeyValueStore' while attempting to activate 'HotelDroid.Api.Services.ExportImport.ApiDistributor'.
-------- System.InvalidOperationException : Unable to resolve service for type 'HotelDroid.Api.Services.IKeyValueStore' while attempting to activate 'HotelDroid.Api.Services.ExportImport.ApiDistributor'.
  Stack Trace:
     at Microsoft.Extensions.DependencyInjection.ServiceProvider..ctor(ICollection`1 serviceDescriptors, ServiceProviderOptions options)
   at Microsoft.Extensions.DependencyInjection.ServiceCollectionContainerBuilderExtensions.BuildServiceProvider(IServiceCollection services, ServiceProviderOptions options)
   at Microsoft.Extensions.Hosting.HostApplicationBuilder.Build()
   at Microsoft.AspNetCore.Builder.WebApplicationBuilder.Build()
   at Program.<Main>$(String[] args) in C:\Users\rolfe\git\own\Villa-Annunziata\hotelDroid\src\HotelDroid.Api\Program.cs:line 108
   at InvokeStub_Program.<Main>$(Object, Span`1)
   at System.Reflection.MethodBaseInvoker.InvokeWithOneArg(Object obj, BindingFlags invokeAttr, Binder binder, Object[] parameters, CultureInfo culture)
--- End of stack trace from previous location ---
   at Microsoft.Extensions.Hosting.HostFactoryResolver.HostingListener.CreateHost()
   at Microsoft.Extensions.Hosting.HostFactoryResolver.<>c__DisplayClass10_0.<ResolveHostFactory>b__0(String[] args)
   at Microsoft.AspNetCore.Mvc.Testing.DeferredHostBuilder.Build()
   at Microsoft.AspNetCore.Mvc.Testing.WebApplicationFactory`1.CreateHost(IHostBuilder builder)
   at Microsoft.AspNetCore.Mvc.Testing.WebApplicationFactory`1.DelegatedWebApplicationFactory.CreateHost(IHostBuilder builder)
   at Microsoft.AspNetCore.Mvc.Testing.WebApplicationFactory`1.ConfigureHostBuilder(IHostBuilder hostBuilder)
   at Microsoft.AspNetCore.Mvc.Testing.WebApplicationFactory`1.StartServer()
   at Microsoft.AspNetCore.Mvc.Testing.WebApplicationFactory`1.CreateDefaultClient(DelegatingHandler[] handlers)
   at Microsoft.AspNetCore.Mvc.Testing.WebApplicationFactory`1.CreateDefaultClient(Uri baseAddress, DelegatingHandler[] handlers)
   at Microsoft.AspNetCore.Mvc.Testing.WebApplicationFactory`1.CreateClient(WebApplicationFactoryClientOptions options)
   at Microsoft.AspNetCore.Mvc.Testing.WebApplicationFactory`1.CreateClient()
   at HotelDroid.Api.Tests.Integration.RoomsApiTests.InitializeAsync() in C:\Users\rolfe\git\own\Villa-Annunziata\hotelDroid\tests\HotelDroid.Api.Tests\Integration\RoomsApiTests.cs:line 60
----- Inner Stack Trace #1 (System.InvalidOperationException) -----
   at Microsoft.Extensions.DependencyInjection.ServiceProvider.ValidateService(ServiceDescriptor descriptor)
   at Microsoft.Extensions.DependencyInjection.ServiceProvider..ctor(ICollection`1 serviceDescriptors, ServiceProviderOptions options)
----- Inner Stack Trace -----
   at Microsoft.Extensions.DependencyInjection.ServiceLookup.CallSiteFactory.CreateArgumentCallSites(ServiceIdentifier serviceIdentifier, Type implementationType, CallSiteChain callSiteChain, ParameterInfo[] parameters, Boolean throwIfCallSiteNotFound)
   at Microsoft.Extensions.DependencyInjection.ServiceLookup.CallSiteFactory.CreateConstructorCallSite(ResultCache lifetime, ServiceIdentifier serviceIdentifier, Type implementationType, CallSiteChain callSiteChain)
   at Microsoft.Extensions.DependencyInjection.ServiceLookup.CallSiteFactory.CreateExact(ServiceDescriptor descriptor, ServiceIdentifier serviceIdentifier, CallSiteChain callSiteChain, Int32 slot)
   at Microsoft.Extensions.DependencyInjection.ServiceLookup.CallSiteFactory.GetCallSite(ServiceDescriptor serviceDescriptor, CallSiteChain callSiteChain)
   at Microsoft.Extensions.DependencyInjection.ServiceProvider.ValidateService(ServiceDescriptor descriptor)
----- Inner Stack Trace #2 (System.InvalidOperationException) -----
   at Microsoft.Extensions.DependencyInjection.ServiceProvider.ValidateService(ServiceDescriptor descriptor)
   at Microsoft.Extensions.DependencyInjection.ServiceProvider..ctor(ICollection`1 serviceDescriptors, ServiceProviderOptions options)
----- Inner Stack Trace -----
   at Microsoft.Extensions.DependencyInjection.ServiceLookup.CallSiteFactory.CreateArgumentCallSites(ServiceIdentifier serviceIdentifier, Type implementationType, CallSiteChain callSiteChain, ParameterInfo[] parameters, Boolean throwIfCallSiteNotFound)
   at Microsoft.Extensions.DependencyInjection.ServiceLookup.CallSiteFactory.CreateConstructorCallSite(ResultCache lifetime, ServiceIdentifier serviceIdentifier, Type implementationType, CallSiteChain callSiteChain)
   at Microsoft.Extensions.DependencyInjection.ServiceLookup.CallSiteFactory.CreateExact(ServiceDescriptor descriptor, ServiceIdentifier serviceIdentifier, CallSiteChain callSiteChain, Int32 slot)
   at Microsoft.Extensions.DependencyInjection.ServiceLookup.CallSiteFactory.GetCallSite(ServiceDescriptor serviceDescriptor, CallSiteChain callSiteChain)
   at Microsoft.Extensions.DependencyInjection.ServiceProvider.ValidateService(ServiceDescriptor descriptor)
----- Inner Stack Trace #3 (System.InvalidOperationException) -----
   at Microsoft.Extensions.DependencyInjection.ServiceProvider.ValidateService(ServiceDescriptor descriptor)
   at Microsoft.Extensions.DependencyInjection.ServiceProvider..ctor(ICollection`1 serviceDescriptors, ServiceProviderOptions options)
----- Inner Stack Trace -----
   at Microsoft.Extensions.DependencyInjection.ServiceLookup.CallSiteFactory.CreateArgumentCallSites(ServiceIdentifier serviceIdentifier, Type implementationType, CallSiteChain callSiteChain, ParameterInfo[] parameters, Boolean throwIfCallSiteNotFound)
   at Microsoft.Extensions.DependencyInjection.ServiceLookup.CallSiteFactory.CreateConstructorCallSite(ResultCache lifetime, ServiceIdentifier serviceIdentifier, Type implementationType, CallSiteChain callSiteChain)
   at Microsoft.Extensions.DependencyInjection.ServiceLookup.CallSiteFactory.CreateExact(ServiceDescriptor descriptor, ServiceIdentifier serviceIdentifier, CallSiteChain callSiteChain, Int32 slot)
   at Microsoft.Extensions.DependencyInjection.ServiceLookup.CallSiteFactory.TryCreateExact(ServiceIdentifier serviceIdentifier, CallSiteChain callSiteChain)
   at Microsoft.Extensions.DependencyInjection.ServiceLookup.CallSiteFactory.CreateCallSite(ServiceIdentifier serviceIdentifier, CallSiteChain callSiteChain)
   at Microsoft.Extensions.DependencyInjection.ServiceLookup.CallSiteFactory.CreateArgumentCallSites(ServiceIdentifier serviceIdentifier, Type implementationType, CallSiteChain callSiteChain, ParameterInfo[] parameters, Boolean throwIfCallSiteNotFound)
   at Microsoft.Extensions.DependencyInjection.ServiceLookup.CallSiteFactory.CreateConstructorCallSite(ResultCache lifetime, ServiceIdentifier serviceIdentifier, Type implementationType, CallSiteChain callSiteChain)
   at Microsoft.Extensions.DependencyInjection.ServiceLookup.CallSiteFactory.CreateExact(ServiceDescriptor descriptor, ServiceIdentifier serviceIdentifier, CallSiteChain callSiteChain, Int32 slot)
   at Microsoft.Extensions.DependencyInjection.ServiceLookup.CallSiteFactory.GetCallSite(ServiceDescriptor serviceDescriptor, CallSiteChain callSiteChain)
   at Microsoft.Extensions.DependencyInjection.ServiceProvider.ValidateService(ServiceDescriptor descriptor)
  Failed HotelDroid.Api.Tests.Integration.RoomsApiTests.UpdateRoom_WithNewData_Returns200Ok [1 ms]
  Error Message:
   System.AggregateException : Some services are not able to be constructed (Error while validating the service descriptor 'ServiceType: HotelDroid.Api.Services.ExportImport.IApiDistributor Lifetime: Scoped ImplementationType: HotelDroid.Api.Services.ExportImport.ApiDistributor': Unable to resolve service for type 'HotelDroid.Api.Services.IKeyValueStore' while attempting to activate 'HotelDroid.Api.Services.ExportImport.ApiDistributor'.) (Error while validating the service descriptor 'ServiceType: HotelDroid.Api.Services.ExportImport.IExportService Lifetime: Scoped ImplementationType: HotelDroid.Api.Services.ExportImport.ExportService': Unable to resolve service for type 'HotelDroid.Api.Services.IKeyValueStore' while attempting to activate 'HotelDroid.Api.Services.ExportImport.ExportService'.) (Error while validating the service descriptor 'ServiceType: HotelDroid.Api.Services.ExportImport.IImportService Lifetime: Scoped ImplementationType: HotelDroid.Api.Services.ExportImport.ImportService': Unable to resolve service for type 'HotelDroid.Api.Services.IKeyValueStore' while attempting to activate 'HotelDroid.Api.Services.ExportImport.ApiDistributor'.)
---- System.InvalidOperationException : Error while validating the service descriptor 'ServiceType: HotelDroid.Api.Services.ExportImport.IApiDistributor Lifetime: Scoped ImplementationType: HotelDroid.Api.Services.ExportImport.ApiDistributor': Unable to resolve service for type 'HotelDroid.Api.Services.IKeyValueStore' while attempting to activate 'HotelDroid.Api.Services.ExportImport.ApiDistributor'.
-------- System.InvalidOperationException : Unable to resolve service for type 'HotelDroid.Api.Services.IKeyValueStore' while attempting to activate 'HotelDroid.Api.Services.ExportImport.ApiDistributor'.
---- System.InvalidOperationException : Error while validating the service descriptor 'ServiceType: HotelDroid.Api.Services.ExportImport.IExportService Lifetime: Scoped ImplementationType: HotelDroid.Api.Services.ExportImport.ExportService': Unable to resolve service for type 'HotelDroid.Api.Services.IKeyValueStore' while attempting to activate 'HotelDroid.Api.Services.ExportImport.ExportService'.
-------- System.InvalidOperationException : Unable to resolve service for type 'HotelDroid.Api.Services.IKeyValueStore' while attempting to activate 'HotelDroid.Api.Services.ExportImport.ExportService'.
---- System.InvalidOperationException : Error while validating the service descriptor 'ServiceType: HotelDroid.Api.Services.ExportImport.IImportService Lifetime: Scoped ImplementationType: HotelDroid.Api.Services.ExportImport.ImportService': Unable to resolve service for type 'HotelDroid.Api.Services.IKeyValueStore' while attempting to activate 'HotelDroid.Api.Services.ExportImport.ApiDistributor'.
-------- System.InvalidOperationException : Unable to resolve service for type 'HotelDroid.Api.Services.IKeyValueStore' while attempting to activate 'HotelDroid.Api.Services.ExportImport.ApiDistributor'.
  Stack Trace:
     at Microsoft.Extensions.DependencyInjection.ServiceProvider..ctor(ICollection`1 serviceDescriptors, ServiceProviderOptions options)
   at Microsoft.Extensions.DependencyInjection.ServiceCollectionContainerBuilderExtensions.BuildServiceProvider(IServiceCollection services, ServiceProviderOptions options)
   at Microsoft.Extensions.Hosting.HostApplicationBuilder.Build()
   at Microsoft.AspNetCore.Builder.WebApplicationBuilder.Build()
   at Program.<Main>$(String[] args) in C:\Users\rolfe\git\own\Villa-Annunziata\hotelDroid\src\HotelDroid.Api\Program.cs:line 108
   at InvokeStub_Program.<Main>$(Object, Span`1)
   at System.Reflection.MethodBaseInvoker.InvokeWithOneArg(Object obj, BindingFlags invokeAttr, Binder binder, Object[] parameters, CultureInfo culture)
--- End of stack trace from previous location ---
   at Microsoft.Extensions.Hosting.HostFactoryResolver.HostingListener.CreateHost()
   at Microsoft.Extensions.Hosting.HostFactoryResolver.<>c__DisplayClass10_0.<ResolveHostFactory>b__0(String[] args)
   at Microsoft.AspNetCore.Mvc.Testing.DeferredHostBuilder.Build()
   at Microsoft.AspNetCore.Mvc.Testing.WebApplicationFactory`1.CreateHost(IHostBuilder builder)
   at Microsoft.AspNetCore.Mvc.Testing.WebApplicationFactory`1.DelegatedWebApplicationFactory.CreateHost(IHostBuilder builder)
   at Microsoft.AspNetCore.Mvc.Testing.WebApplicationFactory`1.ConfigureHostBuilder(IHostBuilder hostBuilder)
   at Microsoft.AspNetCore.Mvc.Testing.WebApplicationFactory`1.StartServer()
   at Microsoft.AspNetCore.Mvc.Testing.WebApplicationFactory`1.CreateDefaultClient(DelegatingHandler[] handlers)
   at Microsoft.AspNetCore.Mvc.Testing.WebApplicationFactory`1.CreateDefaultClient(Uri baseAddress, DelegatingHandler[] handlers)
   at Microsoft.AspNetCore.Mvc.Testing.WebApplicationFactory`1.CreateClient(WebApplicationFactoryClientOptions options)
   at Microsoft.AspNetCore.Mvc.Testing.WebApplicationFactory`1.CreateClient()
   at HotelDroid.Api.Tests.Integration.RoomsApiTests.InitializeAsync() in C:\Users\rolfe\git\own\Villa-Annunziata\hotelDroid\tests\HotelDroid.Api.Tests\Integration\RoomsApiTests.cs:line 60
----- Inner Stack Trace #1 (System.InvalidOperationException) -----
   at Microsoft.Extensions.DependencyInjection.ServiceProvider.ValidateService(ServiceDescriptor descriptor)
   at Microsoft.Extensions.DependencyInjection.ServiceProvider..ctor(ICollection`1 serviceDescriptors, ServiceProviderOptions options)
----- Inner Stack Trace -----
   at Microsoft.Extensions.DependencyInjection.ServiceLookup.CallSiteFactory.CreateArgumentCallSites(ServiceIdentifier serviceIdentifier, Type implementationType, CallSiteChain callSiteChain, ParameterInfo[] parameters, Boolean throwIfCallSiteNotFound)
   at Microsoft.Extensions.DependencyInjection.ServiceLookup.CallSiteFactory.CreateConstructorCallSite(ResultCache lifetime, ServiceIdentifier serviceIdentifier, Type implementationType, CallSiteChain callSiteChain)
   at Microsoft.Extensions.DependencyInjection.ServiceLookup.CallSiteFactory.CreateExact(ServiceDescriptor descriptor, ServiceIdentifier serviceIdentifier, CallSiteChain callSiteChain, Int32 slot)
   at Microsoft.Extensions.DependencyInjection.ServiceLookup.CallSiteFactory.GetCallSite(ServiceDescriptor serviceDescriptor, CallSiteChain callSiteChain)
   at Microsoft.Extensions.DependencyInjection.ServiceProvider.ValidateService(ServiceDescriptor descriptor)
----- Inner Stack Trace #2 (System.InvalidOperationException) -----
   at Microsoft.Extensions.DependencyInjection.ServiceProvider.ValidateService(ServiceDescriptor descriptor)
   at Microsoft.Extensions.DependencyInjection.ServiceProvider..ctor(ICollection`1 serviceDescriptors, ServiceProviderOptions options)
----- Inner Stack Trace -----
   at Microsoft.Extensions.DependencyInjection.ServiceLookup.CallSiteFactory.CreateArgumentCallSites(ServiceIdentifier serviceIdentifier, Type implementationType, CallSiteChain callSiteChain, ParameterInfo[] parameters, Boolean throwIfCallSiteNotFound)
   at Microsoft.Extensions.DependencyInjection.ServiceLookup.CallSiteFactory.CreateConstructorCallSite(ResultCache lifetime, ServiceIdentifier serviceIdentifier, Type implementationType, CallSiteChain callSiteChain)
   at Microsoft.Extensions.DependencyInjection.ServiceLookup.CallSiteFactory.CreateExact(ServiceDescriptor descriptor, ServiceIdentifier serviceIdentifier, CallSiteChain callSiteChain, Int32 slot)
   at Microsoft.Extensions.DependencyInjection.ServiceLookup.CallSiteFactory.GetCallSite(ServiceDescriptor serviceDescriptor, CallSiteChain callSiteChain)
   at Microsoft.Extensions.DependencyInjection.ServiceProvider.ValidateService(ServiceDescriptor descriptor)
----- Inner Stack Trace #3 (System.InvalidOperationException) -----
   at Microsoft.Extensions.DependencyInjection.ServiceProvider.ValidateService(ServiceDescriptor descriptor)
   at Microsoft.Extensions.DependencyInjection.ServiceProvider..ctor(ICollection`1 serviceDescriptors, ServiceProviderOptions options)
----- Inner Stack Trace -----
   at Microsoft.Extensions.DependencyInjection.ServiceLookup.CallSiteFactory.CreateArgumentCallSites(ServiceIdentifier serviceIdentifier, Type implementationType, CallSiteChain callSiteChain, ParameterInfo[] parameters, Boolean throwIfCallSiteNotFound)
   at Microsoft.Extensions.DependencyInjection.ServiceLookup.CallSiteFactory.CreateConstructorCallSite(ResultCache lifetime, ServiceIdentifier serviceIdentifier, Type implementationType, CallSiteChain callSiteChain)
   at Microsoft.Extensions.DependencyInjection.ServiceLookup.CallSiteFactory.CreateExact(ServiceDescriptor descriptor, ServiceIdentifier serviceIdentifier, CallSiteChain callSiteChain, Int32 slot)
   at Microsoft.Extensions.DependencyInjection.ServiceLookup.CallSiteFactory.TryCreateExact(ServiceIdentifier serviceIdentifier, CallSiteChain callSiteChain)
   at Microsoft.Extensions.DependencyInjection.ServiceLookup.CallSiteFactory.CreateCallSite(ServiceIdentifier serviceIdentifier, CallSiteChain callSiteChain)
   at Microsoft.Extensions.DependencyInjection.ServiceLookup.CallSiteFactory.CreateArgumentCallSites(ServiceIdentifier serviceIdentifier, Type implementationType, CallSiteChain callSiteChain, ParameterInfo[] parameters, Boolean throwIfCallSiteNotFound)
   at Microsoft.Extensions.DependencyInjection.ServiceLookup.CallSiteFactory.CreateConstructorCallSite(ResultCache lifetime, ServiceIdentifier serviceIdentifier, Type implementationType, CallSiteChain callSiteChain)
   at Microsoft.Extensions.DependencyInjection.ServiceLookup.CallSiteFactory.CreateExact(ServiceDescriptor descriptor, ServiceIdentifier serviceIdentifier, CallSiteChain callSiteChain, Int32 slot)
   at Microsoft.Extensions.DependencyInjection.ServiceLookup.CallSiteFactory.GetCallSite(ServiceDescriptor serviceDescriptor, CallSiteChain callSiteChain)
   at Microsoft.Extensions.DependencyInjection.ServiceProvider.ValidateService(ServiceDescriptor descriptor)
  Failed HotelDroid.Api.Tests.Integration.RoomsApiTests.SecondaryPriority_BedAssignment_Works [1 ms]
  Error Message:
   System.AggregateException : Some services are not able to be constructed (Error while validating the service descriptor 'ServiceType: HotelDroid.Api.Services.ExportImport.IApiDistributor Lifetime: Scoped ImplementationType: HotelDroid.Api.Services.ExportImport.ApiDistributor': Unable to resolve service for type 'HotelDroid.Api.Services.IKeyValueStore' while attempting to activate 'HotelDroid.Api.Services.ExportImport.ApiDistributor'.) (Error while validating the service descriptor 'ServiceType: HotelDroid.Api.Services.ExportImport.IExportService Lifetime: Scoped ImplementationType: HotelDroid.Api.Services.ExportImport.ExportService': Unable to resolve service for type 'HotelDroid.Api.Services.IKeyValueStore' while attempting to activate 'HotelDroid.Api.Services.ExportImport.ExportService'.) (Error while validating the service descriptor 'ServiceType: HotelDroid.Api.Services.ExportImport.IImportService Lifetime: Scoped ImplementationType: HotelDroid.Api.Services.ExportImport.ImportService': Unable to resolve service for type 'HotelDroid.Api.Services.IKeyValueStore' while attempting to activate 'HotelDroid.Api.Services.ExportImport.ApiDistributor'.)
---- System.InvalidOperationException : Error while validating the service descriptor 'ServiceType: HotelDroid.Api.Services.ExportImport.IApiDistributor Lifetime: Scoped ImplementationType: HotelDroid.Api.Services.ExportImport.ApiDistributor': Unable to resolve service for type 'HotelDroid.Api.Services.IKeyValueStore' while attempting to activate 'HotelDroid.Api.Services.ExportImport.ApiDistributor'.
-------- System.InvalidOperationException : Unable to resolve service for type 'HotelDroid.Api.Services.IKeyValueStore' while attempting to activate 'HotelDroid.Api.Services.ExportImport.ApiDistributor'.
---- System.InvalidOperationException : Error while validating the service descriptor 'ServiceType: HotelDroid.Api.Services.ExportImport.IExportService Lifetime: Scoped ImplementationType: HotelDroid.Api.Services.ExportImport.ExportService': Unable to resolve service for type 'HotelDroid.Api.Services.IKeyValueStore' while attempting to activate 'HotelDroid.Api.Services.ExportImport.ExportService'.
-------- System.InvalidOperationException : Unable to resolve service for type 'HotelDroid.Api.Services.IKeyValueStore' while attempting to activate 'HotelDroid.Api.Services.ExportImport.ExportService'.
---- System.InvalidOperationException : Error while validating the service descriptor 'ServiceType: HotelDroid.Api.Services.ExportImport.IImportService Lifetime: Scoped ImplementationType: HotelDroid.Api.Services.ExportImport.ImportService': Unable to resolve service for type 'HotelDroid.Api.Services.IKeyValueStore' while attempting to activate 'HotelDroid.Api.Services.ExportImport.ApiDistributor'.
-------- System.InvalidOperationException : Unable to resolve service for type 'HotelDroid.Api.Services.IKeyValueStore' while attempting to activate 'HotelDroid.Api.Services.ExportImport.ApiDistributor'.
  Stack Trace:
     at Microsoft.Extensions.DependencyInjection.ServiceProvider..ctor(ICollection`1 serviceDescriptors, ServiceProviderOptions options)
   at Microsoft.Extensions.DependencyInjection.ServiceCollectionContainerBuilderExtensions.BuildServiceProvider(IServiceCollection services, ServiceProviderOptions options)
   at Microsoft.Extensions.Hosting.HostApplicationBuilder.Build()
   at Microsoft.AspNetCore.Builder.WebApplicationBuilder.Build()
   at Program.<Main>$(String[] args) in C:\Users\rolfe\git\own\Villa-Annunziata\hotelDroid\src\HotelDroid.Api\Program.cs:line 108
   at InvokeStub_Program.<Main>$(Object, Span`1)
   at System.Reflection.MethodBaseInvoker.InvokeWithOneArg(Object obj, BindingFlags invokeAttr, Binder binder, Object[] parameters, CultureInfo culture)
--- End of stack trace from previous location ---
   at Microsoft.Extensions.Hosting.HostFactoryResolver.HostingListener.CreateHost()
   at Microsoft.Extensions.Hosting.HostFactoryResolver.<>c__DisplayClass10_0.<ResolveHostFactory>b__0(String[] args)
   at Microsoft.AspNetCore.Mvc.Testing.DeferredHostBuilder.Build()
   at Microsoft.AspNetCore.Mvc.Testing.WebApplicationFactory`1.CreateHost(IHostBuilder builder)
   at Microsoft.AspNetCore.Mvc.Testing.WebApplicationFactory`1.DelegatedWebApplicationFactory.CreateHost(IHostBuilder builder)
   at Microsoft.AspNetCore.Mvc.Testing.WebApplicationFactory`1.ConfigureHostBuilder(IHostBuilder hostBuilder)
   at Microsoft.AspNetCore.Mvc.Testing.WebApplicationFactory`1.StartServer()
   at Microsoft.AspNetCore.Mvc.Testing.WebApplicationFactory`1.CreateDefaultClient(DelegatingHandler[] handlers)
   at Microsoft.AspNetCore.Mvc.Testing.WebApplicationFactory`1.CreateDefaultClient(Uri baseAddress, DelegatingHandler[] handlers)
   at Microsoft.AspNetCore.Mvc.Testing.WebApplicationFactory`1.CreateClient(WebApplicationFactoryClientOptions options)
   at Microsoft.AspNetCore.Mvc.Testing.WebApplicationFactory`1.CreateClient()
   at HotelDroid.Api.Tests.Integration.RoomsApiTests.InitializeAsync() in C:\Users\rolfe\git\own\Villa-Annunziata\hotelDroid\tests\HotelDroid.Api.Tests\Integration\RoomsApiTests.cs:line 60
----- Inner Stack Trace #1 (System.InvalidOperationException) -----
   at Microsoft.Extensions.DependencyInjection.ServiceProvider.ValidateService(ServiceDescriptor descriptor)
   at Microsoft.Extensions.DependencyInjection.ServiceProvider..ctor(ICollection`1 serviceDescriptors, ServiceProviderOptions options)
----- Inner Stack Trace -----
   at Microsoft.Extensions.DependencyInjection.ServiceLookup.CallSiteFactory.CreateArgumentCallSites(ServiceIdentifier serviceIdentifier, Type implementationType, CallSiteChain callSiteChain, ParameterInfo[] parameters, Boolean throwIfCallSiteNotFound)
   at Microsoft.Extensions.DependencyInjection.ServiceLookup.CallSiteFactory.CreateConstructorCallSite(ResultCache lifetime, ServiceIdentifier serviceIdentifier, Type implementationType, CallSiteChain callSiteChain)
   at Microsoft.Extensions.DependencyInjection.ServiceLookup.CallSiteFactory.CreateExact(ServiceDescriptor descriptor, ServiceIdentifier serviceIdentifier, CallSiteChain callSiteChain, Int32 slot)
   at Microsoft.Extensions.DependencyInjection.ServiceLookup.CallSiteFactory.GetCallSite(ServiceDescriptor serviceDescriptor, CallSiteChain callSiteChain)
   at Microsoft.Extensions.DependencyInjection.ServiceProvider.ValidateService(ServiceDescriptor descriptor)
----- Inner Stack Trace #2 (System.InvalidOperationException) -----
   at Microsoft.Extensions.DependencyInjection.ServiceProvider.ValidateService(ServiceDescriptor descriptor)
   at Microsoft.Extensions.DependencyInjection.ServiceProvider..ctor(ICollection`1 serviceDescriptors, ServiceProviderOptions options)
----- Inner Stack Trace -----
   at Microsoft.Extensions.DependencyInjection.ServiceLookup.CallSiteFactory.CreateArgumentCallSites(ServiceIdentifier serviceIdentifier, Type implementationType, CallSiteChain callSiteChain, ParameterInfo[] parameters, Boolean throwIfCallSiteNotFound)
   at Microsoft.Extensions.DependencyInjection.ServiceLookup.CallSiteFactory.CreateConstructorCallSite(ResultCache lifetime, ServiceIdentifier serviceIdentifier, Type implementationType, CallSiteChain callSiteChain)
   at Microsoft.Extensions.DependencyInjection.ServiceLookup.CallSiteFactory.CreateExact(ServiceDescriptor descriptor, ServiceIdentifier serviceIdentifier, CallSiteChain callSiteChain, Int32 slot)
   at Microsoft.Extensions.DependencyInjection.ServiceLookup.CallSiteFactory.GetCallSite(ServiceDescriptor serviceDescriptor, CallSiteChain callSiteChain)
   at Microsoft.Extensions.DependencyInjection.ServiceProvider.ValidateService(ServiceDescriptor descriptor)
----- Inner Stack Trace #3 (System.InvalidOperationException) -----
   at Microsoft.Extensions.DependencyInjection.ServiceProvider.ValidateService(ServiceDescriptor descriptor)
   at Microsoft.Extensions.DependencyInjection.ServiceProvider..ctor(ICollection`1 serviceDescriptors, ServiceProviderOptions options)
----- Inner Stack Trace -----
   at Microsoft.Extensions.DependencyInjection.ServiceLookup.CallSiteFactory.CreateArgumentCallSites(ServiceIdentifier serviceIdentifier, Type implementationType, CallSiteChain callSiteChain, ParameterInfo[] parameters, Boolean throwIfCallSiteNotFound)
   at Microsoft.Extensions.DependencyInjection.ServiceLookup.CallSiteFactory.CreateConstructorCallSite(ResultCache lifetime, ServiceIdentifier serviceIdentifier, Type implementationType, CallSiteChain callSiteChain)
   at Microsoft.Extensions.DependencyInjection.ServiceLookup.CallSiteFactory.CreateExact(ServiceDescriptor descriptor, ServiceIdentifier serviceIdentifier, CallSiteChain callSiteChain, Int32 slot)
   at Microsoft.Extensions.DependencyInjection.ServiceLookup.CallSiteFactory.TryCreateExact(ServiceIdentifier serviceIdentifier, CallSiteChain callSiteChain)
   at Microsoft.Extensions.DependencyInjection.ServiceLookup.CallSiteFactory.CreateCallSite(ServiceIdentifier serviceIdentifier, CallSiteChain callSiteChain)
   at Microsoft.Extensions.DependencyInjection.ServiceLookup.CallSiteFactory.CreateArgumentCallSites(ServiceIdentifier serviceIdentifier, Type implementationType, CallSiteChain callSiteChain, ParameterInfo[] parameters, Boolean throwIfCallSiteNotFound)
   at Microsoft.Extensions.DependencyInjection.ServiceLookup.CallSiteFactory.CreateConstructorCallSite(ResultCache lifetime, ServiceIdentifier serviceIdentifier, Type implementationType, CallSiteChain callSiteChain)
   at Microsoft.Extensions.DependencyInjection.ServiceLookup.CallSiteFactory.CreateExact(ServiceDescriptor descriptor, ServiceIdentifier serviceIdentifier, CallSiteChain callSiteChain, Int32 slot)
   at Microsoft.Extensions.DependencyInjection.ServiceLookup.CallSiteFactory.GetCallSite(ServiceDescriptor serviceDescriptor, CallSiteChain callSiteChain)
   at Microsoft.Extensions.DependencyInjection.ServiceProvider.ValidateService(ServiceDescriptor descriptor)
[xUnit.net 00:00:00.81]     HotelDroid.Api.Tests.Integration.RoomsApiTests.CreateRoom_WithSecondaryPriority_IsPreserved [FAIL]
[xUnit.net 00:00:00.83]     HotelDroid.Api.Tests.Integration.RoomsApiTests.CreateRoom_WithNeighboringRooms_IsPreserved [FAIL]
[xUnit.net 00:00:00.85]     HotelDroid.Api.Tests.Integration.RoomsApiTests.MultipleRooms_AllFieldsPreserved_WhenListing [FAIL]
  Failed HotelDroid.Api.Tests.Integration.RoomsApiTests.CreateRoom_WithSecondaryPriority_IsPreserved [1 ms]
  Error Message:
   System.AggregateException : Some services are not able to be constructed (Error while validating the service descriptor 'ServiceType: HotelDroid.Api.Services.ExportImport.IApiDistributor Lifetime: Scoped ImplementationType: HotelDroid.Api.Services.ExportImport.ApiDistributor': Unable to resolve service for type 'HotelDroid.Api.Services.IKeyValueStore' while attempting to activate 'HotelDroid.Api.Services.ExportImport.ApiDistributor'.) (Error while validating the service descriptor 'ServiceType: HotelDroid.Api.Services.ExportImport.IExportService Lifetime: Scoped ImplementationType: HotelDroid.Api.Services.ExportImport.ExportService': Unable to resolve service for type 'HotelDroid.Api.Services.IKeyValueStore' while attempting to activate 'HotelDroid.Api.Services.ExportImport.ExportService'.) (Error while validating the service descriptor 'ServiceType: HotelDroid.Api.Services.ExportImport.IImportService Lifetime: Scoped ImplementationType: HotelDroid.Api.Services.ExportImport.ImportService': Unable to resolve service for type 'HotelDroid.Api.Services.IKeyValueStore' while attempting to activate 'HotelDroid.Api.Services.ExportImport.ApiDistributor'.)
---- System.InvalidOperationException : Error while validating the service descriptor 'ServiceType: HotelDroid.Api.Services.ExportImport.IApiDistributor Lifetime: Scoped ImplementationType: HotelDroid.Api.Services.ExportImport.ApiDistributor': Unable to resolve service for type 'HotelDroid.Api.Services.IKeyValueStore' while attempting to activate 'HotelDroid.Api.Services.ExportImport.ApiDistributor'.
-------- System.InvalidOperationException : Unable to resolve service for type 'HotelDroid.Api.Services.IKeyValueStore' while attempting to activate 'HotelDroid.Api.Services.ExportImport.ApiDistributor'.
---- System.InvalidOperationException : Error while validating the service descriptor 'ServiceType: HotelDroid.Api.Services.ExportImport.IExportService Lifetime: Scoped ImplementationType: HotelDroid.Api.Services.ExportImport.ExportService': Unable to resolve service for type 'HotelDroid.Api.Services.IKeyValueStore' while attempting to activate 'HotelDroid.Api.Services.ExportImport.ExportService'.
-------- System.InvalidOperationException : Unable to resolve service for type 'HotelDroid.Api.Services.IKeyValueStore' while attempting to activate 'HotelDroid.Api.Services.ExportImport.ExportService'.
---- System.InvalidOperationException : Error while validating the service descriptor 'ServiceType: HotelDroid.Api.Services.ExportImport.IImportService Lifetime: Scoped ImplementationType: HotelDroid.Api.Services.ExportImport.ImportService': Unable to resolve service for type 'HotelDroid.Api.Services.IKeyValueStore' while attempting to activate 'HotelDroid.Api.Services.ExportImport.ApiDistributor'.
-------- System.InvalidOperationException : Unable to resolve service for type 'HotelDroid.Api.Services.IKeyValueStore' while attempting to activate 'HotelDroid.Api.Services.ExportImport.ApiDistributor'.
  Stack Trace:
     at Microsoft.Extensions.DependencyInjection.ServiceProvider..ctor(ICollection`1 serviceDescriptors, ServiceProviderOptions options)
   at Microsoft.Extensions.DependencyInjection.ServiceCollectionContainerBuilderExtensions.BuildServiceProvider(IServiceCollection services, ServiceProviderOptions options)
   at Microsoft.Extensions.Hosting.HostApplicationBuilder.Build()
   at Microsoft.AspNetCore.Builder.WebApplicationBuilder.Build()
   at Program.<Main>$(String[] args) in C:\Users\rolfe\git\own\Villa-Annunziata\hotelDroid\src\HotelDroid.Api\Program.cs:line 108
   at InvokeStub_Program.<Main>$(Object, Span`1)
   at System.Reflection.MethodBaseInvoker.InvokeWithOneArg(Object obj, BindingFlags invokeAttr, Binder binder, Object[] parameters, CultureInfo culture)
--- End of stack trace from previous location ---
   at Microsoft.Extensions.Hosting.HostFactoryResolver.HostingListener.CreateHost()
   at Microsoft.Extensions.Hosting.HostFactoryResolver.<>c__DisplayClass10_0.<ResolveHostFactory>b__0(String[] args)
   at Microsoft.AspNetCore.Mvc.Testing.DeferredHostBuilder.Build()
   at Microsoft.AspNetCore.Mvc.Testing.WebApplicationFactory`1.CreateHost(IHostBuilder builder)
   at Microsoft.AspNetCore.Mvc.Testing.WebApplicationFactory`1.DelegatedWebApplicationFactory.CreateHost(IHostBuilder builder)
   at Microsoft.AspNetCore.Mvc.Testing.WebApplicationFactory`1.ConfigureHostBuilder(IHostBuilder hostBuilder)
   at Microsoft.AspNetCore.Mvc.Testing.WebApplicationFactory`1.StartServer()
   at Microsoft.AspNetCore.Mvc.Testing.WebApplicationFactory`1.CreateDefaultClient(DelegatingHandler[] handlers)
   at Microsoft.AspNetCore.Mvc.Testing.WebApplicationFactory`1.CreateDefaultClient(Uri baseAddress, DelegatingHandler[] handlers)
   at Microsoft.AspNetCore.Mvc.Testing.WebApplicationFactory`1.CreateClient(WebApplicationFactoryClientOptions options)
   at Microsoft.AspNetCore.Mvc.Testing.WebApplicationFactory`1.CreateClient()
   at HotelDroid.Api.Tests.Integration.RoomsApiTests.InitializeAsync() in C:\Users\rolfe\git\own\Villa-Annunziata\hotelDroid\tests\HotelDroid.Api.Tests\Integration\RoomsApiTests.cs:line 60
----- Inner Stack Trace #1 (System.InvalidOperationException) -----
   at Microsoft.Extensions.DependencyInjection.ServiceProvider.ValidateService(ServiceDescriptor descriptor)
   at Microsoft.Extensions.DependencyInjection.ServiceProvider..ctor(ICollection`1 serviceDescriptors, ServiceProviderOptions options)
----- Inner Stack Trace -----
   at Microsoft.Extensions.DependencyInjection.ServiceLookup.CallSiteFactory.CreateArgumentCallSites(ServiceIdentifier serviceIdentifier, Type implementationType, CallSiteChain callSiteChain, ParameterInfo[] parameters, Boolean throwIfCallSiteNotFound)
   at Microsoft.Extensions.DependencyInjection.ServiceLookup.CallSiteFactory.CreateConstructorCallSite(ResultCache lifetime, ServiceIdentifier serviceIdentifier, Type implementationType, CallSiteChain callSiteChain)
   at Microsoft.Extensions.DependencyInjection.ServiceLookup.CallSiteFactory.CreateExact(ServiceDescriptor descriptor, ServiceIdentifier serviceIdentifier, CallSiteChain callSiteChain, Int32 slot)
   at Microsoft.Extensions.DependencyInjection.ServiceLookup.CallSiteFactory.GetCallSite(ServiceDescriptor serviceDescriptor, CallSiteChain callSiteChain)
   at Microsoft.Extensions.DependencyInjection.ServiceProvider.ValidateService(ServiceDescriptor descriptor)
----- Inner Stack Trace #2 (System.InvalidOperationException) -----
   at Microsoft.Extensions.DependencyInjection.ServiceProvider.ValidateService(ServiceDescriptor descriptor)
   at Microsoft.Extensions.DependencyInjection.ServiceProvider..ctor(ICollection`1 serviceDescriptors, ServiceProviderOptions options)
----- Inner Stack Trace -----
   at Microsoft.Extensions.DependencyInjection.ServiceLookup.CallSiteFactory.CreateArgumentCallSites(ServiceIdentifier serviceIdentifier, Type implementationType, CallSiteChain callSiteChain, ParameterInfo[] parameters, Boolean throwIfCallSiteNotFound)
   at Microsoft.Extensions.DependencyInjection.ServiceLookup.CallSiteFactory.CreateConstructorCallSite(ResultCache lifetime, ServiceIdentifier serviceIdentifier, Type implementationType, CallSiteChain callSiteChain)
   at Microsoft.Extensions.DependencyInjection.ServiceLookup.CallSiteFactory.CreateExact(ServiceDescriptor descriptor, ServiceIdentifier serviceIdentifier, CallSiteChain callSiteChain, Int32 slot)
   at Microsoft.Extensions.DependencyInjection.ServiceLookup.CallSiteFactory.GetCallSite(ServiceDescriptor serviceDescriptor, CallSiteChain callSiteChain)
   at Microsoft.Extensions.DependencyInjection.ServiceProvider.ValidateService(ServiceDescriptor descriptor)
----- Inner Stack Trace #3 (System.InvalidOperationException) -----
   at Microsoft.Extensions.DependencyInjection.ServiceProvider.ValidateService(ServiceDescriptor descriptor)
   at Microsoft.Extensions.DependencyInjection.ServiceProvider..ctor(ICollection`1 serviceDescriptors, ServiceProviderOptions options)
----- Inner Stack Trace -----
   at Microsoft.Extensions.DependencyInjection.ServiceLookup.CallSiteFactory.CreateArgumentCallSites(ServiceIdentifier serviceIdentifier, Type implementationType, CallSiteChain callSiteChain, ParameterInfo[] parameters, Boolean throwIfCallSiteNotFound)
   at Microsoft.Extensions.DependencyInjection.ServiceLookup.CallSiteFactory.CreateConstructorCallSite(ResultCache lifetime, ServiceIdentifier serviceIdentifier, Type implementationType, CallSiteChain callSiteChain)
   at Microsoft.Extensions.DependencyInjection.ServiceLookup.CallSiteFactory.CreateExact(ServiceDescriptor descriptor, ServiceIdentifier serviceIdentifier, CallSiteChain callSiteChain, Int32 slot)
   at Microsoft.Extensions.DependencyInjection.ServiceLookup.CallSiteFactory.TryCreateExact(ServiceIdentifier serviceIdentifier, CallSiteChain callSiteChain)
   at Microsoft.Extensions.DependencyInjection.ServiceLookup.CallSiteFactory.CreateCallSite(ServiceIdentifier serviceIdentifier, CallSiteChain callSiteChain)
   at Microsoft.Extensions.DependencyInjection.ServiceLookup.CallSiteFactory.CreateArgumentCallSites(ServiceIdentifier serviceIdentifier, Type implementationType, CallSiteChain callSiteChain, ParameterInfo[] parameters, Boolean throwIfCallSiteNotFound)
   at Microsoft.Extensions.DependencyInjection.ServiceLookup.CallSiteFactory.CreateConstructorCallSite(ResultCache lifetime, ServiceIdentifier serviceIdentifier, Type implementationType, CallSiteChain callSiteChain)
   at Microsoft.Extensions.DependencyInjection.ServiceLookup.CallSiteFactory.CreateExact(ServiceDescriptor descriptor, ServiceIdentifier serviceIdentifier, CallSiteChain callSiteChain, Int32 slot)
   at Microsoft.Extensions.DependencyInjection.ServiceLookup.CallSiteFactory.GetCallSite(ServiceDescriptor serviceDescriptor, CallSiteChain callSiteChain)
   at Microsoft.Extensions.DependencyInjection.ServiceProvider.ValidateService(ServiceDescriptor descriptor)
  Failed HotelDroid.Api.Tests.Integration.RoomsApiTests.CreateRoom_WithNeighboringRooms_IsPreserved [1 ms]
  Error Message:
   System.AggregateException : Some services are not able to be constructed (Error while validating the service descriptor 'ServiceType: HotelDroid.Api.Services.ExportImport.IApiDistributor Lifetime: Scoped ImplementationType: HotelDroid.Api.Services.ExportImport.ApiDistributor': Unable to resolve service for type 'HotelDroid.Api.Services.IKeyValueStore' while attempting to activate 'HotelDroid.Api.Services.ExportImport.ApiDistributor'.) (Error while validating the service descriptor 'ServiceType: HotelDroid.Api.Services.ExportImport.IExportService Lifetime: Scoped ImplementationType: HotelDroid.Api.Services.ExportImport.ExportService': Unable to resolve service for type 'HotelDroid.Api.Services.IKeyValueStore' while attempting to activate 'HotelDroid.Api.Services.ExportImport.ExportService'.) (Error while validating the service descriptor 'ServiceType: HotelDroid.Api.Services.ExportImport.IImportService Lifetime: Scoped ImplementationType: HotelDroid.Api.Services.ExportImport.ImportService': Unable to resolve service for type 'HotelDroid.Api.Services.IKeyValueStore' while attempting to activate 'HotelDroid.Api.Services.ExportImport.ApiDistributor'.)
---- System.InvalidOperationException : Error while validating the service descriptor 'ServiceType: HotelDroid.Api.Services.ExportImport.IApiDistributor Lifetime: Scoped ImplementationType: HotelDroid.Api.Services.ExportImport.ApiDistributor': Unable to resolve service for type 'HotelDroid.Api.Services.IKeyValueStore' while attempting to activate 'HotelDroid.Api.Services.ExportImport.ApiDistributor'.
-------- System.InvalidOperationException : Unable to resolve service for type 'HotelDroid.Api.Services.IKeyValueStore' while attempting to activate 'HotelDroid.Api.Services.ExportImport.ApiDistributor'.
---- System.InvalidOperationException : Error while validating the service descriptor 'ServiceType: HotelDroid.Api.Services.ExportImport.IExportService Lifetime: Scoped ImplementationType: HotelDroid.Api.Services.ExportImport.ExportService': Unable to resolve service for type 'HotelDroid.Api.Services.IKeyValueStore' while attempting to activate 'HotelDroid.Api.Services.ExportImport.ExportService'.
-------- System.InvalidOperationException : Unable to resolve service for type 'HotelDroid.Api.Services.IKeyValueStore' while attempting to activate 'HotelDroid.Api.Services.ExportImport.ExportService'.
---- System.InvalidOperationException : Error while validating the service descriptor 'ServiceType: HotelDroid.Api.Services.ExportImport.IImportService Lifetime: Scoped ImplementationType: HotelDroid.Api.Services.ExportImport.ImportService': Unable to resolve service for type 'HotelDroid.Api.Services.IKeyValueStore' while attempting to activate 'HotelDroid.Api.Services.ExportImport.ApiDistributor'.
-------- System.InvalidOperationException : Unable to resolve service for type 'HotelDroid.Api.Services.IKeyValueStore' while attempting to activate 'HotelDroid.Api.Services.ExportImport.ApiDistributor'.
  Stack Trace:
     at Microsoft.Extensions.DependencyInjection.ServiceProvider..ctor(ICollection`1 serviceDescriptors, ServiceProviderOptions options)
   at Microsoft.Extensions.DependencyInjection.ServiceCollectionContainerBuilderExtensions.BuildServiceProvider(IServiceCollection services, ServiceProviderOptions options)
   at Microsoft.Extensions.Hosting.HostApplicationBuilder.Build()
   at Microsoft.AspNetCore.Builder.WebApplicationBuilder.Build()
   at Program.<Main>$(String[] args) in C:\Users\rolfe\git\own\Villa-Annunziata\hotelDroid\src\HotelDroid.Api\Program.cs:line 108
   at InvokeStub_Program.<Main>$(Object, Span`1)
   at System.Reflection.MethodBaseInvoker.InvokeWithOneArg(Object obj, BindingFlags invokeAttr, Binder binder, Object[] parameters, CultureInfo culture)
--- End of stack trace from previous location ---
   at Microsoft.Extensions.Hosting.HostFactoryResolver.HostingListener.CreateHost()
   at Microsoft.Extensions.Hosting.HostFactoryResolver.<>c__DisplayClass10_0.<ResolveHostFactory>b__0(String[] args)
   at Microsoft.AspNetCore.Mvc.Testing.DeferredHostBuilder.Build()
   at Microsoft.AspNetCore.Mvc.Testing.WebApplicationFactory`1.CreateHost(IHostBuilder builder)
   at Microsoft.AspNetCore.Mvc.Testing.WebApplicationFactory`1.DelegatedWebApplicationFactory.CreateHost(IHostBuilder builder)
   at Microsoft.AspNetCore.Mvc.Testing.WebApplicationFactory`1.ConfigureHostBuilder(IHostBuilder hostBuilder)
   at Microsoft.AspNetCore.Mvc.Testing.WebApplicationFactory`1.StartServer()
   at Microsoft.AspNetCore.Mvc.Testing.WebApplicationFactory`1.CreateDefaultClient(DelegatingHandler[] handlers)
   at Microsoft.AspNetCore.Mvc.Testing.WebApplicationFactory`1.CreateDefaultClient(Uri baseAddress, DelegatingHandler[] handlers)
   at Microsoft.AspNetCore.Mvc.Testing.WebApplicationFactory`1.CreateClient(WebApplicationFactoryClientOptions options)
   at Microsoft.AspNetCore.Mvc.Testing.WebApplicationFactory`1.CreateClient()
   at HotelDroid.Api.Tests.Integration.RoomsApiTests.InitializeAsync() in C:\Users\rolfe\git\own\Villa-Annunziata\hotelDroid\tests\HotelDroid.Api.Tests\Integration\RoomsApiTests.cs:line 60
----- Inner Stack Trace #1 (System.InvalidOperationException) -----
   at Microsoft.Extensions.DependencyInjection.ServiceProvider.ValidateService(ServiceDescriptor descriptor)
   at Microsoft.Extensions.DependencyInjection.ServiceProvider..ctor(ICollection`1 serviceDescriptors, ServiceProviderOptions options)
----- Inner Stack Trace -----
   at Microsoft.Extensions.DependencyInjection.ServiceLookup.CallSiteFactory.CreateArgumentCallSites(ServiceIdentifier serviceIdentifier, Type implementationType, CallSiteChain callSiteChain, ParameterInfo[] parameters, Boolean throwIfCallSiteNotFound)
   at Microsoft.Extensions.DependencyInjection.ServiceLookup.CallSiteFactory.CreateConstructorCallSite(ResultCache lifetime, ServiceIdentifier serviceIdentifier, Type implementationType, CallSiteChain callSiteChain)
   at Microsoft.Extensions.DependencyInjection.ServiceLookup.CallSiteFactory.CreateExact(ServiceDescriptor descriptor, ServiceIdentifier serviceIdentifier, CallSiteChain callSiteChain, Int32 slot)
   at Microsoft.Extensions.DependencyInjection.ServiceLookup.CallSiteFactory.GetCallSite(ServiceDescriptor serviceDescriptor, CallSiteChain callSiteChain)
   at Microsoft.Extensions.DependencyInjection.ServiceProvider.ValidateService(ServiceDescriptor descriptor)
----- Inner Stack Trace #2 (System.InvalidOperationException) -----
   at Microsoft.Extensions.DependencyInjection.ServiceProvider.ValidateService(ServiceDescriptor descriptor)
   at Microsoft.Extensions.DependencyInjection.ServiceProvider..ctor(ICollection`1 serviceDescriptors, ServiceProviderOptions options)
----- Inner Stack Trace -----
   at Microsoft.Extensions.DependencyInjection.ServiceLookup.CallSiteFactory.CreateArgumentCallSites(ServiceIdentifier serviceIdentifier, Type implementationType, CallSiteChain callSiteChain, ParameterInfo[] parameters, Boolean throwIfCallSiteNotFound)
   at Microsoft.Extensions.DependencyInjection.ServiceLookup.CallSiteFactory.CreateConstructorCallSite(ResultCache lifetime, ServiceIdentifier serviceIdentifier, Type implementationType, CallSiteChain callSiteChain)
   at Microsoft.Extensions.DependencyInjection.ServiceLookup.CallSiteFactory.CreateExact(ServiceDescriptor descriptor, ServiceIdentifier serviceIdentifier, CallSiteChain callSiteChain, Int32 slot)
   at Microsoft.Extensions.DependencyInjection.ServiceLookup.CallSiteFactory.GetCallSite(ServiceDescriptor serviceDescriptor, CallSiteChain callSiteChain)
   at Microsoft.Extensions.DependencyInjection.ServiceProvider.ValidateService(ServiceDescriptor descriptor)
----- Inner Stack Trace #3 (System.InvalidOperationException) -----
   at Microsoft.Extensions.DependencyInjection.ServiceProvider.ValidateService(ServiceDescriptor descriptor)
   at Microsoft.Extensions.DependencyInjection.ServiceProvider..ctor(ICollection`1 serviceDescriptors, ServiceProviderOptions options)
----- Inner Stack Trace -----
   at Microsoft.Extensions.DependencyInjection.ServiceLookup.CallSiteFactory.CreateArgumentCallSites(ServiceIdentifier serviceIdentifier, Type implementationType, CallSiteChain callSiteChain, ParameterInfo[] parameters, Boolean throwIfCallSiteNotFound)
   at Microsoft.Extensions.DependencyInjection.ServiceLookup.CallSiteFactory.CreateConstructorCallSite(ResultCache lifetime, ServiceIdentifier serviceIdentifier, Type implementationType, CallSiteChain callSiteChain)
   at Microsoft.Extensions.DependencyInjection.ServiceLookup.CallSiteFactory.CreateExact(ServiceDescriptor descriptor, ServiceIdentifier serviceIdentifier, CallSiteChain callSiteChain, Int32 slot)
   at Microsoft.Extensions.DependencyInjection.ServiceLookup.CallSiteFactory.TryCreateExact(ServiceIdentifier serviceIdentifier, CallSiteChain callSiteChain)
   at Microsoft.Extensions.DependencyInjection.ServiceLookup.CallSiteFactory.CreateCallSite(ServiceIdentifier serviceIdentifier, CallSiteChain callSiteChain)
   at Microsoft.Extensions.DependencyInjection.ServiceLookup.CallSiteFactory.CreateArgumentCallSites(ServiceIdentifier serviceIdentifier, Type implementationType, CallSiteChain callSiteChain, ParameterInfo[] parameters, Boolean throwIfCallSiteNotFound)
   at Microsoft.Extensions.DependencyInjection.ServiceLookup.CallSiteFactory.CreateConstructorCallSite(ResultCache lifetime, ServiceIdentifier serviceIdentifier, Type implementationType, CallSiteChain callSiteChain)
   at Microsoft.Extensions.DependencyInjection.ServiceLookup.CallSiteFactory.CreateExact(ServiceDescriptor descriptor, ServiceIdentifier serviceIdentifier, CallSiteChain callSiteChain, Int32 slot)
   at Microsoft.Extensions.DependencyInjection.ServiceLookup.CallSiteFactory.GetCallSite(ServiceDescriptor serviceDescriptor, CallSiteChain callSiteChain)
   at Microsoft.Extensions.DependencyInjection.ServiceProvider.ValidateService(ServiceDescriptor descriptor)
  Failed HotelDroid.Api.Tests.Integration.RoomsApiTests.MultipleRooms_AllFieldsPreserved_WhenListing [1 ms]
  Error Message:
   System.AggregateException : Some services are not able to be constructed (Error while validating the service descriptor 'ServiceType: HotelDroid.Api.Services.ExportImport.IApiDistributor Lifetime: Scoped ImplementationType: HotelDroid.Api.Services.ExportImport.ApiDistributor': Unable to resolve service for type 'HotelDroid.Api.Services.IKeyValueStore' while attempting to activate 'HotelDroid.Api.Services.ExportImport.ApiDistributor'.) (Error while validating the service descriptor 'ServiceType: HotelDroid.Api.Services.ExportImport.IExportService Lifetime: Scoped ImplementationType: HotelDroid.Api.Services.ExportImport.ExportService': Unable to resolve service for type 'HotelDroid.Api.Services.IKeyValueStore' while attempting to activate 'HotelDroid.Api.Services.ExportImport.ExportService'.) (Error while validating the service descriptor 'ServiceType: HotelDroid.Api.Services.ExportImport.IImportService Lifetime: Scoped ImplementationType: HotelDroid.Api.Services.ExportImport.ImportService': Unable to resolve service for type 'HotelDroid.Api.Services.IKeyValueStore' while attempting to activate 'HotelDroid.Api.Services.ExportImport.ApiDistributor'.)
---- System.InvalidOperationException : Error while validating the service descriptor 'ServiceType: HotelDroid.Api.Services.ExportImport.IApiDistributor Lifetime: Scoped ImplementationType: HotelDroid.Api.Services.ExportImport.ApiDistributor': Unable to resolve service for type 'HotelDroid.Api.Services.IKeyValueStore' while attempting to activate 'HotelDroid.Api.Services.ExportImport.ApiDistributor'.
-------- System.InvalidOperationException : Unable to resolve service for type 'HotelDroid.Api.Services.IKeyValueStore' while attempting to activate 'HotelDroid.Api.Services.ExportImport.ApiDistributor'.
---- System.InvalidOperationException : Error while validating the service descriptor 'ServiceType: HotelDroid.Api.Services.ExportImport.IExportService Lifetime: Scoped ImplementationType: HotelDroid.Api.Services.ExportImport.ExportService': Unable to resolve service for type 'HotelDroid.Api.Services.IKeyValueStore' while attempting to activate 'HotelDroid.Api.Services.ExportImport.ExportService'.
-------- System.InvalidOperationException : Unable to resolve service for type 'HotelDroid.Api.Services.IKeyValueStore' while attempting to activate 'HotelDroid.Api.Services.ExportImport.ExportService'.
---- System.InvalidOperationException : Error while validating the service descriptor 'ServiceType: HotelDroid.Api.Services.ExportImport.IImportService Lifetime: Scoped ImplementationType: HotelDroid.Api.Services.ExportImport.ImportService': Unable to resolve service for type 'HotelDroid.Api.Services.IKeyValueStore' while attempting to activate 'HotelDroid.Api.Services.ExportImport.ApiDistributor'.
-------- System.InvalidOperationException : Unable to resolve service for type 'HotelDroid.Api.Services.IKeyValueStore' while attempting to activate 'HotelDroid.Api.Services.ExportImport.ApiDistributor'.
  Stack Trace:
     at Microsoft.Extensions.DependencyInjection.ServiceProvider..ctor(ICollection`1 serviceDescriptors, ServiceProviderOptions options)
   at Microsoft.Extensions.DependencyInjection.ServiceCollectionContainerBuilderExtensions.BuildServiceProvider(IServiceCollection services, ServiceProviderOptions options)
   at Microsoft.Extensions.Hosting.HostApplicationBuilder.Build()
   at Microsoft.AspNetCore.Builder.WebApplicationBuilder.Build()
   at Program.<Main>$(String[] args) in C:\Users\rolfe\git\own\Villa-Annunziata\hotelDroid\src\HotelDroid.Api\Program.cs:line 108
   at InvokeStub_Program.<Main>$(Object, Span`1)
   at System.Reflection.MethodBaseInvoker.InvokeWithOneArg(Object obj, BindingFlags invokeAttr, Binder binder, Object[] parameters, CultureInfo culture)
--- End of stack trace from previous location ---
   at Microsoft.Extensions.Hosting.HostFactoryResolver.HostingListener.CreateHost()
   at Microsoft.Extensions.Hosting.HostFactoryResolver.<>c__DisplayClass10_0.<ResolveHostFactory>b__0(String[] args)
   at Microsoft.AspNetCore.Mvc.Testing.DeferredHostBuilder.Build()
   at Microsoft.AspNetCore.Mvc.Testing.WebApplicationFactory`1.CreateHost(IHostBuilder builder)
   at Microsoft.AspNetCore.Mvc.Testing.WebApplicationFactory`1.DelegatedWebApplicationFactory.CreateHost(IHostBuilder builder)
   at Microsoft.AspNetCore.Mvc.Testing.WebApplicationFactory`1.ConfigureHostBuilder(IHostBuilder hostBuilder)
   at Microsoft.AspNetCore.Mvc.Testing.WebApplicationFactory`1.StartServer()
   at Microsoft.AspNetCore.Mvc.Testing.WebApplicationFactory`1.CreateDefaultClient(DelegatingHandler[] handlers)
   at Microsoft.AspNetCore.Mvc.Testing.WebApplicationFactory`1.CreateDefaultClient(Uri baseAddress, DelegatingHandler[] handlers)
   at Microsoft.AspNetCore.Mvc.Testing.WebApplicationFactory`1.CreateClient(WebApplicationFactoryClientOptions options)
   at Microsoft.AspNetCore.Mvc.Testing.WebApplicationFactory`1.CreateClient()
   at HotelDroid.Api.Tests.Integration.RoomsApiTests.InitializeAsync() in C:\Users\rolfe\git\own\Villa-Annunziata\hotelDroid\tests\HotelDroid.Api.Tests\Integration\RoomsApiTests.cs:line 60
----- Inner Stack Trace #1 (System.InvalidOperationException) -----
   at Microsoft.Extensions.DependencyInjection.ServiceProvider.ValidateService(ServiceDescriptor descriptor)
   at Microsoft.Extensions.DependencyInjection.ServiceProvider..ctor(ICollection`1 serviceDescriptors, ServiceProviderOptions options)
----- Inner Stack Trace -----
   at Microsoft.Extensions.DependencyInjection.ServiceLookup.CallSiteFactory.CreateArgumentCallSites(ServiceIdentifier serviceIdentifier, Type implementationType, CallSiteChain callSiteChain, ParameterInfo[] parameters, Boolean throwIfCallSiteNotFound)
   at Microsoft.Extensions.DependencyInjection.ServiceLookup.CallSiteFactory.CreateConstructorCallSite(ResultCache lifetime, ServiceIdentifier serviceIdentifier, Type implementationType, CallSiteChain callSiteChain)
   at Microsoft.Extensions.DependencyInjection.ServiceLookup.CallSiteFactory.CreateExact(ServiceDescriptor descriptor, ServiceIdentifier serviceIdentifier, CallSiteChain callSiteChain, Int32 slot)
   at Microsoft.Extensions.DependencyInjection.ServiceLookup.CallSiteFactory.GetCallSite(ServiceDescriptor serviceDescriptor, CallSiteChain callSiteChain)
   at Microsoft.Extensions.DependencyInjection.ServiceProvider.ValidateService(ServiceDescriptor descriptor)
----- Inner Stack Trace #2 (System.InvalidOperationException) -----
   at Microsoft.Extensions.DependencyInjection.ServiceProvider.ValidateService(ServiceDescriptor descriptor)
   at Microsoft.Extensions.DependencyInjection.ServiceProvider..ctor(ICollection`1 serviceDescriptors, ServiceProviderOptions options)
----- Inner Stack Trace -----
   at Microsoft.Extensions.DependencyInjection.ServiceLookup.CallSiteFactory.CreateArgumentCallSites(ServiceIdentifier serviceIdentifier, Type implementationType, CallSiteChain callSiteChain, ParameterInfo[] parameters, Boolean throwIfCallSiteNotFound)
   at Microsoft.Extensions.DependencyInjection.ServiceLookup.CallSiteFactory.CreateConstructorCallSite(ResultCache lifetime, ServiceIdentifier serviceIdentifier, Type implementationType, CallSiteChain callSiteChain)
   at Microsoft.Extensions.DependencyInjection.ServiceLookup.CallSiteFactory.CreateExact(ServiceDescriptor descriptor, ServiceIdentifier serviceIdentifier, CallSiteChain callSiteChain, Int32 slot)
   at Microsoft.Extensions.DependencyInjection.ServiceLookup.CallSiteFactory.GetCallSite(ServiceDescriptor serviceDescriptor, CallSiteChain callSiteChain)
   at Microsoft.Extensions.DependencyInjection.ServiceProvider.ValidateService(ServiceDescriptor descriptor)
----- Inner Stack Trace #3 (System.InvalidOperationException) -----
   at Microsoft.Extensions.DependencyInjection.ServiceProvider.ValidateService(ServiceDescriptor descriptor)
   at Microsoft.Extensions.DependencyInjection.ServiceProvider..ctor(ICollection`1 serviceDescriptors, ServiceProviderOptions options)
----- Inner Stack Trace -----
   at Microsoft.Extensions.DependencyInjection.ServiceLookup.CallSiteFactory.CreateArgumentCallSites(ServiceIdentifier serviceIdentifier, Type implementationType, CallSiteChain callSiteChain, ParameterInfo[] parameters, Boolean throwIfCallSiteNotFound)
   at Microsoft.Extensions.DependencyInjection.ServiceLookup.CallSiteFactory.CreateConstructorCallSite(ResultCache lifetime, ServiceIdentifier serviceIdentifier, Type implementationType, CallSiteChain callSiteChain)
   at Microsoft.Extensions.DependencyInjection.ServiceLookup.CallSiteFactory.CreateExact(ServiceDescriptor descriptor, ServiceIdentifier serviceIdentifier, CallSiteChain callSiteChain, Int32 slot)
   at Microsoft.Extensions.DependencyInjection.ServiceLookup.CallSiteFactory.TryCreateExact(ServiceIdentifier serviceIdentifier, CallSiteChain callSiteChain)
   at Microsoft.Extensions.DependencyInjection.ServiceLookup.CallSiteFactory.CreateCallSite(ServiceIdentifier serviceIdentifier, CallSiteChain callSiteChain)
   at Microsoft.Extensions.DependencyInjection.ServiceLookup.CallSiteFactory.CreateArgumentCallSites(ServiceIdentifier serviceIdentifier, Type implementationType, CallSiteChain callSiteChain, ParameterInfo[] parameters, Boolean throwIfCallSiteNotFound)
   at Microsoft.Extensions.DependencyInjection.ServiceLookup.CallSiteFactory.CreateConstructorCallSite(ResultCache lifetime, ServiceIdentifier serviceIdentifier, Type implementationType, CallSiteChain callSiteChain)
   at Microsoft.Extensions.DependencyInjection.ServiceLookup.CallSiteFactory.CreateExact(ServiceDescriptor descriptor, ServiceIdentifier serviceIdentifier, CallSiteChain callSiteChain, Int32 slot)
   at Microsoft.Extensions.DependencyInjection.ServiceLookup.CallSiteFactory.GetCallSite(ServiceDescriptor serviceDescriptor, CallSiteChain callSiteChain)
   at Microsoft.Extensions.DependencyInjection.ServiceProvider.ValidateService(ServiceDescriptor descriptor)

Failed!  - Failed:    31, Passed:    63, Skipped:     0, Total:    94, Duration: 970 ms - HotelDroid.Api.Tests.dll (net10.0)
